FilteredMapGradedComparison/Recurrence.lean:64:4: error: Type mismatch: After simplification, term
  AddSubgroup.add_mem (G.group (s + 1)) eq image
 has type
  ↑y ∈ G.group (s + 1)
but is expected to have type
  y ∈ gradedRelations G (s + 0)
FilteredMapGradedComparison/Recurrence.lean:67:49: error: Type mismatch: After simplification, term
  hy
 has type
  y ∈ gradedRelations G s
but is expected to have type
  ↑y ∈ G.group (s + 1)
FilteredMapGradedComparison/Recurrence.lean:106:4: error(lean.synthInstanceFailed): failed to synthesize instance of type class
  Add ((Graded G (s + 1 + n) ⧸ earlierBoundaries F G f (s + 1) n) ⧸ (leadingDifferential F G f (s + 1) n).range)

Hint: Type class instance resolution failures can be inspected with the `set_option trace.Meta.synthInstance true` command.
FilteredMapGradedComparison/Recurrence.lean:109:2: error(lean.synthInstanceFailed): failed to synthesize instance of type class
  (leadingDifferential F G f (s + 1) n).range.Normal

Hint: Type class instance resolution failures can be inspected with the `set_option trace.Meta.synthInstance true` command.
'FilteredMapGradedComparison.surviving_next_iff' depends on axioms: [propext, Classical.choice, Quot.sound]
'FilteredMapGradedComparison.surviving_zero' depends on axioms: [propext, Classical.choice, Quot.sound]
'FilteredMapGradedComparison.boundaries_zero' depends on axioms: [propext, sorryAx, Classical.choice, Quot.sound]
'FilteredMapGradedComparison.gradedTargetAdvance_kernel' depends on axioms: [propext, Classical.choice, Quot.sound]
'FilteredMapGradedComparison.gradedTargetNextEquivCokernel' depends on axioms: [sorryAx]
'FilteredMapGradedComparison.boundaries_step_iff_image' depends on axioms: [propext, Classical.choice, Quot.sound]
