{
  "status": "passed",
  "branches": [
    {
      "case": "zero_b0",
      "entries": 1369,
      "quotient_pairs": 9733,
      "adjacent": 1048,
      "consecutive": 865
    },
    {
      "case": "zero_b1",
      "entries": 1369,
      "quotient_pairs": 9733,
      "adjacent": 1048,
      "consecutive": 865
    }
  ],
  "frozen_files": 68,
  "modules": 9,
  "standard_axiom_reports": 38,
  "review_source_sha256": "af5b2366957e98446c94e9574cdc5fc17f72bdd31b487707dd222018ad914137",
  "scope": "Exact previous prefix, full candidate maps and finite trajectory binding. Prefix10 is independently supplied; coherence alone does not realize actual neighboring pages."
}
