{
  "status": "no_correctness_findings",
  "counts": {
    "complete_raw_degrees": 49,
    "quotient_pairs": 11224,
    "homotopy_vectors": 732,
    "complete_quotients": 37,
    "whole_matrix_columns": 29,
    "relation_steps": 8,
    "chain_square_vectors": 136,
    "full_induced_coordinates": 6,
    "two_way_coordinate_vectors": 12,
    "all_cycle_coordinate_equations": 24,
    "linear_functions": 64,
    "three_column_reconstructions": 512,
    "accepted_zero_maps": 1,
    "missing_named_column_countermodels": 3
  },
  "canonical_to_staircase_tables": {
    "11,137": [
      0,
      1,
      6,
      7,
      4,
      5,
      2,
      3
    ],
    "14,139": [
      0,
      2,
      1,
      3
    ]
  },
  "raw_source_columns": [
    [
      4179,
      "0",
      "0",
      3
    ],
    [
      4180,
      "1,2",
      null,
      9000
    ],
    [
      4181,
      "2",
      null,
      9986
    ]
  ],
  "raw_target": [
    4411,
    "2",
    null,
    9000
  ],
  "target_basis_id": 4412,
  "actual_degree_squares": {
    "sphere": [
      [
        11,
        137
      ],
      [
        14,
        139
      ]
    ],
    "eta_shifted_cnu": [
      [
        12,
        143
      ],
      [
        15,
        145
      ]
    ],
    "bottom_cnu": [
      [
        11,
        137
      ],
      [
        14,
        139
      ]
    ]
  },
  "axiom_reports": {
    "Maps": 6,
    "Comparison": 4,
    "Naturality": 5,
    "Actual": 1,
    "Finite": 4,
    "CoordinateBridge": 5,
    "MapSemantics": 2,
    "Incoming": 5
  },
  "actual_non_circular_chain": [
    "eta named source map is zero by finite whole-map theorem",
    "eta d3 naturality and actual differential zero preservation imply eta target image zero",
    "finite eta target map reflection and faithful actual target coordinates imply S0 named d3 zero",
    "bottom map source lifting, bottom d3 naturality and bottom zero preservation imply Cnu named d3 zero"
  ],
  "limitations": [
    "Actual named-zero theorem retains full actual map meanings and both naturality squares.",
    "Complete no-hit theorem concerns the supplied finite homology dc; actual all-column no-hit needs its coordinate/differential interpretation.",
    "Boundary and future-prefix columns retain explicit premises; target outgoing row4411 remains unknown.",
    "No target survival, all-pages permanence, synthetic extension contradiction, or unconditional Proposition7.9."
  ]
}
