{
  "status": "both_finite_candidate_branches_independently_audited",
  "branches": [
    {
      "branch": "zero",
      "baseline_preserved": 1272,
      "comparisons": 1333,
      "new_comparisons": 61,
      "all_vectors": 2635,
      "all_cycle_pairs": 9619,
      "adjacent_differentials": 1017,
      "predecessor_dimensions": 2499,
      "finite_named_page": 9,
      "sha256": "198670b91fc339eb2d8bc5b5c1321cb0daabd883f17b9a6122deb8bc57b019c5"
    },
    {
      "branch": "residual_rebased",
      "baseline_preserved": 1272,
      "comparisons": 1341,
      "new_comparisons": 69,
      "all_vectors": 2645,
      "all_cycle_pairs": 9630,
      "adjacent_differentials": 1024,
      "predecessor_dimensions": 2523,
      "finite_named_page": 9,
      "sha256": "badeaaeabb94b6bd90167aa5968aea7a8eddb2a5ad4738a17b86fa5ecf568e12"
    }
  ],
  "limitation": "These are conditional finite branches, not a proof of actual E9 or an unconditional d3 value."
}
