[
  {
    "branch": "zero",
    "comparisons": 1333,
    "ordered_pairs": 1776889,
    "adjacent": 1017,
    "consecutive": 833,
    "graph_available": 1330,
    "graph_missing": 90,
    "baseline_preserved": 1272,
    "finite_named_page": 9
  },
  {
    "branch": "residual_rebased",
    "comparisons": 1341,
    "ordered_pairs": 1798281,
    "adjacent": 1024,
    "consecutive": 841,
    "graph_available": 1338,
    "graph_missing": 82,
    "baseline_preserved": 1272,
    "finite_named_page": 9
  }
]
