Fact721FirstD4Search/Constructed.lean:35:4: error: Function expected at
  Endpoint
but this term has type
  ?m.5

Note: Expected a function because this term is being applied to the argument
  S

Hint: The identifier `Endpoint` is unknown, and Lean's `autoImplicit` option causes an unknown identifier to be treated as an implicitly bound variable with an unknown type. However, the unknown type cannot be a function, and a function is what Lean expects here. This is often the result of a typo or a missing `import` or `open` statement.
Fact721FirstD4Search/Constructed.lean:41:8: warning: declaration uses `sorry`
Fact721FirstD4Search/Constructed.lean:46:8: warning: declaration uses `sorry`
Fact721FirstD4Search/Constructed.lean:49:2: warning: 'rw [h, P.page5.coordinates.zero_value] at hc' tactic does nothing

Note: This linter can be disabled with `set_option linter.unusedTactic false`
Fact721FirstD4Search/Constructed.lean:50:2: warning: 'exact (show (zero : Vec 1) ≠ First.named4 from by decide) hc' tactic does nothing

Note: This linter can be disabled with `set_option linter.unusedTactic false`
Fact721FirstD4Search/Constructed.lean:50:2: warning: this tactic is never executed

Note: This linter can be disabled with `set_option linter.unreachableTactic false`
Fact721FirstD4Search/Constructed.lean:85:55: error(lean.unknownIdentifier): Unknown identifier `Trace`
Fact721FirstD4Search/Constructed.lean:87:8: warning: declaration uses `sorry`
Fact721FirstD4Search/Constructed.lean:87:22: warning: Variable name `P` is not explicitly referenced.

The binding can be removed (if unused) or named `_` (if used implicitly).

Note: This linter can be disabled with `set_option linter.unusedVariables false`
Fact721FirstD4Search/Constructed.lean:95:8: warning: declaration uses `sorry`
'Fact721FirstD4Search.Constructed.accepted4' depends on axioms: [propext]
'Fact721FirstD4Search.Constructed.finite4' depends on axioms: [propext, Classical.choice, Quot.sound]
'Fact721FirstD4Search.Constructed.Prefix5.coordinate' depends on axioms: [propext,
 sorryAx,
 Classical.choice,
 Quot.sound]
'Fact721FirstD4Search.Constructed.Prefix5.nonzero' depends on axioms: [propext, sorryAx, Classical.choice, Quot.sound]
'Fact721FirstD4Search.Constructed.assemble' depends on axioms: [propext, Classical.choice, Quot.sound]
'Fact721FirstD4Search.Constructed.result_sound' depends on axioms: [propext, sorryAx, Classical.choice, Quot.sound]
'Fact721FirstD4Search.Constructed.zero_input_rejected' depends on axioms: [propext,
 sorryAx,
 Classical.choice,
 Quot.sound]
