C2__S0 [20, 141] no_E3_lift [(3282, 20, 141, '0', None, 9000), (3283, 20, 141, '1', '2', 9996)]
Ceta__S0 [20, 142] no_E3_lift [(5245, 20, 142, '1', '2', 2), (5246, 20, 142, '4', '4', 2), (5247, 20, 142, '0', None, 9000), (5248, 20, 142, '3', None, 9000), (5249, 20, 142, '2', '2', 9997)]
Cnu__S0 [20, 144] no_E3_lift [(5024, 20, 144, '1,4', '1,4', 2), (5025, 20, 144, '4', '4', 2), (5026, 20, 144, '3', '2', 3), (5027, 20, 144, '2', None, 9000), (5028, 20, 144, '0', None, 9000)]
Csigma__S0 [20, 148] exact_E3_lift [(5717, 20, 148, '3', '2', 2), (5718, 20, 148, '1', None, 9000), (5719, 20, 148, '2', None, 9000), (5720, 20, 148, '0', None, 9000)]
CW_eta_2__Q_CW_nu_eta_2 [19, 136] no_E3_lift [(3229, 19, 136, '1', '0', 2), (3230, 19, 136, '2,3', None, 9000), (3231, 19, 136, '3', None, 9000), (3232, 19, 136, '0', None, 9000)]
CW_eta_nu__Q_CW_2_eta_nu [19, 139] exact_E3_lift [(4819, 19, 139, '3', '2', 2), (4820, 19, 139, '2', '1', 9995), (4821, 19, 139, '0,1', None, 9995), (4822, 19, 139, '1', '2', 9998)]
CW_eta_nu_sigma__S0_by_2 [19, 139] exact_E3_lift [(5527, 19, 139, '3', '3', 2), (5528, 19, 139, '1', '1', 3), (5529, 19, 139, '2', None, 9000), (5530, 19, 139, '0', None, 9000)]
CW_nu_eta_2__S0_by_sigma [19, 132] no_E3_lift [(2464, 19, 132, '4', '1', 2), (2465, 19, 132, '0', '1', 3), (2466, 19, 132, '2', None, 9000), (2467, 19, 132, '3', None, 9000), (2468, 19, 132, '1', '0', 9998)]
CW_nu_eta__S0_by_sigma [19, 132] no_E3_lift [(3992, 19, 132, '4', '2', 2), (3993, 19, 132, '6', '0', 2), (3994, 19, 132, '0', '0', 3), (3995, 19, 132, '5', None, 9000), (3996, 19, 132, '2', None, 9000), (3997, 19, 132, '1', '2', 9998), (3998, 19, 132, '3', '1', 9998)]
CW_nu_sigma__S0_by_eta [19, 138] no_E3_lift [(5260, 19, 138, '0,1', '0,3', 3), (5261, 19, 138, '3', None, 9000), (5262, 19, 138, '2', '3', 9996), (5263, 19, 138, '1', '1', 9996)]
Ceta__Q_CW_2_eta [19, 139] no_E3_lift [(4865, 19, 139, '1', '3', 2), (4866, 19, 139, '0', '1', 9997)]
Ceta__Q_CW_nu_eta [19, 136] no_E3_lift [(4483, 19, 136, '1', '1', 2), (4484, 19, 136, '3,4', None, 9000), (4485, 19, 136, '4', None, 9000), (4486, 19, 136, '0', None, 9000), (4487, 19, 136, '2', '2', 9997)]
Cnu__Q_CW_eta_nu [19, 138] no_E3_lift [(4268, 19, 138, '0', '4', 3), (4269, 19, 138, '2', None, 9000), (4270, 19, 138, '1', '1', 9996)]
Cnu__Q_CW_sigma_nu [19, 132] no_E3_lift [(3635, 19, 132, '5', '0', 2), (3636, 19, 132, '1', '0', 3), (3637, 19, 132, '4', None, 9000), (3638, 19, 132, '0', None, 9000), (3639, 19, 132, '3', '1', 9997), (3640, 19, 132, '2', '1', 9998)]
Csigma__Q_CW_nu_sigma [19, 136] no_E3_lift [(4304, 19, 136, '3', '0', 2), (4305, 19, 136, '0,1', None, 9000), (4306, 19, 136, '1', '3', 9997), (4307, 19, 136, '2', '4', 9997)]
Csigmasq__S0 [20, 155] unknown no such column: d2
Csigmasq__Q_C2h4 [19, 139] unknown no such column: d2
Csigmasq__S0_by_sigmasq [18, 124] unknown no such column: d2
C2h4__S0 [20, 156] exact_E3_lift [(7552, 20, 156, '4', '2', 2), (7553, 20, 156, '1,3', None, 9000), (7554, 20, 156, '7', None, 9000), (7555, 20, 156, '5', None, 9000), (7556, 20, 156, '3', None, 9000), (7557, 20, 156, '6', '3', 9996), (7558, 20, 156, '2', '3', 9997), (7559, 20, 156, '0', None, 9997)]
C2__Q_DC2h4 [19, 125] no_E3_lift [(2111, 19, 125, '0', '1,3', 9998)]
C2h4__S0_by_sigmasq [19, 125] no_E3_lift [(3493, 19, 125, '0', '2', 2), (3494, 19, 125, '1', '1,3', 9998)]
C2h5__S0 [20, 172] unknown d2 degree t=172 exceeds d2_t_max=171
C2__Q_DC2h5 [19, 109] no_E3_lift [(1431, 19, 109, '0,1', '0', 2), (1432, 19, 109, '1', '0', 9996)]
C2h5__S0_by_theta4 [19, 109] no_E3_lift [(1983, 19, 109, '0,1', '0', 2), (1984, 19, 109, '1', '0', 9996)]
Ctheta4__Q_C2h5 [19, 139] unknown no such column: d2
Ctheta4__S0 [20, 171] unknown no such column: d2
Ctheta4__S0_by_theta4 [18, 108] unknown no such column: d2
C2h6__S0 [20, 204] unknown E2 degree t=205 exceeds t_max=200
C2__Q_DC2h6 [19, 77] no_E3_lift [(553, 19, 77, '0', '0', 2)]
C2h6__S0_by_theta5 [19, 77] no_E3_lift [(561, 19, 77, '0', '0', 2)]
Ctheta5__Q_C2h6 [19, 139] unknown no such column: d2
Ctheta5__S0 [20, 203] unknown E2 degree t=204 exceeds t_max=200
C2sigma__S0 [20, 148] unknown no such column: d2
C2__Q_CW_2_A_eta [19, 139] no_E3_lift [(3095, 19, 139, '0', '1', 3)]
Ceta__Q_CW_2_A_eta [19, 141] no_E3_lift [(5138, 19, 141, '2', '1', 2), (5139, 19, 141, '0', '0,1', 2), (5140, 19, 141, '4', '4', 2), (5141, 19, 141, '1', '1,3', 9997), (5142, 19, 141, '3', '3', 9998)]
Ceta__Q_CW_eta_A_nu [19, 138] no_E3_lift [(4750, 19, 138, '5', '0', 2), (4751, 19, 138, '1,3', None, 9000), (4752, 19, 138, '0', '1', 9997), (4753, 19, 138, '2,3', '2,4', 9997), (4754, 19, 138, '3', '2', 9998), (4755, 19, 138, '4', '3', 9998)]
Cnu__Q_CW_eta_A_nu [19, 142] no_E3_lift [(4762, 19, 142, '1', '2', 2), (4763, 19, 142, '0', '5', 3)]
Cnu__Q_CW_nu_A_sigma [19, 136] no_E3_lift [(4052, 19, 136, '0', None, 9000), (4053, 19, 136, '1', '2', 9997)]
Csigma__Q_CW_nu_A_sigma [19, 144] no_E3_lift [(5201, 19, 144, '2,3', None, 9000), (5202, 19, 144, '4', '4', 9997), (5203, 19, 144, '0', '1', 9997), (5204, 19, 144, '1,3', '2', 9997), (5205, 19, 144, '3', '2,4', 9998), (5206, 19, 144, '6', '4', 9998), (5207, 19, 144, '5', '3', 9998)]
CW_2_V_eta__S1 [20, 141] unknown no such column: d2
CW_2_V_eta__S2 [20, 142] unknown no such column: d2
CW_2_A_eta__Q_C2_Ceta [19, 139] unknown no such column: d2
RP1_256__S0 [19, 139] unknown no such column: d2
