[
  {
    "source_id": 2794,
    "source_local": 0,
    "source_degree": [
      8,
      135
    ],
    "factor_id": 15,
    "target_degree": [
      9,
      143
    ],
    "target_basis_ids": [
      3435,
      3436
    ],
    "target_coordinates": [],
    "relation_rowids": [
      11940
    ]
  },
  {
    "source_id": 2795,
    "source_local": 1,
    "source_degree": [
      8,
      135
    ],
    "factor_id": 15,
    "target_degree": [
      9,
      143
    ],
    "target_basis_ids": [
      3435,
      3436
    ],
    "target_coordinates": [],
    "relation_rowids": [
      6
    ]
  },
  {
    "source_id": 2796,
    "source_local": 2,
    "source_degree": [
      8,
      135
    ],
    "factor_id": 15,
    "target_degree": [
      9,
      143
    ],
    "target_basis_ids": [
      3435,
      3436
    ],
    "target_coordinates": [],
    "relation_rowids": [
      6
    ]
  },
  {
    "source_id": 2797,
    "source_local": 3,
    "source_degree": [
      8,
      135
    ],
    "factor_id": 15,
    "target_degree": [
      9,
      143
    ],
    "target_basis_ids": [
      3435,
      3436
    ],
    "target_coordinates": [
      0
    ],
    "relation_rowids": []
  },
  {
    "source_id": 2798,
    "source_local": 4,
    "source_degree": [
      8,
      135
    ],
    "factor_id": 15,
    "target_degree": [
      9,
      143
    ],
    "target_basis_ids": [
      3435,
      3436
    ],
    "target_coordinates": [
      1
    ],
    "relation_rowids": []
  },
  {
    "source_id": 2799,
    "source_local": 5,
    "source_degree": [
      8,
      135
    ],
    "factor_id": 15,
    "target_degree": [
      9,
      143
    ],
    "target_basis_ids": [
      3435,
      3436
    ],
    "target_coordinates": [],
    "relation_rowids": [
      11943
    ]
  },
  {
    "source_id": 2800,
    "source_local": 6,
    "source_degree": [
      8,
      135
    ],
    "factor_id": 15,
    "target_degree": [
      9,
      143
    ],
    "target_basis_ids": [
      3435,
      3436
    ],
    "target_coordinates": [],
    "relation_rowids": [
      9
    ]
  },
  {
    "source_id": 2923,
    "source_local": 0,
    "source_degree": [
      11,
      137
    ],
    "factor_id": 15,
    "target_degree": [
      12,
      145
    ],
    "target_basis_ids": [
      3581,
      3582,
      3583
    ],
    "target_coordinates": [],
    "relation_rowids": [
      12740
    ]
  },
  {
    "source_id": 2924,
    "source_local": 1,
    "source_degree": [
      11,
      137
    ],
    "factor_id": 15,
    "target_degree": [
      12,
      145
    ],
    "target_basis_ids": [
      3581,
      3582,
      3583
    ],
    "target_coordinates": [],
    "relation_rowids": [
      11960,
      1,
      12743,
      2
    ]
  },
  {
    "source_id": 2925,
    "source_local": 2,
    "source_degree": [
      11,
      137
    ],
    "factor_id": 15,
    "target_degree": [
      12,
      145
    ],
    "target_basis_ids": [
      3581,
      3582,
      3583
    ],
    "target_coordinates": [
      1
    ],
    "relation_rowids": []
  },
  {
    "source_id": 2926,
    "source_local": 3,
    "source_degree": [
      11,
      137
    ],
    "factor_id": 15,
    "target_degree": [
      12,
      145
    ],
    "target_basis_ids": [
      3581,
      3582,
      3583
    ],
    "target_coordinates": [],
    "relation_rowids": [
      12306
    ]
  },
  {
    "source_id": 2927,
    "source_local": 4,
    "source_degree": [
      11,
      137
    ],
    "factor_id": 15,
    "target_degree": [
      12,
      145
    ],
    "target_basis_ids": [
      3581,
      3582,
      3583
    ],
    "target_coordinates": [],
    "relation_rowids": [
      11946,
      1
    ]
  },
  {
    "source_id": 2928,
    "source_local": 5,
    "source_degree": [
      11,
      137
    ],
    "factor_id": 15,
    "target_degree": [
      12,
      145
    ],
    "target_basis_ids": [
      3581,
      3582,
      3583
    ],
    "target_coordinates": [],
    "relation_rowids": [
      9
    ]
  }
]
