Fact713Row2916Search/CoordinateBridge.lean:83:4: error: Tactic `rewrite` failed: Did not find an occurrence of the pattern
  M.upper.nextSource.equivalence 0
in the target expression
  targetEquivalence (M.upper.nextSource.equivalence 0) = fun i => matrixOf 1 3 conditionalD3.outgoing i 1

sphere detector : ManualInputObligations.Reference.AdamsSpectralSequence
M : Actual.Meaning sphere detector
lowerTransition : M.lower.Transition
upperTransition : M.upper.Transition
naturality :
  ∀ (x : (sphere.element (2 + 1) Actual.sourceDegree).carrier),
    (detector.differential 3 Actual.sourceDegree).toFun (M.lower.nextMap x) =
      M.upper.nextMap ((sphere.differential 3 Actual.sourceDegree).toFun x)
x : (sphere.element 3 Actual.sourceDegree).carrier
named : M.lower.nextSource.equivalence x = Actual.named3
⊢ targetEquivalence (M.upper.nextSource.equivalence 0) = fun i => matrixOf 1 3 conditionalD3.outgoing i 1

Note: The target expression is not type-correct under the `instances` transparency level, which may have triggered the failure. This is usually caused by unfolding of semireducible definitions in prior tactic steps. Use `set_option linter.tacticCheckInstances true` to investigate the source of the issue.
Full error:
  Application type mismatch: The argument
    0
  has type
    (sphere.element 3 (ManualInputObligations.Reference.AdamsTarget 3 Actual.sourceDegree)).carrier
  but is expected to have type
    (sphere.element (2 + 1) Actual.targetDegree).carrier
  in the application
    M.upper.nextSource.equivalence 0
'Fact713Row2916Search.CoordinateBridge.sourceEquivalence' depends on axioms: [propext, Quot.sound]
'Fact713Row2916Search.CoordinateBridge.targetEquivalence' depends on axioms: [propext, Quot.sound]
'Fact713Row2916Search.CoordinateBridge.source_all_coordinates' depends on axioms: [propext, Quot.sound]
'Fact713Row2916Search.CoordinateBridge.target_all_coordinates' depends on axioms: [propext, Quot.sound]
'Fact713Row2916Search.CoordinateBridge.source_identity' depends on axioms: [propext, Classical.choice, Quot.sound]
'Fact713Row2916Search.CoordinateBridge.target_identity' depends on axioms: [propext, Classical.choice, Quot.sound]
'Fact713Row2916Search.CoordinateBridge.named_coordinates' depends on axioms: [propext, Classical.choice, Quot.sound]
'Fact713Row2916Search.CoordinateBridge.named_basis_row' does not depend on any axioms
'Fact713Row2916Search.CoordinateBridge.conditionalD3_valid' depends on axioms: [propext, Quot.sound]
'Fact713Row2916Search.CoordinateBridge.named_d3_survives' depends on axioms: [propext, Classical.choice, Quot.sound]
'Fact713Row2916Search.CoordinateBridge.actual_staircase_column' depends on axioms: [propext,
 sorryAx,
 Classical.choice,
 Quot.sound]
