{
  "status": "passed",
  "findings": [],
  "counts": {
    "comparisons": 13,
    "cycles": 183,
    "pairs": 6763,
    "d2_columns": 65,
    "higher_columns": 12,
    "explicit_prefix_columns": 7
  },
  "frozen_files": 33,
  "modules": 4,
  "standard_axiom_reports": 12,
  "warnings": [],
  "semantic_checks": [
    "same previous E6 endpoint and fixed E2 input",
    "full incoming source (9,135) with complete E2->E5 charts",
    "quotient-zero iff plus whole incoming zero proves endpoint nonzero",
    "output true is nonvanishing flag, not fabricated E6 chart"
  ],
  "limitation": "Prefix meanings including NULL row2858 and future events remain explicit actual Step premises; no permanence or original topology asserted."
}
