{
  "status": "passed",
  "counts": {
    "cycle_quotient_pairs": 6763,
    "SQL_d2_columns": 65,
    "complete_comparisons": 13,
    "SQL_higher_columns": 12,
    "standard_axiom_reports": 12
  },
  "modules": [
    {
      "module": "Fact762NonzeroE6.Incoming",
      "observed_exit_code": 0
    },
    {
      "module": "Fact762NonzeroE6.Actual",
      "observed_exit_code": 0
    },
    {
      "module": "Fact762NonzeroE6.Tests",
      "observed_exit_code": 0
    },
    {
      "module": "Fact762NonzeroE6.Request",
      "observed_exit_code": 0
    }
  ],
  "full_closure": [
    "S0:10,136:d2",
    "S0:12,137:d2",
    "S0:13,138:d2",
    "S0:13,138:d3",
    "S0:16,140:d2",
    "S0:2,130:d2",
    "S0:5,132:d2",
    "S0:5,132:d3",
    "S0:6,133:d2",
    "S0:8,134:d2",
    "S0:9,135:d2",
    "S0:9,135:d3",
    "S0:9,135:d4"
  ],
  "prefix_meanings_still_explicit": [
    {
      "page": 3,
      "degree": [
        13,
        138
      ],
      "row": [
        3010,
        "0",
        "2",
        4
      ],
      "kind": "stored_zero_prefix_or_boundary"
    },
    {
      "page": 3,
      "degree": [
        13,
        138
      ],
      "row": [
        3011,
        "2",
        "1",
        4
      ],
      "kind": "stored_zero_prefix_or_boundary"
    },
    {
      "page": 3,
      "degree": [
        10,
        136
      ],
      "row": [
        2858,
        "2",
        null,
        9000
      ],
      "kind": "conditional_leibniz"
    },
    {
      "page": 3,
      "degree": [
        2,
        130
      ],
      "row": [
        2440,
        "0",
        null,
        9991
      ],
      "kind": "stored_zero_prefix_or_boundary"
    },
    {
      "page": 3,
      "degree": [
        9,
        135
      ],
      "row": [
        2790,
        "2",
        "0",
        9996
      ],
      "kind": "stored_zero_prefix_or_boundary"
    },
    {
      "page": 3,
      "degree": [
        9,
        135
      ],
      "row": [
        2791,
        "1",
        "2",
        9996
      ],
      "kind": "stored_zero_prefix_or_boundary"
    },
    {
      "page": 3,
      "degree": [
        6,
        133
      ],
      "row": [
        2633,
        "0",
        null,
        9996
      ],
      "kind": "stored_zero_prefix_or_boundary"
    }
  ],
  "nonzero_label_models": 4,
  "missing_incoming_countermodels": 4,
  "input_sha256": {
    "upstream/kervaire-49/S0_AdamsSS_t261.db": "518a2ed86af6d4f7bcdc5db135ab6252bd50df34492ae208663aa1c140a820ed",
    "Fact762IncomingCertificates/audit.json": "38c82fa9ec59a61d8d031f8d3431f228f5610dfb1f5e8ab1494cf44da69a8048",
    "AggregateD5Conditional/source.json": "5114beae672833b29080c168cc8747ca2479a4267ddcdb0821d6b322b25decbc"
  },
  "limitation": "Complete mathematical coordinate/known differential meanings remain premises. Same actual E2 input reaches nonzero E6; permanence is not proved."
}
