{
  "status": "passed",
  "findings": [],
  "counts": {
    "quotient_pairs": 291,
    "complete_comparisons": 21,
    "cycle_vectors": 65,
    "SQL_d2_columns": 58,
    "known_events": 6,
    "derived_outgoing_zero": 4,
    "empty_incoming_sources": 2,
    "all_extra_column_models": 4,
    "one_dimensional_death_models": 3,
    "same_input_E11_E18_models": 256,
    "standard_axiom_reports": 82,
    "empty_axiom_reports": 2,
    "modules": 5
  },
  "frozen_files": 49,
  "scope": "All earlier target spaces and same-input E12 through E18; complete incoming tail inherited. Actual initial, known differential, product and quotient meanings explicit. No permanence.",
  "review_script_sha256": "6636e175379d23dbe18938fc32765d26bf352b21db23cd1fd558edfcb66b733e"
}
