{
  "status": "no_correctness_findings",
  "branches": [
    {
      "branch": "zero",
      "count": 1283,
      "cyclepairs": 9512,
      "adjacent": 976,
      "consecutive": 783,
      "raw_unknown_preserved": true
    },
    {
      "branch": "residual_rebased",
      "count": 1284,
      "cyclepairs": 9510,
      "adjacent": 977,
      "consecutive": 784,
      "raw_unknown_preserved": true
    }
  ],
  "axiom_reports": 16,
  "common_named_d2_d7": true,
  "actual_branch_selection": false,
  "scope": "Two separate coherent finite families; their shared named path reaches E8, while complete actual map meanings remain premises."
}
