ActualPermanenceBoundary/Basic.lean:39:6: error: omega could not prove the goal:
a possible counterexample may satisfy the constraints
  b ≥ 0
  a ≥ 1
  a - b ≤ -1
where
 a := ↑↑⟨0, ⋯⟩
 b := ↑[stage].length
ActualPermanenceBoundary/Basic.lean:48:6: error: omega could not prove the goal:
a possible counterexample may satisfy the constraints
  b ≥ 0
  a ≥ 1
  a - b ≤ -1
where
 a := ↑↑⟨0, ⋯⟩
 b := ↑[stage].length
ActualPermanenceBoundary/Basic.lean:57:6: error: omega could not prove the goal:
a possible counterexample may satisfy the constraints
  b ≥ 0
  a ≥ 1
  a - b ≤ -1
where
 a := ↑↑⟨0, ⋯⟩
 b := ↑[stage].length
ActualPermanenceBoundary/Basic.lean:66:6: error: omega could not prove the goal:
a possible counterexample may satisfy the constraints
  b ≥ 0
  a ≥ 1
  a - b ≤ -1
where
 a := ↑↑⟨0, ⋯⟩
 b := ↑[stage].length
ActualPermanenceBoundary/Basic.lean:81:6: error: omega could not prove the goal:
a possible counterexample may satisfy the constraints
  b ≥ 0
  a ≥ 1
  a - b ≤ -1
where
 a := ↑↑⟨0, ⋯⟩
 b := ↑[stage].length
ActualPermanenceBoundary/Basic.lean:90:6: error: omega could not prove the goal:
a possible counterexample may satisfy the constraints
  b ≥ 0
  a ≥ 1
  a - b ≤ -1
where
 a := ↑↑⟨0, ⋯⟩
 b := ↑[stage].length
'ActualPermanenceBoundary.initial_good' depends on axioms: [propext, Quot.sound]
'ActualPermanenceBoundary.initial_permanent' depends on axioms: [propext, sorryAx, Quot.sound]
