ActualPermanenceBoundary/Basic.lean:35:34: error(lean.synthInstanceFailed): failed to synthesize instance of type class
  Subsingleton (Fin [stage].length)

Hint: Type class instance resolution failures can be inspected with the `set_option trace.Meta.synthInstance true` command.
ActualPermanenceBoundary/Basic.lean:40:34: error(lean.synthInstanceFailed): failed to synthesize instance of type class
  Subsingleton (Fin [stage].length)

Hint: Type class instance resolution failures can be inspected with the `set_option trace.Meta.synthInstance true` command.
ActualPermanenceBoundary/Basic.lean:45:34: error(lean.synthInstanceFailed): failed to synthesize instance of type class
  Subsingleton (Fin [stage].length)

Hint: Type class instance resolution failures can be inspected with the `set_option trace.Meta.synthInstance true` command.
ActualPermanenceBoundary/Basic.lean:50:34: error(lean.synthInstanceFailed): failed to synthesize instance of type class
  Subsingleton (Fin [stage].length)

Hint: Type class instance resolution failures can be inspected with the `set_option trace.Meta.synthInstance true` command.
ActualPermanenceBoundary/Basic.lean:61:34: error(lean.synthInstanceFailed): failed to synthesize instance of type class
  Subsingleton (Fin [stage].length)

Hint: Type class instance resolution failures can be inspected with the `set_option trace.Meta.synthInstance true` command.
ActualPermanenceBoundary/Basic.lean:66:34: error(lean.synthInstanceFailed): failed to synthesize instance of type class
  Subsingleton (Fin [stage].length)

Hint: Type class instance resolution failures can be inspected with the `set_option trace.Meta.synthInstance true` command.
'ActualPermanenceBoundary.initial_good' depends on axioms: [propext, Quot.sound]
'ActualPermanenceBoundary.initial_permanent' depends on axioms: [propext, sorryAx, Quot.sound]
