ActualPermanenceBoundary/Cases.lean:15:72: error: unsolved goals
i : Fin stage.wire.m
⊢ [Fact762PageCertificates.target 0, Fact762PageCertificates.target 1, Fact762PageCertificates.target 2][↑i]?.getD
      false =
    Fact762PageCertificates.target i
ActualPermanenceBoundary/Cases.lean:36:2: error: Expected type must not contain free variables
  LinProgramCertificates.CertificateVerifier.check (certificate s x c equations named tail) = true

Hint: Use the `+revert` option to automatically clean up and revert free variables
'ActualPermanenceBoundary.Fact762.actual_d2_good' depends on axioms: [propext, sorryAx, Quot.sound]
'ActualPermanenceBoundary.Fact762.conditional_permanence' depends on axioms: [propext, sorryAx, Quot.sound]
ActualPermanenceBoundary/Cases.lean:46:72: error: unsolved goals
i : Fin stage.wire.m
⊢ [Fact763PageCertificates.target 0, Fact763PageCertificates.target 1, Fact763PageCertificates.target 2,
            Fact763PageCertificates.target 3, Fact763PageCertificates.target 4][↑i]?.getD
      false =
    Fact763PageCertificates.target i
ActualPermanenceBoundary/Cases.lean:67:2: error: Expected type must not contain free variables
  LinProgramCertificates.CertificateVerifier.check (certificate s x c equations named tail) = true

Hint: Use the `+revert` option to automatically clean up and revert free variables
'ActualPermanenceBoundary.Fact763.actual_d2_good' depends on axioms: [propext, sorryAx, Quot.sound]
'ActualPermanenceBoundary.Fact763.conditional_permanence' depends on axioms: [propext, sorryAx, Quot.sound]
ActualPermanenceBoundary/Cases.lean:77:78: error: unsolved goals
i : Fin stage.wire.m
⊢ [Fact721PageCertificates.First.target 0, Fact721PageCertificates.First.target 1][↑i]?.getD false =
    Fact721PageCertificates.First.target i
ActualPermanenceBoundary/Cases.lean:98:2: error: Expected type must not contain free variables
  LinProgramCertificates.CertificateVerifier.check (certificate s x c equations named tail) = true

Hint: Use the `+revert` option to automatically clean up and revert free variables
'ActualPermanenceBoundary.Fact721First.actual_d2_good' depends on axioms: [propext, sorryAx, Quot.sound]
'ActualPermanenceBoundary.Fact721First.conditional_permanence' depends on axioms: [propext, sorryAx, Quot.sound]
ActualPermanenceBoundary/Cases.lean:108:79: error: unsolved goals
i : Fin stage.wire.m
⊢ [Fact721PageCertificates.Second.target 0, Fact721PageCertificates.Second.target 1,
            Fact721PageCertificates.Second.target 2][↑i]?.getD
      false =
    Fact721PageCertificates.Second.target i
ActualPermanenceBoundary/Cases.lean:129:2: error: Expected type must not contain free variables
  LinProgramCertificates.CertificateVerifier.check (certificate s x c equations named tail) = true

Hint: Use the `+revert` option to automatically clean up and revert free variables
'ActualPermanenceBoundary.Fact721Second.actual_d2_good' depends on axioms: [propext, sorryAx, Quot.sound]
'ActualPermanenceBoundary.Fact721Second.conditional_permanence' depends on axioms: [propext, sorryAx, Quot.sound]
