Fact762SphereGDetection/Constructed.lean:32:61: error: don't know how to synthesize implicit argument `pages`
  @nextValue S (?m.84 A F rawName) 2 { filtration := 22, internal := 166 } F.z
context:
S : AdamsSpectralSequence
pages : CertifiedAdamsPages S
P : CertifiedAdamsProduct S
A : Detector.Stage2 S pages P
F : H0Prefix S pages P
rawName :
  A.target.equivalence
      (P.product.multiply 2 { filtration := 1, internal := 1 } { filtration := 22, internal := 166 } ↑F.h0 ↑F.z) =
    H0Data.namedTarget
⊢ CertifiedAdamsPages S

Note: All parameter types and holes (e.g., `_`) in the header of a theorem are resolved before the proof is processed; information from the proof cannot be used to infer what these values should be
Fact762SphereGDetection/Constructed.lean:32:44: error: don't know how to synthesize implicit argument `pages`
  @nextValue S (?m.83 A F rawName) 2 { filtration := 1, internal := 1 } F.h0
context:
S : AdamsSpectralSequence
pages : CertifiedAdamsPages S
P : CertifiedAdamsProduct S
A : Detector.Stage2 S pages P
F : H0Prefix S pages P
rawName :
  A.target.equivalence
      (P.product.multiply 2 { filtration := 1, internal := 1 } { filtration := 22, internal := 166 } ↑F.h0 ↑F.z) =
    H0Data.namedTarget
⊢ CertifiedAdamsPages S

Note: All parameter types and holes (e.g., `_`) in the header of a theorem are resolved before the proof is processed; information from the proof cannot be used to infer what these values should be
Fact762SphereGDetection/Constructed.lean:43:6: error: Tactic `rewrite` failed: motive is not type correct:
  fun _a => ↑i < _a
Error: Application type mismatch: The argument
  i
has type
  Fin w.k
but is expected to have type
  Fin _a
in the application
  ↑i

Explanation: The rewrite tactic rewrites an expression 'e' using an equality 'a = b' by the following process. First, it looks for all 'a' in 'e'. Second, it tries to abstract these occurrences of 'a' to create a function 'm := fun _a => ...', called the *motive*, with the property that 'm a' is definitionally equal to 'e'. Third, we observe that 'congrArg' implies that 'm a = m b', which can be used with lemmas such as 'Eq.mpr' to change the goal. However, if 'e' depends on specific properties of 'a', then the motive 'm' might not typecheck.

Possible solutions: use rewrite's 'occs' configuration option to limit which occurrences are rewritten, or use 'simp' or 'conv' mode, which have strategies for certain kinds of dependencies (these tactics can handle proofs and 'Decidable' instances whose types depend on the rewritten term, and 'simp' can apply user-defined '@[congr]' theorems as well).

S : AdamsSpectralSequence
r : ℕ
d : Bidegree
w : WireComparison
c : Coordinates S r d w.m
M : Meaning S r d w c
empty : w.k = 0
x : (S.element r d).carrier
i : Fin w.k
h : ↑i < w.k
⊢ eval (matrixOf w.k w.m w.outgoing) (c.equivalence x) i = zero i
Fact762SphereGDetection/Constructed.lean:74:24: error: Expected type must not contain free variables
  (PageProductCertificates.product A.input.nextTensor (fun x => true) fun x => true) = Whole.unitVector 3 1

Hint: Use the `+revert` option to automatically clean up and revert free variables
Fact762SphereGDetection/Constructed.lean:85:67: error: don't know how to synthesize implicit argument `pages`
  @nextValue S (?m.95 A F rawName) 3 { filtration := 22, internal := 166 } F.zCycle3
context:
S : AdamsSpectralSequence
pages : CertifiedAdamsPages S
P : CertifiedAdamsProduct S
A : Detector.Stage3 S pages P
F : H0Prefix S pages P
rawName :
  A.previous.target.equivalence
      (P.product.multiply 2 { filtration := 1, internal := 1 } { filtration := 22, internal := 166 } ↑F.h0 ↑F.z) =
    H0Data.namedTarget
⊢ CertifiedAdamsPages S

Note: All parameter types and holes (e.g., `_`) in the header of a theorem are resolved before the proof is processed; information from the proof cannot be used to infer what these values should be
Fact762SphereGDetection/Constructed.lean:85:44: error: don't know how to synthesize implicit argument `pages`
  @nextValue S (?m.94 A F rawName) 3 { filtration := 1, internal := 1 } F.h0Cycle3
context:
S : AdamsSpectralSequence
pages : CertifiedAdamsPages S
P : CertifiedAdamsProduct S
A : Detector.Stage3 S pages P
F : H0Prefix S pages P
rawName :
  A.previous.target.equivalence
      (P.product.multiply 2 { filtration := 1, internal := 1 } { filtration := 22, internal := 166 } ↑F.h0 ↑F.z) =
    H0Data.namedTarget
⊢ CertifiedAdamsPages S

Note: All parameter types and holes (e.g., `_`) in the header of a theorem are resolved before the proof is processed; information from the proof cannot be used to infer what these values should be
Fact762SphereGDetection/Constructed.lean:94:38: error: don't know how to synthesize implicit argument `pages`
  @nextValue S (?m.193 A F rawName h0d4) 3 { filtration := 22, internal := 166 } F.zCycle3
context:
S : AdamsSpectralSequence
pages : CertifiedAdamsPages S
P : CertifiedAdamsProduct S
A : Detector.Stage3 S pages P
F : H0Prefix S pages P
rawName :
  A.previous.target.equivalence
      (P.product.multiply 2 { filtration := 1, internal := 1 } { filtration := 22, internal := 166 } ↑F.h0 ↑F.z) =
    H0Data.namedTarget
h0d4 : (S.differential 4 { filtration := 1, internal := 1 }).toFun (nextValue F.h0Cycle3) = 0
⊢ CertifiedAdamsPages S

Note: Because this declaration's type has been explicitly provided, all parameter types and holes (e.g., `_`) in its header are resolved before its body is processed; information from the declaration body cannot be used to infer what these values should be
Fact762SphereGDetection/Constructed.lean:93:36: error: don't know how to synthesize implicit argument `pages`
  @nextValue S (?m.192 A F rawName) 3 { filtration := 1, internal := 1 } F.h0Cycle3
context:
S : AdamsSpectralSequence
pages : CertifiedAdamsPages S
P : CertifiedAdamsProduct S
A : Detector.Stage3 S pages P
F : H0Prefix S pages P
rawName :
  A.previous.target.equivalence
      (P.product.multiply 2 { filtration := 1, internal := 1 } { filtration := 22, internal := 166 } ↑F.h0 ↑F.z) =
    H0Data.namedTarget
⊢ CertifiedAdamsPages S

Note: Because this declaration's type has been explicitly provided, all parameter types and holes (e.g., `_`) in its header are resolved before its body is processed; information from the declaration body cannot be used to infer what these values should be
Fact762SphereGDetection/Constructed.lean:115:24: error: Expected type must not contain free variables
  (PageProductCertificates.product A.input.nextTensor (fun x => true) fun x => true) = fun i => ↑i == 0

Hint: Use the `+revert` option to automatically clean up and revert free variables
'Fact762SphereGDetection.Constructed.h0_name3' depends on axioms: [propext, Classical.choice, Quot.sound]
'Fact762SphereGDetection.Constructed.empty_outgoing' depends on axioms: [propext, sorryAx, Quot.sound]
'Fact762SphereGDetection.Constructed.stage3' depends on axioms: [propext, sorryAx, Classical.choice, Quot.sound]
'Fact762SphereGDetection.Constructed.h0_name4' depends on axioms: [propext, Classical.choice, Quot.sound]
'Fact762SphereGDetection.Constructed.stage4' depends on axioms: [propext, sorryAx, Classical.choice, Quot.sound]
