Fact762SphereGDetection/Data.lean:8:5: error: unexpected token '-'; expected ':=', 'where' or '|'
Fact762SphereGDetection/Data.lean:9:9: error: unexpected token '-'; expected ':'
'Fact762SphereGDetection.Data.w' does not depend on any axioms
Fact762SphereGDetection/Data.lean:10:15: error: unexpected token '-'; expected command
'Fact762SphereGDetection.Data.w0_21_2_valid' depends on axioms: [propext, Quot.sound]
'Fact762SphereGDetection.Data.w1_22_2_valid' depends on axioms: [propext, Quot.sound]
'Fact762SphereGDetection.Data.w10_136_2_valid' depends on axioms: [propext, Quot.sound]
'Fact762SphereGDetection.Data.w10_29_2_valid' depends on axioms: [propext, Quot.sound]
'Fact762SphereGDetection.Data.w11_137_2_valid' depends on axioms: [propext, Quot.sound]
'Fact762SphereGDetection.Data.w11_158_2_valid' depends on axioms: [propext, Quot.sound]
'Fact762SphereGDetection.Data.w11_29_2_valid' depends on axioms: [propext, Quot.sound]
'Fact762SphereGDetection.Data.w12_138_2_valid' depends on axioms: [propext, Quot.sound]
'Fact762SphereGDetection.Data.w12_30_2_valid' depends on axioms: [propext, Quot.sound]
'Fact762SphereGDetection.Data.w13_138_2_valid' depends on axioms: [propext, Quot.sound]
'Fact762SphereGDetection.Data.w13_31_2_valid' depends on axioms: [propext, Quot.sound]
'Fact762SphereGDetection.Data.w14_139_2_valid' depends on axioms: [propext, Quot.sound]
'Fact762SphereGDetection.Data.w14_160_2_valid' depends on axioms: [propext, Quot.sound]
'Fact762SphereGDetection.Data.w15_140_2_valid' depends on axioms: [propext, Quot.sound]
'Fact762SphereGDetection.Data.w15_161_2_valid' depends on axioms: [propext, Quot.sound]
'Fact762SphereGDetection.Data.w16_141_2_valid' depends on axioms: [propext, Quot.sound]
'Fact762SphereGDetection.Data.w16_162_2_valid' depends on axioms: [propext, Quot.sound]
'Fact762SphereGDetection.Data.w16_33_2_valid' depends on axioms: [propext, Quot.sound]
'Fact762SphereGDetection.Data.w17_141_2_valid' depends on axioms: [propext, Quot.sound]
'Fact762SphereGDetection.Data.w17_162_2_valid' depends on axioms: [propext, Quot.sound]
'Fact762SphereGDetection.Data.w18_142_2_valid' depends on axioms: [propext, Quot.sound]
'Fact762SphereGDetection.Data.w18_163_2_valid' depends on axioms: [propext, Quot.sound]
'Fact762SphereGDetection.Data.w19_143_2_valid' depends on axioms: [propext, Quot.sound]
'Fact762SphereGDetection.Data.w19_164_2_valid' depends on axioms: [propext, Quot.sound]
'Fact762SphereGDetection.Data.w2_23_2_valid' depends on axioms: [propext, Quot.sound]
'Fact762SphereGDetection.Data.w20_144_2_valid' depends on axioms: [propext, Quot.sound]
'Fact762SphereGDetection.Data.w20_165_2_valid' depends on axioms: [propext, Quot.sound]
'Fact762SphereGDetection.Data.w21_144_2_valid' depends on axioms: [propext, Quot.sound]
'Fact762SphereGDetection.Data.w21_165_2_valid' depends on axioms: [propext, Quot.sound]
'Fact762SphereGDetection.Data.w22_145_2_valid' depends on axioms: [propext, Quot.sound]
'Fact762SphereGDetection.Data.w22_166_2_valid' depends on axioms: [propext, Quot.sound]
'Fact762SphereGDetection.Data.w23_146_2_valid' depends on axioms: [propext, Quot.sound]
'Fact762SphereGDetection.Data.w23_167_2_valid' depends on axioms: [propext, Quot.sound]
'Fact762SphereGDetection.Data.w24_168_2_valid' depends on axioms: [propext, Quot.sound]
'Fact762SphereGDetection.Data.w25_168_2_valid' depends on axioms: [propext, Quot.sound]
'Fact762SphereGDetection.Data.w26_148_2_valid' depends on axioms: [propext, Quot.sound]
'Fact762SphereGDetection.Data.w26_169_2_valid' depends on axioms: [propext, Quot.sound]
'Fact762SphereGDetection.Data.w27_170_2_valid' depends on axioms: [propext, Quot.sound]
'Fact762SphereGDetection.Data.w3_23_2_valid' depends on axioms: [propext, Quot.sound]
'Fact762SphereGDetection.Data.w30_172_2_valid' depends on axioms: [propext, Quot.sound]
'Fact762SphereGDetection.Data.w4_24_2_valid' depends on axioms: [propext, Quot.sound]
'Fact762SphereGDetection.Data.w5_25_2_valid' depends on axioms: [propext, Quot.sound]
'Fact762SphereGDetection.Data.w6_26_2_valid' depends on axioms: [propext, Quot.sound]
'Fact762SphereGDetection.Data.w7_134_2_valid' depends on axioms: [propext, Quot.sound]
'Fact762SphereGDetection.Data.w7_26_2_valid' depends on axioms: [propext, Quot.sound]
'Fact762SphereGDetection.Data.w8_27_2_valid' depends on axioms: [propext, Quot.sound]
'Fact762SphereGDetection.Data.w9_28_2_valid' depends on axioms: [propext, Quot.sound]
'Fact762SphereGDetection.Data.w0_21_3_valid' depends on axioms: [propext, Quot.sound]
'Fact762SphereGDetection.Data.w13_31_3_valid' depends on axioms: [propext, Quot.sound]
'Fact762SphereGDetection.Data.w14_160_3_valid' depends on axioms: [propext, Quot.sound]
'Fact762SphereGDetection.Data.w15_140_3_valid' depends on axioms: [propext, Quot.sound]
'Fact762SphereGDetection.Data.w18_142_3_valid' depends on axioms: [propext, Quot.sound]
'Fact762SphereGDetection.Data.w18_163_3_valid' depends on axioms: [propext, Quot.sound]
'Fact762SphereGDetection.Data.w19_143_3_valid' depends on axioms: [propext, Quot.sound]
'Fact762SphereGDetection.Data.w19_164_3_valid' depends on axioms: [propext, Quot.sound]
'Fact762SphereGDetection.Data.w22_166_3_valid' depends on axioms: [propext, Quot.sound]
'Fact762SphereGDetection.Data.w23_146_3_valid' depends on axioms: [propext, Quot.sound]
'Fact762SphereGDetection.Data.w23_167_3_valid' depends on axioms: [propext, Quot.sound]
'Fact762SphereGDetection.Data.w27_170_3_valid' depends on axioms: [propext, Quot.sound]
'Fact762SphereGDetection.Data.w4_24_3_valid' depends on axioms: [propext, Quot.sound]
'Fact762SphereGDetection.Data.w5_25_3_valid' depends on axioms: [propext, Quot.sound]
'Fact762SphereGDetection.Data.w8_27_3_valid' depends on axioms: [propext, Quot.sound]
'Fact762SphereGDetection.Data.w18_163_4_valid' depends on axioms: [propext, Quot.sound]
'Fact762SphereGDetection.Data.w19_143_4_valid' depends on axioms: [propext, Quot.sound]
'Fact762SphereGDetection.Data.w23_167_4_valid' depends on axioms: [propext, Quot.sound]
'Fact762SphereGDetection.Data.w4_24_4_valid' depends on axioms: [propext, Quot.sound]
'Fact762SphereGDetection.Data.p0_valid' depends on axioms: [propext, Classical.choice, Quot.sound]
'Fact762SphereGDetection.Data.p1_valid' depends on axioms: [propext, Classical.choice, Quot.sound]
'Fact762SphereGDetection.Data.p2_valid' depends on axioms: [propext, Classical.choice, Quot.sound]
'Fact762SphereGDetection.Data.p3_valid' depends on axioms: [propext, Classical.choice, Quot.sound]
'Fact762SphereGDetection.Data.product2_valid' depends on axioms: [propext, Quot.sound]
Fact762SphereGDetection/Data.lean:229:414: error: failed to synthesize
  Decidable
    (∀ (x : Vec 1) (y : Vec 2),
      InKernel (matrixOf 0 1 w4_24_2.outgoing) x →
        InKernel (matrixOf 0 2 w19_143_2.outgoing) y →
          eval w23_167_2.comparison.projection (PageProductCertificates.product product2.product x y) =
            PageProductCertificates.product (PageProductCertificates.tensorOf 1 1 3 [false, true, false])
              (eval w4_24_2.comparison.projection x) (eval w19_143_2.comparison.projection y))

Hint: Additional diagnostic information may be available using the `set_option diagnostics true` command.
'Fact762SphereGDetection.Data.product2_next' depends on axioms: [propext, sorryAx]
'Fact762SphereGDetection.Data.product3_valid' depends on axioms: [propext, Quot.sound]
Fact762SphereGDetection/Data.lean:235:408: error: failed to synthesize
  Decidable
    (∀ (x y : Vec 1),
      InKernel (matrixOf 0 1 w4_24_3.outgoing) x →
        InKernel (matrixOf 0 1 w19_143_3.outgoing) y →
          eval w23_167_3.comparison.projection (PageProductCertificates.product product3.product x y) =
            PageProductCertificates.product (PageProductCertificates.tensorOf 1 1 2 [true, false])
              (eval w4_24_3.comparison.projection x) (eval w19_143_3.comparison.projection y))

Hint: Additional diagnostic information may be available using the `set_option diagnostics true` command.
'Fact762SphereGDetection.Data.product3_next' depends on axioms: [propext, sorryAx]
'Fact762SphereGDetection.Data.product4_valid' depends on axioms: [propext, Quot.sound]
Fact762SphereGDetection/Data.lean:241:408: error: failed to synthesize
  Decidable
    (∀ (x y : Vec 1),
      InKernel (matrixOf 0 1 w4_24_4.outgoing) x →
        InKernel (matrixOf 0 1 w19_143_4.outgoing) y →
          eval w23_167_4.comparison.projection (PageProductCertificates.product product4.product x y) =
            PageProductCertificates.product (PageProductCertificates.tensorOf 1 1 2 [true, false])
              (eval w4_24_4.comparison.projection x) (eval w19_143_4.comparison.projection y))

Hint: Additional diagnostic information may be available using the `set_option diagnostics true` command.
'Fact762SphereGDetection.Data.product4_next' depends on axioms: [propext, sorryAx]
'Fact762SphereGDetection.Data.product5_reflects' depends on axioms: [propext, Classical.choice, Quot.sound]
