{
  "status": "passed",
  "branches": [
    {
      "case": "zero_b0",
      "entries": 1365,
      "quotient_pairs": 9711,
      "adjacent": 1044,
      "consecutive": 862
    },
    {
      "case": "zero_b1",
      "entries": 1365,
      "quotient_pairs": 9711,
      "adjacent": 1044,
      "consecutive": 862
    },
    {
      "case": "residual",
      "entries": 1386,
      "quotient_pairs": 9753,
      "adjacent": 1060,
      "consecutive": 882
    }
  ],
  "frozen_files": 112,
  "modules": 11,
  "standard_axiom_reports": 84,
  "review_source_sha256": "a159f4e510cf03e7b840dc8466fbc63732673f87a13d4a7375c6b9e4a5ccff68",
  "scope": "Exact previous prefix, full candidate maps and finite trajectory binding. Prefix10 is independently supplied; coherence alone does not realize actual neighboring pages."
}
