Row2916D4Search/Actual.lean:73:6: error: Tactic `rewrite` failed: Did not find an occurrence of the pattern
  pageCast T ?r ⋯ ((T.differential ?r (Bidegree.add ?d ?e)).toFun (A.multiply ?r ?d ?e ?x ?y))
in the target expression
  pageCast T 3 ⋯
      ((T.differential 3 moduleDegree).toFun (A.multiply 3 coefficientDegree generatorDegree D.coefficient y)) =
    0

S T : AdamsSpectralSequence
A : Action S T
D : Input S T A
y : (T.element 3 generatorDegree).carrier
hl :
  A.multiply 3 (AdamsTarget 3 coefficientDegree) generatorDegree
      ((S.differential 3 coefficientDegree).toFun D.coefficient) y =
    0
hr :
  A.multiply 3 coefficientDegree (AdamsTarget 3 generatorDegree) D.coefficient
      ((T.differential 3 generatorDegree).toFun y) =
    0
⊢ pageCast T 3 ⋯
      ((T.differential 3 moduleDegree).toFun (A.multiply 3 coefficientDegree generatorDegree D.coefficient y)) =
    0

Note: The target expression is not type-correct under the `instances` transparency level, which may have triggered the failure. This is usually caused by unfolding of semireducible definitions in prior tactic steps. Use `set_option linter.tacticCheckInstances true` to investigate the source of the issue.
Full error:
  Application type mismatch: The argument
    A.multiply 3 coefficientDegree generatorDegree D.coefficient y
  has type
    (T.element 3 (coefficientDegree.add generatorDegree)).carrier
  but is expected to have type
    (T.element 3 moduleDegree).carrier
  in the application
    (T.differential 3 moduleDegree).toFun (A.multiply 3 coefficientDegree generatorDegree D.coefficient y)
Row2916D4Search/Actual.lean:136:8: error: Tactic `rewrite` failed: Did not find an occurrence of the pattern
  D.top.nextTarget.equivalence (D.top.nextMap ?x)
in the target expression
  InKernel (matrixOf sphereD3.k sphereD3.m sphereD3.outgoing) (D.top.nextTarget.equivalence (D.top.nextMap ↑x))

S T : AdamsSpectralSequence
A : Action S T
D : Input S T A
x : PageCycle T 3 moduleDegree
⊢ InKernel (matrixOf sphereD3.k sphereD3.m sphereD3.outgoing) (D.top.nextTarget.equivalence (D.top.nextMap ↑x))

Note: The target expression is not type-correct under the `instances` transparency level, which may have triggered the failure. This is usually caused by unfolding of semireducible definitions in prior tactic steps. Use `set_option linter.tacticCheckInstances true` to investigate the source of the issue.
Full error:
  Application type mismatch: The argument
    D.top.nextTarget
  has type
    Coordinates S (2 + 1) sphereDegree S0_13_137.h
  but is expected to have type
    Coordinates S 3 sphereDegree sphereD3.m
  in the application
    D.top.nextTarget.equivalence
Row2916D4Search/Actual.lean:159:9: warning: Variable name `z` is not explicitly referenced.

The binding can be removed (if unused) or named `_` (if used implicitly).

Note: This linter can be disabled with `set_option linter.unusedVariables false`
Row2916D4Search/Actual.lean:169:50: error: Tactic `rewrite` failed: Did not find an occurrence of the pattern
  D.map4Target 0
in the target expression
  D.map4Target 0 = 0

case inr
S T : AdamsSpectralSequence
A : Action S T
D : Input S T A
transition : D.Transition4
x : (S.element 4 sphereDegree).carrier
cases : ∀ (v : Vec 1), v = zero ∨ v = namedModule
hn : D.sphere4.equivalence x = namedModule
same : x = D.map4 D.named4
⊢ D.map4Target 0 = 0

Note: The target expression is not type-correct under the `instances` transparency level, which may have triggered the failure. This is usually caused by unfolding of semireducible definitions in prior tactic steps. Use `set_option linter.tacticCheckInstances true` to investigate the source of the issue.
Full error:
  Application type mismatch: The argument
    0
  has type
    (T.element 4 (AdamsTarget 4 moduleDegree)).carrier
  but is expected to have type
    (T.element 4 moduleTargetDegree).carrier
  in the application
    D.map4Target 0
'Row2916D4Search.Actual.product_d3_zero' depends on axioms: [propext, sorryAx, Classical.choice, Quot.sound]
'Row2916D4Search.Actual.named_coordinate' depends on axioms: [propext, Classical.choice, Quot.sound]
'Row2916D4Search.Actual.whole_module_d3_zero' depends on axioms: [propext, sorryAx, Classical.choice, Quot.sound]
'Row2916D4Search.Actual.Input.module4' depends on axioms: [propext, sorryAx, Classical.choice, Quot.sound]
'Row2916D4Search.Actual.named4_coordinate' depends on axioms: [propext, sorryAx, Classical.choice, Quot.sound]
'Row2916D4Search.Actual.image4_coordinate' depends on axioms: [propext, sorryAx, Classical.choice, Quot.sound]
'Row2916D4Search.Actual.whole_module_d4_zero' depends on axioms: [propext, Classical.choice, Quot.sound]
'Row2916D4Search.Actual.whole_sphere_d4_zero' depends on axioms: [propext, sorryAx, Classical.choice, Quot.sound]
