Row2916D4Search/Actual.lean:44:5: error(lean.unknownIdentifier): Unknown identifier `ActualAdamsIncomingBridge.incoming`
Row2916D4Search/Actual.lean:60:39: error: Application type mismatch: The argument
  A
has type
  Action S T
but is expected to have type
  ℕ
in the application
  Input S T A
Row2916D4Search/Actual.lean:73:45: error: Application type mismatch: The argument
  A
has type
  Action S T
but is expected to have type
  ℕ
in the application
  Input S T A
Row2916D4Search/Actual.lean:77:40: error: Application type mismatch: The argument
  A
has type
  Action S T
but is expected to have type
  ℕ
in the application
  Input S T A
Row2916D4Search/Actual.lean:81:44: error: Application type mismatch: The argument
  A
has type
  Action S T
but is expected to have type
  ℕ
in the application
  Input S T A
Row2916D4Search/Actual.lean:91:14: error(lean.unknownIdentifier): Unknown constant `product_d3_zero`
Row2916D4Search/Actual.lean:92:14: error(lean.unknownIdentifier): Unknown constant `named_coordinate`
Row2916D4Search/Actual.lean:93:14: error(lean.unknownIdentifier): Unknown constant `whole_module_d3_zero`
