{
  "status": "independently_replayed_bounded_search_not_a_Lean_theorem",
  "deterministic_rerun": false,
  "map_records": 70,
  "counts": {
    "candidate_needs_full_map_compatibility": 5,
    "source_nonzero_quotient": 5,
    "target_zero_quotient": 38,
    "unknown": 22
  },
  "complete_cycle_quotients": 97,
  "noncycle_images": 0,
  "reduction_steps": 140,
  "explicit_ring_relation_lifts": 35,
  "requested_max_s": 18,
  "requested_max_t": 268,
  "viable_candidates": [
    "S0__C2",
    "S0__Cnu_by_sigma",
    "S0__C2h4",
    "S0__C2h5",
    "S0__C2h6"
  ],
  "report_sha256": "e1993580c671362b8ed028d91ede41a589be5616cc1108c755b83be478a324a5",
  "review_script_sha256": "557efe11ed1b33c89b3d02c88de0eaab66f5c627b6e77736e0f8b83eaf76fcc2"
}
