Fact713Row2693Continuation/Request.lean:39:9: warning: Variable name `b` is not explicitly referenced.

The binding can be removed (if unused) or named `_` (if used implicitly).

Note: This linter can be disabled with `set_option linter.unusedVariables false`
Fact713Row2693Continuation/Request.lean:39:20: warning: Variable name `P` is not explicitly referenced.

The binding can be removed (if unused) or named `_` (if used implicitly).

Note: This linter can be disabled with `set_option linter.unusedVariables false`
Fact713Row2693Continuation/Request.lean:67:17: warning: Variable name `D` is not explicitly referenced.

The binding can be removed (if unused) or named `_` (if used implicitly).

Note: This linter can be disabled with `set_option linter.unusedVariables false`
Fact713Row2693Continuation/Request.lean:78:9: warning: Variable name `D` is not explicitly referenced.

The binding can be removed (if unused) or named `_` (if used implicitly).

Note: This linter can be disabled with `set_option linter.unusedVariables false`
Fact713Row2693Continuation/Request.lean:78:44: warning: Variable name `input` is not explicitly referenced.

The binding can be removed (if unused) or named `_` (if used implicitly).

Note: This linter can be disabled with `set_option linter.unusedVariables false`
Fact713Row2693Continuation/Request.lean:83:5: warning: Variable name `wrong` is not explicitly referenced.

The binding can be removed (if unused) or named `_` (if used implicitly).

Note: This linter can be disabled with `set_option linter.unusedVariables false`
'Fact713Row2693Continuation.source_sound' depends on axioms: [propext, Classical.choice, Quot.sound]
'Fact713Row2693Continuation.target_sound' depends on axioms: [propext, Classical.choice, Quot.sound]
'Fact713Row2693Continuation.request_sound' depends on axioms: [propext, Classical.choice, Quot.sound]
'Fact713Row2693Continuation.batch_sound' depends on axioms: [propext, Classical.choice, Quot.sound]
