{
  "status": "all_full_local_candidates_and_SQL_quotients_checked",
  "complete_d2_quotients": 4,
  "complete_local_d3_quotients": 16,
  "parameter_triples": [
    [
      0,
      0,
      0
    ],
    [
      0,
      1,
      0
    ],
    [
      1,
      0,
      0
    ],
    [
      1,
      1,
      1
    ]
  ],
  "prior_incoming_branches": 2,
  "relabeled_actual_target_models": 192,
  "raw_row3136_unknown_preserved": true,
  "raw_row3305_unknown_preserved": true,
  "diagonal_nonzero_case_retained": true,
  "sha256": {
    "Row3136SquareCandidates/audit.py": "9eef25a8c00f8b8ac2c32a4a3a0578a0be0540b637c71e0d6efc7001d8ba9f2c",
    "Row3136SquareCandidates/candidates.json": "25be22e936350d01f810c83708cb0ed26647ea569ab8f82309bf52047bac2594"
  }
}
