{
  "status": "independently_replayed_bounded_search_not_a_Lean_theorem",
  "deterministic_rerun": false,
  "map_records": 70,
  "counts": {
    "candidate_needs_full_map_compatibility": 14,
    "source_nonzero_quotient": 5,
    "target_zero_quotient": 29,
    "unknown": 22
  },
  "complete_cycle_quotients": 97,
  "noncycle_images": 0,
  "reduction_steps": 132,
  "explicit_ring_relation_lifts": 35,
  "requested_max_s": 18,
  "requested_max_t": 268,
  "viable_candidates": [
    "S0__C2",
    "S0__Cnu",
    "S0__CW_2_eta",
    "S0__CW_nu_sigma",
    "S0__CW_nu_eta",
    "S0__Cnu_by_eta",
    "S0__CW_nu_eta_by_2",
    "S0__C2_by_eta",
    "S0__C2h4",
    "S0__C2h5",
    "S0__C2h6",
    "S0__S0_by_kappa",
    "S0__S0_by_g",
    "S0__C2_by_h5"
  ],
  "report_sha256": "4bdb5e71d1801171c0d6d500dac31d3d081299bfe5b34eef141854aead7400ff",
  "review_script_sha256": "557efe11ed1b33c89b3d02c88de0eaab66f5c627b6e77736e0f8b83eaf76fcc2"
}
