{"candidate_needs_full_map_compatibility": 4, "source_nonzero_quotient": 15, "target_zero_quotient": 30, "unknown": 21}
candidates: ['S0__CW_nu_eta_by_2', 'S0__C2_by_eta', 'S0__DC2h6', 'S0__Csigma_by_2sigma']
{
  "status": "independently_replayed_bounded_search_not_a_Lean_theorem",
  "deterministic_rerun": false,
  "map_records": 70,
  "counts": {
    "candidate_needs_full_map_compatibility": 4,
    "source_nonzero_quotient": 15,
    "target_zero_quotient": 30,
    "unknown": 21
  },
  "complete_cycle_quotients": 102,
  "noncycle_images": 0,
  "reduction_steps": 165,
  "explicit_ring_relation_lifts": 57,
  "requested_max_s": 16,
  "requested_max_t": 264,
  "viable_candidates": [
    "S0__CW_nu_eta_by_2",
    "S0__C2_by_eta",
    "S0__DC2h6",
    "S0__Csigma_by_2sigma"
  ],
  "report_sha256": "fe358e2be64ded02b9d1a5cad9bfb6b0976eb7b41c78cc4072160ebfaed42a4f",
  "review_script_sha256": "557efe11ed1b33c89b3d02c88de0eaab66f5c627b6e77736e0f8b83eaf76fcc2"
}
