[
  {
    "source_id": 3324,
    "source_local": 0,
    "source_degree": [
      15,
      142
    ],
    "factor_id": 72,
    "target_degree": [
      19,
      166
    ],
    "target_basis_ids": [
      5476,
      5477,
      5478
    ],
    "target_coordinates": [],
    "relation_rowids": [
      23957
    ]
  },
  {
    "source_id": 3325,
    "source_local": 1,
    "source_degree": [
      15,
      142
    ],
    "factor_id": 72,
    "target_degree": [
      19,
      166
    ],
    "target_basis_ids": [
      5476,
      5477,
      5478
    ],
    "target_coordinates": [
      0
    ],
    "relation_rowids": [
      3067
    ]
  },
  {
    "source_id": 3326,
    "source_local": 2,
    "source_degree": [
      15,
      142
    ],
    "factor_id": 72,
    "target_degree": [
      19,
      166
    ],
    "target_basis_ids": [
      5476,
      5477,
      5478
    ],
    "target_coordinates": [],
    "relation_rowids": [
      21302
    ]
  },
  {
    "source_id": 3327,
    "source_local": 3,
    "source_degree": [
      15,
      142
    ],
    "factor_id": 72,
    "target_degree": [
      19,
      166
    ],
    "target_basis_ids": [
      5476,
      5477,
      5478
    ],
    "target_coordinates": [],
    "relation_rowids": [
      22603,
      30
    ]
  },
  {
    "source_id": 3328,
    "source_local": 4,
    "source_degree": [
      15,
      142
    ],
    "factor_id": 72,
    "target_degree": [
      19,
      166
    ],
    "target_basis_ids": [
      5476,
      5477,
      5478
    ],
    "target_coordinates": [],
    "relation_rowids": [
      40
    ]
  },
  {
    "source_id": 3489,
    "source_local": 0,
    "source_degree": [
      18,
      144
    ],
    "factor_id": 72,
    "target_degree": [
      22,
      168
    ],
    "target_basis_ids": [
      5693,
      5694,
      5695,
      5696,
      5697,
      5698
    ],
    "target_coordinates": [],
    "relation_rowids": [
      25463
    ]
  },
  {
    "source_id": 3490,
    "source_local": 1,
    "source_degree": [
      18,
      144
    ],
    "factor_id": 72,
    "target_degree": [
      22,
      168
    ],
    "target_basis_ids": [
      5693,
      5694,
      5695,
      5696,
      5697,
      5698
    ],
    "target_coordinates": [
      3
    ],
    "relation_rowids": [
      25466
    ]
  },
  {
    "source_id": 3491,
    "source_local": 2,
    "source_degree": [
      18,
      144
    ],
    "factor_id": 72,
    "target_degree": [
      22,
      168
    ],
    "target_basis_ids": [
      5693,
      5694,
      5695,
      5696,
      5697,
      5698
    ],
    "target_coordinates": [
      2
    ],
    "relation_rowids": []
  },
  {
    "source_id": 3492,
    "source_local": 3,
    "source_degree": [
      18,
      144
    ],
    "factor_id": 72,
    "target_degree": [
      22,
      168
    ],
    "target_basis_ids": [
      5693,
      5694,
      5695,
      5696,
      5697,
      5698
    ],
    "target_coordinates": [
      3
    ],
    "relation_rowids": []
  }
]
