Fact713CppCoordinateChoices/Data.lean:20:6: error: Type mismatch: After simplification, term
  hc
 has type
  @HomologyComparison 1 2 0 cpp237.h (matrixOf 1 2 old237.outgoing) (matrixOf 2 0 old237.incoming) cpp237.comparison
but is expected to have type
  @HomologyComparison 1 2 0 2 (matrixOf 1 2 old237.outgoing) (matrixOf 2 0 old237.incoming) cpp237.comparison
'Fact713CppCoordinateChoices.coordinates237' depends on axioms: [propext, sorryAx, Quot.sound]
Fact713CppCoordinateChoices/Data.lean:35:6: error: Type mismatch: After simplification, term
  hc
 has type
  @HomologyComparison 2 3 1 cpp240.h (matrixOf 2 3 old240.outgoing) (matrixOf 3 1 old240.incoming) cpp240.comparison
but is expected to have type
  @HomologyComparison 2 3 1 2 (matrixOf 2 3 old240.outgoing) (matrixOf 3 1 old240.incoming) cpp240.comparison
'Fact713CppCoordinateChoices.coordinates240' depends on axioms: [propext, sorryAx, Quot.sound]
Fact713CppCoordinateChoices/Data.lean:50:6: error: Type mismatch: After simplification, term
  hc
 has type
  @HomologyComparison 2 2 3 cpp249.h (matrixOf 2 2 old249.outgoing) (matrixOf 2 3 old249.incoming) cpp249.comparison
but is expected to have type
  @HomologyComparison 2 2 3 2 (matrixOf 2 2 old249.outgoing) (matrixOf 2 3 old249.incoming) cpp249.comparison
'Fact713CppCoordinateChoices.coordinates249' depends on axioms: [propext, sorryAx, Quot.sound]
Fact713CppCoordinateChoices/Data.lean:65:6: error: Type mismatch: After simplification, term
  hc
 has type
  @HomologyComparison 5 3 1 cpp250.h (matrixOf 5 3 old250.outgoing) (matrixOf 3 1 old250.incoming) cpp250.comparison
but is expected to have type
  @HomologyComparison 5 3 1 2 (matrixOf 5 3 old250.outgoing) (matrixOf 3 1 old250.incoming) cpp250.comparison
'Fact713CppCoordinateChoices.coordinates250' depends on axioms: [propext, sorryAx, Quot.sound]
Fact713CppCoordinateChoices/Data.lean:80:6: error: Type mismatch: After simplification, term
  hc
 has type
  @HomologyComparison 5 5 2 cpp251.h (matrixOf 5 5 old251.outgoing) (matrixOf 5 2 old251.incoming) cpp251.comparison
but is expected to have type
  @HomologyComparison 5 5 2 3 (matrixOf 5 5 old251.outgoing) (matrixOf 5 2 old251.incoming) cpp251.comparison
'Fact713CppCoordinateChoices.coordinates251' depends on axioms: [propext, sorryAx, Quot.sound]
Fact713CppCoordinateChoices/Data.lean:95:6: error: Type mismatch: After simplification, term
  hc
 has type
  @HomologyComparison 3 5 2 cpp255.h (matrixOf 3 5 old255.outgoing) (matrixOf 5 2 old255.incoming) cpp255.comparison
but is expected to have type
  @HomologyComparison 3 5 2 4 (matrixOf 3 5 old255.outgoing) (matrixOf 5 2 old255.incoming) cpp255.comparison
'Fact713CppCoordinateChoices.coordinates255' depends on axioms: [propext, sorryAx, Quot.sound]
Fact713CppCoordinateChoices/Data.lean:110:6: error: Type mismatch: After simplification, term
  hc
 has type
  @HomologyComparison 1 2 2 cpp258.h (matrixOf 1 2 old258.outgoing) (matrixOf 2 2 old258.incoming) cpp258.comparison
but is expected to have type
  @HomologyComparison 1 2 2 2 (matrixOf 1 2 old258.outgoing) (matrixOf 2 2 old258.incoming) cpp258.comparison
'Fact713CppCoordinateChoices.coordinates258' depends on axioms: [propext, sorryAx, Quot.sound]
Fact713CppCoordinateChoices/Data.lean:125:6: error: Type mismatch: After simplification, term
  hc
 has type
  @HomologyComparison 3 5 3 cpp259.h (matrixOf 3 5 old259.outgoing) (matrixOf 5 3 old259.incoming) cpp259.comparison
but is expected to have type
  @HomologyComparison 3 5 3 3 (matrixOf 3 5 old259.outgoing) (matrixOf 5 3 old259.incoming) cpp259.comparison
'Fact713CppCoordinateChoices.coordinates259' depends on axioms: [propext, sorryAx, Quot.sound]
Fact713CppCoordinateChoices/Data.lean:140:6: error: Type mismatch: After simplification, term
  hc
 has type
  @HomologyComparison 4 5 6 cpp261.h (matrixOf 4 5 old261.outgoing) (matrixOf 5 6 old261.incoming) cpp261.comparison
but is expected to have type
  @HomologyComparison 4 5 6 4 (matrixOf 4 5 old261.outgoing) (matrixOf 5 6 old261.incoming) cpp261.comparison
'Fact713CppCoordinateChoices.coordinates261' depends on axioms: [propext, sorryAx, Quot.sound]
Fact713CppCoordinateChoices/Data.lean:155:6: error: Type mismatch: After simplification, term
  hc
 has type
  @HomologyComparison 2 5 1 cpp262.h (matrixOf 2 5 old262.outgoing) (matrixOf 5 1 old262.incoming) cpp262.comparison
but is expected to have type
  @HomologyComparison 2 5 1 3 (matrixOf 2 5 old262.outgoing) (matrixOf 5 1 old262.incoming) cpp262.comparison
'Fact713CppCoordinateChoices.coordinates262' depends on axioms: [propext, sorryAx, Quot.sound]
Fact713CppCoordinateChoices/Data.lean:170:6: error: Type mismatch: After simplification, term
  hc
 has type
  @HomologyComparison 1 3 3 cpp264.h (matrixOf 1 3 old264.outgoing) (matrixOf 3 3 old264.incoming) cpp264.comparison
but is expected to have type
  @HomologyComparison 1 3 3 2 (matrixOf 1 3 old264.outgoing) (matrixOf 3 3 old264.incoming) cpp264.comparison
'Fact713CppCoordinateChoices.coordinates264' depends on axioms: [propext, sorryAx, Quot.sound]
Fact713CppCoordinateChoices/Data.lean:185:6: error: Type mismatch: After simplification, term
  hc
 has type
  @HomologyComparison 1 3 5 cpp265.h (matrixOf 1 3 old265.outgoing) (matrixOf 3 5 old265.incoming) cpp265.comparison
but is expected to have type
  @HomologyComparison 1 3 5 3 (matrixOf 1 3 old265.outgoing) (matrixOf 3 5 old265.incoming) cpp265.comparison
'Fact713CppCoordinateChoices.coordinates265' depends on axioms: [propext, sorryAx, Quot.sound]
Fact713CppCoordinateChoices/Data.lean:200:6: error: Type mismatch: After simplification, term
  hc
 has type
  @HomologyComparison 5 5 5 cpp267.h (matrixOf 5 5 old267.outgoing) (matrixOf 5 5 old267.incoming) cpp267.comparison
but is expected to have type
  @HomologyComparison 5 5 5 2 (matrixOf 5 5 old267.outgoing) (matrixOf 5 5 old267.incoming) cpp267.comparison
'Fact713CppCoordinateChoices.coordinates267' depends on axioms: [propext, sorryAx, Quot.sound]
Fact713CppCoordinateChoices/Data.lean:215:6: error: Type mismatch: After simplification, term
  hc
 has type
  @HomologyComparison 2 3 5 cpp270.h (matrixOf 2 3 old270.outgoing) (matrixOf 3 5 old270.incoming) cpp270.comparison
but is expected to have type
  @HomologyComparison 2 3 5 2 (matrixOf 2 3 old270.outgoing) (matrixOf 3 5 old270.incoming) cpp270.comparison
'Fact713CppCoordinateChoices.coordinates270' depends on axioms: [propext, sorryAx, Quot.sound]
Fact713CppCoordinateChoices/Data.lean:230:6: error: Type mismatch: After simplification, term
  hc
 has type
  @HomologyComparison 2 3 5 cpp271.h (matrixOf 2 3 old271.outgoing) (matrixOf 3 5 old271.incoming) cpp271.comparison
but is expected to have type
  @HomologyComparison 2 3 5 2 (matrixOf 2 3 old271.outgoing) (matrixOf 3 5 old271.incoming) cpp271.comparison
'Fact713CppCoordinateChoices.coordinates271' depends on axioms: [propext, sorryAx, Quot.sound]
Fact713CppCoordinateChoices/Data.lean:245:6: error: Type mismatch: After simplification, term
  hc
 has type
  @HomologyComparison 4 5 6 cpp273.h (matrixOf 4 5 old273.outgoing) (matrixOf 5 6 old273.incoming) cpp273.comparison
but is expected to have type
  @HomologyComparison 4 5 6 3 (matrixOf 4 5 old273.outgoing) (matrixOf 5 6 old273.incoming) cpp273.comparison
'Fact713CppCoordinateChoices.coordinates273' depends on axioms: [propext, sorryAx, Quot.sound]
Fact713CppCoordinateChoices/Data.lean:260:6: error: Type mismatch: After simplification, term
  hc
 has type
  @HomologyComparison 3 3 5 cpp277.h (matrixOf 3 3 old277.outgoing) (matrixOf 3 5 old277.incoming) cpp277.comparison
but is expected to have type
  @HomologyComparison 3 3 5 2 (matrixOf 3 3 old277.outgoing) (matrixOf 3 5 old277.incoming) cpp277.comparison
'Fact713CppCoordinateChoices.coordinates277' depends on axioms: [propext, sorryAx, Quot.sound]
Fact713CppCoordinateChoices/Data.lean:275:6: error: Type mismatch: After simplification, term
  hc
 has type
  @HomologyComparison 3 2 3 cpp281.h (matrixOf 3 2 old281.outgoing) (matrixOf 2 3 old281.incoming) cpp281.comparison
but is expected to have type
  @HomologyComparison 3 2 3 2 (matrixOf 3 2 old281.outgoing) (matrixOf 2 3 old281.incoming) cpp281.comparison
'Fact713CppCoordinateChoices.coordinates281' depends on axioms: [propext, sorryAx, Quot.sound]
Fact713CppCoordinateChoices/Data.lean:290:6: error: Type mismatch: After simplification, term
  hc
 has type
  @HomologyComparison 3 3 1 cpp286.h (matrixOf 3 3 old286.outgoing) (matrixOf 3 1 old286.incoming) cpp286.comparison
but is expected to have type
  @HomologyComparison 3 3 1 2 (matrixOf 3 3 old286.outgoing) (matrixOf 3 1 old286.incoming) cpp286.comparison
'Fact713CppCoordinateChoices.coordinates286' depends on axioms: [propext, sorryAx, Quot.sound]
Fact713CppCoordinateChoices/Data.lean:305:6: error: Type mismatch: After simplification, term
  hc
 has type
  @HomologyComparison 3 3 3 cpp287.h (matrixOf 3 3 old287.outgoing) (matrixOf 3 3 old287.incoming) cpp287.comparison
but is expected to have type
  @HomologyComparison 3 3 3 3 (matrixOf 3 3 old287.outgoing) (matrixOf 3 3 old287.incoming) cpp287.comparison
'Fact713CppCoordinateChoices.coordinates287' depends on axioms: [propext, sorryAx, Quot.sound]
Fact713CppCoordinateChoices/Data.lean:320:6: error: Type mismatch: After simplification, term
  hc
 has type
  @HomologyComparison 3 5 3 cpp289.h (matrixOf 3 5 old289.outgoing) (matrixOf 5 3 old289.incoming) cpp289.comparison
but is expected to have type
  @HomologyComparison 3 5 3 3 (matrixOf 3 5 old289.outgoing) (matrixOf 5 3 old289.incoming) cpp289.comparison
'Fact713CppCoordinateChoices.coordinates289' depends on axioms: [propext, sorryAx, Quot.sound]
Fact713CppCoordinateChoices/Data.lean:335:6: error: Type mismatch: After simplification, term
  hc
 has type
  @HomologyComparison 3 3 2 cpp290.h (matrixOf 3 3 old290.outgoing) (matrixOf 3 2 old290.incoming) cpp290.comparison
but is expected to have type
  @HomologyComparison 3 3 2 2 (matrixOf 3 3 old290.outgoing) (matrixOf 3 2 old290.incoming) cpp290.comparison
'Fact713CppCoordinateChoices.coordinates290' depends on axioms: [propext, sorryAx, Quot.sound]
Fact713CppCoordinateChoices/Data.lean:350:6: error: Type mismatch: After simplification, term
  hc
 has type
  @HomologyComparison 1 2 3 cpp292.h (matrixOf 1 2 old292.outgoing) (matrixOf 2 3 old292.incoming) cpp292.comparison
but is expected to have type
  @HomologyComparison 1 2 3 2 (matrixOf 1 2 old292.outgoing) (matrixOf 2 3 old292.incoming) cpp292.comparison
'Fact713CppCoordinateChoices.coordinates292' depends on axioms: [propext, sorryAx, Quot.sound]
Fact713CppCoordinateChoices/Data.lean:365:6: error: Type mismatch: After simplification, term
  hc
 has type
  @HomologyComparison 2 3 3 cpp297.h (matrixOf 2 3 old297.outgoing) (matrixOf 3 3 old297.incoming) cpp297.comparison
but is expected to have type
  @HomologyComparison 2 3 3 3 (matrixOf 2 3 old297.outgoing) (matrixOf 3 3 old297.incoming) cpp297.comparison
'Fact713CppCoordinateChoices.coordinates297' depends on axioms: [propext, sorryAx, Quot.sound]
Fact713CppCoordinateChoices/Data.lean:380:6: error: Type mismatch: After simplification, term
  hc
 has type
  @HomologyComparison 2 4 4 cpp303.h (matrixOf 2 4 old303.outgoing) (matrixOf 4 4 old303.incoming) cpp303.comparison
but is expected to have type
  @HomologyComparison 2 4 4 2 (matrixOf 2 4 old303.outgoing) (matrixOf 4 4 old303.incoming) cpp303.comparison
'Fact713CppCoordinateChoices.coordinates303' depends on axioms: [propext, sorryAx, Quot.sound]
Fact713CppCoordinateChoices/Data.lean:395:6: error: Type mismatch: After simplification, term
  hc
 has type
  @HomologyComparison 3 3 3 cpp305.h (matrixOf 3 3 old305.outgoing) (matrixOf 3 3 old305.incoming) cpp305.comparison
but is expected to have type
  @HomologyComparison 3 3 3 2 (matrixOf 3 3 old305.outgoing) (matrixOf 3 3 old305.incoming) cpp305.comparison
'Fact713CppCoordinateChoices.coordinates305' depends on axioms: [propext, sorryAx, Quot.sound]
Fact713CppCoordinateChoices/Data.lean:410:6: error: Type mismatch: After simplification, term
  hc
 has type
  @HomologyComparison 3 3 3 cpp310.h (matrixOf 3 3 old310.outgoing) (matrixOf 3 3 old310.incoming) cpp310.comparison
but is expected to have type
  @HomologyComparison 3 3 3 2 (matrixOf 3 3 old310.outgoing) (matrixOf 3 3 old310.incoming) cpp310.comparison
'Fact713CppCoordinateChoices.coordinates310' depends on axioms: [propext, sorryAx, Quot.sound]
Fact713CppCoordinateChoices/Data.lean:425:6: error: Type mismatch: After simplification, term
  hc
 has type
  @HomologyComparison 2 4 1 cpp311.h (matrixOf 2 4 old311.outgoing) (matrixOf 4 1 old311.incoming) cpp311.comparison
but is expected to have type
  @HomologyComparison 2 4 1 3 (matrixOf 2 4 old311.outgoing) (matrixOf 4 1 old311.incoming) cpp311.comparison
'Fact713CppCoordinateChoices.coordinates311' depends on axioms: [propext, sorryAx, Quot.sound]
Fact713CppCoordinateChoices/Data.lean:440:6: error: Type mismatch: After simplification, term
  hc
 has type
  @HomologyComparison 2 3 3 cpp316.h (matrixOf 2 3 old316.outgoing) (matrixOf 3 3 old316.incoming) cpp316.comparison
but is expected to have type
  @HomologyComparison 2 3 3 2 (matrixOf 2 3 old316.outgoing) (matrixOf 3 3 old316.incoming) cpp316.comparison
'Fact713CppCoordinateChoices.coordinates316' depends on axioms: [propext, sorryAx, Quot.sound]
Fact713CppCoordinateChoices/Data.lean:455:6: error: Type mismatch: After simplification, term
  hc
 has type
  @HomologyComparison 2 3 1 cpp319.h (matrixOf 2 3 old319.outgoing) (matrixOf 3 1 old319.incoming) cpp319.comparison
but is expected to have type
  @HomologyComparison 2 3 1 2 (matrixOf 2 3 old319.outgoing) (matrixOf 3 1 old319.incoming) cpp319.comparison
'Fact713CppCoordinateChoices.coordinates319' depends on axioms: [propext, sorryAx, Quot.sound]
Fact713CppCoordinateChoices/Data.lean:470:6: error: Type mismatch: After simplification, term
  hc
 has type
  @HomologyComparison 1 4 2 cpp324.h (matrixOf 1 4 old324.outgoing) (matrixOf 4 2 old324.incoming) cpp324.comparison
but is expected to have type
  @HomologyComparison 1 4 2 2 (matrixOf 1 4 old324.outgoing) (matrixOf 4 2 old324.incoming) cpp324.comparison
'Fact713CppCoordinateChoices.coordinates324' depends on axioms: [propext, sorryAx, Quot.sound]
Fact713CppCoordinateChoices/Data.lean:485:6: error: Type mismatch: After simplification, term
  hc
 has type
  @HomologyComparison 0 3 2 cpp328.h (matrixOf 0 3 old328.outgoing) (matrixOf 3 2 old328.incoming) cpp328.comparison
but is expected to have type
  @HomologyComparison 0 3 2 2 (matrixOf 0 3 old328.outgoing) (matrixOf 3 2 old328.incoming) cpp328.comparison
'Fact713CppCoordinateChoices.coordinates328' depends on axioms: [propext, sorryAx, Quot.sound]
Fact713CppCoordinateChoices/Data.lean:500:6: error: Type mismatch: After simplification, term
  hc
 has type
  @HomologyComparison 0 3 2 cpp343.h (matrixOf 0 3 old343.outgoing) (matrixOf 3 2 old343.incoming) cpp343.comparison
but is expected to have type
  @HomologyComparison 0 3 2 2 (matrixOf 0 3 old343.outgoing) (matrixOf 3 2 old343.incoming) cpp343.comparison
'Fact713CppCoordinateChoices.coordinates343' depends on axioms: [propext, sorryAx, Quot.sound]
Fact713CppCoordinateChoices/Data.lean:515:6: error: Type mismatch: After simplification, term
  hc
 has type
  @HomologyComparison 1 4 3 cpp346.h (matrixOf 1 4 old346.outgoing) (matrixOf 4 3 old346.incoming) cpp346.comparison
but is expected to have type
  @HomologyComparison 1 4 3 1 (matrixOf 1 4 old346.outgoing) (matrixOf 4 3 old346.incoming) cpp346.comparison
'Fact713CppCoordinateChoices.coordinates346' depends on axioms: [propext, sorryAx, Quot.sound]
Fact713CppCoordinateChoices/Data.lean:530:6: error: Type mismatch: After simplification, term
  hc
 has type
  @HomologyComparison 1 3 2 cpp347.h (matrixOf 1 3 old347.outgoing) (matrixOf 3 2 old347.incoming) cpp347.comparison
but is expected to have type
  @HomologyComparison 1 3 2 1 (matrixOf 1 3 old347.outgoing) (matrixOf 3 2 old347.incoming) cpp347.comparison
'Fact713CppCoordinateChoices.coordinates347' depends on axioms: [propext, sorryAx, Quot.sound]
Fact713CppCoordinateChoices/Data.lean:545:6: error: Type mismatch: After simplification, term
  hc
 has type
  @HomologyComparison 1 2 2 cpp372.h (matrixOf 1 2 old372.outgoing) (matrixOf 2 2 old372.incoming) cpp372.comparison
but is expected to have type
  @HomologyComparison 1 2 2 1 (matrixOf 1 2 old372.outgoing) (matrixOf 2 2 old372.incoming) cpp372.comparison
'Fact713CppCoordinateChoices.coordinates372' depends on axioms: [propext, sorryAx, Quot.sound]
Fact713CppCoordinateChoices/Data.lean:560:6: error: Type mismatch: After simplification, term
  hc
 has type
  @HomologyComparison 1 2 2 cpp385.h (matrixOf 1 2 old385.outgoing) (matrixOf 2 2 old385.incoming) cpp385.comparison
but is expected to have type
  @HomologyComparison 1 2 2 1 (matrixOf 1 2 old385.outgoing) (matrixOf 2 2 old385.incoming) cpp385.comparison
'Fact713CppCoordinateChoices.coordinates385' depends on axioms: [propext, sorryAx, Quot.sound]
Fact713CppCoordinateChoices/Data.lean:575:6: error: Type mismatch: After simplification, term
  hc
 has type
  @HomologyComparison 0 3 1 cpp396.h (matrixOf 0 3 old396.outgoing) (matrixOf 3 1 old396.incoming) cpp396.comparison
but is expected to have type
  @HomologyComparison 0 3 1 2 (matrixOf 0 3 old396.outgoing) (matrixOf 3 1 old396.incoming) cpp396.comparison
'Fact713CppCoordinateChoices.coordinates396' depends on axioms: [propext, sorryAx, Quot.sound]
Fact713CppCoordinateChoices/Data.lean:590:6: error: Type mismatch: After simplification, term
  hc
 has type
  @HomologyComparison 0 2 1 cpp414.h (matrixOf 0 2 old414.outgoing) (matrixOf 2 1 old414.incoming) cpp414.comparison
but is expected to have type
  @HomologyComparison 0 2 1 2 (matrixOf 0 2 old414.outgoing) (matrixOf 2 1 old414.incoming) cpp414.comparison
'Fact713CppCoordinateChoices.coordinates414' depends on axioms: [propext, sorryAx, Quot.sound]
