Fact713CppCoordinateChoices/Data.lean:18:6: error: Type mismatch: After simplification, term
  hc
 has type
  @HomologyComparison cpp237.k cpp237.m cpp237.n cpp237.h (matrixOf cpp237.k cpp237.m old237.outgoing)
    (matrixOf cpp237.m cpp237.n old237.incoming) cpp237.comparison
but is expected to have type
  @HomologyComparison 1 2 0 2 (matrixOf 1 2 old237.outgoing) (matrixOf 2 0 old237.incoming) cpp237.comparison
'Fact713CppCoordinateChoices.coordinates237' depends on axioms: [propext, sorryAx, Quot.sound]
Fact713CppCoordinateChoices/Data.lean:31:6: error: Type mismatch: After simplification, term
  hc
 has type
  @HomologyComparison cpp240.k cpp240.m cpp240.n cpp240.h (matrixOf cpp240.k cpp240.m old240.outgoing)
    (matrixOf cpp240.m cpp240.n old240.incoming) cpp240.comparison
but is expected to have type
  @HomologyComparison 2 3 1 2 (matrixOf 2 3 old240.outgoing) (matrixOf 3 1 old240.incoming) cpp240.comparison
'Fact713CppCoordinateChoices.coordinates240' depends on axioms: [propext, sorryAx, Quot.sound]
Fact713CppCoordinateChoices/Data.lean:44:6: error: Type mismatch: After simplification, term
  hc
 has type
  @HomologyComparison cpp249.k cpp249.m cpp249.n cpp249.h (matrixOf cpp249.k cpp249.m old249.outgoing)
    (matrixOf cpp249.m cpp249.n old249.incoming) cpp249.comparison
but is expected to have type
  @HomologyComparison 2 2 3 2 (matrixOf 2 2 old249.outgoing) (matrixOf 2 3 old249.incoming) cpp249.comparison
'Fact713CppCoordinateChoices.coordinates249' depends on axioms: [propext, sorryAx, Quot.sound]
Fact713CppCoordinateChoices/Data.lean:57:6: error: Type mismatch: After simplification, term
  hc
 has type
  @HomologyComparison cpp250.k cpp250.m cpp250.n cpp250.h (matrixOf cpp250.k cpp250.m old250.outgoing)
    (matrixOf cpp250.m cpp250.n old250.incoming) cpp250.comparison
but is expected to have type
  @HomologyComparison 5 3 1 2 (matrixOf 5 3 old250.outgoing) (matrixOf 3 1 old250.incoming) cpp250.comparison
'Fact713CppCoordinateChoices.coordinates250' depends on axioms: [propext, sorryAx, Quot.sound]
Fact713CppCoordinateChoices/Data.lean:70:6: error: Type mismatch: After simplification, term
  hc
 has type
  @HomologyComparison cpp251.k cpp251.m cpp251.n cpp251.h (matrixOf cpp251.k cpp251.m old251.outgoing)
    (matrixOf cpp251.m cpp251.n old251.incoming) cpp251.comparison
but is expected to have type
  @HomologyComparison 5 5 2 3 (matrixOf 5 5 old251.outgoing) (matrixOf 5 2 old251.incoming) cpp251.comparison
'Fact713CppCoordinateChoices.coordinates251' depends on axioms: [propext, sorryAx, Quot.sound]
Fact713CppCoordinateChoices/Data.lean:83:6: error: Type mismatch: After simplification, term
  hc
 has type
  @HomologyComparison cpp255.k cpp255.m cpp255.n cpp255.h (matrixOf cpp255.k cpp255.m old255.outgoing)
    (matrixOf cpp255.m cpp255.n old255.incoming) cpp255.comparison
but is expected to have type
  @HomologyComparison 3 5 2 4 (matrixOf 3 5 old255.outgoing) (matrixOf 5 2 old255.incoming) cpp255.comparison
'Fact713CppCoordinateChoices.coordinates255' depends on axioms: [propext, sorryAx, Quot.sound]
Fact713CppCoordinateChoices/Data.lean:96:6: error: Type mismatch: After simplification, term
  hc
 has type
  @HomologyComparison cpp258.k cpp258.m cpp258.n cpp258.h (matrixOf cpp258.k cpp258.m old258.outgoing)
    (matrixOf cpp258.m cpp258.n old258.incoming) cpp258.comparison
but is expected to have type
  @HomologyComparison 1 2 2 2 (matrixOf 1 2 old258.outgoing) (matrixOf 2 2 old258.incoming) cpp258.comparison
'Fact713CppCoordinateChoices.coordinates258' depends on axioms: [propext, sorryAx, Quot.sound]
Fact713CppCoordinateChoices/Data.lean:109:6: error: Type mismatch: After simplification, term
  hc
 has type
  @HomologyComparison cpp259.k cpp259.m cpp259.n cpp259.h (matrixOf cpp259.k cpp259.m old259.outgoing)
    (matrixOf cpp259.m cpp259.n old259.incoming) cpp259.comparison
but is expected to have type
  @HomologyComparison 3 5 3 3 (matrixOf 3 5 old259.outgoing) (matrixOf 5 3 old259.incoming) cpp259.comparison
'Fact713CppCoordinateChoices.coordinates259' depends on axioms: [propext, sorryAx, Quot.sound]
Fact713CppCoordinateChoices/Data.lean:122:6: error: Type mismatch: After simplification, term
  hc
 has type
  @HomologyComparison cpp261.k cpp261.m cpp261.n cpp261.h (matrixOf cpp261.k cpp261.m old261.outgoing)
    (matrixOf cpp261.m cpp261.n old261.incoming) cpp261.comparison
but is expected to have type
  @HomologyComparison 4 5 6 4 (matrixOf 4 5 old261.outgoing) (matrixOf 5 6 old261.incoming) cpp261.comparison
'Fact713CppCoordinateChoices.coordinates261' depends on axioms: [propext, sorryAx, Quot.sound]
Fact713CppCoordinateChoices/Data.lean:135:6: error: Type mismatch: After simplification, term
  hc
 has type
  @HomologyComparison cpp262.k cpp262.m cpp262.n cpp262.h (matrixOf cpp262.k cpp262.m old262.outgoing)
    (matrixOf cpp262.m cpp262.n old262.incoming) cpp262.comparison
but is expected to have type
  @HomologyComparison 2 5 1 3 (matrixOf 2 5 old262.outgoing) (matrixOf 5 1 old262.incoming) cpp262.comparison
'Fact713CppCoordinateChoices.coordinates262' depends on axioms: [propext, sorryAx, Quot.sound]
Fact713CppCoordinateChoices/Data.lean:148:6: error: Type mismatch: After simplification, term
  hc
 has type
  @HomologyComparison cpp264.k cpp264.m cpp264.n cpp264.h (matrixOf cpp264.k cpp264.m old264.outgoing)
    (matrixOf cpp264.m cpp264.n old264.incoming) cpp264.comparison
but is expected to have type
  @HomologyComparison 1 3 3 2 (matrixOf 1 3 old264.outgoing) (matrixOf 3 3 old264.incoming) cpp264.comparison
'Fact713CppCoordinateChoices.coordinates264' depends on axioms: [propext, sorryAx, Quot.sound]
Fact713CppCoordinateChoices/Data.lean:161:6: error: Type mismatch: After simplification, term
  hc
 has type
  @HomologyComparison cpp265.k cpp265.m cpp265.n cpp265.h (matrixOf cpp265.k cpp265.m old265.outgoing)
    (matrixOf cpp265.m cpp265.n old265.incoming) cpp265.comparison
but is expected to have type
  @HomologyComparison 1 3 5 3 (matrixOf 1 3 old265.outgoing) (matrixOf 3 5 old265.incoming) cpp265.comparison
'Fact713CppCoordinateChoices.coordinates265' depends on axioms: [propext, sorryAx, Quot.sound]
Fact713CppCoordinateChoices/Data.lean:174:6: error: Type mismatch: After simplification, term
  hc
 has type
  @HomologyComparison cpp267.k cpp267.m cpp267.n cpp267.h (matrixOf cpp267.k cpp267.m old267.outgoing)
    (matrixOf cpp267.m cpp267.n old267.incoming) cpp267.comparison
but is expected to have type
  @HomologyComparison 5 5 5 2 (matrixOf 5 5 old267.outgoing) (matrixOf 5 5 old267.incoming) cpp267.comparison
'Fact713CppCoordinateChoices.coordinates267' depends on axioms: [propext, sorryAx, Quot.sound]
Fact713CppCoordinateChoices/Data.lean:187:6: error: Type mismatch: After simplification, term
  hc
 has type
  @HomologyComparison cpp270.k cpp270.m cpp270.n cpp270.h (matrixOf cpp270.k cpp270.m old270.outgoing)
    (matrixOf cpp270.m cpp270.n old270.incoming) cpp270.comparison
but is expected to have type
  @HomologyComparison 2 3 5 2 (matrixOf 2 3 old270.outgoing) (matrixOf 3 5 old270.incoming) cpp270.comparison
'Fact713CppCoordinateChoices.coordinates270' depends on axioms: [propext, sorryAx, Quot.sound]
Fact713CppCoordinateChoices/Data.lean:200:6: error: Type mismatch: After simplification, term
  hc
 has type
  @HomologyComparison cpp271.k cpp271.m cpp271.n cpp271.h (matrixOf cpp271.k cpp271.m old271.outgoing)
    (matrixOf cpp271.m cpp271.n old271.incoming) cpp271.comparison
but is expected to have type
  @HomologyComparison 2 3 5 2 (matrixOf 2 3 old271.outgoing) (matrixOf 3 5 old271.incoming) cpp271.comparison
'Fact713CppCoordinateChoices.coordinates271' depends on axioms: [propext, sorryAx, Quot.sound]
Fact713CppCoordinateChoices/Data.lean:213:6: error: Type mismatch: After simplification, term
  hc
 has type
  @HomologyComparison cpp273.k cpp273.m cpp273.n cpp273.h (matrixOf cpp273.k cpp273.m old273.outgoing)
    (matrixOf cpp273.m cpp273.n old273.incoming) cpp273.comparison
but is expected to have type
  @HomologyComparison 4 5 6 3 (matrixOf 4 5 old273.outgoing) (matrixOf 5 6 old273.incoming) cpp273.comparison
'Fact713CppCoordinateChoices.coordinates273' depends on axioms: [propext, sorryAx, Quot.sound]
Fact713CppCoordinateChoices/Data.lean:226:6: error: Type mismatch: After simplification, term
  hc
 has type
  @HomologyComparison cpp277.k cpp277.m cpp277.n cpp277.h (matrixOf cpp277.k cpp277.m old277.outgoing)
    (matrixOf cpp277.m cpp277.n old277.incoming) cpp277.comparison
but is expected to have type
  @HomologyComparison 3 3 5 2 (matrixOf 3 3 old277.outgoing) (matrixOf 3 5 old277.incoming) cpp277.comparison
'Fact713CppCoordinateChoices.coordinates277' depends on axioms: [propext, sorryAx, Quot.sound]
Fact713CppCoordinateChoices/Data.lean:239:6: error: Type mismatch: After simplification, term
  hc
 has type
  @HomologyComparison cpp281.k cpp281.m cpp281.n cpp281.h (matrixOf cpp281.k cpp281.m old281.outgoing)
    (matrixOf cpp281.m cpp281.n old281.incoming) cpp281.comparison
but is expected to have type
  @HomologyComparison 3 2 3 2 (matrixOf 3 2 old281.outgoing) (matrixOf 2 3 old281.incoming) cpp281.comparison
'Fact713CppCoordinateChoices.coordinates281' depends on axioms: [propext, sorryAx, Quot.sound]
Fact713CppCoordinateChoices/Data.lean:252:6: error: Type mismatch: After simplification, term
  hc
 has type
  @HomologyComparison cpp286.k cpp286.m cpp286.n cpp286.h (matrixOf cpp286.k cpp286.m old286.outgoing)
    (matrixOf cpp286.m cpp286.n old286.incoming) cpp286.comparison
but is expected to have type
  @HomologyComparison 3 3 1 2 (matrixOf 3 3 old286.outgoing) (matrixOf 3 1 old286.incoming) cpp286.comparison
'Fact713CppCoordinateChoices.coordinates286' depends on axioms: [propext, sorryAx, Quot.sound]
Fact713CppCoordinateChoices/Data.lean:265:6: error: Type mismatch: After simplification, term
  hc
 has type
  @HomologyComparison cpp287.k cpp287.m cpp287.n cpp287.h (matrixOf cpp287.k cpp287.m old287.outgoing)
    (matrixOf cpp287.m cpp287.n old287.incoming) cpp287.comparison
but is expected to have type
  @HomologyComparison 3 3 3 3 (matrixOf 3 3 old287.outgoing) (matrixOf 3 3 old287.incoming) cpp287.comparison
'Fact713CppCoordinateChoices.coordinates287' depends on axioms: [propext, sorryAx, Quot.sound]
Fact713CppCoordinateChoices/Data.lean:278:6: error: Type mismatch: After simplification, term
  hc
 has type
  @HomologyComparison cpp289.k cpp289.m cpp289.n cpp289.h (matrixOf cpp289.k cpp289.m old289.outgoing)
    (matrixOf cpp289.m cpp289.n old289.incoming) cpp289.comparison
but is expected to have type
  @HomologyComparison 3 5 3 3 (matrixOf 3 5 old289.outgoing) (matrixOf 5 3 old289.incoming) cpp289.comparison
'Fact713CppCoordinateChoices.coordinates289' depends on axioms: [propext, sorryAx, Quot.sound]
Fact713CppCoordinateChoices/Data.lean:291:6: error: Type mismatch: After simplification, term
  hc
 has type
  @HomologyComparison cpp290.k cpp290.m cpp290.n cpp290.h (matrixOf cpp290.k cpp290.m old290.outgoing)
    (matrixOf cpp290.m cpp290.n old290.incoming) cpp290.comparison
but is expected to have type
  @HomologyComparison 3 3 2 2 (matrixOf 3 3 old290.outgoing) (matrixOf 3 2 old290.incoming) cpp290.comparison
'Fact713CppCoordinateChoices.coordinates290' depends on axioms: [propext, sorryAx, Quot.sound]
Fact713CppCoordinateChoices/Data.lean:304:6: error: Type mismatch: After simplification, term
  hc
 has type
  @HomologyComparison cpp292.k cpp292.m cpp292.n cpp292.h (matrixOf cpp292.k cpp292.m old292.outgoing)
    (matrixOf cpp292.m cpp292.n old292.incoming) cpp292.comparison
but is expected to have type
  @HomologyComparison 1 2 3 2 (matrixOf 1 2 old292.outgoing) (matrixOf 2 3 old292.incoming) cpp292.comparison
'Fact713CppCoordinateChoices.coordinates292' depends on axioms: [propext, sorryAx, Quot.sound]
Fact713CppCoordinateChoices/Data.lean:317:6: error: Type mismatch: After simplification, term
  hc
 has type
  @HomologyComparison cpp297.k cpp297.m cpp297.n cpp297.h (matrixOf cpp297.k cpp297.m old297.outgoing)
    (matrixOf cpp297.m cpp297.n old297.incoming) cpp297.comparison
but is expected to have type
  @HomologyComparison 2 3 3 3 (matrixOf 2 3 old297.outgoing) (matrixOf 3 3 old297.incoming) cpp297.comparison
'Fact713CppCoordinateChoices.coordinates297' depends on axioms: [propext, sorryAx, Quot.sound]
Fact713CppCoordinateChoices/Data.lean:330:6: error: Type mismatch: After simplification, term
  hc
 has type
  @HomologyComparison cpp303.k cpp303.m cpp303.n cpp303.h (matrixOf cpp303.k cpp303.m old303.outgoing)
    (matrixOf cpp303.m cpp303.n old303.incoming) cpp303.comparison
but is expected to have type
  @HomologyComparison 2 4 4 2 (matrixOf 2 4 old303.outgoing) (matrixOf 4 4 old303.incoming) cpp303.comparison
'Fact713CppCoordinateChoices.coordinates303' depends on axioms: [propext, sorryAx, Quot.sound]
Fact713CppCoordinateChoices/Data.lean:343:6: error: Type mismatch: After simplification, term
  hc
 has type
  @HomologyComparison cpp305.k cpp305.m cpp305.n cpp305.h (matrixOf cpp305.k cpp305.m old305.outgoing)
    (matrixOf cpp305.m cpp305.n old305.incoming) cpp305.comparison
but is expected to have type
  @HomologyComparison 3 3 3 2 (matrixOf 3 3 old305.outgoing) (matrixOf 3 3 old305.incoming) cpp305.comparison
'Fact713CppCoordinateChoices.coordinates305' depends on axioms: [propext, sorryAx, Quot.sound]
Fact713CppCoordinateChoices/Data.lean:356:6: error: Type mismatch: After simplification, term
  hc
 has type
  @HomologyComparison cpp310.k cpp310.m cpp310.n cpp310.h (matrixOf cpp310.k cpp310.m old310.outgoing)
    (matrixOf cpp310.m cpp310.n old310.incoming) cpp310.comparison
but is expected to have type
  @HomologyComparison 3 3 3 2 (matrixOf 3 3 old310.outgoing) (matrixOf 3 3 old310.incoming) cpp310.comparison
'Fact713CppCoordinateChoices.coordinates310' depends on axioms: [propext, sorryAx, Quot.sound]
Fact713CppCoordinateChoices/Data.lean:369:6: error: Type mismatch: After simplification, term
  hc
 has type
  @HomologyComparison cpp311.k cpp311.m cpp311.n cpp311.h (matrixOf cpp311.k cpp311.m old311.outgoing)
    (matrixOf cpp311.m cpp311.n old311.incoming) cpp311.comparison
but is expected to have type
  @HomologyComparison 2 4 1 3 (matrixOf 2 4 old311.outgoing) (matrixOf 4 1 old311.incoming) cpp311.comparison
'Fact713CppCoordinateChoices.coordinates311' depends on axioms: [propext, sorryAx, Quot.sound]
Fact713CppCoordinateChoices/Data.lean:382:6: error: Type mismatch: After simplification, term
  hc
 has type
  @HomologyComparison cpp316.k cpp316.m cpp316.n cpp316.h (matrixOf cpp316.k cpp316.m old316.outgoing)
    (matrixOf cpp316.m cpp316.n old316.incoming) cpp316.comparison
but is expected to have type
  @HomologyComparison 2 3 3 2 (matrixOf 2 3 old316.outgoing) (matrixOf 3 3 old316.incoming) cpp316.comparison
'Fact713CppCoordinateChoices.coordinates316' depends on axioms: [propext, sorryAx, Quot.sound]
Fact713CppCoordinateChoices/Data.lean:395:6: error: Type mismatch: After simplification, term
  hc
 has type
  @HomologyComparison cpp319.k cpp319.m cpp319.n cpp319.h (matrixOf cpp319.k cpp319.m old319.outgoing)
    (matrixOf cpp319.m cpp319.n old319.incoming) cpp319.comparison
but is expected to have type
  @HomologyComparison 2 3 1 2 (matrixOf 2 3 old319.outgoing) (matrixOf 3 1 old319.incoming) cpp319.comparison
'Fact713CppCoordinateChoices.coordinates319' depends on axioms: [propext, sorryAx, Quot.sound]
Fact713CppCoordinateChoices/Data.lean:408:6: error: Type mismatch: After simplification, term
  hc
 has type
  @HomologyComparison cpp324.k cpp324.m cpp324.n cpp324.h (matrixOf cpp324.k cpp324.m old324.outgoing)
    (matrixOf cpp324.m cpp324.n old324.incoming) cpp324.comparison
but is expected to have type
  @HomologyComparison 1 4 2 2 (matrixOf 1 4 old324.outgoing) (matrixOf 4 2 old324.incoming) cpp324.comparison
'Fact713CppCoordinateChoices.coordinates324' depends on axioms: [propext, sorryAx, Quot.sound]
Fact713CppCoordinateChoices/Data.lean:421:6: error: Type mismatch: After simplification, term
  hc
 has type
  @HomologyComparison cpp328.k cpp328.m cpp328.n cpp328.h (matrixOf cpp328.k cpp328.m old328.outgoing)
    (matrixOf cpp328.m cpp328.n old328.incoming) cpp328.comparison
but is expected to have type
  @HomologyComparison 0 3 2 2 (matrixOf 0 3 old328.outgoing) (matrixOf 3 2 old328.incoming) cpp328.comparison
'Fact713CppCoordinateChoices.coordinates328' depends on axioms: [propext, sorryAx, Quot.sound]
Fact713CppCoordinateChoices/Data.lean:434:6: error: Type mismatch: After simplification, term
  hc
 has type
  @HomologyComparison cpp343.k cpp343.m cpp343.n cpp343.h (matrixOf cpp343.k cpp343.m old343.outgoing)
    (matrixOf cpp343.m cpp343.n old343.incoming) cpp343.comparison
but is expected to have type
  @HomologyComparison 0 3 2 2 (matrixOf 0 3 old343.outgoing) (matrixOf 3 2 old343.incoming) cpp343.comparison
'Fact713CppCoordinateChoices.coordinates343' depends on axioms: [propext, sorryAx, Quot.sound]
Fact713CppCoordinateChoices/Data.lean:447:6: error: Type mismatch: After simplification, term
  hc
 has type
  @HomologyComparison cpp346.k cpp346.m cpp346.n cpp346.h (matrixOf cpp346.k cpp346.m old346.outgoing)
    (matrixOf cpp346.m cpp346.n old346.incoming) cpp346.comparison
but is expected to have type
  @HomologyComparison 1 4 3 1 (matrixOf 1 4 old346.outgoing) (matrixOf 4 3 old346.incoming) cpp346.comparison
'Fact713CppCoordinateChoices.coordinates346' depends on axioms: [propext, sorryAx, Quot.sound]
Fact713CppCoordinateChoices/Data.lean:460:6: error: Type mismatch: After simplification, term
  hc
 has type
  @HomologyComparison cpp347.k cpp347.m cpp347.n cpp347.h (matrixOf cpp347.k cpp347.m old347.outgoing)
    (matrixOf cpp347.m cpp347.n old347.incoming) cpp347.comparison
but is expected to have type
  @HomologyComparison 1 3 2 1 (matrixOf 1 3 old347.outgoing) (matrixOf 3 2 old347.incoming) cpp347.comparison
'Fact713CppCoordinateChoices.coordinates347' depends on axioms: [propext, sorryAx, Quot.sound]
Fact713CppCoordinateChoices/Data.lean:473:6: error: Type mismatch: After simplification, term
  hc
 has type
  @HomologyComparison cpp372.k cpp372.m cpp372.n cpp372.h (matrixOf cpp372.k cpp372.m old372.outgoing)
    (matrixOf cpp372.m cpp372.n old372.incoming) cpp372.comparison
but is expected to have type
  @HomologyComparison 1 2 2 1 (matrixOf 1 2 old372.outgoing) (matrixOf 2 2 old372.incoming) cpp372.comparison
'Fact713CppCoordinateChoices.coordinates372' depends on axioms: [propext, sorryAx, Quot.sound]
Fact713CppCoordinateChoices/Data.lean:486:6: error: Type mismatch: After simplification, term
  hc
 has type
  @HomologyComparison cpp385.k cpp385.m cpp385.n cpp385.h (matrixOf cpp385.k cpp385.m old385.outgoing)
    (matrixOf cpp385.m cpp385.n old385.incoming) cpp385.comparison
but is expected to have type
  @HomologyComparison 1 2 2 1 (matrixOf 1 2 old385.outgoing) (matrixOf 2 2 old385.incoming) cpp385.comparison
'Fact713CppCoordinateChoices.coordinates385' depends on axioms: [propext, sorryAx, Quot.sound]
Fact713CppCoordinateChoices/Data.lean:499:6: error: Type mismatch: After simplification, term
  hc
 has type
  @HomologyComparison cpp396.k cpp396.m cpp396.n cpp396.h (matrixOf cpp396.k cpp396.m old396.outgoing)
    (matrixOf cpp396.m cpp396.n old396.incoming) cpp396.comparison
but is expected to have type
  @HomologyComparison 0 3 1 2 (matrixOf 0 3 old396.outgoing) (matrixOf 3 1 old396.incoming) cpp396.comparison
'Fact713CppCoordinateChoices.coordinates396' depends on axioms: [propext, sorryAx, Quot.sound]
Fact713CppCoordinateChoices/Data.lean:512:6: error: Type mismatch: After simplification, term
  hc
 has type
  @HomologyComparison cpp414.k cpp414.m cpp414.n cpp414.h (matrixOf cpp414.k cpp414.m old414.outgoing)
    (matrixOf cpp414.m cpp414.n old414.incoming) cpp414.comparison
but is expected to have type
  @HomologyComparison 0 2 1 2 (matrixOf 0 2 old414.outgoing) (matrixOf 2 1 old414.incoming) cpp414.comparison
'Fact713CppCoordinateChoices.coordinates414' depends on axioms: [propext, sorryAx, Quot.sound]
