{
  "status": "independently_replayed_bounded_search_not_a_Lean_theorem",
  "deterministic_rerun": false,
  "map_records": 70,
  "counts": {
    "candidate_needs_full_map_compatibility": 13,
    "source_nonzero_quotient": 8,
    "target_zero_quotient": 28,
    "unknown": 21
  },
  "complete_cycle_quotients": 99,
  "noncycle_images": 0,
  "reduction_steps": 258,
  "explicit_ring_relation_lifts": 100,
  "requested_max_s": 20,
  "requested_max_t": 265,
  "viable_candidates": [
    "S0__Ceta",
    "S0__CW_sigma_nu",
    "S0__CW_eta_2",
    "S0__Ceta_by_nu",
    "S0__Ceta_by_2",
    "S0__Cnu_by_eta",
    "S0__CW_2_eta_by_nu",
    "S0__CW_nu_eta_by_2",
    "S0__C2_by_eta",
    "S0__C2h4",
    "S0__S0_by_kappa",
    "S0__S0_by_g",
    "S0__C2_by_h5"
  ],
  "report_sha256": "97e1ba436e40ee6cd78227f92176158601c9b621a28b8df32700ae540c9d6d26",
  "review_script_sha256": "557efe11ed1b33c89b3d02c88de0eaab66f5c627b6e77736e0f8b83eaf76fcc2"
}
