ActualAdamsAdditiveFiltration/Basic.lean:35:6: error: Tactic `rewrite` failed: Did not find an occurrence of the pattern
  advance S pages r d ↑(cycleAdd S r d x y)
in the target expression
  advance S pages r d (↑x + ↑y) = advance S pages r d ↑x + advance S pages r d ↑y

S : AdamsSpectralSequence
pages : CertifiedAdamsPages S
additive : AddMeaning S pages
r : ℕ
d : Bidegree
x y : PageCycle S r d
⊢ advance S pages r d (↑x + ↑y) = advance S pages r d ↑x + advance S pages r d ↑y

Note: The target expression is not type-correct under the `instances` transparency level, which may have triggered the failure. This is usually caused by unfolding of semireducible definitions in prior tactic steps. Use `set_option linter.tacticCheckInstances true` to investigate the source of the issue.
Full error:
  Application type mismatch: The argument
    x
  has type
    PageCycle S r d
  but is expected to have type
    { x // (S.differential r d).toFun x = S.zero r (AdamsTarget r d) }
  in the application
    ↑x
ActualAdamsAdditiveFiltration/Basic.lean:49:8: error(lean.synthInstanceFailed): failed to synthesize instance of type class
  HAdd ((system S pages ⋯ d).Page n) ((system S pages ⋯ d).Page n) ?m.15

Hint: Type class instance resolution failures can be inspected with the `set_option trace.Meta.synthInstance true` command.
ActualAdamsAdditiveFiltration/Basic.lean:52:43: error(lean.synthInstanceFailed): failed to synthesize instance of type class
  HAdd (s.Page n) (s.Page n) ?m.31

Hint: Type class instance resolution failures can be inspected with the `set_option trace.Meta.synthInstance true` command.
'ActualAdamsAdditiveFiltration.AddMeaning.zeroMeaning' depends on axioms: [propext, Classical.choice, Quot.sound]
'ActualAdamsAdditiveFiltration.advance_add' depends on axioms: [propext, sorryAx, Classical.choice, Quot.sound]
'ActualAdamsAdditiveFiltration.cycles_add_and_at' depends on axioms: [propext, sorryAx, Classical.choice, Quot.sound]
