[
  {
    "source_id": 2573,
    "source_local": 0,
    "source_degree": [
      6,
      132
    ],
    "factor_id": 7,
    "target_degree": [
      7,
      136
    ],
    "target_basis_ids": [
      2866
    ],
    "target_coordinates": [
      0
    ],
    "relation_rowids": []
  },
  {
    "source_id": 2574,
    "source_local": 1,
    "source_degree": [
      6,
      132
    ],
    "factor_id": 7,
    "target_degree": [
      7,
      136
    ],
    "target_basis_ids": [
      2866
    ],
    "target_coordinates": [],
    "relation_rowids": [
      4
    ]
  },
  {
    "source_id": 2695,
    "source_local": 0,
    "source_degree": [
      9,
      134
    ],
    "factor_id": 7,
    "target_degree": [
      10,
      138
    ],
    "target_basis_ids": [
      3022,
      3023,
      3024,
      3025
    ],
    "target_coordinates": [],
    "relation_rowids": [
      10136
    ]
  },
  {
    "source_id": 2696,
    "source_local": 1,
    "source_degree": [
      9,
      134
    ],
    "factor_id": 7,
    "target_degree": [
      10,
      138
    ],
    "target_basis_ids": [
      3022,
      3023,
      3024,
      3025
    ],
    "target_coordinates": [
      2
    ],
    "relation_rowids": [
      10138
    ]
  },
  {
    "source_id": 2697,
    "source_local": 2,
    "source_degree": [
      9,
      134
    ],
    "factor_id": 7,
    "target_degree": [
      10,
      138
    ],
    "target_basis_ids": [
      3022,
      3023,
      3024,
      3025
    ],
    "target_coordinates": [
      2
    ],
    "relation_rowids": []
  },
  {
    "source_id": 2698,
    "source_local": 3,
    "source_degree": [
      9,
      134
    ],
    "factor_id": 7,
    "target_degree": [
      10,
      138
    ],
    "target_basis_ids": [
      3022,
      3023,
      3024,
      3025
    ],
    "target_coordinates": [
      3
    ],
    "relation_rowids": [
      3474,
      3475,
      9490
    ]
  },
  {
    "source_id": 2699,
    "source_local": 4,
    "source_degree": [
      9,
      134
    ],
    "factor_id": 7,
    "target_degree": [
      10,
      138
    ],
    "target_basis_ids": [
      3022,
      3023,
      3024,
      3025
    ],
    "target_coordinates": [],
    "relation_rowids": [
      9832
    ]
  }
]
