Fact721ConstructedActual/First.lean:20:69: error: failed to synthesize
  Decidable
    (InKernel (matrixOf wire2.k wire2.m wire2.outgoing) named2 ∧
      eval wire2.comparison.projection named2 = named3 ∧ ¬InImage (matrixOf wire2.m wire2.n wire2.incoming) named2)

Hint: Additional diagnostic information may be available using the `set_option diagnostics true` command.
Fact721ConstructedActual/First.lean:23:69: error: failed to synthesize
  Decidable
    (InKernel (matrixOf wire3.k wire3.m wire3.outgoing) named3 ∧
      eval wire3.comparison.projection named3 = named4 ∧ ¬InImage (matrixOf wire3.m wire3.n wire3.incoming) named3)

Hint: Additional diagnostic information may be available using the `set_option diagnostics true` command.
Fact721ConstructedActual/First.lean:61:6: error: Tactic `rewrite` failed: motive is not type correct:
  fun _a =>
    (P.step2.next accepted2).coordinates.equivalence ((pages.nextPage 2 degree).toNext ⟦⟨raw initial, ⋯⟩⟧) =
      eval wire2.comparison.projection _a
Error: Application type mismatch: The argument
  Equiv.apply_symm_apply initial.coordinates.equivalence named2
has type
  initial.coordinates.equivalence (initial.coordinates.equivalence.symm named2) = named2
but is expected to have type
  _a = named2
in the application
  congrArg (fun _a => InKernel (matrixOf wire2.k wire2.m wire2.outgoing) _a)
    (Equiv.apply_symm_apply initial.coordinates.equivalence named2)

Explanation: The rewrite tactic rewrites an expression 'e' using an equality 'a = b' by the following process. First, it looks for all 'a' in 'e'. Second, it tries to abstract these occurrences of 'a' to create a function 'm := fun _a => ...', called the *motive*, with the property that 'm a' is definitionally equal to 'e'. Third, we observe that 'congrArg' implies that 'm a = m b', which can be used with lemmas such as 'Eq.mpr' to change the goal. However, if 'e' depends on specific properties of 'a', then the motive 'm' might not typecheck.

Possible solutions: use rewrite's 'occs' configuration option to limit which occurrences are rewritten, or use 'simp' or 'conv' mode, which have strategies for certain kinds of dependencies (these tactics can handle proofs and 'Decidable' instances whose types depend on the rewritten term, and 'simp' can apply user-defined '@[congr]' theorems as well).

S : AdamsSpectralSequence
pages : CertifiedAdamsPages S
initial : AdditiveCoordinates degree S 2 2
P : Prefix3 S pages initial
h :
  (P.step2.next accepted2).coordinates.equivalence ((pages.nextPage 2 degree).toNext ⟦⟨raw initial, ⋯⟩⟧) =
    eval wire2.comparison.projection (initial.coordinates.equivalence (initial.coordinates.equivalence.symm named2))
⊢ P.page3.coordinates.equivalence P.endpoint.value = named3

Note: The target expression is not type-correct under the `instances` transparency level, which may have triggered the failure. This is usually caused by unfolding of semireducible definitions in prior tactic steps. Use `set_option linter.tacticCheckInstances true` to investigate the source of the issue.
Full error:
  Application type mismatch: The argument
    initial
  has type
    AdditiveCoordinates degree S 2 2
  but is expected to have type
    AdditiveCoordinates degree S 2 wire2.m
  in the application
    @StepInput.next degree S pages 2 wire2 initial
'Fact721ConstructedActual.First.Prefix3.coordinate' depends on axioms: [propext, sorryAx, Classical.choice, Quot.sound]
'Fact721ConstructedActual.First.Prefix4.coordinate' depends on axioms: [propext, sorryAx, Classical.choice, Quot.sound]
'Fact721ConstructedActual.First.Prefix4.nonzero' depends on axioms: [propext, sorryAx, Classical.choice, Quot.sound]
'Fact721ConstructedActual.First.DetectorInput.assemble' depends on axioms: [propext, Classical.choice, Quot.sound]
'Fact721ConstructedActual.First.result_sound' depends on axioms: [propext, sorryAx, Classical.choice, Quot.sound]
'Fact721ConstructedActual.First.zero_input_rejected' depends on axioms: [propext, Classical.choice, Quot.sound]
