{
  "status": "no_correctness_findings",
  "findings": [],
  "counts": {
    "quotient_pairs": 116,
    "coordinate_changes": 8,
    "trace_steps": 5,
    "countermodels": 3
  },
  "axiom_reports": {
    "Basic": 3,
    "First": 6,
    "Second": 9,
    "Tactic": 4
  },
  "endpoints": {
    "first": 4,
    "second": 5
  },
  "permanence_proved": false,
  "reviewed": [
    "source naming equation identifies the same actual element, not a differential value",
    "full source d3 zero follows from detector-derived named column plus separate other known column",
    "whole d4 zero theorem is coordinate-independent and needs no new source naming premise",
    "all next coordinates derived from actual quotients of the same initial class",
    "exact input binding and nonzero actual endpoint, no branch choice or outgoing tail assertion"
  ],
  "limitations": [
    "initial and neighboring actual differential meanings remain explicit",
    "detector naturality and source-name compatibility remain explicit",
    "first d4 and second d5 onward, all-page permanence, sphere realization"
  ]
}
