'AggregateHighD2Conditional.Matches.matched' depends on axioms: [propext, Classical.choice, Quot.sound]
'AggregateHighD2Conditional.Matches.source_named_coordinate' depends on axioms: [propext, Quot.sound]
'AggregateHighD2Conditional.H3D0.matched' depends on axioms: [propext, Classical.choice, Quot.sound]
'AggregateHighD2Conditional.D4.matched' depends on axioms: [propext, Classical.choice, Quot.sound]
'AggregateHighD2Conditional.ThreeProducts.matched' depends on axioms: [propext, Classical.choice, Quot.sound]
'AggregateHighD2Conditional.ThreeProducts.target_coordinates' depends on axioms: [propext, Classical.choice, Quot.sound]
'AggregateHighD2Conditional.ThreeProducts.source_named_coordinate' depends on axioms: [propext, Quot.sound]
'AggregateHighD2Conditional.CnuEta.matched' depends on axioms: [propext, Classical.choice, Quot.sound]
'AggregateHighD2Conditional.CnuEta.source_coordinates' depends on axioms: [propext, Classical.choice, Quot.sound]
'AggregateHighD2Conditional.CnuEta.source_named_coordinate' depends on axioms: [propext, Quot.sound]
'AggregateHighD2Conditional.C2H2.matched' depends on axioms: [propext, Classical.choice, Quot.sound]
'AggregateHighD2Conditional.C2H2.target_coordinates' depends on axioms: [propext, Classical.choice, Quot.sound]
'AggregateHighD2Conditional.C2H2.source_named_coordinate' depends on axioms: [propext, Quot.sound]
'AggregateHighD2Conditional.C2D4.matched' depends on axioms: [propext, Classical.choice, Quot.sound]
'AggregateHighD2Conditional.C2D4.source_named_coordinate' depends on axioms: [propext, Quot.sound]
'AggregateHighD2Conditional.CW2Eta.matched' depends on axioms: [propext, Classical.choice, Quot.sound]
'AggregateHighD2Conditional.CW2Eta.source_coordinates' depends on axioms: [propext, Classical.choice, Quot.sound]
'AggregateHighD2Conditional.CW2Eta.source_named_coordinate' depends on axioms: [propext, Quot.sound]
'AggregateHighD2Conditional.HighD2.b_S0_55_180_d2_outgoing_meaning' depends on axioms: [propext, Quot.sound]
'AggregateHighD2Conditional.HighD2.b_S0_51_178_d2_incoming_meaning' depends on axioms: [propext, Quot.sound]
