Row3151FullNeighborhood/Checks.lean:33:38: error: Expected type must not contain metavariables
  LinProgramCertificates.CertificateVerifier.check (bound ?m.191 ?m.192 ?m.193) = true
Row3151FullNeighborhood/Checks.lean:33:38: error: Expected type must not contain metavariables
  LinProgramCertificates.CertificateVerifier.check (bound ?m.191 ?m.192 ?m.193) = true
Row3151FullNeighborhood/Checks.lean:33:38: error: Expected type must not contain metavariables
  LinProgramCertificates.CertificateVerifier.check (bound ?m.191 ?m.192 ?m.193) = true
Row3151FullNeighborhood/Checks.lean:33:38: error: Expected type must not contain metavariables
  LinProgramCertificates.CertificateVerifier.check (bound ?m.191 ?m.192 ?m.193) = true
Row3151FullNeighborhood/Checks.lean:33:38: error: Expected type must not contain metavariables
  LinProgramCertificates.CertificateVerifier.check (bound ?m.191 ?m.192 ?m.193) = true
Row3151FullNeighborhood/Checks.lean:33:38: error: Expected type must not contain metavariables
  LinProgramCertificates.CertificateVerifier.check (bound ?m.191 ?m.192 ?m.193) = true
Row3151FullNeighborhood/Checks.lean:33:38: error: Expected type must not contain metavariables
  LinProgramCertificates.CertificateVerifier.check (bound ?m.191 ?m.192 ?m.193) = true
Row3151FullNeighborhood/Checks.lean:33:38: error: Expected type must not contain metavariables
  LinProgramCertificates.CertificateVerifier.check (bound ?m.191 ?m.192 ?m.193) = true
'Row3151FullNeighborhood.Checks.complete_window' depends on axioms: [propext, Quot.sound]
'Row3151FullNeighborhood.Checks.event3151' depends on axioms: [propext, sorryAx]
'Row3151FullNeighborhood.Checks.source_stages' does not depend on any axioms
'Row3151FullNeighborhood.Checks.target_stages' does not depend on any axioms
'Row3151FullNeighborhood.Checks.target_is_checked3152' does not depend on any axioms
