{
  "status": "no_correctness_findings",
  "findings": [],
  "counts": {
    "quotient_pairs": 10600,
    "complete_quotients": 40,
    "same_raw_steps": 3,
    "missing_incoming_column_countermodels": 3,
    "SQL_degrees": 49
  },
  "axiom_reports": {
    "Maps": 6,
    "Comparison": 5,
    "Naturality": 4,
    "Actual": 1,
    "ActualIncoming": 2,
    "Finite": 2,
    "NoHit": 8,
    "Constructed": 5,
    "Trace": 7,
    "Tactic": 2,
    "MapSemantics": 2,
    "ZeroSpaces": 3,
    "DerivedStep": 4,
    "Assembly": 3
  },
  "minimal_graph_nodes": 24,
  "optional_available": 33,
  "optional_total": 36,
  "reviewed": [
    "actual all-source incoming differential equation transported through faithful target coordinates",
    "named outgoing d3 from full bottom source lift and zero sphere codomain",
    "other outgoing and incoming columns explicitly retained, then additivity covers all elements",
    "zero full E4 source and target force both entire actual d4 maps zero",
    "same E2 input is maintained in constructed actual E3/E4/E5 trace",
    "page5 source and whole future-prefix meaning remain explicit, no outgoing d5 used",
    "four actual PageBoundary negations plus nonzero E5 endpoint"
  ],
  "limitations": [
    "original actual Adams realization and complete neighboring interpretations",
    "actual naturality and source naming bridges, local quotient laws",
    "future-prefix and boundary column proofs remain mathematical inputs",
    "does not prove E6, synthetic extension contradiction or unconditional Proposition7.9"
  ]
}
