FilteredCrossingCertificates/Basic.lean:9:27: error: Ambiguous term
  Data
Possible interpretations:
  FilteredExtensionCertificates.Data : Type
  
  RepresentativeSquareCertificates.Data : Type
FilteredCrossingCertificates/Basic.lean:13:15: error: Ambiguous term
  Data
Possible interpretations:
  FilteredExtensionCertificates.Data : Type
  
  RepresentativeSquareCertificates.Data : Type
FilteredCrossingCertificates/Basic.lean:19:21: error: Ambiguous term
  Data
Possible interpretations:
  FilteredExtensionCertificates.Data : Type
  
  RepresentativeSquareCertificates.Data : Type
FilteredCrossingCertificates/Basic.lean:24:25: error: Ambiguous term
  Data
Possible interpretations:
  FilteredExtensionCertificates.Data : Type
  
  RepresentativeSquareCertificates.Data : Type
FilteredCrossingCertificates/Basic.lean:25:21: error: unsolved goals
D : sorry
cert : Certificate D
accepted : sorry D cert = true
h : WellFormed sorry
⊢ GeneralizedLeibnizAudit.HigherMapsInto (filteredMap sorry h).hom ((sourceFiltration sorry h).group (sorry + 1))
    ((targetFiltration sorry h).group (sorry + sorry + 1))
FilteredCrossingCertificates/Basic.lean:26:13: warning: declaration uses `sorry`
FilteredCrossingCertificates/Basic.lean:26:20: warning: This simp argument is unused:
  Bool.and_eq_true

Hint: Omit it from the simp argument list.
  simp only [check,̵ ̵B̵o̵o̵l̵.̵a̵n̵d̵_̵e̵q̵_̵t̵r̵u̵e̵] at accepted

Note: This linter can be disabled with `set_option linter.unusedSimpArgs false`
FilteredCrossingCertificates/Basic.lean:34:33: error: Ambiguous term
  Data
Possible interpretations:
  FilteredExtensionCertificates.Data : Type
  
  RepresentativeSquareCertificates.Data : Type
FilteredCrossingCertificates/Basic.lean:38:27: error: unsolved goals
D : sorry
cert : Certificate D
accepted : check D cert = true
a : RepresentativeSquareCertificates.Vector sorry
same : GeneralizedLeibnizAudit.SameLeading (higher sorry) a { bits := sorry }
hs : sorry D cert = true
⊢ GeneralizedLeibnizAudit.SameLeading (higher sorry) ((hom sorry) a) { bits := sorry }
FilteredCrossingCertificates/Basic.lean:40:13: warning: declaration uses `sorry`
FilteredCrossingCertificates/Basic.lean:40:20: warning: This simp argument is unused:
  Bool.and_eq_true

Hint: Omit it from the simp argument list.
  simp only [check,̵ ̵B̵o̵o̵l̵.̵a̵n̵d̵_̵e̵q̵_̵t̵r̵u̵e̵] at hs

Note: This linter can be disabled with `set_option linter.unusedSimpArgs false`
FilteredCrossingCertificates/Basic.lean:47:14: error: Ambiguous term
  Data
Possible interpretations:
  FilteredExtensionCertificates.Data : Type
  
  RepresentativeSquareCertificates.Data : Type
'FilteredCrossingCertificates.check_sound' depends on axioms: [propext, sorryAx, Classical.choice, Quot.sound]
FilteredCrossingCertificates/Basic.lean:55:14: error(lean.unknownIdentifier): Unknown constant `all_representatives`
