Fact721FirstD6DC2h6/ExtraSource.lean:132:4: error: Invalid field notation: Function `d0Cycle` does not have a usable parameter of type `Meaning ...` for which to substitute `M`

Note: Such a parameter must be explicit, or implicit with a unique name, to be used by field notation
Fact721FirstD6DC2h6/ExtraSource.lean:133:6: error: Tactic `rewrite` failed: Did not find an occurrence of the pattern
  (tp.nextPage 3 (d0Degree.add yDegree)).toNext ⟦M.sourceCycle⟧
in the target expression
  (T.differential 4 sourceDegree).toFun ((tp.nextPage 3 sourceDegree).toNext ⟦M.sourceCycle⟧) = 0

S T : AdamsSpectralSequence
sp : CertifiedAdamsPages S
tp : CertifiedAdamsPages T
I : Stage2 S T sp tp
A : ModuleAction.Action S T
M : Meaning I A
sourceTransition : ModuleAction.Transition S T sp tp A 3 d0Degree yDegree
targetTransition : ModuleAction.Transition S T sp tp A 3 d0Degree zDegree
sphereZeros : ActualAdamsSystemBridge.ZeroMeaning S sp
targetZero : LocalZeroMeaning tp 3 targetDegree
factor :
  (tp.nextPage 3 (d0Degree.add yDegree)).toNext ⟦M.sourceCycle⟧ =
    A.multiply (3 + 1) d0Degree yDegree ((sp.nextPage 3 d0Degree).toNext ⟦sorry⟧)
      ((tp.nextPage 3 yDegree).toNext ⟦M.yCycle⟧)
⊢ (T.differential 4 sourceDegree).toFun ((tp.nextPage 3 sourceDegree).toNext ⟦M.sourceCycle⟧) = 0
'Fact721FirstD6DC2h6.ExtraSource.Meaning.y_target_death' depends on axioms: [propext, Classical.choice, Quot.sound]
'Fact721FirstD6DC2h6.ExtraSource.Meaning.y_d3_zero' depends on axioms: [propext, Classical.choice, Quot.sound]
'Fact721FirstD6DC2h6.ExtraSource.Meaning.target_action_zero' depends on axioms: [propext, Classical.choice, Quot.sound]
'Fact721FirstD6DC2h6.ExtraSource.Meaning.source_factor' depends on axioms: [propext, Classical.choice, Quot.sound]
'Fact721FirstD6DC2h6.ExtraSource.Stage2.d0_d3_zero' depends on axioms: [propext, Classical.choice, Quot.sound]
'Fact721FirstD6DC2h6.ExtraSource.Stage2.d0_d4_zero' depends on axioms: [propext, Classical.choice, Quot.sound]
'Fact721FirstD6DC2h6.ExtraSource.Meaning.source_d4_zero' depends on axioms: [propext,
 sorryAx,
 Classical.choice,
 Quot.sound]
