Fact721FirstD6DC2h6/Incoming4.lean:18:63: error: Ambiguous term
  sourceDegree
Possible interpretations:
  ExtraSource.sourceDegree : Bidegree
  
  Row3151ActualTransport.sourceDegree : Bidegree
Fact721FirstD6DC2h6/Incoming4.lean:20:27: error: Ambiguous term
  sourceDegree
Possible interpretations:
  ExtraSource.sourceDegree : Bidegree
  
  Row3151ActualTransport.sourceDegree : Bidegree
Fact721FirstD6DC2h6/Incoming4.lean:25:37: error: Ambiguous term
  targetDegree
Possible interpretations:
  ExtraSource.targetDegree : Bidegree
  
  Row3151ActualTransport.targetDegree : Bidegree
Fact721FirstD6DC2h6/Incoming4.lean:26:37: error: Ambiguous term
  sourceDegree
Possible interpretations:
  ExtraSource.sourceDegree : Bidegree
  
  Row3151ActualTransport.sourceDegree : Bidegree
Fact721FirstD6DC2h6/Incoming4.lean:27:35: error: Ambiguous term
  sourceDegree
Possible interpretations:
  ExtraSource.sourceDegree : Bidegree
  
  Row3151ActualTransport.sourceDegree : Bidegree
Fact721FirstD6DC2h6/Incoming4.lean:32:46: error: Ambiguous term
  sourceDegree
Possible interpretations:
  ExtraSource.sourceDegree : Bidegree
  
  Row3151ActualTransport.sourceDegree : Bidegree
Fact721FirstD6DC2h6/Incoming4.lean:33:16: error: Ambiguous term
  sourceDegree
Possible interpretations:
  ExtraSource.sourceDegree : Bidegree
  
  Row3151ActualTransport.sourceDegree : Bidegree
Fact721FirstD6DC2h6/Incoming4.lean:35:66: error(lean.invalidField): Invalid field `sphereCycle`: The environment does not contain `Fact721FirstD6DC2h6.Incoming4.Input.sphereCycle`, so it is not possible to project the field `sphereCycle` from an expression
  D
of type `Input I M`
Fact721FirstD6DC2h6/Incoming4.lean:36:29: error(lean.unknownIdentifier): Unknown identifier `D.sphereBinding`
Fact721FirstD6DC2h6/Incoming4.lean:38:42: error: Ambiguous term
  sourceDegree
Possible interpretations:
  ExtraSource.sourceDegree : Bidegree
  
  Row3151ActualTransport.sourceDegree : Bidegree
Fact721FirstD6DC2h6/Incoming4.lean:39:20: error: Ambiguous term
  sourceDegree
Possible interpretations:
  ExtraSource.sourceDegree : Bidegree
  
  Row3151ActualTransport.sourceDegree : Bidegree
Fact721FirstD6DC2h6/Incoming4.lean:39:58: error(lean.invalidField): Invalid field `sphereCycle`: The environment does not contain `Fact721FirstD6DC2h6.Incoming4.Input.sphereCycle`, so it is not possible to project the field `sphereCycle` from an expression
  D
of type `Input I M`
Fact721FirstD6DC2h6/Incoming4.lean:40:8: error(lean.unknownIdentifier): Unknown identifier `D.map.quotient_cycle`
Fact721FirstD6DC2h6/Incoming4.lean:39:79: error: unsolved goals
T : AdamsSpectralSequence
tp : CertifiedAdamsPages T
⊢ (T.differential 4 sorry).toFun ((tp.nextPage 3 sorry).toNext ⟦sorry⟧) = 0
Fact721FirstD6DC2h6/Incoming4.lean:43:47: error: Ambiguous term
  sourceDegree
Possible interpretations:
  ExtraSource.sourceDegree : Bidegree
  
  Row3151ActualTransport.sourceDegree : Bidegree
Fact721FirstD6DC2h6/Incoming4.lean:47:67: error(lean.invalidField): Invalid field `sphereCycle`: The environment does not contain `Fact721FirstD6DC2h6.Incoming4.Input.sphereCycle`, so it is not possible to project the field `sphereCycle` from an expression
  D
of type `Input I M`
Fact721FirstD6DC2h6/Incoming4.lean:59:40: error: Ambiguous term
  sourceDegree
Possible interpretations:
  ExtraSource.sourceDegree : Bidegree
  
  Row3151ActualTransport.sourceDegree : Bidegree
Fact721FirstD6DC2h6/Incoming4.lean:64:42: error: Ambiguous term
  sourceDegree
Possible interpretations:
  ExtraSource.sourceDegree : Bidegree
  
  Row3151ActualTransport.sourceDegree : Bidegree
Fact721FirstD6DC2h6/Incoming4.lean:64:57: error(lean.unknownIdentifier): Unknown identifier `D.source_decomposition`
Fact721FirstD6DC2h6/Incoming4.lean:70:48: error: Ambiguous term
  sourceDegree
Possible interpretations:
  ExtraSource.sourceDegree : Bidegree
  
  Row3151ActualTransport.sourceDegree : Bidegree
Fact721FirstD6DC2h6/Incoming4.lean:72:71: error(lean.invalidField): Invalid field `sphereCycle`: The environment does not contain `Fact721FirstD6DC2h6.Incoming4.Input.sphereCycle`, so it is not possible to project the field `sphereCycle` from an expression
  D
of type `Input I M`
Fact721FirstD6DC2h6/Incoming4.lean:73:12: error(lean.unknownIdentifier): Unknown identifier `D.source_decomposition`
Fact721FirstD6DC2h6/Incoming4.lean:72:98: error: unsolved goals
S T : AdamsSpectralSequence
sp : CertifiedAdamsPages S
tp : CertifiedAdamsPages T
A : ModuleAction.Action S T
I : Stage2 S T sp tp
M : ExtraSource.Meaning I A
x : PageCycle T 3 sorry
⊢ ↑x =
    (if I.source3.coordinates.equivalence sorry ⟨0, ⋯⟩ = true then ↑M.sourceCycle else 0) +
      if I.source3.coordinates.equivalence sorry ⟨2, ⋯⟩ = true then sorry else 0
Fact721FirstD6DC2h6/Incoming4.lean:79:40: error: Ambiguous term
  sourceDegree
Possible interpretations:
  ExtraSource.sourceDegree : Bidegree
  
  Row3151ActualTransport.sourceDegree : Bidegree
Fact721FirstD6DC2h6/Incoming4.lean:80:21: error: Ambiguous term
  sourceDegree
Possible interpretations:
  ExtraSource.sourceDegree : Bidegree
  
  Row3151ActualTransport.sourceDegree : Bidegree
Fact721FirstD6DC2h6/Incoming4.lean:81:63: error(lean.unknownIdentifier): Unknown identifier `tp`
Fact721FirstD6DC2h6/Incoming4.lean:81:68: error: Ambiguous term
  sourceDegree
Possible interpretations:
  ExtraSource.sourceDegree : Bidegree
  
  Row3151ActualTransport.sourceDegree : Bidegree
Fact721FirstD6DC2h6/Incoming4.lean:82:24: error: Ambiguous term
  sourceDegree
Possible interpretations:
  ExtraSource.sourceDegree : Bidegree
  
  Row3151ActualTransport.sourceDegree : Bidegree
Fact721FirstD6DC2h6/Incoming4.lean:83:7: error(lean.unknownIdentifier): Unknown identifier `I.source3.coordinates.equivalence`
Fact721FirstD6DC2h6/Incoming4.lean:83:66: error(lean.unknownIdentifier): Unknown identifier `M.sourceCycle`
Fact721FirstD6DC2h6/Incoming4.lean:84:47: error: Ambiguous term
  sourceDegree
Possible interpretations:
  ExtraSource.sourceDegree : Bidegree
  
  Row3151ActualTransport.sourceDegree : Bidegree
Fact721FirstD6DC2h6/Incoming4.lean:85:24: error: Ambiguous term
  sourceDegree
Possible interpretations:
  ExtraSource.sourceDegree : Bidegree
  
  Row3151ActualTransport.sourceDegree : Bidegree
Fact721FirstD6DC2h6/Incoming4.lean:86:7: error(lean.unknownIdentifier): Unknown identifier `I.source3.coordinates.equivalence`
Fact721FirstD6DC2h6/Incoming4.lean:86:66: error(lean.unknownIdentifier): Unknown identifier `D.sphereCycle`
Fact721FirstD6DC2h6/Incoming4.lean:87:47: error: Ambiguous term
  sourceDegree
Possible interpretations:
  ExtraSource.sourceDegree : Bidegree
  
  Row3151ActualTransport.sourceDegree : Bidegree
Fact721FirstD6DC2h6/Incoming4.lean:90:80: error(lean.unknownIdentifier): Unknown identifier `D.kernel_decomposition`
Fact721FirstD6DC2h6/Incoming4.lean:91:11: error(lean.unknownIdentifier): Unknown identifier `D.sourceAdd`
Fact721FirstD6DC2h6/Incoming4.lean:80:43: error: unsolved goals
T : AdamsSpectralSequence
q : PageCycle T 3 sorry
a : PageCycle T 3 sorry := sorry
b : PageCycle T 3 sorry := sorry
same : q = cycleAdd a b
⊢ (T.differential 4 sorry).toFun ((sorry.nextPage 3 sorry).toNext ⟦cycleAdd a b⟧) = 0
'Fact721FirstD6DC2h6.Incoming4.Input.sphere_d4_zero' depends on axioms: [propext, sorryAx, Classical.choice, Quot.sound]
Fact721FirstD6DC2h6/Incoming4.lean:106:14: error(lean.unknownIdentifier): Unknown constant `Input.source_decomposition`
'Fact721FirstD6DC2h6.Incoming4.Input.middle_false' depends on axioms: [propext, sorryAx, Classical.choice, Quot.sound]
Fact721FirstD6DC2h6/Incoming4.lean:108:14: error(lean.unknownIdentifier): Unknown constant `Input.kernel_decomposition`
'Fact721FirstD6DC2h6.Incoming4.Input.whole_d4_zero' depends on axioms: [propext, sorryAx, Classical.choice, Quot.sound]
