'Fact721FirstD6DC2h6.Maps.firstSphere_valid' depends on axioms: [propext, Quot.sound]
'Fact721FirstD6DC2h6.Maps.firstDetector_valid' depends on axioms: [propext, Quot.sound]
'Fact721FirstD6DC2h6.Maps.firstMap_valid' depends on axioms: [propext, Classical.choice, Quot.sound]
'Fact721FirstD6DC2h6.Maps.firstMapUpper_valid' depends on axioms: [propext, Classical.choice, Quot.sound]
'Fact721FirstD6DC2h6.Maps.firstMapLower_valid' depends on axioms: [propext, Classical.choice, Quot.sound]
'Fact721FirstD6DC2h6.Maps.first_compatible' depends on axioms: [propext, Quot.sound]
'Fact721FirstD6DC2h6.Maps.incoming4Sphere_valid' depends on axioms: [propext, Quot.sound]
'Fact721FirstD6DC2h6.Maps.incoming4Detector_valid' depends on axioms: [propext, Quot.sound]
'Fact721FirstD6DC2h6.Maps.incoming4Map_valid' depends on axioms: [propext, Classical.choice, Quot.sound]
'Fact721FirstD6DC2h6.Maps.incoming4MapUpper_valid' depends on axioms: [propext, Classical.choice, Quot.sound]
'Fact721FirstD6DC2h6.Maps.incoming4MapLower_valid' depends on axioms: [propext, Classical.choice, Quot.sound]
'Fact721FirstD6DC2h6.Maps.incoming4_compatible' depends on axioms: [propext, Quot.sound]
'Fact721FirstD6DC2h6.Maps.incoming5Sphere_valid' depends on axioms: [propext, Quot.sound]
'Fact721FirstD6DC2h6.Maps.incoming5Detector_valid' depends on axioms: [propext, Quot.sound]
'Fact721FirstD6DC2h6.Maps.incoming5Map_valid' depends on axioms: [propext, Classical.choice, Quot.sound]
'Fact721FirstD6DC2h6.Maps.incoming5MapUpper_valid' depends on axioms: [propext, Classical.choice, Quot.sound]
'Fact721FirstD6DC2h6.Maps.incoming5MapLower_valid' depends on axioms: [propext, Classical.choice, Quot.sound]
'Fact721FirstD6DC2h6.Maps.incoming5_compatible' depends on axioms: [propext, Quot.sound]
'Fact721FirstD6DC2h6.Maps.targetSphere_valid' depends on axioms: [propext, Quot.sound]
'Fact721FirstD6DC2h6.Maps.targetDetector_valid' depends on axioms: [propext, Quot.sound]
'Fact721FirstD6DC2h6.Maps.targetMap_valid' depends on axioms: [propext, Classical.choice, Quot.sound]
'Fact721FirstD6DC2h6.Maps.targetMapUpper_valid' depends on axioms: [propext, Classical.choice, Quot.sound]
'Fact721FirstD6DC2h6.Maps.targetMapLower_valid' depends on axioms: [propext, Classical.choice, Quot.sound]
'Fact721FirstD6DC2h6.Maps.target_compatible' depends on axioms: [propext, Quot.sound]
'Fact721FirstD6DC2h6.Maps.incoming3_valid' depends on axioms: [propext, Quot.sound]
'Fact721FirstD6DC2h6.Maps.incoming3prior_valid' depends on axioms: [propext, Quot.sound]
'Fact721FirstD6DC2h6.Maps.incoming3out_valid' depends on axioms: [propext, Quot.sound]
'Fact721FirstD6DC2h6.Maps.incoming5_map3' depends on axioms: [propext, Classical.choice, Quot.sound]
'Fact721FirstD6DC2h6.Maps.target_map3' depends on axioms: [propext, Classical.choice, Quot.sound]
'Fact721FirstD6DC2h6.Maps.first_map3_named' depends on axioms: [propext, Classical.choice, Quot.sound]
