[
  {
    "branch": "zero",
    "comparisons": 1327,
    "ordered_pairs": 1760929,
    "adjacent": 1012,
    "consecutive": 827,
    "graph_available": 1324,
    "graph_missing": 96,
    "baseline_preserved": 1272,
    "finite_named_page": 9
  },
  {
    "branch": "residual_rebased",
    "comparisons": 1335,
    "ordered_pairs": 1782225,
    "adjacent": 1019,
    "consecutive": 835,
    "graph_available": 1332,
    "graph_missing": 88,
    "baseline_preserved": 1272,
    "finite_named_page": 9
  }
]
