{
  "status": "independently_replayed_bounded_search_not_a_Lean_theorem",
  "deterministic_rerun": false,
  "map_records": 70,
  "counts": {
    "candidate_needs_full_map_compatibility": 4,
    "source_nonzero_quotient": 8,
    "target_zero_quotient": 37,
    "unknown": 21
  },
  "complete_cycle_quotients": 99,
  "noncycle_images": 0,
  "reduction_steps": 168,
  "explicit_ring_relation_lifts": 49,
  "requested_max_s": 20,
  "requested_max_t": 265,
  "viable_candidates": [
    "S0__Ceta",
    "S0__CW_eta_2",
    "S0__Ceta_by_2",
    "S0__CW_nu_eta_by_2"
  ],
  "report_sha256": "248ad09e9bb9dba917666530e23ea77d0996b792c666a21e29c4aab2c3a24673",
  "review_script_sha256": "557efe11ed1b33c89b3d02c88de0eaab66f5c627b6e77736e0f8b83eaf76fcc2"
}
