Fact713Ctheta4Continuation/Incoming.lean:22:40: error: Ambiguous term
  targetDegree
Possible interpretations:
  Actual.targetDegree : Bidegree
  
  Row3151ActualTransport.targetDegree : Bidegree
Fact713Ctheta4Continuation/Incoming.lean:23:28: error: Ambiguous term
  sourceDegree
Possible interpretations:
  Actual.sourceDegree : Bidegree
  
  Row3151ActualTransport.sourceDegree : Bidegree
Fact713Ctheta4Continuation/Incoming.lean:24:56: error: Ambiguous term
  sourceDegree
Possible interpretations:
  Actual.sourceDegree : Bidegree
  
  Row3151ActualTransport.sourceDegree : Bidegree
Fact713Ctheta4Continuation/Incoming.lean:25:40: error: Ambiguous term
  sourceDegree
Possible interpretations:
  Actual.sourceDegree : Bidegree
  
  Row3151ActualTransport.sourceDegree : Bidegree
Fact713Ctheta4Continuation/Incoming.lean:29:24: error: Ambiguous term
  sourceDegree
Possible interpretations:
  Actual.sourceDegree : Bidegree
  
  Row3151ActualTransport.sourceDegree : Bidegree
Fact713Ctheta4Continuation/Incoming.lean:37:70: error: Ambiguous term
  sourceDegree
Possible interpretations:
  Actual.sourceDegree : Bidegree
  
  Row3151ActualTransport.sourceDegree : Bidegree
Fact713Ctheta4Continuation/Incoming.lean:40:55: error: Ambiguous term
  sourceDegree
Possible interpretations:
  Actual.sourceDegree : Bidegree
  
  Row3151ActualTransport.sourceDegree : Bidegree
Fact713Ctheta4Continuation/Incoming.lean:44:68: error: Ambiguous term
  sourceDegree
Possible interpretations:
  Actual.sourceDegree : Bidegree
  
  Row3151ActualTransport.sourceDegree : Bidegree
Fact713Ctheta4Continuation/Incoming.lean:45:20: error: Ambiguous term
  sourceDegree
Possible interpretations:
  Actual.sourceDegree : Bidegree
  
  Row3151ActualTransport.sourceDegree : Bidegree
Fact713Ctheta4Continuation/Incoming.lean:47:8: warning: declaration uses `sorry`
Fact713Ctheta4Continuation/Incoming.lean:51:63: error: Ambiguous term
  sourceDegree
Possible interpretations:
  Actual.sourceDegree : Bidegree
  
  Row3151ActualTransport.sourceDegree : Bidegree
Fact713Ctheta4Continuation/Incoming.lean:56:62: error: Ambiguous term
  sourceDegree
Possible interpretations:
  Actual.sourceDegree : Bidegree
  
  Row3151ActualTransport.sourceDegree : Bidegree
Fact713Ctheta4Continuation/Incoming.lean:57:21: error: Ambiguous term
  sourceDegree
Possible interpretations:
  Actual.sourceDegree : Bidegree
  
  Row3151ActualTransport.sourceDegree : Bidegree
Fact713Ctheta4Continuation/Incoming.lean:61:31: error: Ambiguous term
  sourceDegree
Possible interpretations:
  Actual.sourceDegree : Bidegree
  
  Row3151ActualTransport.sourceDegree : Bidegree
Fact713Ctheta4Continuation/Incoming.lean:63:38: error: Ambiguous term
  sourceDegree
Possible interpretations:
  Actual.sourceDegree : Bidegree
  
  Row3151ActualTransport.sourceDegree : Bidegree
'Fact713Ctheta4Continuation.Incoming.Input.page4' depends on axioms: [propext, sorryAx, Classical.choice, Quot.sound]
'Fact713Ctheta4Continuation.Incoming.named_coordinate' depends on axioms: [propext,
 sorryAx,
 Classical.choice,
 Quot.sound]
'Fact713Ctheta4Continuation.Incoming.named_d4_zero' depends on axioms: [propext, sorryAx, Classical.choice, Quot.sound]
'Fact713Ctheta4Continuation.Incoming.whole_d4_zero' depends on axioms: [propext, sorryAx, Classical.choice, Quot.sound]
