Prop79NeighborCoordinates/Assembly.lean:43:16: error: Tactic `rewrite` failed: Did not find an occurrence of the pattern
  (S.differential 5 Incoming5.degree).toFun 0
in the target expression
  (S.differential 5 Incoming5.degree).toFun 0 = 0

case inl
S : AdamsSpectralSequence
pages : CertifiedAdamsPages S
incomingInitial : Fact721ConstructedActual.AdditiveCoordinates Incoming5.degree S 2 5
incoming : Incoming5.Prefix5 S pages incomingInitial
known : (S.differential 5 Incoming5.degree).toFun (incoming.page5.coordinates.equivalence.symm fun x => true) = 0
x : ActualAdamsIncomingBridge.Source S 5 degree
y : (S.element 5 (ActualAdamsIncomingBridge.sourceDegree 5 degree)).carrier := x ⋯
hz : incoming.page5.coordinates.equivalence y = zero
same : y = 0
⊢ (S.differential 5 Incoming5.degree).toFun 0 = 0

Note: The target expression is not type-correct under the `instances` transparency level, which may have triggered the failure. This is usually caused by unfolding of semireducible definitions in prior tactic steps. Use `set_option linter.tacticCheckInstances true` to investigate the source of the issue.
Full error:
  Application type mismatch: The argument
    0
  has type
    (S.element 5 (ActualAdamsIncomingBridge.sourceDegree 5 degree)).carrier
  but is expected to have type
    (S.element 5 Incoming5.degree).carrier
  in the application
    (S.differential 5 Incoming5.degree).toFun 0
'Prop79NeighborCoordinates.assemble5' depends on axioms: [propext, Classical.choice, Quot.sound]
'Prop79NeighborCoordinates.all_incoming5_zero' depends on axioms: [propext, sorryAx, Classical.choice, Quot.sound]
'Prop79NeighborCoordinates.finalPage' depends on axioms: [propext, sorryAx, Classical.choice, Quot.sound]
'Prop79NeighborCoordinates.requested_result' depends on axioms: [propext, sorryAx, Classical.choice, Quot.sound]
