{
  "status": "passed_no_findings",
  "counts": {
    "axiom_reports": 11,
    "derived_representatives": 4956,
    "actual_quotient_and_add_pairs": 134220,
    "constructed_steps": 408,
    "derived_full_singleton_neighbors": 12,
    "actual_models": 140,
    "single_named_value_forces_whole_d5_zero": 512,
    "missing_named_value_countermodels": 1536
  },
  "review": {
    "later_current_coordinates_are_derived": true,
    "sourceEquiv_degree4": [
      10,
      136
    ],
    "outgoing_target_degree4": [
      18,
      142
    ],
    "sourceEquiv_degree5": [
      9,
      135
    ],
    "full_d5_zero_derived_from_single_named_value": true,
    "no_self_reference_in_coordinate_meanings": true,
    "d5_known_basis_remains_actual_mathematical_input": true,
    "E6_or_permanence_claimed": false
  },
  "input_sha256": {
    "Prop79NeighborCoordinates/independent_review.py": "37b89f0fd932f0294f374fe11e4b38cc0ddf9b7938cd2d597d9c4496add35b6d",
    "Prop79NeighborCoordinates/frozen-source.json": "28686c512781910914b44a30a9d27b94432f38f41e05e21842e84d2d7cd4fda2",
    "Prop79IncomingSearch/search.json": "485bfad505d242f35b76e4db88c7df62229a1ff018b0aece4409fbb253ab4867",
    "ActualAdamsIncomingBridge/Basic.lean": "8897d3091bfaf63eb075fb3a541133e3b9a5f0eb97a62fa31d61027ae5c806c0",
    "Fact721ConstructedActual/Basic.lean": "465356f485bcc9f7d1781737329a251b95d2df7142548ecdf1faa6cdbc34c634"
  }
}
