{
  "status": "pass",
  "counts": {
    "finite_quotient_pairs": 1126,
    "actual_quotient_pairs": 16998,
    "constructed_steps": 60,
    "actual_models": 22,
    "missing_prefix_countermodels": 3
  },
  "axiom_reports": {
    "Basic": 7,
    "Assembly": 4
  },
  "derived_neighbors": [
    "incoming d4 E4 dimension0",
    "outgoing d4 E4 dimension0",
    "incoming d5 E5 dimension1"
  ],
  "remaining": [
    "initial complete additive coordinates for each neighboring degree",
    "whole known neighboring actual differential meanings and local quotient laws",
    "one actual d5-zero theorem on the constructed incoming E5 basis element"
  ]
}
