{
  "status": "independently_replayed_bounded_search_not_a_Lean_theorem",
  "deterministic_rerun": false,
  "map_records": 70,
  "counts": {
    "candidate_needs_full_map_compatibility": 14,
    "source_nonzero_quotient": 23,
    "target_zero_quotient": 12,
    "unknown": 21
  },
  "complete_cycle_quotients": 102,
  "noncycle_images": 0,
  "reduction_steps": 200,
  "explicit_ring_relation_lifts": 64,
  "requested_max_s": 19,
  "requested_max_t": 264,
  "viable_candidates": [
    "S0__S0_by_2",
    "S0__S0_by_eta",
    "S0__S0_by_nu",
    "S0__CW_nu_eta_2",
    "S0__CW_eta_nu_sigma",
    "S0__CW_2_eta_nu_sigma",
    "S0__CW_nu_eta",
    "S0__C2h5",
    "S0__S0_by_eta5",
    "S0__C2_by_h5",
    "S1__Q_CW_2_V_eta",
    "S4__Q_CW_eta_V_nu",
    "S2__Q_CW_eta_V_nu",
    "S4__Q_CW_nu_V_sigma"
  ],
  "report_sha256": "de9e1eed0aa069067c325015ab20c97db28a238fb37278d5605552ee569ec866",
  "review_script_sha256": "557efe11ed1b33c89b3d02c88de0eaab66f5c627b6e77736e0f8b83eaf76fcc2"
}
