[  3%] Building C object thirdparty/sqlite3/CMakeFiles/sqlite3.dir/sqlite3.c.o
[  6%] Linking C static library libsqlite3.a
[  6%] Built target sqlite3
[ 10%] Building CXX object thirdparty/fmt/CMakeFiles/fmt.dir/src/format.cc.o
[ 13%] Building CXX object thirdparty/fmt/CMakeFiles/fmt.dir/src/os.cc.o
[ 16%] Linking CXX static library libfmt.a
[ 16%] Built target fmt
[ 20%] Building CXX object src/CMakeFiles/algebras.dir/algebras.cpp.o
[ 23%] Building CXX object src/CMakeFiles/algebras.dir/algebrasZ.cpp.o
[ 26%] Building CXX object src/CMakeFiles/algebras.dir/groebner.cpp.o
[ 30%] Building CXX object src/CMakeFiles/algebras.dir/database.cpp.o
[ 33%] Building CXX object src/CMakeFiles/algebras.dir/dbAdamsSS.cpp.o
[ 36%] Building CXX object src/CMakeFiles/algebras.dir/linalg.cpp.o
[ 40%] Building CXX object src/CMakeFiles/algebras.dir/myio.cpp.o
[ 43%] Building CXX object src/CMakeFiles/algebras.dir/steenrod.cpp.o
[ 46%] Building CXX object src/CMakeFiles/algebras.dir/groebner_steenrod.cpp.o
[ 50%] Building CXX object src/CMakeFiles/algebras.dir/utility.cpp.o
[ 53%] Building CXX object src/CMakeFiles/algebras.dir/benchmark.cpp.o
[ 56%] Linking CXX static library libalgebras.a
[ 56%] Built target algebras
[ 60%] Building CXX object Adams/CMakeFiles/Adams.dir/AdamsRes.cpp.o
[ 63%] Building CXX object Adams/CMakeFiles/Adams.dir/groebner_res.cpp.o
[ 66%] Building CXX object Adams/CMakeFiles/Adams.dir/groebner_res_const.cpp.o
[ 70%] Building CXX object Adams/CMakeFiles/Adams.dir/AdamsProd.cpp.o
[ 73%] Building CXX object Adams/CMakeFiles/Adams.dir/AdamsExport.cpp.o
[ 76%] Building CXX object Adams/CMakeFiles/Adams.dir/AdamsVerify.cpp.o
[ 80%] Building CXX object Adams/CMakeFiles/Adams.dir/AdamsCell.cpp.o
[ 83%] Building CXX object Adams/CMakeFiles/Adams.dir/complexes.cpp.o
[ 86%] Building CXX object Adams/CMakeFiles/Adams.dir/main.cpp.o
[ 90%] Building CXX object Adams/CMakeFiles/Adams.dir/AdamsUtilities.cpp.o
[ 93%] Building CXX object Adams/CMakeFiles/Adams.dir/AdamsScheduler.cpp.o
[ 96%] Building CXX object Adams/CMakeFiles/Adams.dir/AdamsD2.cpp.o
[100%] Linking CXX executable ../bin/Adams
[100%] Built target Adams
