{
  "status": "no_correctness_findings",
  "findings": [],
  "stages": 4,
  "four_stage_systems": 256,
  "hit_tails": 1688,
  "before_plus_hit_cycles": 1337,
  "cycle_transports": 3008,
  "faithful_reflections": 472,
  "axiom_reports": {
    "Basic": 6,
    "Hit": 5,
    "Filtration": 4,
    "Fact762": 3,
    "Examples": 7
  },
  "reviewed": [
    "all n induction proves zero after a genuine incoming hit",
    "prior cycle checks plus actual hit imply outgoing AlwaysCycle, not strong Permanent",
    "cycle-only advance compatibility suffices for all-page map naturality",
    "faithful outgoing maps are required to reflect cycles",
    "Fact762 actual d2 input and index+2 page convention retained"
  ],
  "limitations": [
    "does not establish an actual hit of the paper class",
    "does not close the no-hit branch or construct a global paper map",
    "prefix interpretations and all-page system laws remain mathematical premises"
  ]
}
