Row2907PDeltaDetection/Branches.lean:14:10: error: unexpected identifier; expected prec
Row2907PDeltaDetection/Branches.lean:15:30: error: unexpected identifier; expected ':'
Row2907PDeltaDetection/Branches.lean:16:34: error: unexpected identifier; expected ':'
Row2907PDeltaDetection/Branches.lean:28:71: error(lean.invalidField): Invalid field `prefix`: The environment does not contain `Row2907PDeltaDetection.Branches.Witness.prefix`, so it is not possible to project the field `prefix` from an expression
  W
of type `Witness S pages P`
Row2907PDeltaDetection/Branches.lean:28:80: error(lean.invalidField): Invalid field `source`: The environment does not contain `Row2907PDeltaDetection.Branches.Witness.source`, so it is not possible to project the field `source` from an expression
  W
of type `Witness S pages P`
Row2907PDeltaDetection/Branches.lean:30:6: error(lean.invalidField): Invalid field `prefix`: The environment does not contain `Row2907PDeltaDetection.Branches.Witness.prefix`, so it is not possible to project the field `prefix` from an expression
  W
of type `Witness S pages P`
Row2907PDeltaDetection/Branches.lean:31:21: error(lean.invalidField): Invalid field `meaning`: The environment does not contain `Row2907PDeltaDetection.Branches.Witness.meaning`, so it is not possible to project the field `meaning` from an expression
  W
of type `Witness S pages P`
Row2907PDeltaDetection/Branches.lean:31:31: error(lean.invalidField): Invalid field `source`: The environment does not contain `Row2907PDeltaDetection.Branches.Witness.source`, so it is not possible to project the field `source` from an expression
  W
of type `Witness S pages P`
Row2907PDeltaDetection/Branches.lean:31:40: error(lean.invalidField): Invalid field `sourceName`: The environment does not contain `Row2907PDeltaDetection.Branches.Witness.sourceName`, so it is not possible to project the field `sourceName` from an expression
  W
of type `Witness S pages P`
Row2907PDeltaDetection/Branches.lean:32:85: error(lean.invalidField): Invalid field `next`: The environment does not contain `Row2907PDeltaDetection.Branches.Witness.next`, so it is not possible to project the field `next` from an expression
  W
of type `Witness S pages P`
Row2907PDeltaDetection/Branches.lean:33:23: error(lean.invalidField): Invalid field `meaning`: The environment does not contain `Row2907PDeltaDetection.Branches.Witness.meaning`, so it is not possible to project the field `meaning` from an expression
  W
of type `Witness S pages P`
Row2907PDeltaDetection/Branches.lean:33:33: error(lean.invalidField): Invalid field `known`: The environment does not contain `Row2907PDeltaDetection.Branches.Witness.known`, so it is not possible to project the field `known` from an expression
  W
of type `Witness S pages P`
Row2907PDeltaDetection/Branches.lean:33:41: error(lean.invalidField): Invalid field `transition`: The environment does not contain `Row2907PDeltaDetection.Branches.Witness.transition`, so it is not possible to project the field `transition` from an expression
  W
of type `Witness S pages P`
Row2907PDeltaDetection/Branches.lean:33:54: error(lean.invalidField): Invalid field `leftZero`: The environment does not contain `Row2907PDeltaDetection.Branches.Witness.leftZero`, so it is not possible to project the field `leftZero` from an expression
  W
of type `Witness S pages P`
Row2907PDeltaDetection/Branches.lean:33:65: error(lean.invalidField): Invalid field `factor`: The environment does not contain `Row2907PDeltaDetection.Branches.Witness.factor`, so it is not possible to project the field `factor` from an expression
  W
of type `Witness S pages P`
Row2907PDeltaDetection/Branches.lean:33:74: error(lean.invalidField): Invalid field `source`: The environment does not contain `Row2907PDeltaDetection.Branches.Witness.source`, so it is not possible to project the field `source` from an expression
  W
of type `Witness S pages P`
Row2907PDeltaDetection/Branches.lean:33:83: error(lean.invalidField): Invalid field `product`: The environment does not contain `Row2907PDeltaDetection.Branches.Witness.product`, so it is not possible to project the field `product` from an expression
  W
of type `Witness S pages P`
Row2907PDeltaDetection/Branches.lean:34:6: error(lean.invalidField): Invalid field `factorName`: The environment does not contain `Row2907PDeltaDetection.Branches.Witness.factorName`, so it is not possible to project the field `factorName` from an expression
  W
of type `Witness S pages P`
Row2907PDeltaDetection/Branches.lean:34:19: error(lean.invalidField): Invalid field `sourceName`: The environment does not contain `Row2907PDeltaDetection.Branches.Witness.sourceName`, so it is not possible to project the field `sourceName` from an expression
  W
of type `Witness S pages P`
Row2907PDeltaDetection/Branches.lean:34:32: error(lean.invalidField): Invalid field `productName`: The environment does not contain `Row2907PDeltaDetection.Branches.Witness.productName`, so it is not possible to project the field `productName` from an expression
  W
of type `Witness S pages P`
Row2907PDeltaDetection/Branches.lean:38:56: error(lean.invalidField): Invalid field `next`: The environment does not contain `Row2907PDeltaDetection.Branches.Witness.next`, so it is not possible to project the field `next` from an expression
  W
of type `Witness S pages P`
Row2907PDeltaDetection/Branches.lean:42:8: warning: declaration uses `sorry`
Row2907PDeltaDetection/Branches.lean:56:56: error(lean.invalidField): Invalid field `next`: The environment does not contain `Row2907PDeltaDetection.Branches.Witness.next`, so it is not possible to project the field `next` from an expression
  W
of type `Witness S pages P`
Row2907PDeltaDetection/Branches.lean:64:61: error(lean.invalidField): Invalid field `prefix`: The environment does not contain `Row2907PDeltaDetection.Branches.Witness.prefix`, so it is not possible to project the field `prefix` from an expression
  W
of type `Witness S pages P`
Row2907PDeltaDetection/Branches.lean:66:7: error(lean.invalidField): Invalid field `prefix`: The environment does not contain `Row2907PDeltaDetection.Branches.Witness.prefix`, so it is not possible to project the field `prefix` from an expression
  W
of type `Witness S pages P`
Row2907PDeltaDetection/Branches.lean:67:27: error(lean.invalidField): Invalid field `prefix`: The environment does not contain `Row2907PDeltaDetection.Branches.Witness.prefix`, so it is not possible to project the field `prefix` from an expression
  W
of type `Witness S pages P`
Row2907PDeltaDetection/Branches.lean:74:22: error(lean.invalidField): Invalid field `next`: The environment does not contain `Row2907PDeltaDetection.Branches.Witness.next`, so it is not possible to project the field `next` from an expression
  W
of type `Witness S pages P`
Row2907PDeltaDetection/Branches.lean:74:32: error(lean.invalidField): Invalid field `prefix`: The environment does not contain `Row2907PDeltaDetection.Branches.Witness.prefix`, so it is not possible to project the field `prefix` from an expression
  W
of type `Witness S pages P`
Row2907PDeltaDetection/Branches.lean:81:36: error(lean.invalidField): Invalid field `prefix`: The environment does not contain `Row2907PDeltaDetection.Branches.Witness.prefix`, so it is not possible to project the field `prefix` from an expression
  W
of type `Witness S pages P`
Row2907PDeltaDetection/Branches.lean:85:14: error(lean.unknownIdentifier): Unknown constant `Witness.next_name`
'Row2907PDeltaDetection.Branches.Witness.d4_nonzero' depends on axioms: [propext, sorryAx, Classical.choice, Quot.sound]
'Row2907PDeltaDetection.Branches.target_coordinate_nonzero' depends on axioms: [propext,
 sorryAx,
 Classical.choice,
 Quot.sound]
'Row2907PDeltaDetection.Branches.zero_target_impossible' depends on axioms: [propext,
 sorryAx,
 Classical.choice,
 Quot.sound]
'Row2907PDeltaDetection.Branches.residual_nonzero_excluded' depends on axioms: [propext,
 sorryAx,
 Classical.choice,
 Quot.sound]
'Row2907PDeltaDetection.Branches.one_target_named_value' depends on axioms: [propext,
 sorryAx,
 Classical.choice,
 Quot.sound]
'Row2907PDeltaDetection.Branches.one_target_whole_map' depends on axioms: [propext,
 sorryAx,
 Classical.choice,
 Quot.sound]
'Row2907PDeltaDetection.Branches.one_target_whole_column' depends on axioms: [propext,
 sorryAx,
 Classical.choice,
 Quot.sound]
