'Row2907PDeltaDetection.Data.c12_42_2_valid' depends on axioms: [propext, Quot.sound]
'Row2907PDeltaDetection.Data.c12_42_3_valid' depends on axioms: [propext, Quot.sound]
'Row2907PDeltaDetection.Data.c13_43_2_valid' depends on axioms: [propext, Quot.sound]
'Row2907PDeltaDetection.Data.c15_44_2_valid' depends on axioms: [propext, Quot.sound]
'Row2907PDeltaDetection.Data.c16_137_2_valid' depends on axioms: [propext, Quot.sound]
'Row2907PDeltaDetection.Data.c16_45_2_valid' depends on axioms: [propext, Quot.sound]
'Row2907PDeltaDetection.Data.c16_45_3_valid' depends on axioms: [propext, Quot.sound]
'Row2907PDeltaDetection.Data.c19_47_2_valid' depends on axioms: [propext, Quot.sound]
'Row2907PDeltaDetection.Data.c20_140_2_valid' depends on axioms: [propext, Quot.sound]
'Row2907PDeltaDetection.Data.c25_177_2_valid' depends on axioms: [propext, Quot.sound]
'Row2907PDeltaDetection.Data.c28_179_2_valid' depends on axioms: [propext, Quot.sound]
'Row2907PDeltaDetection.Data.c28_179_3_valid' depends on axioms: [propext, Quot.sound]
'Row2907PDeltaDetection.Data.c29_180_2_valid' depends on axioms: [propext, Quot.sound]
'Row2907PDeltaDetection.Data.c31_181_2_valid' depends on axioms: [propext, Quot.sound]
'Row2907PDeltaDetection.Data.c32_182_2_valid' depends on axioms: [propext, Quot.sound]
'Row2907PDeltaDetection.Data.c32_182_3_valid' depends on axioms: [propext, Quot.sound]
'Row2907PDeltaDetection.Data.c35_184_2_valid' depends on axioms: [propext, Quot.sound]
'Row2907PDeltaDetection.Data.c9_40_2_valid' depends on axioms: [propext, Quot.sound]
'Row2907PDeltaDetection.Data.source0_valid' depends on axioms: [propext, Classical.choice, Quot.sound]
'Row2907PDeltaDetection.Data.source1_valid' depends on axioms: [propext, Classical.choice, Quot.sound]
'Row2907PDeltaDetection.Data.source2_valid' depends on axioms: [propext, Classical.choice, Quot.sound]
'Row2907PDeltaDetection.Data.sourceProduct_valid' depends on axioms: [propext, Quot.sound]
'Row2907PDeltaDetection.Data.target0_valid' depends on axioms: [propext, Classical.choice, Quot.sound]
'Row2907PDeltaDetection.Data.target1_valid' depends on axioms: [propext, Classical.choice, Quot.sound]
'Row2907PDeltaDetection.Data.target2_valid' depends on axioms: [propext, Classical.choice, Quot.sound]
'Row2907PDeltaDetection.Data.targetProduct_valid' depends on axioms: [propext, Quot.sound]
