ActualAdamsHomologyCoordinates/Adapter.lean:104:4: error: Tactic `rewrite` failed: Did not find an occurrence of the pattern
  (M.nextCoordinates ?pages ?valid ?zeroMeaning).equivalence
    ((CertifiedAdamsPages.nextPage ?pages r degree).toNext ⟦?x⟧)
in the target expression
  eval w.comparison.projection (current.equivalence ↑(cycleAdd x y)) =
    add ((M.nextCoordinates pages valid zeroMeaning).equivalence ((pageEquiv pages) ⟦x⟧))
      ((M.nextCoordinates pages valid zeroMeaning).equivalence ((pageEquiv pages) ⟦y⟧))

S : AdamsSpectralSequence
r : ℕ
degree : Bidegree
w : WireComparison
current : Coordinates S r degree w.m
M : Meaning S r degree w current
pages : CertifiedAdamsPages S
valid : w.Valid
zeroMeaning : LocalZeroMeaning pages r degree
addMeaning : LocalAddMeaning pages r degree
qx qy : PageHomology S r degree
x y : PageCycle S r degree
⊢ eval w.comparison.projection (current.equivalence ↑(cycleAdd x y)) =
    add ((M.nextCoordinates pages valid zeroMeaning).equivalence ((pageEquiv pages) ⟦x⟧))
      ((M.nextCoordinates pages valid zeroMeaning).equivalence ((pageEquiv pages) ⟦y⟧))

Note: The target expression is not type-correct under the `instances` transparency level, which may have triggered the failure. This is usually caused by unfolding of semireducible definitions in prior tactic steps. Use `set_option linter.tacticCheckInstances true` to investigate the source of the issue.
Full error:
  Application type mismatch: The argument
    cycleAdd x y
  has type
    PageCycle S r degree
  but is expected to have type
    { x // (S.differential r degree).toFun x = S.zero r (AdamsTarget r degree) }
  in the application
    ↑(cycleAdd x y)
'ActualAdamsHomologyCoordinates.WholeCoordinates.next' depends on axioms: [propext, Classical.choice, Quot.sound]
'ActualAdamsHomologyCoordinates.WholeCoordinates.stepMeaning' depends on axioms: [propext, Classical.choice, Quot.sound]
'ActualAdamsHomologyCoordinates.next_nonzero_iff' depends on axioms: [propext, Classical.choice, Quot.sound]
'ActualAdamsHomologyCoordinates.nextCoordinates_add' depends on axioms: [propext, sorryAx, Classical.choice, Quot.sound]
