ActualAdamsHomologyCoordinates/Basic.lean:34:10: error(lean.unknownIdentifier): Unknown identifier `M.outgoing`
ActualAdamsHomologyCoordinates/Basic.lean:36:10: error(lean.unknownIdentifier): Unknown identifier `M.outgoing_injective`
ActualAdamsHomologyCoordinates/Basic.lean:37:8: error: No goals to be solved
ActualAdamsHomologyCoordinates/Basic.lean:46:11: error(lean.unknownIdentifier): Unknown identifier `M.incomingCoordinates`
ActualAdamsHomologyCoordinates/Basic.lean:47:7: error(lean.unknownIdentifier): Unknown identifier `M.incoming`
ActualAdamsHomologyCoordinates/Basic.lean:49:23: error(lean.unknownIdentifier): Unknown identifier `M.incoming_surjective`
ActualAdamsHomologyCoordinates/Basic.lean:49:11: error: Tactic `rcases` failed: `x✝ : ?m.40` is not an inductive datatype
ActualAdamsHomologyCoordinates/Basic.lean:60:12: error(lean.unknownIdentifier): Unknown identifier `M.current_add`
ActualAdamsHomologyCoordinates/Basic.lean:64:11: error(lean.unknownIdentifier): Unknown identifier `M.boundary_iff`
ActualAdamsHomologyCoordinates/Basic.lean:65:8: error: No goals to be solved
ActualAdamsHomologyCoordinates/Basic.lean:72:35: error(lean.invalidField): Invalid field `cycle_iff`: The environment does not contain `ActualAdamsHomologyCoordinates.Meaning.cycle_iff`, so it is not possible to project the field `cycle_iff` from an expression
  M
of type `Meaning S r degree w current`
ActualAdamsHomologyCoordinates/Basic.lean:73:10: error(lean.invalidField): Invalid field `cycle_iff`: The environment does not contain `ActualAdamsHomologyCoordinates.Meaning.cycle_iff`, so it is not possible to project the field `cycle_iff` from an expression
  M
of type `Meaning S r degree w current`
ActualAdamsHomologyCoordinates/Basic.lean:73:47: error(lean.invalidField): Invalid field `related_iff`: The environment does not contain `ActualAdamsHomologyCoordinates.Meaning.related_iff`, so it is not possible to project the field `related_iff` from an expression
  M
of type `Meaning S r degree w current`
ActualAdamsHomologyCoordinates/Basic.lean:76:6: error(lean.invalidField): Invalid field `homologyCoordinates`: The environment does not contain `ActualAdamsHomologyCoordinates.Meaning.homologyCoordinates`, so it is not possible to project the field `homologyCoordinates` from an expression
  M
of type `Meaning S r degree w current`
ActualAdamsHomologyCoordinates/Basic.lean:80:26: error(lean.invalidField): Invalid field `homologyCoordinates`: The environment does not contain `ActualAdamsHomologyCoordinates.Meaning.homologyCoordinates`, so it is not possible to project the field `homologyCoordinates` from an expression
  M
of type `Meaning S r degree w current`
ActualAdamsHomologyCoordinates/Basic.lean:82:30: error: Application type mismatch: The argument
  x
has type
  ?m.3 valid
but is expected to have type
  Quotient ?m.11
in the application
  Quotient.inductionOn x
ActualAdamsHomologyCoordinates/Basic.lean:83:8: error: No goals to be solved
ActualAdamsHomologyCoordinates/Basic.lean:93:13: error(lean.invalidField): Invalid field `cycle_iff`: The environment does not contain `ActualAdamsHomologyCoordinates.Meaning.cycle_iff`, so it is not possible to project the field `cycle_iff` from an expression
  M
of type `Meaning S r degree w current`
ActualAdamsHomologyCoordinates/Basic.lean:94:8: error: No goals to be solved
ActualAdamsHomologyCoordinates/Basic.lean:98:6: error(lean.invalidField): Invalid field `homologyCoordinates`: The environment does not contain `ActualAdamsHomologyCoordinates.Meaning.homologyCoordinates`, so it is not possible to project the field `homologyCoordinates` from an expression
  M
of type `Meaning S r degree w current`
ActualAdamsHomologyCoordinates/Basic.lean:100:5: error(lean.unknownIdentifier): Unknown identifier `current.equivalence`
ActualAdamsHomologyCoordinates/Basic.lean:105:27: error(lean.invalidField): Invalid field `homologyCoordinates`: The environment does not contain `ActualAdamsHomologyCoordinates.Meaning.homologyCoordinates`, so it is not possible to project the field `homologyCoordinates` from an expression
  M
of type `Meaning S r degree w current`
ActualAdamsHomologyCoordinates/Basic.lean:106:27: error(lean.unknownIdentifier): Unknown identifier `M.representative`
ActualAdamsHomologyCoordinates/Basic.lean:106:54: error(lean.unknownIdentifier): Unknown identifier `M.representative_coordinate`
ActualAdamsHomologyCoordinates/Basic.lean:110:23: error(lean.invalidField): Invalid field `homologyCoordinates`: The environment does not contain `ActualAdamsHomologyCoordinates.Meaning.homologyCoordinates`, so it is not possible to project the field `homologyCoordinates` from an expression
  M
of type `Meaning S r degree w current`
ActualAdamsHomologyCoordinates/Basic.lean:111:7: error(lean.invalidField): Invalid field `homologyCoordinates_injective`: The environment does not contain `ActualAdamsHomologyCoordinates.Meaning.homologyCoordinates_injective`, so it is not possible to project the field `homologyCoordinates_injective` from an expression
  M
of type `Meaning S r degree w current`
ActualAdamsHomologyCoordinates/Basic.lean:111:46: error(lean.invalidField): Invalid field `homologyCoordinates_surjective`: The environment does not contain `ActualAdamsHomologyCoordinates.Meaning.homologyCoordinates_surjective`, so it is not possible to project the field `homologyCoordinates_surjective` from an expression
  M
of type `Meaning S r degree w current`
ActualAdamsHomologyCoordinates/Basic.lean:123:34: error(lean.invalidField): Invalid field `homologyEquiv`: The environment does not contain `ActualAdamsHomologyCoordinates.Meaning.homologyEquiv`, so it is not possible to project the field `homologyEquiv` from an expression
  M
of type `Meaning S r degree w current`
ActualAdamsHomologyCoordinates/Basic.lean:127:6: error(lean.invalidField): Invalid field `nextEquiv`: The environment does not contain `ActualAdamsHomologyCoordinates.Meaning.nextEquiv`, so it is not possible to project the field `nextEquiv` from an expression
  M
of type `Meaning S r degree w current`
ActualAdamsHomologyCoordinates/Basic.lean:129:9: error(lean.unknownIdentifier): Unknown identifier `M.homologyCoordinates`
ActualAdamsHomologyCoordinates/Basic.lean:142:19: error(lean.invalidField): Invalid field `nextEquiv`: The environment does not contain `ActualAdamsHomologyCoordinates.Meaning.nextEquiv`, so it is not possible to project the field `nextEquiv` from an expression
  M
of type `Meaning S r degree w current`
ActualAdamsHomologyCoordinates/Basic.lean:144:17: error(lean.invalidField): Invalid field `nextEquiv_quotient`: The environment does not contain `ActualAdamsHomologyCoordinates.Meaning.nextEquiv_quotient`, so it is not possible to project the field `nextEquiv_quotient` from an expression
  M
of type `Meaning S r degree w current`
ActualAdamsHomologyCoordinates/Basic.lean:143:16: error: unsolved goals
S : AdamsSpectralSequence
r : ℕ
degree : Bidegree
w : WireComparison
current : Coordinates S r degree w.m
M : Meaning S r degree w current
pages : CertifiedAdamsPages S
valid : w.Valid
zeroMeaning : LocalZeroMeaning pages r degree
⊢ sorry 0 = zero
ActualAdamsHomologyCoordinates/Basic.lean:154:7: error(lean.invalidField): Invalid field `nextCoordinates`: The environment does not contain `ActualAdamsHomologyCoordinates.Meaning.nextCoordinates`, so it is not possible to project the field `nextCoordinates` from an expression
  M
of type `Meaning S r degree w current`
ActualAdamsHomologyCoordinates/Basic.lean:157:2: error(lean.unknownIdentifier): Unknown identifier `M.nextEquiv_quotient`
'ActualAdamsHomologyCoordinates.cycle_iff' depends on axioms: [propext, sorryAx, Quot.sound]
'ActualAdamsHomologyCoordinates.boundary_iff' depends on axioms: [propext, sorryAx, Classical.choice, Quot.sound]
'ActualAdamsHomologyCoordinates.related_iff' depends on axioms: [propext, sorryAx, Quot.sound]
'ActualAdamsHomologyCoordinates.homologyCoordinates_injective' depends on axioms: [propext, sorryAx]
'ActualAdamsHomologyCoordinates.representative_coordinate' depends on axioms: [propext, sorryAx]
ActualAdamsHomologyCoordinates/Basic.lean:164:14: error(lean.unknownIdentifier): Unknown constant `homologyCoordinates_surjective`
'ActualAdamsHomologyCoordinates.homologyEquiv' depends on axioms: [propext, sorryAx, Classical.choice, Quot.sound]
'ActualAdamsHomologyCoordinates.nextEquiv_quotient' depends on axioms: [propext, sorryAx, Classical.choice, Quot.sound]
'ActualAdamsHomologyCoordinates.nextCoordinates' depends on axioms: [propext, sorryAx, Classical.choice, Quot.sound]
'ActualAdamsHomologyCoordinates.nextCoordinates_quotient' depends on axioms: [propext,
 sorryAx,
 Classical.choice,
 Quot.sound]
