{
  "status": "no_correctness_findings",
  "findings": [],
  "quotient_pairs": 2381,
  "detector_assignments": 4,
  "accepted_assignments": 1,
  "literal_Lean_wires_match": true,
  "unknown_rows_preserved": [
    2852,
    3076
  ],
  "axiom_reports": {
    "Basic": 8,
    "Trace": 8,
    "Tactic": 4,
    "Detector": 6,
    "Assembly": 5
  },
  "reviewed": [
    "same initial element at all quotient steps",
    "unknown d3 derived using actual naturality and complete zero Ceta codomain",
    "all S0 columns proved using the separately supplied known column",
    "derived actual E4 target used by final main d4 equation",
    "tactic checks exact goal and initial naming proof"
  ],
  "limitations": [
    "initial and neighboring actual Adams interpretations remain premises",
    "main whole d4 equation remains a premise",
    "no d5 survival or topological realization"
  ]
}
