Fact713Row2916Continuation/Actual.lean:41:8: error: Tactic `rewrite` failed: Did not find an occurrence of the pattern
  (S.differential 4 Row2916D4Search.Actual.sphereDegree).toFun (x ⋯)
in the target expression
  pageCast S 4 ⋯ ((S.differential 4 (ActualAdamsIncomingBridge.sourceDegree 4 degree)).toFun (x ⋯)) = 0

S T : AdamsSpectralSequence
pages : CertifiedAdamsPages S
P : CertifiedAdamsProduct S
A : Fact713Row3247Source.ModuleLeibniz.Action S T
D : Input S T pages P A
x : ActualAdamsIncomingBridge.Source S 4 degree
hz : (S.differential 4 Row2916D4Search.Actual.sphereDegree).toFun (x ⋯) = 0
⊢ pageCast S 4 ⋯ ((S.differential 4 (ActualAdamsIncomingBridge.sourceDegree 4 degree)).toFun (x ⋯)) = 0

Note: The target expression is not type-correct under the `instances` transparency level, which may have triggered the failure. This is usually caused by unfolding of semireducible definitions in prior tactic steps. Use `set_option linter.tacticCheckInstances true` to investigate the source of the issue.
Full error:
  Application type mismatch: The argument
    Eq.refl true
  has type
    @Eq Bool true true
  but is expected to have type
    @Eq Bool (decide (4 ≤ degree.filtration)) true
  in the application
    id (Eq.refl true)
'Fact713Row2916Continuation.Actual.whole_incoming' depends on axioms: [propext, sorryAx, Classical.choice, Quot.sound]
'Fact713Row2916Continuation.Actual.whole_outgoing' depends on axioms: [propext, Classical.choice, Quot.sound]
'Fact713Row2916Continuation.Actual.Input.whole' depends on axioms: [propext, sorryAx, Classical.choice, Quot.sound]
'Fact713Row2916Continuation.Actual.Input.page5' depends on axioms: [propext, sorryAx, Classical.choice, Quot.sound]
'Fact713Row2916Continuation.Actual.named5_coordinate' depends on axioms: [propext,
 sorryAx,
 Classical.choice,
 Quot.sound]
'Fact713Row2916Continuation.Actual.named5_nonzero' depends on axioms: [propext, sorryAx, Classical.choice, Quot.sound]
