Fact713Row3143Continuation/Constructed.lean:29:63: error: Function expected at
  Endpoint
but this term has type
  ?m.1

Note: Expected a function because this term is being applied to the argument
  S

Hint: The identifier `Endpoint` is unknown, and Lean's `autoImplicit` option causes an unknown identifier to be treated as an implicitly bound variable with an unknown type. However, the unknown type cannot be a function, and a function is what Lean expects here. This is often the result of a typo or a missing `import` or `open` statement.
Fact713Row3143Continuation/Constructed.lean:35:8: warning: declaration uses `sorry`
Fact713Row3143Continuation/Constructed.lean:40:8: warning: declaration uses `sorry`
Fact713Row3143Continuation/Constructed.lean:43:2: warning: 'rw [h, P.page10.coordinates.zero_value] at coordinates' tactic does nothing

Note: This linter can be disabled with `set_option linter.unusedTactic false`
Fact713Row3143Continuation/Constructed.lean:44:2: warning: 'exact (show (zero : Vec 1) ≠ vector10 from by decide) coordinates' tactic does nothing

Note: This linter can be disabled with `set_option linter.unusedTactic false`
Fact713Row3143Continuation/Constructed.lean:44:2: warning: this tactic is never executed

Note: This linter can be disabled with `set_option linter.unreachableTactic false`
Fact713Row3143Continuation/Constructed.lean:47:51: error: Function expected at
  Trace
but this term has type
  ?m.1

Note: Expected a function because this term is being applied to the argument
  S

Hint: The identifier `Trace` is unknown, and Lean's `autoImplicit` option causes an unknown identifier to be treated as an implicitly bound variable with an unknown type. However, the unknown type cannot be a function, and a function is what Lean expects here. This is often the result of a typo or a missing `import` or `open` statement.
'Fact713Row3143Continuation.Constructed.accepted9' depends on axioms: [propext]
'Fact713Row3143Continuation.Constructed.finite9' depends on axioms: [propext, Classical.choice, Quot.sound]
'Fact713Row3143Continuation.Constructed.Prefix10.page10' depends on axioms: [propext, Classical.choice, Quot.sound]
'Fact713Row3143Continuation.Constructed.Prefix10.coordinate10' depends on axioms: [propext,
 sorryAx,
 Classical.choice,
 Quot.sound]
'Fact713Row3143Continuation.Constructed.Prefix10.nonzero10' depends on axioms: [propext,
 sorryAx,
 Classical.choice,
 Quot.sound]
'Fact713Row3143Continuation.Constructed.Prefix10.named_E10' depends on axioms: [propext,
 sorryAx,
 Classical.choice,
 Quot.sound]
'Fact713Row3143Continuation.Constructed.assemble' depends on axioms: [propext, Classical.choice, Quot.sound]
