OutgoingCycleCertificates/Basic.lean:47:8: error: Tactic `rewrite` failed: Did not find an occurrence of the pattern
  (PrefixCoordinates.page s stages meaning.coordinates i).outgoingCoordinates
    ((PrefixCoordinates.page s stages meaning.coordinates i).outgoing ?x)
in the target expression
  (PrefixCoordinates.page s stages meaning.coordinates i).outgoingCoordinates (s.outgoing n (s.at x n)) =
    (PrefixCoordinates.page s stages meaning.coordinates i).outgoingCoordinates (s.zeroOutgoing n)

case pos
s : System
x : s.Page 0
stages : List Stage
meaning : PrefixMeaning s x stages
tail : OutgoingTail s stages.length
h : 0 < stages.length ∧ stages.all checkCycleStage = true
n : Nat
hn : n < stages.length
i : Fin stages.length := ⋯
checked : CycleStageValid stages[n]
equations : (PrefixCoordinates.page s stages meaning.coordinates i).Meaning
⊢ (PrefixCoordinates.page s stages meaning.coordinates i).outgoingCoordinates (s.outgoing n (s.at x n)) =
    (PrefixCoordinates.page s stages meaning.coordinates i).outgoingCoordinates (s.zeroOutgoing n)

Note: The target expression is not type-correct under the `instances` transparency level, which may have triggered the failure. This is usually caused by unfolding of semireducible definitions in prior tactic steps. Use `set_option linter.tacticCheckInstances true` to investigate the source of the issue.
Full error:
  Application type mismatch: The argument
    s.outgoing n (s.at x n)
  has type
    s.Outgoing n
  but is expected to have type
    (PrefixCoordinates.page s stages meaning.coordinates i).Outgoing
  in the application
    (PrefixCoordinates.page s stages meaning.coordinates i).outgoingCoordinates (s.outgoing n (s.at x n))
'OutgoingCycleCertificates.checkCycleStage_sound' depends on axioms: [propext, Quot.sound]
'OutgoingCycleCertificates.check_sound' depends on axioms: [propext, sorryAx, Quot.sound]
