Fact763Continuation/Actual.lean:69:20: error: Tactic `rfl` failed: The left-hand side
  basis2 0 i
is not definitionally equal to the right-hand side
  Row2693D5Search.Finite.product5Name i

S : AdamsSpectralSequence
pages : CertifiedAdamsPages S
P : CertifiedAdamsProduct S
D : Input S pages P
x : (S.element 5 degree).carrier
a : (S.element 5 degree).carrier := D.calculation.product.input.nextTarget.equivalence.symm (basis2 0)
b : (S.element 5 degree).carrier := D.calculation.product.input.nextTarget.equivalence.symm (basis2 1)
i : Fin 2
⊢ basis2 0 i = Row2693D5Search.Finite.product5Name i
'Fact763Continuation.Actual.additive_two_ext' depends on axioms: [propext, Classical.choice, Quot.sound]
'Fact763Continuation.Actual.Incoming.page3' depends on axioms: [propext, Classical.choice, Quot.sound]
'Fact763Continuation.Actual.Incoming.page5' depends on axioms: [propext, Classical.choice, Quot.sound]
'Fact763Continuation.Actual.Input.current_add' depends on axioms: [propext, Classical.choice, Quot.sound]
'Fact763Continuation.Actual.whole_outgoing' depends on axioms: [propext, sorryAx, Classical.choice, Quot.sound]
'Fact763Continuation.Actual.Input.incomingSource' depends on axioms: [propext, Classical.choice, Quot.sound]
'Fact763Continuation.Actual.Input.whole' depends on axioms: [propext, sorryAx, Classical.choice, Quot.sound]
'Fact763Continuation.Actual.Input.page6' depends on axioms: [propext, sorryAx, Classical.choice, Quot.sound]
'Fact763Continuation.Actual.coordinate6' depends on axioms: [propext, sorryAx, Classical.choice, Quot.sound]
'Fact763Continuation.Actual.nonzero6' depends on axioms: [propext, sorryAx, Classical.choice, Quot.sound]
'Fact763Continuation.Actual.same_input_E6' depends on axioms: [propext, sorryAx, Classical.choice, Quot.sound]
