Fact713Row2907Continuation/Binding.lean:20:14: error: maximum recursion depth has been reached
use `set_option maxRecDepth <num>` to increase limit
use `set_option diagnostics true` to get diagnostic information
Fact713Row2907Continuation/Binding.lean:25:14: error: maximum recursion depth has been reached
use `set_option maxRecDepth <num>` to increase limit
use `set_option diagnostics true` to get diagnostic information
Fact713Row2907Continuation/Binding.lean:54:17: error: Tactic `rewrite` failed: motive is not type correct:
  fun _a => (target T).equivalence _a = eval (out r (Actual.coefficient T)) (W.data.source4.equivalence ↑x)
Error: Application type mismatch: The argument
  x
has type
  PageCycle S 4 sourceDegree
but is expected to have type
  { x // (S.differential 4 sourceDegree).toFun x = _a }
in the application
  ↑x

Explanation: The rewrite tactic rewrites an expression 'e' using an equality 'a = b' by the following process. First, it looks for all 'a' in 'e'. Second, it tries to abstract these occurrences of 'a' to create a function 'm := fun _a => ...', called the *motive*, with the property that 'm a' is definitionally equal to 'e'. Third, we observe that 'congrArg' implies that 'm a = m b', which can be used with lemmas such as 'Eq.mpr' to change the goal. However, if 'e' depends on specific properties of 'a', then the motive 'm' might not typecheck.

Possible solutions: use rewrite's 'occs' configuration option to limit which occurrences are rewritten, or use 'simp' or 'conv' mode, which have strategies for certain kinds of dependencies (these tactics can handle proofs and 'Decidable' instances whose types depend on the rewritten term, and 'simp' can apply user-defined '@[congr]' theorems as well).

S : AdamsSpectralSequence
pages : CertifiedAdamsPages S
P : CertifiedAdamsProduct S
W : Witness S pages P
r : Bool
T : TargetMeaning W r false
x : PageCycle S 4 sourceDegree
eq :
  (target T).equivalence (S.zero 4 (AdamsTarget 4 sourceDegree)) =
    eval (out r (Actual.coefficient T)) (W.data.source4.equivalence ↑x)
⊢ W.data.source4.equivalence ↑x = W.data.source4.equivalence 0

Note: The target expression is not type-correct under the `instances` transparency level, which may have triggered the failure. This is usually caused by unfolding of semireducible definitions in prior tactic steps. Use `set_option linter.tacticCheckInstances true` to investigate the source of the issue.
Full error:
  Application type mismatch: The argument
    S.zero 4 (AdamsTarget 4 sourceDegree)
  has type
    (S.element 4 (AdamsTarget 4 sourceDegree)).carrier
  but is expected to have type
    (S.element 4 targetDegree).carrier
  in the application
    (target T).equivalence (S.zero 4 (AdamsTarget 4 sourceDegree))
'Fact713Row2907Continuation.Binding.target' depends on axioms: [propext, Classical.choice, Quot.sound]
'Fact713Row2907Continuation.Binding.source_d3_previous' depends on axioms: [sorryAx]
'Fact713Row2907Continuation.Binding.target_d3_previous' depends on axioms: [sorryAx]
'Fact713Row2907Continuation.Binding.source_full_column' depends on axioms: [propext, Classical.choice, Quot.sound]
'Fact713Row2907Continuation.Binding.source_cycles_zero' depends on axioms: [propext,
 sorryAx,
 Classical.choice,
 Quot.sound]
'Fact713Row2907Continuation.Binding.source_E5_zero' depends on axioms: [propext, sorryAx, Classical.choice, Quot.sound]
'Fact713Row2907Continuation.Binding.whole_row2622_d5_zero' depends on axioms: [propext,
 sorryAx,
 Classical.choice,
 Quot.sound]
'Fact713Row2907Continuation.Binding.selected_family' depends on axioms: [propext, Classical.choice, Quot.sound]
