{
  "status": "passed",
  "branches": [
    {
      "case": "zero_a0",
      "entries": 1358,
      "quotient_pairs": 9698,
      "adjacent": 1038,
      "consecutive": 856
    },
    {
      "case": "zero_a1",
      "entries": 1358,
      "quotient_pairs": 9686,
      "adjacent": 1038,
      "consecutive": 856
    },
    {
      "case": "residual_a0",
      "entries": 1367,
      "quotient_pairs": 9710,
      "adjacent": 1045,
      "consecutive": 865
    },
    {
      "case": "residual_a1",
      "entries": 1370,
      "quotient_pairs": 9707,
      "adjacent": 1048,
      "consecutive": 867
    }
  ],
  "frozen_files": 66,
  "modules": 9,
  "standard_axiom_reports": 40,
  "review_source_sha256": "a156a77425cc2db127853547d7d196e369e88f3f86dbf7c09905402a05bf4f7c",
  "scope": "Exact previous prefix plus three complete comparisons; finite trajectory binding. Prefix10 is independently supplied; coherence alone does not realize actual neighboring pages."
}
