Row3151ActualTransport/Named.lean:183:20: error: Tactic `rewrite` failed: Did not find an occurrence of the pattern
  M.sourceE2.equivalence (M.sourceE2.equivalence.symm ?x)
in the target expression
  InImage (matrixOf source2.m source2.n source2.incoming)
    (M.sourceE2.equivalence (M.sourceE2.equivalence.symm sourceRaw))

case left
S : AdamsSpectralSequence
pages : CertifiedAdamsPages S
a : Bool
I : IncomingMeaning S pages a
E : EventMeaning S a I.page4
M : Meanings S pages a I E
h : PageBoundary S 2 sourceDegree (namedSource S pages a I E M)
finite :
  InImage (matrixOf source2.m source2.n source2.incoming)
    (M.sourceE2.equivalence (M.sourceE2.equivalence.symm sourceRaw))
⊢ False

Note: The target expression is not type-correct under the `instances` transparency level, which may have triggered the failure. This is usually caused by unfolding of semireducible definitions in prior tactic steps. Use `set_option linter.tacticCheckInstances true` to investigate the source of the issue.
Full error:
  Application type mismatch: The argument
    M.sourceE2
  has type
    Coordinates S 2 sourceDegree 6
  but is expected to have type
    Coordinates S 2 sourceDegree source2.m
  in the application
    M.sourceE2.equivalence
Row3151ActualTransport/Named.lean:198:20: error: Tactic `rewrite` failed: Did not find an occurrence of the pattern
  M.targetE2.equivalence (M.targetE2.equivalence.symm ?x)
in the target expression
  InImage (matrixOf target2.m target2.n target2.incoming)
    (M.targetE2.equivalence (M.targetE2.equivalence.symm targetRaw))

case left
S : AdamsSpectralSequence
pages : CertifiedAdamsPages S
a : Bool
I : IncomingMeaning S pages a
E : EventMeaning S a I.page4
M : Meanings S pages a I E
h : PageBoundary S 2 targetDegree (namedTarget S pages a I E M)
finite :
  InImage (matrixOf target2.m target2.n target2.incoming)
    (M.targetE2.equivalence (M.targetE2.equivalence.symm targetRaw))
⊢ False

Note: The target expression is not type-correct under the `instances` transparency level, which may have triggered the failure. This is usually caused by unfolding of semireducible definitions in prior tactic steps. Use `set_option linter.tacticCheckInstances true` to investigate the source of the issue.
Full error:
  Application type mismatch: The argument
    M.targetE2
  has type
    Coordinates S 2 targetDegree 5
  but is expected to have type
    Coordinates S 2 targetDegree target2.m
  in the application
    M.targetE2.equivalence
'Row3151ActualTransport.Named.cycle' depends on axioms: [propext, Classical.choice, Quot.sound]
'Row3151ActualTransport.Named.advance_coordinate' depends on axioms: [propext, Classical.choice, Quot.sound]
'Row3151ActualTransport.Named.boundary_iff' depends on axioms: [propext, Classical.choice, Quot.sound]
'Row3151ActualTransport.Named.raw_binding' depends on axioms: [propext]
'Row3151ActualTransport.Named.finite_source_path' depends on axioms: [propext, Classical.choice, Quot.sound]
'Row3151ActualTransport.Named.finite_target_path' depends on axioms: [propext, Classical.choice, Quot.sound]
'Row3151ActualTransport.Named.finite_nonboundaries' depends on axioms: [propext, Classical.choice, Quot.sound]
'Row3151ActualTransport.Named.source4_coordinate' depends on axioms: [propext, Classical.choice, Quot.sound]
'Row3151ActualTransport.Named.target4_coordinate' depends on axioms: [propext, Classical.choice, Quot.sound]
'Row3151ActualTransport.Named.source_prior_nonboundaries' depends on axioms: [propext,
 sorryAx,
 Classical.choice,
 Quot.sound]
'Row3151ActualTransport.Named.target_prior_nonboundaries' depends on axioms: [propext,
 sorryAx,
 Classical.choice,
 Quot.sound]
'Row3151ActualTransport.Named.named_event' depends on axioms: [propext, Classical.choice, Quot.sound]
