{
  "status": "independently_replayed_bounded_search_not_a_Lean_theorem",
  "deterministic_rerun": false,
  "map_records": 70,
  "counts": {
    "candidate_needs_full_map_compatibility": 4,
    "source_nonzero_quotient": 28,
    "target_zero_quotient": 16,
    "unknown": 22
  },
  "complete_cycle_quotients": 97,
  "noncycle_images": 0,
  "reduction_steps": 226,
  "explicit_ring_relation_lifts": 66,
  "requested_max_s": 24,
  "requested_max_t": 268,
  "viable_candidates": [
    "S0__S0_by_2",
    "S0__CW_eta_nu",
    "S0__CW_nu_eta_2",
    "S0__CW_eta_nu_sigma"
  ],
  "report_sha256": "d4e09eb8f2d38fb3e74a726218257b5cf4fb4ac099b1e001f0c098ae20fc8112",
  "review_script_sha256": "557efe11ed1b33c89b3d02c88de0eaab66f5c627b6e77736e0f8b83eaf76fcc2"
}
