Prop79TargetSearch/ZeroSpaces.lean:43:49: error: Tactic `rewrite` failed: Did not find an occurrence of the pattern
  current.coordinates.equivalence 0
in the target expression
  current.coordinates.equivalence 0 = eval (matrixOf wire4.m wire4.n wire4.incoming) (incomingSource x)

S : AdamsSpectralSequence
pages : CertifiedAdamsPages S
current : AdditiveCoordinates S 4 2
outgoingTarget : Coordinates S 4 (AdamsTarget 4 degree) 0
incomingSource : ActualAdamsIncomingBridge.Source S 4 degree ≃ Vec 0
zeroMeaning : Meaning.LocalZeroMeaning pages 4 degree
addMeaning : LocalAddMeaning pages 4 degree
x : ActualAdamsIncomingBridge.Source S 4 degree
⊢ current.coordinates.equivalence 0 = eval (matrixOf wire4.m wire4.n wire4.incoming) (incomingSource x)

Note: The target expression is not type-correct under the `instances` transparency level, which may have triggered the failure. This is usually caused by unfolding of semireducible definitions in prior tactic steps. Use `set_option linter.tacticCheckInstances true` to investigate the source of the issue.
Full error:
  Application type mismatch: The argument
    current
  has type
    AdditiveCoordinates S 4 2
  but is expected to have type
    AdditiveCoordinates S 4 wire4.m
  in the application
    current.coordinates
'Prop79TargetSearch.ZeroSpaces.outgoing_zero' depends on axioms: [propext, Quot.sound]
'Prop79TargetSearch.ZeroSpaces.incoming_zero' depends on axioms: [propext, Quot.sound]
'Prop79TargetSearch.ZeroSpaces.step4' depends on axioms: [propext, sorryAx, Classical.choice, Quot.sound]
