{"synthetic": false,
 "schemaVersion": "2025-09-10",
 "outputs":
 {"o": ["7b98baa067c80712.olean"],
  "m": false,
  "i": "1c30e280ed96766e.ilean",
  "c": "fa05bf88034684b8.c"},
 "log":
 [{"message":
   ".> LEAN_PATH=/inspire/hdd/global_user/baokangjie-CZXS25250151/KIP126/.lake/packages/Cli/.lake/build/lib/lean:/inspire/hdd/global_user/baokangjie-CZXS25250151/KIP126/.lake/packages/batteries/.lake/build/lib/lean:/inspire/hdd/global_user/baokangjie-CZXS25250151/KIP126/.lake/packages/Qq/.lake/build/lib/lean:/inspire/hdd/global_user/baokangjie-CZXS25250151/KIP126/.lake/packages/aesop/.lake/build/lib/lean:/inspire/hdd/global_user/baokangjie-CZXS25250151/KIP126/.lake/packages/proofwidgets/.lake/build/lib/lean:/inspire/hdd/global_user/baokangjie-CZXS25250151/KIP126/.lake/packages/importGraph/.lake/build/lib/lean:/inspire/hdd/global_user/baokangjie-CZXS25250151/KIP126/.lake/packages/LeanSearchClient/.lake/build/lib/lean:/inspire/hdd/global_user/baokangjie-CZXS25250151/KIP126/.lake/packages/plausible/.lake/build/lib/lean:/inspire/hdd/global_user/baokangjie-CZXS25250151/KIP126/.lake/packages/mathlib/.lake/build/lib/lean:/inspire/hdd/global_user/baokangjie-CZXS25250151/Lin-program/program/.lake/build/lib/lean /inspire/hdd/global_user/baokangjie-CZXS25250151/.elan/toolchains/leanprover--lean4---v4.32.2/bin/lean /inspire/hdd/global_user/baokangjie-CZXS25250151/Lin-program/program/LinProgramCertificates/CertificateFormat.lean -o /inspire/hdd/global_user/baokangjie-CZXS25250151/Lin-program/program/.lake/build/lib/lean/LinProgramCertificates/CertificateFormat.olean -i /inspire/hdd/global_user/baokangjie-CZXS25250151/Lin-program/program/.lake/build/lib/lean/LinProgramCertificates/CertificateFormat.ilean -c /inspire/hdd/global_user/baokangjie-CZXS25250151/Lin-program/program/.lake/build/ir/LinProgramCertificates/CertificateFormat.c --setup /inspire/hdd/global_user/baokangjie-CZXS25250151/Lin-program/program/.lake/build/ir/LinProgramCertificates/CertificateFormat.setup.json --json",
   "level": "trace"}],
 "inputs":
 [["LinProgramCertificates.CertificateFormat:deps",
   [["deps",
     [["LinProgramProgram/LinProgramCertificates:extraDep",
       [["@LinProgramProgram:extraDep", "00000000000006bb"]]],
      ["imports", "00000000000006bb"]]],
    ["libs",
     [["import dynlibs", "00000000000006bb"],
      ["package external libraries", "00000000000006bb"],
      ["module dynlibs", "00000000000006bb"],
      ["module plugins", "00000000000006bb"]]]]],
  ["Lean 4.32.2, commit f3b06c705e6c85f5314019d5d3baab0fec5b580c",
   "7508232886a2752a"],
  ["/inspire/hdd/global_user/baokangjie-CZXS25250151/Lin-program/program/LinProgramCertificates/CertificateFormat.lean",
   "a94b33ad328cadda"],
  ["options", "00000000000006bb"],
  ["isModule: false", "feefd2a0d3a1847e"],
  ["Module.name: LinProgramCertificates.CertificateFormat", "989a36765f28b922"],
  ["Package.id?: (some LinProgramProgram)", "7f4fb855624d8eb1"],
  ["Module.leanArgs: #[]", "00000000000006bb"]],
 "depHash": "497659be3ee1c6dd"}