{"synthetic": false,
 "schemaVersion": "2025-09-10",
 "outputs":
 {"o": ["1f01806d255a4100.olean"],
  "m": false,
  "i": "3f1cf6c91b1c7157.ilean",
  "c": "29dd8d1e6ea6f263.c"},
 "log":
 [{"message":
   ".> LEAN_PATH=/inspire/hdd/global_user/baokangjie-CZXS25250151/KIP126/.lake/packages/Cli/.lake/build/lib/lean:/inspire/hdd/global_user/baokangjie-CZXS25250151/KIP126/.lake/packages/batteries/.lake/build/lib/lean:/inspire/hdd/global_user/baokangjie-CZXS25250151/KIP126/.lake/packages/Qq/.lake/build/lib/lean:/inspire/hdd/global_user/baokangjie-CZXS25250151/KIP126/.lake/packages/aesop/.lake/build/lib/lean:/inspire/hdd/global_user/baokangjie-CZXS25250151/KIP126/.lake/packages/proofwidgets/.lake/build/lib/lean:/inspire/hdd/global_user/baokangjie-CZXS25250151/KIP126/.lake/packages/importGraph/.lake/build/lib/lean:/inspire/hdd/global_user/baokangjie-CZXS25250151/KIP126/.lake/packages/LeanSearchClient/.lake/build/lib/lean:/inspire/hdd/global_user/baokangjie-CZXS25250151/KIP126/.lake/packages/plausible/.lake/build/lib/lean:/inspire/hdd/global_user/baokangjie-CZXS25250151/KIP126/.lake/packages/mathlib/.lake/build/lib/lean:/inspire/hdd/global_user/baokangjie-CZXS25250151/Lin-program/program/.lake/build/lib/lean /inspire/hdd/global_user/baokangjie-CZXS25250151/.elan/toolchains/leanprover--lean4---v4.32.2/bin/lean /inspire/hdd/global_user/baokangjie-CZXS25250151/Lin-program/program/LinProgramCertificates/KervaireTactic.lean -o /inspire/hdd/global_user/baokangjie-CZXS25250151/Lin-program/program/.lake/build/lib/lean/LinProgramCertificates/KervaireTactic.olean -i /inspire/hdd/global_user/baokangjie-CZXS25250151/Lin-program/program/.lake/build/lib/lean/LinProgramCertificates/KervaireTactic.ilean -c /inspire/hdd/global_user/baokangjie-CZXS25250151/Lin-program/program/.lake/build/ir/LinProgramCertificates/KervaireTactic.c --setup /inspire/hdd/global_user/baokangjie-CZXS25250151/Lin-program/program/.lake/build/ir/LinProgramCertificates/KervaireTactic.setup.json --json",
   "level": "trace"}],
 "inputs":
 [["LinProgramCertificates.KervaireTactic:deps",
   [["deps",
     [["LinProgramProgram/LinProgramCertificates:extraDep",
       [["@LinProgramProgram:extraDep", "00000000000006bb"]]],
      ["imports",
       [["KervaireProgram.Import transitive imports (legacy)",
         "9c49e4e35bcec099"],
        ["KervaireProgram.Import:importAllArts", "e9ddd7dd28688160"],
        ["LinProgramCertificates.Tactic transitive imports (legacy)",
         "9d73dd6ddfc8cd0f"],
        ["LinProgramCertificates.Tactic:importAllArts", "51ae02650c6a5be3"]]]]],
    ["libs",
     [["import dynlibs", "00000000000006bb"],
      ["package external libraries", "00000000000006bb"],
      ["module dynlibs", "00000000000006bb"],
      ["module plugins", "00000000000006bb"]]]]],
  ["Lean 4.32.2, commit f3b06c705e6c85f5314019d5d3baab0fec5b580c",
   "7508232886a2752a"],
  ["/inspire/hdd/global_user/baokangjie-CZXS25250151/Lin-program/program/LinProgramCertificates/KervaireTactic.lean",
   "b4100e536a450f83"],
  ["options", "00000000000006bb"],
  ["isModule: false", "feefd2a0d3a1847e"],
  ["Module.name: LinProgramCertificates.KervaireTactic", "42b7005a6f8e0be5"],
  ["Package.id?: (some LinProgramProgram)", "7f4fb855624d8eb1"],
  ["Module.leanArgs: #[]", "00000000000006bb"]],
 "depHash": "f8a4b9afa3d8ebe7"}