{"synthetic": false,
 "schemaVersion": "2025-09-10",
 "outputs":
 {"o": ["a4dfa4810c94fdaf.olean"],
  "m": false,
  "i": "e32667dc8b063006.ilean",
  "c": "e0d26f10d36359ff.c"},
 "log":
 [{"message":
   ".> LEAN_PATH=/inspire/hdd/global_user/baokangjie-CZXS25250151/KIP126/.lake/packages/Cli/.lake/build/lib/lean:/inspire/hdd/global_user/baokangjie-CZXS25250151/KIP126/.lake/packages/batteries/.lake/build/lib/lean:/inspire/hdd/global_user/baokangjie-CZXS25250151/KIP126/.lake/packages/Qq/.lake/build/lib/lean:/inspire/hdd/global_user/baokangjie-CZXS25250151/KIP126/.lake/packages/aesop/.lake/build/lib/lean:/inspire/hdd/global_user/baokangjie-CZXS25250151/KIP126/.lake/packages/proofwidgets/.lake/build/lib/lean:/inspire/hdd/global_user/baokangjie-CZXS25250151/KIP126/.lake/packages/importGraph/.lake/build/lib/lean:/inspire/hdd/global_user/baokangjie-CZXS25250151/KIP126/.lake/packages/LeanSearchClient/.lake/build/lib/lean:/inspire/hdd/global_user/baokangjie-CZXS25250151/KIP126/.lake/packages/plausible/.lake/build/lib/lean:/inspire/hdd/global_user/baokangjie-CZXS25250151/KIP126/.lake/packages/mathlib/.lake/build/lib/lean:/inspire/hdd/global_user/baokangjie-CZXS25250151/Lin-program/program/.lake/build/lib/lean /inspire/hdd/global_user/baokangjie-CZXS25250151/.elan/toolchains/leanprover--lean4---v4.32.2/bin/lean /inspire/hdd/global_user/baokangjie-CZXS25250151/Lin-program/program/LinProgramCertificates/Verifier.lean -o /inspire/hdd/global_user/baokangjie-CZXS25250151/Lin-program/program/.lake/build/lib/lean/LinProgramCertificates/Verifier.olean -i /inspire/hdd/global_user/baokangjie-CZXS25250151/Lin-program/program/.lake/build/lib/lean/LinProgramCertificates/Verifier.ilean -c /inspire/hdd/global_user/baokangjie-CZXS25250151/Lin-program/program/.lake/build/ir/LinProgramCertificates/Verifier.c --setup /inspire/hdd/global_user/baokangjie-CZXS25250151/Lin-program/program/.lake/build/ir/LinProgramCertificates/Verifier.setup.json --json",
   "level": "trace"}],
 "inputs":
 [["LinProgramCertificates.Verifier:deps",
   [["deps",
     [["LinProgramProgram/LinProgramCertificates:extraDep",
       [["@LinProgramProgram:extraDep", "00000000000006bb"]]],
      ["imports", "00000000000006bb"]]],
    ["libs",
     [["import dynlibs", "00000000000006bb"],
      ["package external libraries", "00000000000006bb"],
      ["module dynlibs", "00000000000006bb"],
      ["module plugins", "00000000000006bb"]]]]],
  ["Lean 4.32.2, commit f3b06c705e6c85f5314019d5d3baab0fec5b580c",
   "7508232886a2752a"],
  ["/inspire/hdd/global_user/baokangjie-CZXS25250151/Lin-program/program/LinProgramCertificates/Verifier.lean",
   "c9c16706128a3528"],
  ["options", "00000000000006bb"],
  ["isModule: false", "feefd2a0d3a1847e"],
  ["Module.name: LinProgramCertificates.Verifier", "aaaf0cd11e4bc0a6"],
  ["Package.id?: (some LinProgramProgram)", "7f4fb855624d8eb1"],
  ["Module.leanArgs: #[]", "00000000000006bb"]],
 "depHash": "718a91379187ff6d"}