Row3147H2Product/Request.lean:63:9: warning: Variable name `K` is not explicitly referenced.

The binding can be removed (if unused) or named `_` (if used implicitly).

Note: This linter can be disabled with `set_option linter.unusedVariables false`
Row3147H2Product/Request.lean:64:5: warning: Variable name `binding` is not explicitly referenced.

The binding can be removed (if unused) or named `_` (if used implicitly).

Note: This linter can be disabled with `set_option linter.unusedVariables false`
Row3147H2Product/Request.lean:85:9: warning: Variable name `K` is not explicitly referenced.

The binding can be removed (if unused) or named `_` (if used implicitly).

Note: This linter can be disabled with `set_option linter.unusedVariables false`
Row3147H2Product/Request.lean:85:24: warning: Variable name `input` is not explicitly referenced.

The binding can be removed (if unused) or named `_` (if used implicitly).

Note: This linter can be disabled with `set_option linter.unusedVariables false`
Row3147H2Product/Request.lean:95:54: error: Tactic `decide` failed for proposition
  (match parseBatch "{\"claim\":\"x\",\"claim\":\"x\",\"output\":[],\"source\":[],\"version\":1}\n" with
    | Except.error a => true
    | Except.ok a => false) =
    true
because its `Decidable` instance
  instDecidableEqBool
    (match parseBatch "{\"claim\":\"x\",\"claim\":\"x\",\"output\":[],\"source\":[],\"version\":1}\n" with
    | Except.error a => true
    | Except.ok a => false)
    true
did not reduce to `isTrue` or `isFalse`.

After unfolding the instances `instDecidableEqBool`, `instDecidableOr`, `Bool.decEq`, `Nat.decLe`, and `Nat.decLt`, reduction got stuck at the `Decidable` instance
  match
    match parseBatch "{\"claim\":\"x\",\"claim\":\"x\",\"output\":[],\"source\":[],\"version\":1}\n" with
    | Except.error a => true
    | Except.ok a => false,
    true with
  | false, false => isTrue ⋯
  | false, true => isFalse ⋯
  | true, false => isFalse ⋯
  | true, true => isTrue ⋯
'Row3147H2Product.request_sound' depends on axioms: [propext, Classical.choice, Quot.sound]
'Row3147H2Product.batch_sound' depends on axioms: [propext, Classical.choice, Quot.sound]
'Row3147H2Product.imported_single' depends on axioms: [propext, Classical.choice, Quot.sound]
'Row3147H2Product.imported_batch' depends on axioms: [propext, Classical.choice, Quot.sound]
