Row3147H2Product/Request.lean:45:0: error: invalid elab_rules command, specify category using `elab_rules : <cat> ...`
Row3147H2Product/Request.lean:58:2: error: Tactic `Row3147H2Product.tacticRow3147_h2_certUsing_` has not been implemented
Row3147H2Product/Request.lean:61:51: error: Tactic `Row3147H2Product.tacticRow3147_h2_certUsing_` has not been implemented
Row3147H2Product/Request.lean:63:9: warning: Variable name `K` is not explicitly referenced.

The binding can be removed (if unused) or named `_` (if used implicitly).

Note: This linter can be disabled with `set_option linter.unusedVariables false`
Row3147H2Product/Request.lean:64:5: warning: Variable name `binding` is not explicitly referenced.

The binding can be removed (if unused) or named `_` (if used implicitly).

Note: This linter can be disabled with `set_option linter.unusedVariables false`
Row3147H2Product/Request.lean:67:6: warning: this tactic is never executed

Note: This linter can be disabled with `set_option linter.unreachableTactic false`
Row3147H2Product/Request.lean:70:6: warning: this tactic is never executed

Note: This linter can be disabled with `set_option linter.unreachableTactic false`
Row3147H2Product/Request.lean:72:78: warning: this tactic is never executed

Note: This linter can be disabled with `set_option linter.unreachableTactic false`
Row3147H2Product/Request.lean:74:73: warning: this tactic is never executed

Note: This linter can be disabled with `set_option linter.unreachableTactic false`
Row3147H2Product/Request.lean:77:6: warning: this tactic is never executed

Note: This linter can be disabled with `set_option linter.unreachableTactic false`
Row3147H2Product/Request.lean:79:68: warning: this tactic is never executed

Note: This linter can be disabled with `set_option linter.unreachableTactic false`
Row3147H2Product/Request.lean:82:6: warning: this tactic is never executed

Note: This linter can be disabled with `set_option linter.unreachableTactic false`
Row3147H2Product/Request.lean:85:9: warning: Variable name `K` is not explicitly referenced.

The binding can be removed (if unused) or named `_` (if used implicitly).

Note: This linter can be disabled with `set_option linter.unusedVariables false`
Row3147H2Product/Request.lean:85:24: warning: Variable name `input` is not explicitly referenced.

The binding can be removed (if unused) or named `_` (if used implicitly).

Note: This linter can be disabled with `set_option linter.unusedVariables false`
Row3147H2Product/Request.lean:87:48: warning: this tactic is never executed

Note: This linter can be disabled with `set_option linter.unreachableTactic false`
Row3147H2Product/Request.lean:94:103: error(lean.invalidField): Invalid field `isError`: The environment does not contain `Except.isError`, so it is not possible to project the field `isError` from an expression
  parseBatch "{\"claim\":\"x\",\"claim\":\"x\",\"output\":[],\"source\":[],\"version\":1}\n"
of type `Except String (List Request)`
'Row3147H2Product.request_sound' depends on axioms: [propext, Classical.choice, Quot.sound]
'Row3147H2Product.batch_sound' depends on axioms: [propext, Classical.choice, Quot.sound]
'Row3147H2Product.imported_single' depends on axioms: [propext, sorryAx, Classical.choice, Quot.sound]
'Row3147H2Product.imported_batch' depends on axioms: [propext, sorryAx, Classical.choice, Quot.sound]
