Fact713ConstructedE9/Trace.lean:34:2: error: Type mismatch
  advance S pages 8 degree wire8 P.previous.page8.coordinates P.page9.coordinates (P.step8.stepMeaning accepted8)
    P.previous.raw P.previous.endpoint8 ?m.34
has type
  Endpoint S pages (8 + 1) degree P.previous.raw
but is expected to have type
  Endpoint S pages 8 degree P.raw
Fact713ConstructedE9/Trace.lean:40:36: error: Application type mismatch: The argument
  P.endpoint9.value
has type
  (S.element 8 degree).carrier
but is expected to have type
  (S.element 9 degree).carrier
in the application
  P.page9.coordinates.equivalence P.endpoint9.value
Fact713ConstructedE9/Trace.lean:48:8: warning: declaration uses `sorry`
Fact713ConstructedE9/Trace.lean:51:2: warning: 'rw [h, P.page9.coordinates.zero_value] at coordinates' tactic does nothing

Note: This linter can be disabled with `set_option linter.unusedTactic false`
Fact713ConstructedE9/Trace.lean:52:2: warning: 'exact (show (zero : Vec 1) ≠ vector9 from by decide) coordinates' tactic does nothing

Note: This linter can be disabled with `set_option linter.unusedTactic false`
Fact713ConstructedE9/Trace.lean:52:2: warning: this tactic is never executed

Note: This linter can be disabled with `set_option linter.unreachableTactic false`
Fact713ConstructedE9/Trace.lean:61:3: error: Application type mismatch: The argument
  P.endpoint9.value
has type
  (S.element 8 degree).carrier
but is expected to have type
  (S.element 9 degree).carrier
in the application
  Exists.intro P.endpoint9.value
'Fact713ConstructedE9.Prefix9.raw_coordinate' depends on axioms: [propext, Classical.choice, Quot.sound]
'Fact713ConstructedE9.Prefix9.cycle8' depends on axioms: [propext, Classical.choice, Quot.sound]
'Fact713ConstructedE9.Prefix9.nonboundary8' depends on axioms: [propext, Classical.choice, Quot.sound]
'Fact713ConstructedE9.Prefix9.coordinate9' depends on axioms: [propext, sorryAx, Classical.choice, Quot.sound]
'Fact713ConstructedE9.Prefix9.nonzero9' depends on axioms: [propext, sorryAx, Classical.choice, Quot.sound]
'Fact713ConstructedE9.Prefix9.named_E9' depends on axioms: [propext, sorryAx, Classical.choice, Quot.sound]
