{"source_nonzero_quotient": 35, "target_zero_quotient": 14, "unknown": 21}
candidates: []
{
  "status": "independently_replayed_bounded_search_not_a_Lean_theorem",
  "deterministic_rerun": false,
  "map_records": 70,
  "counts": {
    "source_nonzero_quotient": 35,
    "target_zero_quotient": 14,
    "unknown": 21
  },
  "complete_cycle_quotients": 102,
  "noncycle_images": 0,
  "reduction_steps": 160,
  "explicit_ring_relation_lifts": 49,
  "requested_max_s": 14,
  "requested_max_t": 264,
  "viable_candidates": [],
  "report_sha256": "8679150f1d13c3ddd3c35421e382ee7963ef78e784641c86d50e9e608ac868f0",
  "review_script_sha256": "557efe11ed1b33c89b3d02c88de0eaab66f5c627b6e77736e0f8b83eaf76fcc2"
}
Exact staircase2708 source basis2706+2707, target basis2857; independent replay passed.
