{
  "status": "no_correctness_findings",
  "axiom_reports": 55,
  "counts": {
    "raw_matrix_columns": 34,
    "raw_matrices": 16,
    "raw_relation_reductions": 13,
    "d2_homotopy_vectors": 70,
    "d2_quotient_pairs": 240,
    "d2_complexes": 12,
    "d3_homotopy_vectors": 14,
    "d3_quotient_pairs": 52,
    "d3_complexes": 4,
    "conditional_unknown_columns": 2,
    "d3_basis_combinations": 26,
    "d2_square_vectors": 66,
    "d2_quotient_map_vectors": 24,
    "d2_full_maps": 6,
    "d3_square_vectors": 14,
    "d3_quotient_map_vectors": 8,
    "d3_full_maps": 2,
    "actual_descent_quotient_representatives": 1327488,
    "actual_descent_all_elements": 1327296,
    "actual_descent_source_models": 96,
    "actual_descent_target_models": 331776,
    "accepted_whole_d4_maps": 1152,
    "rejected_nonzero_d4_maps": 3456,
    "whole_d4_relabelings": 1152,
    "trace_homotopy_vectors": 10,
    "trace_quotient_pairs": 36,
    "trace_complexes": 3,
    "same_input_actual_quotient_pairs": 82944,
    "same_input_actual_trace_steps": 6912,
    "same_input_actual_trace_models": 2304
  }
}
