{"candidate_needs_full_map_compatibility": 14, "source_nonzero_quotient": 17, "target_zero_quotient": 18, "unknown": 21}
candidates: ['S0__S0_by_2', 'S0__S0_by_nu', 'S0__CW_eta_nu', 'S0__CW_eta_nu_sigma', 'S0__CW_eta_2', 'S0__Ceta_by_2', 'S0__Csigma_by_nu', 'S0__C2h6', 'S0__DC2h6', 'S0__C2_by_h4', 'S0__Csigma_by_2sigma', 'S1__Q_CW_2_V_eta', 'S4__Q_CW_eta_V_nu', 'S4__Q_CW_nu_V_sigma']
{"E3_target_not_injective": 30, "candidate_whole_E3_target_injective_needs_E4_descent": 2, "source_nonzero_E3": 17, "unknown": 21}
whole-target candidates: ['S0__C2h6', 'S0__DC2h6']
{
  "status": "independently_replayed_bounded_search_not_a_Lean_theorem",
  "deterministic_rerun": true,
  "map_records": 70,
  "counts": {
    "candidate_needs_full_map_compatibility": 14,
    "source_nonzero_quotient": 17,
    "target_zero_quotient": 18,
    "unknown": 21
  },
  "complete_cycle_quotients": 200,
  "noncycle_images": 0,
  "reduction_steps": 302,
  "explicit_ring_relation_lifts": 90,
  "requested_max_s": 19,
  "requested_max_t": 264,
  "viable_candidates": [
    "S0__S0_by_2",
    "S0__S0_by_nu",
    "S0__CW_eta_nu",
    "S0__CW_eta_nu_sigma",
    "S0__CW_eta_2",
    "S0__Ceta_by_2",
    "S0__Csigma_by_nu",
    "S0__C2h6",
    "S0__DC2h6",
    "S0__C2_by_h4",
    "S0__Csigma_by_2sigma",
    "S1__Q_CW_2_V_eta",
    "S4__Q_CW_eta_V_nu",
    "S4__Q_CW_nu_V_sigma"
  ],
  "report_sha256": "f13a6db70602e1b3858187161052c69be1937c3fe8386c6ceea139d7be80b152",
  "review_script_sha256": "2d4b906a87e68e8d78b9bf1b6f833ec5ec708a773505eb90b0baab212b07a556"
}
