'Fact721SecondE18.Data.t11d2_valid' depends on axioms: [propext, Quot.sound]
'Fact721SecondE18.Data.i11d2_valid' depends on axioms: [propext, Quot.sound]
'Fact721SecondE18.Data.o11d2_valid' depends on axioms: [propext, Quot.sound]
'Fact721SecondE18.Data.t4d2_valid' depends on axioms: [propext, Quot.sound]
'Fact721SecondE18.Data.t12d2_valid' depends on axioms: [propext, Quot.sound]
'Fact721SecondE18.Data.o4d2_valid' depends on axioms: [propext, Quot.sound]
'Fact721SecondE18.Data.t13d2_valid' depends on axioms: [propext, Quot.sound]
'Fact721SecondE18.Data.i13d2_valid' depends on axioms: [propext, Quot.sound]
'Fact721SecondE18.Data.t14d2_valid' depends on axioms: [propext, Quot.sound]
'Fact721SecondE18.Data.i14d2_valid' depends on axioms: [propext, Quot.sound]
'Fact721SecondE18.Data.t15d2_valid' depends on axioms: [propext, Quot.sound]
'Fact721SecondE18.Data.t16d2_valid' depends on axioms: [propext, Quot.sound]
'Fact721SecondE18.Data.i17d2_valid' depends on axioms: [propext, Quot.sound]
'Fact721SecondE18.Data.ii17d2_valid' depends on axioms: [propext, Quot.sound]
'Fact721SecondE18.Data.t17d2_valid' depends on axioms: [propext, Quot.sound]
'Fact721SecondE18.Data.it17d2_valid' depends on axioms: [propext, Quot.sound]
'Fact721SecondE18.Data.o17d2_valid' depends on axioms: [propext, Quot.sound]
'Fact721SecondE18.Data.t11d3_valid' depends on axioms: [propext, Quot.sound]
'Fact721SecondE18.Data.t4d3_valid' depends on axioms: [propext, Quot.sound]
'Fact721SecondE18.Data.i17d3_valid' depends on axioms: [propext, Quot.sound]
'Fact721SecondE18.Data.t17d3_valid' depends on axioms: [propext, Quot.sound]
