ActualStem125ConstrainedE5/Basic.lean:16:20: error: Ambiguous term
  gDegree
Possible interpretations:
  ActualAdamsProductTraceBridge.gDegree : Bidegree
  
  ActualAdamsProductCycleBridge.gDegree : Bidegree
ActualStem125ConstrainedE5/Basic.lean:17:24: error: Ambiguous term
  deltaDegree
Possible interpretations:
  ActualAdamsProductTraceBridge.deltaDegree : Bidegree
  
  ActualAdamsProductCycleBridge.deltaDegree : Bidegree
ActualStem125ConstrainedE5/Basic.lean:25:8: warning: declaration uses `sorry`
ActualStem125ConstrainedE5/Basic.lean:41:18: error: Type mismatch
  (Data.twentyfive_complete ?m.2240).right.left
has type
  IsComplex (matrixOf (Data.twentyfive ?m.2240).k (Data.twentyfive ?m.2240).m (Data.twentyfive ?m.2240).outgoing)
    (matrixOf (Data.twentyfive ?m.2240).m (Data.twentyfive ?m.2240).n (Data.twentyfive ?m.2240).incoming)
but is expected to have type
  IsComplex (outgoing25 { nine := a, fourteen := b, fifteen := e, twentyfive := (fun i => i) ⟨0, ⋯⟩ })
    (incoming25 { nine := a, fourteen := b, fifteen := e, twentyfive := (fun i => i) ⟨0, ⋯⟩ })
ActualStem125ConstrainedE5/Basic.lean:41:18: error: Type mismatch
  (Data.twentyfive_complete ?m.2240).right.left
has type
  IsComplex (matrixOf (Data.twentyfive ?m.2240).k (Data.twentyfive ?m.2240).m (Data.twentyfive ?m.2240).outgoing)
    (matrixOf (Data.twentyfive ?m.2240).m (Data.twentyfive ?m.2240).n (Data.twentyfive ?m.2240).incoming)
but is expected to have type
  IsComplex (outgoing25 { nine := a, fourteen := b, fifteen := e, twentyfive := (fun i => i) ⟨1, ⋯⟩ })
    (incoming25 { nine := a, fourteen := b, fifteen := e, twentyfive := (fun i => i) ⟨1, ⋯⟩ })
ActualStem125ConstrainedE5/Basic.lean:41:18: error: Type mismatch
  (Data.twentyfive_complete ?m.2240).right.left
has type
  IsComplex (matrixOf (Data.twentyfive ?m.2240).k (Data.twentyfive ?m.2240).m (Data.twentyfive ?m.2240).outgoing)
    (matrixOf (Data.twentyfive ?m.2240).m (Data.twentyfive ?m.2240).n (Data.twentyfive ?m.2240).incoming)
but is expected to have type
  IsComplex (outgoing25 { nine := a, fourteen := b, fifteen := e, twentyfive := (fun i => i) ⟨2, ⋯⟩ })
    (incoming25 { nine := a, fourteen := b, fifteen := e, twentyfive := (fun i => i) ⟨2, ⋯⟩ })
ActualStem125ConstrainedE5/Basic.lean:41:18: error: Type mismatch
  (Data.twentyfive_complete ?m.2240).right.left
has type
  IsComplex (matrixOf (Data.twentyfive ?m.2240).k (Data.twentyfive ?m.2240).m (Data.twentyfive ?m.2240).outgoing)
    (matrixOf (Data.twentyfive ?m.2240).m (Data.twentyfive ?m.2240).n (Data.twentyfive ?m.2240).incoming)
but is expected to have type
  IsComplex (outgoing25 { nine := a, fourteen := b, fifteen := e, twentyfive := (fun i => i) ⟨3, ⋯⟩ })
    (incoming25 { nine := a, fourteen := b, fifteen := e, twentyfive := (fun i => i) ⟨3, ⋯⟩ })
ActualStem125ConstrainedE5/Basic.lean:41:18: error: Type mismatch
  (Data.twentyfive_complete ?m.2240).right.left
has type
  IsComplex (matrixOf (Data.twentyfive ?m.2240).k (Data.twentyfive ?m.2240).m (Data.twentyfive ?m.2240).outgoing)
    (matrixOf (Data.twentyfive ?m.2240).m (Data.twentyfive ?m.2240).n (Data.twentyfive ?m.2240).incoming)
but is expected to have type
  IsComplex (outgoing25 { nine := a, fourteen := b, fifteen := e, twentyfive := (fun i => i) ⟨4, ⋯⟩ })
    (incoming25 { nine := a, fourteen := b, fifteen := e, twentyfive := (fun i => i) ⟨4, ⋯⟩ })
ActualStem125ConstrainedE5/Basic.lean:41:18: error: Type mismatch
  (Data.twentyfive_complete ?m.2240).right.left
has type
  IsComplex (matrixOf (Data.twentyfive ?m.2240).k (Data.twentyfive ?m.2240).m (Data.twentyfive ?m.2240).outgoing)
    (matrixOf (Data.twentyfive ?m.2240).m (Data.twentyfive ?m.2240).n (Data.twentyfive ?m.2240).incoming)
but is expected to have type
  IsComplex (outgoing25 { nine := a, fourteen := b, fifteen := e, twentyfive := (fun i => i) ⟨5, ⋯⟩ })
    (incoming25 { nine := a, fourteen := b, fifteen := e, twentyfive := (fun i => i) ⟨5, ⋯⟩ })
ActualStem125ConstrainedE5/Basic.lean:41:18: error: Type mismatch
  (Data.twentyfive_complete ?m.2240).right.left
has type
  IsComplex (matrixOf (Data.twentyfive ?m.2240).k (Data.twentyfive ?m.2240).m (Data.twentyfive ?m.2240).outgoing)
    (matrixOf (Data.twentyfive ?m.2240).m (Data.twentyfive ?m.2240).n (Data.twentyfive ?m.2240).incoming)
but is expected to have type
  IsComplex (outgoing25 { nine := a, fourteen := b, fifteen := e, twentyfive := (fun i => i) ⟨6, ⋯⟩ })
    (incoming25 { nine := a, fourteen := b, fifteen := e, twentyfive := (fun i => i) ⟨6, ⋯⟩ })
ActualStem125ConstrainedE5/Basic.lean:41:18: error: Type mismatch
  (Data.twentyfive_complete ?m.2240).right.left
has type
  IsComplex (matrixOf (Data.twentyfive ?m.2240).k (Data.twentyfive ?m.2240).m (Data.twentyfive ?m.2240).outgoing)
    (matrixOf (Data.twentyfive ?m.2240).m (Data.twentyfive ?m.2240).n (Data.twentyfive ?m.2240).incoming)
but is expected to have type
  IsComplex (outgoing25 { nine := a, fourteen := b, fifteen := e, twentyfive := (fun i => i) ⟨7, ⋯⟩ })
    (incoming25 { nine := a, fourteen := b, fifteen := e, twentyfive := (fun i => i) ⟨7, ⋯⟩ })
ActualStem125ConstrainedE5/Basic.lean:41:18: error: Type mismatch
  (Data.twentyfive_complete ?m.2240).right.left
has type
  IsComplex (matrixOf (Data.twentyfive ?m.2240).k (Data.twentyfive ?m.2240).m (Data.twentyfive ?m.2240).outgoing)
    (matrixOf (Data.twentyfive ?m.2240).m (Data.twentyfive ?m.2240).n (Data.twentyfive ?m.2240).incoming)
but is expected to have type
  IsComplex (outgoing25 { nine := a, fourteen := b, fifteen := e, twentyfive := (fun i => i) ⟨8, ⋯⟩ })
    (incoming25 { nine := a, fourteen := b, fifteen := e, twentyfive := (fun i => i) ⟨8, ⋯⟩ })
ActualStem125ConstrainedE5/Basic.lean:41:18: error: Type mismatch
  (Data.twentyfive_complete ?m.2240).right.left
has type
  IsComplex (matrixOf (Data.twentyfive ?m.2240).k (Data.twentyfive ?m.2240).m (Data.twentyfive ?m.2240).outgoing)
    (matrixOf (Data.twentyfive ?m.2240).m (Data.twentyfive ?m.2240).n (Data.twentyfive ?m.2240).incoming)
but is expected to have type
  IsComplex (outgoing25 { nine := a, fourteen := b, fifteen := e, twentyfive := (fun i => i) ⟨9, ⋯⟩ })
    (incoming25 { nine := a, fourteen := b, fifteen := e, twentyfive := (fun i => i) ⟨9, ⋯⟩ })
ActualStem125ConstrainedE5/Basic.lean:41:18: error: Type mismatch
  (Data.twentyfive_complete ?m.2240).right.left
has type
  IsComplex (matrixOf (Data.twentyfive ?m.2240).k (Data.twentyfive ?m.2240).m (Data.twentyfive ?m.2240).outgoing)
    (matrixOf (Data.twentyfive ?m.2240).m (Data.twentyfive ?m.2240).n (Data.twentyfive ?m.2240).incoming)
but is expected to have type
  IsComplex (outgoing25 { nine := a, fourteen := b, fifteen := e, twentyfive := (fun i => i) ⟨10, ⋯⟩ })
    (incoming25 { nine := a, fourteen := b, fifteen := e, twentyfive := (fun i => i) ⟨10, ⋯⟩ })
ActualStem125ConstrainedE5/Basic.lean:41:18: error: Type mismatch
  (Data.twentyfive_complete ?m.2240).right.left
has type
  IsComplex (matrixOf (Data.twentyfive ?m.2240).k (Data.twentyfive ?m.2240).m (Data.twentyfive ?m.2240).outgoing)
    (matrixOf (Data.twentyfive ?m.2240).m (Data.twentyfive ?m.2240).n (Data.twentyfive ?m.2240).incoming)
but is expected to have type
  IsComplex (outgoing25 { nine := a, fourteen := b, fifteen := e, twentyfive := (fun i => i) ⟨11, ⋯⟩ })
    (incoming25 { nine := a, fourteen := b, fifteen := e, twentyfive := (fun i => i) ⟨11, ⋯⟩ })
ActualStem125ConstrainedE5/Basic.lean:41:18: error: Type mismatch
  (Data.twentyfive_complete ?m.2240).right.left
has type
  IsComplex (matrixOf (Data.twentyfive ?m.2240).k (Data.twentyfive ?m.2240).m (Data.twentyfive ?m.2240).outgoing)
    (matrixOf (Data.twentyfive ?m.2240).m (Data.twentyfive ?m.2240).n (Data.twentyfive ?m.2240).incoming)
but is expected to have type
  IsComplex (outgoing25 { nine := a, fourteen := b, fifteen := e, twentyfive := (fun i => i) ⟨12, ⋯⟩ })
    (incoming25 { nine := a, fourteen := b, fifteen := e, twentyfive := (fun i => i) ⟨12, ⋯⟩ })
ActualStem125ConstrainedE5/Basic.lean:41:18: error: Type mismatch
  (Data.twentyfive_complete ?m.2240).right.left
has type
  IsComplex (matrixOf (Data.twentyfive ?m.2240).k (Data.twentyfive ?m.2240).m (Data.twentyfive ?m.2240).outgoing)
    (matrixOf (Data.twentyfive ?m.2240).m (Data.twentyfive ?m.2240).n (Data.twentyfive ?m.2240).incoming)
but is expected to have type
  IsComplex (outgoing25 { nine := a, fourteen := b, fifteen := e, twentyfive := (fun i => i) ⟨13, ⋯⟩ })
    (incoming25 { nine := a, fourteen := b, fifteen := e, twentyfive := (fun i => i) ⟨13, ⋯⟩ })
ActualStem125ConstrainedE5/Basic.lean:41:18: error: Type mismatch
  (Data.twentyfive_complete ?m.2240).right.left
has type
  IsComplex (matrixOf (Data.twentyfive ?m.2240).k (Data.twentyfive ?m.2240).m (Data.twentyfive ?m.2240).outgoing)
    (matrixOf (Data.twentyfive ?m.2240).m (Data.twentyfive ?m.2240).n (Data.twentyfive ?m.2240).incoming)
but is expected to have type
  IsComplex (outgoing25 { nine := a, fourteen := b, fifteen := e, twentyfive := (fun i => i) ⟨14, ⋯⟩ })
    (incoming25 { nine := a, fourteen := b, fifteen := e, twentyfive := (fun i => i) ⟨14, ⋯⟩ })
ActualStem125ConstrainedE5/Basic.lean:41:18: error: Type mismatch
  (Data.twentyfive_complete ?m.2240).right.left
has type
  IsComplex (matrixOf (Data.twentyfive ?m.2240).k (Data.twentyfive ?m.2240).m (Data.twentyfive ?m.2240).outgoing)
    (matrixOf (Data.twentyfive ?m.2240).m (Data.twentyfive ?m.2240).n (Data.twentyfive ?m.2240).incoming)
but is expected to have type
  IsComplex (outgoing25 { nine := a, fourteen := b, fifteen := e, twentyfive := (fun i => i) ⟨15, ⋯⟩ })
    (incoming25 { nine := a, fourteen := b, fifteen := e, twentyfive := (fun i => i) ⟨15, ⋯⟩ })
ActualStem125ConstrainedE5/Basic.lean:41:18: error: Type mismatch
  (Data.twentyfive_complete ?m.2240).right.left
has type
  IsComplex (matrixOf (Data.twentyfive ?m.2240).k (Data.twentyfive ?m.2240).m (Data.twentyfive ?m.2240).outgoing)
    (matrixOf (Data.twentyfive ?m.2240).m (Data.twentyfive ?m.2240).n (Data.twentyfive ?m.2240).incoming)
but is expected to have type
  IsComplex (outgoing25 { nine := a, fourteen := b, fifteen := e, twentyfive := (fun i => i) ⟨16, ⋯⟩ })
    (incoming25 { nine := a, fourteen := b, fifteen := e, twentyfive := (fun i => i) ⟨16, ⋯⟩ })
ActualStem125ConstrainedE5/Basic.lean:41:18: error: Type mismatch
  (Data.twentyfive_complete ?m.2240).right.left
has type
  IsComplex (matrixOf (Data.twentyfive ?m.2240).k (Data.twentyfive ?m.2240).m (Data.twentyfive ?m.2240).outgoing)
    (matrixOf (Data.twentyfive ?m.2240).m (Data.twentyfive ?m.2240).n (Data.twentyfive ?m.2240).incoming)
but is expected to have type
  IsComplex (outgoing25 { nine := a, fourteen := b, fifteen := e, twentyfive := (fun i => i) ⟨17, ⋯⟩ })
    (incoming25 { nine := a, fourteen := b, fifteen := e, twentyfive := (fun i => i) ⟨17, ⋯⟩ })
ActualStem125ConstrainedE5/Basic.lean:41:18: error: Type mismatch
  (Data.twentyfive_complete ?m.2240).right.left
has type
  IsComplex (matrixOf (Data.twentyfive ?m.2240).k (Data.twentyfive ?m.2240).m (Data.twentyfive ?m.2240).outgoing)
    (matrixOf (Data.twentyfive ?m.2240).m (Data.twentyfive ?m.2240).n (Data.twentyfive ?m.2240).incoming)
but is expected to have type
  IsComplex (outgoing25 { nine := a, fourteen := b, fifteen := e, twentyfive := (fun i => i) ⟨18, ⋯⟩ })
    (incoming25 { nine := a, fourteen := b, fifteen := e, twentyfive := (fun i => i) ⟨18, ⋯⟩ })
ActualStem125ConstrainedE5/Basic.lean:41:18: error: Type mismatch
  (Data.twentyfive_complete ?m.2240).right.left
has type
  IsComplex (matrixOf (Data.twentyfive ?m.2240).k (Data.twentyfive ?m.2240).m (Data.twentyfive ?m.2240).outgoing)
    (matrixOf (Data.twentyfive ?m.2240).m (Data.twentyfive ?m.2240).n (Data.twentyfive ?m.2240).incoming)
but is expected to have type
  IsComplex (outgoing25 { nine := a, fourteen := b, fifteen := e, twentyfive := (fun i => i) ⟨19, ⋯⟩ })
    (incoming25 { nine := a, fourteen := b, fifteen := e, twentyfive := (fun i => i) ⟨19, ⋯⟩ })
'ActualStem125ConstrainedE5.TraceData.finite_cycle' depends on axioms: [propext, sorryAx, Classical.choice, Quot.sound]
'ActualStem125ConstrainedE5.complex' depends on axioms: [propext, sorryAx, Classical.choice, Quot.sound]
'ActualStem125ConstrainedE5.select' depends on axioms: [propext, sorryAx, Classical.choice, Quot.sound]
'ActualStem125ConstrainedE5.finite_aggregate' depends on axioms: [propext, sorryAx, Classical.choice, Quot.sound]
'ActualStem125ConstrainedE5.dimension_bounds' depends on axioms: [propext, sorryAx, Classical.choice, Quot.sound]
