Row2574D3Search/Actual.lean:40:6: error: Tactic `rewrite` failed: Did not find an occurrence of the pattern
  (S.differential 3 (AdamsTarget 3 Product.sourceDegree)).toFun
    ((S.differential 3 Product.sourceDegree).toFun D.product.original.value3)
in the target expression
  (D.upperMeaning2.nextCoordinates pages Data.upper2_valid ⋯).equivalence
      ((S.differential 3 degree).toFun ((S.differential 3 Product.sourceDegree).toFun D.product.original.value3)) =
    eval (matrixOf 1 3 Data.current3_0.outgoing)
      (D.product.current3.equivalence ((S.differential 3 Product.sourceDegree).toFun D.product.original.value3))

S : AdamsSpectralSequence
pages : CertifiedAdamsPages S
P : CertifiedAdamsProduct S
D : Input S pages P
square :
  (S.differential 3 (AdamsTarget 3 Product.sourceDegree)).toFun
      ((S.differential 3 Product.sourceDegree).toFun D.product.original.value3) =
    0
h :
  (D.upperMeaning2.nextCoordinates pages Data.upper2_valid ⋯).equivalence
      ((S.differential 3 degree).toFun ((S.differential 3 Product.sourceDegree).toFun D.product.original.value3)) =
    eval (matrixOf 1 3 Data.current3_0.outgoing)
      (D.product.current3.equivalence ((S.differential 3 Product.sourceDegree).toFun D.product.original.value3))
⊢ D.product.current3.equivalence ((S.differential 3 Product.sourceDegree).toFun D.product.original.value3) 2 = false
Row2574D3Search/Actual.lean:50:63: error: Tactic `rewrite` failed: Did not find an occurrence of the pattern
  D.product.current3.equivalence 0
in the target expression
  D.product.current3.equivalence 0 =
    eval (matrixOf 3 1 (Data.current3 D.branch).incoming) (D.product.original.source3.equivalence 0)

case inl
S : AdamsSpectralSequence
pages : CertifiedAdamsPages S
P : CertifiedAdamsProduct S
D : Input S pages P
x : (S.element 3 Product.sourceDegree).carrier
casesV : ∀ (v : Vec 1), v = zero ∨ v = fun x => true
hz : D.product.original.source3.equivalence x = zero
same : x = 0
⊢ D.product.current3.equivalence 0 =
    eval (matrixOf 3 1 (Data.current3 D.branch).incoming) (D.product.original.source3.equivalence 0)

Note: The target expression is not type-correct under the `instances` transparency level, which may have triggered the failure. This is usually caused by unfolding of semireducible definitions in prior tactic steps. Use `set_option linter.tacticCheckInstances true` to investigate the source of the issue.
Full error:
  Application type mismatch: The argument
    0
  has type
    (S.element 3 (AdamsTarget 3 Product.sourceDegree)).carrier
  but is expected to have type
    (S.element 3 degree).carrier
  in the application
    D.product.current3.equivalence 0
Row2574D3Search/Actual.lean:94:31: error: Tactic `rewrite` failed: Did not find an occurrence of the pattern
  D.product.original.source3.equivalence 0
in the target expression
  D.product.original.source3.equivalence 0 =
    eval (matrixOf (Data.source3 D.branch).m (Data.source3 D.branch).n (Data.source3 D.branch).incoming)
      (incoming.canonical x)

S : AdamsSpectralSequence
pages : CertifiedAdamsPages S
P : CertifiedAdamsProduct S
D : Input S pages P
sourceAdd : LocalAddMeaning pages 2 Product.sourceDegree
incoming : IncomingInput S pages
x : ActualAdamsIncomingBridge.Source S 3 Product.sourceDegree
⊢ D.product.original.source3.equivalence 0 =
    eval (matrixOf (Data.source3 D.branch).m (Data.source3 D.branch).n (Data.source3 D.branch).incoming)
      (incoming.canonical x)

Note: The target expression is not type-correct under the `instances` transparency level, which may have triggered the failure. This is usually caused by unfolding of semireducible definitions in prior tactic steps. Use `set_option linter.tacticCheckInstances true` to investigate the source of the issue.
Full error:
  Application type mismatch: The argument
    D.product.original.source3
  has type
    Coordinates S 3 Fact715Source2574.Actual.sourceDegree 1
  but is expected to have type
    Coordinates S 3 Product.sourceDegree (Data.source3 D.branch).m
  in the application
    D.product.original.source3.equivalence
'Row2574D3Search.Actual.boundary_cycle' depends on axioms: [propext, Quot.sound]
'Row2574D3Search.Actual.Input.column' depends on axioms: [propext, sorryAx, Classical.choice, Quot.sound]
'Row2574D3Search.Actual.Input.whole_source' depends on axioms: [propext, sorryAx, Classical.choice, Quot.sound]
'Row2574D3Search.Actual.Input.incomingCoordinates' depends on axioms: [propext, Classical.choice, Quot.sound]
'Row2574D3Search.Actual.Input.source_incoming_zero' depends on axioms: [propext, Classical.choice, Quot.sound]
'Row2574D3Search.Actual.IncomingInput.next' depends on axioms: [propext, Classical.choice, Quot.sound]
'Row2574D3Search.Actual.IncomingInput.canonical' depends on axioms: [propext, Classical.choice, Quot.sound]
'Row2574D3Search.Actual.Input.sourceWhole' depends on axioms: [propext, sorryAx, Classical.choice, Quot.sound]
'Row2574D3Search.Actual.Input.whole' depends on axioms: [propext, sorryAx, Classical.choice, Quot.sound]
'Row2574D3Search.Actual.Input.page4' depends on axioms: [propext, sorryAx, Classical.choice, Quot.sound]
'Row2574D3Search.Actual.Input.exhaustive' depends on axioms: [propext, sorryAx, Classical.choice, Quot.sound]
'Row2574D3Search.Actual.Input.name3' depends on axioms: [propext, Classical.choice, Quot.sound]
'Row2574D3Search.Actual.Input.name4' depends on axioms: [propext, sorryAx, Classical.choice, Quot.sound]
'Row2574D3Search.Actual.Input.nonzero4' depends on axioms: [propext, sorryAx, Classical.choice, Quot.sound]
'Row2574D3Search.Actual.Input.trace4' depends on axioms: [propext, sorryAx, Classical.choice, Quot.sound]
'Row2574D3Search.Actual.Input.same_input' depends on axioms: [propext, sorryAx, Classical.choice, Quot.sound]
