Row2574D3Search/Actual.lean:32:51: error: Ambiguous term
  sourceDegree
Possible interpretations:
  Product.sourceDegree : Bidegree
  
  Row3151ActualTransport.sourceDegree : Bidegree
Row2574D3Search/Actual.lean:35:53: error: Ambiguous term
  sourceDegree
Possible interpretations:
  Product.sourceDegree : Bidegree
  
  Row3151ActualTransport.sourceDegree : Bidegree
Row2574D3Search/Actual.lean:43:67: error: Ambiguous term
  sourceDegree
Possible interpretations:
  Product.sourceDegree : Bidegree
  
  Row3151ActualTransport.sourceDegree : Bidegree
Row2574D3Search/Actual.lean:44:53: error: Ambiguous term
  sourceDegree
Possible interpretations:
  Product.sourceDegree : Bidegree
  
  Row3151ActualTransport.sourceDegree : Bidegree
Row2574D3Search/Actual.lean:62:46: error: Ambiguous term
  sourceDegree
Possible interpretations:
  Product.sourceDegree : Bidegree
  
  Row3151ActualTransport.sourceDegree : Bidegree
Row2574D3Search/Actual.lean:63:47: error: Ambiguous term
  sourceDegree
Possible interpretations:
  Product.sourceDegree : Bidegree
  
  Row3151ActualTransport.sourceDegree : Bidegree
Row2574D3Search/Actual.lean:64:54: error: Ambiguous term
  sourceDegree
Possible interpretations:
  Product.sourceDegree : Bidegree
  
  Row3151ActualTransport.sourceDegree : Bidegree
Row2574D3Search/Actual.lean:65:35: error: Ambiguous term
  sourceDegree
Possible interpretations:
  Product.sourceDegree : Bidegree
  
  Row3151ActualTransport.sourceDegree : Bidegree
Row2574D3Search/Actual.lean:66:54: error: Ambiguous term
  sourceDegree
Possible interpretations:
  Product.sourceDegree : Bidegree
  
  Row3151ActualTransport.sourceDegree : Bidegree
Row2574D3Search/Actual.lean:67:32: error: Ambiguous term
  sourceDegree
Possible interpretations:
  Product.sourceDegree : Bidegree
  
  Row3151ActualTransport.sourceDegree : Bidegree
Row2574D3Search/Actual.lean:67:71: error: Ambiguous term
  sourceDegree
Possible interpretations:
  Product.sourceDegree : Bidegree
  
  Row3151ActualTransport.sourceDegree : Bidegree
Row2574D3Search/Actual.lean:80:41: error: Ambiguous term
  sourceDegree
Possible interpretations:
  Product.sourceDegree : Bidegree
  
  Row3151ActualTransport.sourceDegree : Bidegree
Row2574D3Search/Actual.lean:81:45: error: Ambiguous term
  sourceDegree
Possible interpretations:
  Product.sourceDegree : Bidegree
  
  Row3151ActualTransport.sourceDegree : Bidegree
Row2574D3Search/Actual.lean:84:41: error: Ambiguous term
  sourceDegree
Possible interpretations:
  Product.sourceDegree : Bidegree
  
  Row3151ActualTransport.sourceDegree : Bidegree
Row2574D3Search/Actual.lean:86:25: error: Ambiguous term
  sourceDegree
Possible interpretations:
  Product.sourceDegree : Bidegree
  
  Row3151ActualTransport.sourceDegree : Bidegree
Row2574D3Search/Actual.lean:98:18: warning: declaration uses `sorry`
Row2574D3Search/Actual.lean:113:4: warning: 'exact D.whole_source (x (by decide))' tactic does nothing

Note: This linter can be disabled with `set_option linter.unusedTactic false`
Row2574D3Search/Actual.lean:130:103: error: unsolved goals
case zeroMeaning
S : AdamsSpectralSequence
pages : CertifiedAdamsPages S
P : CertifiedAdamsProduct S
D : Input S pages P
⊢ LocalZeroMeaning pages 2 degree
'Row2574D3Search.Actual.boundary_cycle' depends on axioms: [propext, Quot.sound]
'Row2574D3Search.Actual.Input.column' depends on axioms: [propext, sorryAx, Classical.choice, Quot.sound]
'Row2574D3Search.Actual.Input.whole_source' depends on axioms: [propext, sorryAx, Classical.choice, Quot.sound]
'Row2574D3Search.Actual.Input.incomingCoordinates' depends on axioms: [propext, Classical.choice, Quot.sound]
'Row2574D3Search.Actual.Input.source_incoming_zero' depends on axioms: [propext, sorryAx, Classical.choice, Quot.sound]
'Row2574D3Search.Actual.IncomingInput.next' depends on axioms: [propext, Classical.choice, Quot.sound]
'Row2574D3Search.Actual.IncomingInput.canonical' depends on axioms: [propext, sorryAx, Classical.choice, Quot.sound]
'Row2574D3Search.Actual.Input.sourceWhole' depends on axioms: [propext, sorryAx, Classical.choice, Quot.sound]
'Row2574D3Search.Actual.Input.whole' depends on axioms: [propext, sorryAx, Classical.choice, Quot.sound]
'Row2574D3Search.Actual.Input.page4' depends on axioms: [propext, sorryAx, Classical.choice, Quot.sound]
'Row2574D3Search.Actual.Input.exhaustive' depends on axioms: [propext, sorryAx, Classical.choice, Quot.sound]
'Row2574D3Search.Actual.Input.name3' depends on axioms: [propext, sorryAx, Classical.choice, Quot.sound]
'Row2574D3Search.Actual.Input.name4' depends on axioms: [propext, sorryAx, Classical.choice, Quot.sound]
'Row2574D3Search.Actual.Input.nonzero4' depends on axioms: [propext, sorryAx, Classical.choice, Quot.sound]
'Row2574D3Search.Actual.Input.trace4' depends on axioms: [propext, sorryAx, Classical.choice, Quot.sound]
'Row2574D3Search.Actual.Input.same_input' depends on axioms: [propext, sorryAx, Classical.choice, Quot.sound]
