{
  "status": "independent_complete_finite_product_audit_passed",
  "comparisons": 13,
  "comparison_vectors": 62,
  "cycle_pairs": 124,
  "product_columns": 4,
  "polynomial_reduction_steps": 3,
  "cycle_product_pairs": 12,
  "boundary_product_pairs": 12,
  "source_row": [
    3143,
    17,
    140,
    "0",
    null,
    9000
  ],
  "right_target_e2_dimension": 3,
  "right_target_e3_dimension": 1,
  "complete_factor_e3_dimensions": [
    1,
    1
  ],
  "complete_result_target_e3_dimension": 1,
  "left_d4_target_E3_zero": true,
  "right_E3_product_nonzero": true,
  "valid_route": "Known injective target d4 and differentialSq force right d4 zero",
  "limitation": "Actual quotient, multiplication and class naming meanings remain explicit; raw NULL supplies no d3 prefix."
}
