15 full matrices 35 columns 31 reductions
{
  "top_13_139": {
    "source": 1,
    "target": 3,
    "entries": [
      0,
      1,
      0
    ]
  },
  "source_5_38": {
    "source": 2,
    "target": 1,
    "entries": [
      1,
      0
    ]
  },
  "right_8_40": {
    "source": 1,
    "target": 2,
    "entries": [
      0,
      0
    ]
  },
  "left0_5_38": {
    "source": 2,
    "target": 2,
    "entries": [
      0,
      0,
      0,
      0
    ]
  },
  "left1_5_38": {
    "source": 2,
    "target": 2,
    "entries": [
      0,
      0,
      0,
      0
    ]
  }
}
