C2__S0 [16, 140] exact_E3_lift [(3175, 16, 140, '2', '2', 3), (3176, 16, 140, '0', '1', 3), (3177, 16, 140, '1', None, 9000)]
Ceta__S0 [16, 141] no_E3_lift [(5154, 16, 141, '0,3', '1', 2), (5155, 16, 141, '3', '4', 2), (5156, 16, 141, '1,2', None, 9000), (5157, 16, 141, '2', '1', 9997), (5158, 16, 141, '4', '1', 9998)]
Cnu__S0 [16, 143] exact_E3_lift [(4897, 16, 143, '0,1', '0', 2), (4898, 16, 143, '5', '4', 2), (4899, 16, 143, '2', '0', 3), (4900, 16, 143, '1', None, 9000), (4901, 16, 143, '3', None, 9000), (4902, 16, 143, '4', '1', 9997), (4903, 16, 143, '6', '2', 9997)]
Csigma__S0 [16, 147] exact_E3_lift [(5612, 16, 147, '2', '2,3', 3), (5613, 16, 147, '1', '0,1', 3), (5614, 16, 147, '0', '3', 4)]
CW_eta_2__Q_CW_nu_eta_2 [15, 135] exact_E3_lift [(3155, 15, 135, '2', '0', 3), (3156, 15, 135, '0', None, 9000), (3157, 15, 135, '1', '1', 9998)]
CW_eta_nu__Q_CW_2_eta_nu [15, 138] exact_E3_lift [(4720, 15, 138, '2,3', '0', 2), (4721, 15, 138, '3', '0,3', 2), (4722, 15, 138, '0', '0', 3), (4723, 15, 138, '4', '6', 9997), (4724, 15, 138, '1', '4,5', 9997)]
CW_eta_nu_sigma__S0_by_2 [15, 138] exact_E3_lift [(5413, 15, 138, '2,4', '0', 2), (5414, 15, 138, '4', '0,4', 2), (5415, 15, 138, '3', '0,1', 2), (5416, 15, 138, '1', '0', 3), (5417, 15, 138, '0', '3', 9998)]
CW_nu_eta_2__S0_by_sigma [15, 131] exact_E3_lift [(2414, 15, 131, '0,1,2,3', '1', 2), (2415, 15, 131, '2,3,4', '0,1,2', 3), (2416, 15, 131, '3,4', '0,2', 3), (2417, 15, 131, '4', None, 9000), (2418, 15, 131, '1', None, 9000)]
CW_nu_eta__S0_by_sigma [15, 131] no_E3_lift [(3927, 15, 131, '3', '0,1', 2), (3928, 15, 131, '1,4,5', '0,4', 3), (3929, 15, 131, '4,5', '0,1,4', 3), (3930, 15, 131, '5', None, 9000), (3931, 15, 131, '2', '0', 9997), (3932, 15, 131, '0', '1', 9998)]
CW_nu_sigma__S0_by_eta [15, 137] exact_E3_lift [(5129, 15, 137, '0,1', '0', 3), (5130, 15, 137, '2', '0', 9997), (5131, 15, 137, '1', '4', 9998)]
Ceta__Q_CW_2_eta [15, 138] exact_E3_lift [(4768, 15, 138, '2', '0', 2), (4769, 15, 138, '1', '4', 3), (4770, 15, 138, '0', None, 9995), (4771, 15, 138, '3', '4', 9997)]
Ceta__Q_CW_nu_eta [15, 135] no_E3_lift [(4393, 15, 135, '1', '0', 3), (4394, 15, 135, '0', '2', 9998)]
Cnu__Q_CW_eta_nu [15, 137] exact_E3_lift [(4161, 15, 137, '0,2', '0', 3), (4162, 15, 137, '1', None, 9000), (4163, 15, 137, '3', '0', 9997), (4164, 15, 137, '2', '7', 9998)]
Cnu__Q_CW_sigma_nu [15, 131] no_E3_lift [(3548, 15, 131, '2,3', '1', 2), (3549, 15, 131, '1,4,5', '0', 3), (3550, 15, 131, '4,5', '3', 3), (3551, 15, 131, '3', None, 9000), (3552, 15, 131, '5', None, 9000), (3553, 15, 131, '0', '0', 9998)]
Csigma__Q_CW_nu_sigma [15, 135] no_E3_lift [(4229, 15, 135, '1', '0', 2), (4230, 15, 135, '0', '0', 3), (4231, 15, 135, '2,3', None, 9000), (4232, 15, 135, '3', '0', 9998)]
Csigmasq__S0 [16, 154] unknown no such column: d2
Csigmasq__Q_C2h4 [15, 138] unknown no such column: d2
Csigmasq__S0_by_sigmasq [14, 123] unknown no such column: d2
C2h4__S0 [16, 155] exact_E3_lift [(7380, 16, 155, '2,3', '2', 2), (7381, 16, 155, '3', '1,2', 2), (7382, 16, 155, '5', '6', 2), (7383, 16, 155, '1', '2,3', 9997), (7384, 16, 155, '0', '0', 9997), (7385, 16, 155, '4', '5,6', 9998)]
C2__Q_DC2h4 [15, 124] no_E3_lift [(2081, 15, 124, '0', '0', 2)]
C2h4__S0_by_sigmasq [15, 124] no_E3_lift [(3433, 15, 124, '1', '1', 2), (3434, 15, 124, '2', '0,1', 2), (3435, 15, 124, '0', None, 9000)]
C2h5__S0 [16, 171] unknown unknown d2 in complete quotient at basis id 9289
C2__Q_DC2h5 [15, 108] no_E3_lift []
C2h5__S0_by_theta4 [15, 108] no_E3_lift []
Ctheta4__Q_C2h5 [15, 138] unknown no such column: d2
Ctheta4__S0 [16, 170] unknown no such column: d2
Ctheta4__S0_by_theta4 [14, 107] unknown no such column: d2
C2h6__S0 [16, 203] unknown E2 degree t=204 exceeds t_max=200
C2__Q_DC2h6 [15, 76] no_E3_lift [(534, 15, 76, '0', None, 9000)]
C2h6__S0_by_theta5 [15, 76] no_E3_lift [(542, 15, 76, '0', None, 9000)]
Ctheta5__Q_C2h6 [15, 138] unknown no such column: d2
Ctheta5__S0 [16, 202] unknown E2 degree t=203 exceeds t_max=200
C2sigma__S0 [16, 147] unknown no such column: d2
C2__Q_CW_2_A_eta [15, 138] no_E3_lift [(3022, 15, 138, '2', '0', 3), (3023, 15, 138, '1', '4', 4), (3024, 15, 138, '0', '0,3', 9997)]
Ceta__Q_CW_2_A_eta [15, 140] no_E3_lift [(5009, 15, 140, '3', '0', 2), (5010, 15, 140, '0', '0,1,3', 5), (5011, 15, 140, '2', None, 9992), (5012, 15, 140, '1', '0', 9997), (5013, 15, 140, '4', '3', 9998)]
Ceta__Q_CW_eta_A_nu [15, 137] no_E3_lift [(4628, 15, 137, '0', None, 9992), (4629, 15, 137, '1', '1', 9997)]
Cnu__Q_CW_eta_A_nu [15, 141] no_E3_lift [(4664, 15, 141, '2', '0', 2), (4665, 15, 141, '3', '5', 2), (4666, 15, 141, '1', '0,3', 9997), (4667, 15, 141, '0', '3', 9998)]
Cnu__Q_CW_nu_A_sigma [15, 135] no_E3_lift [(3960, 15, 135, '1,3', '2', 3), (3961, 15, 135, '2,3', None, 9000), (3962, 15, 135, '3', '0', 9997), (3963, 15, 135, '0', '1', 9997)]
Csigma__Q_CW_nu_A_sigma [15, 143] no_E3_lift [(5098, 15, 143, '4', '1', 2), (5099, 15, 143, '1', '2', 9997), (5100, 15, 143, '0', None, 9997), (5101, 15, 143, '3', '3', 9998), (5102, 15, 143, '2', '2', 9998)]
CW_2_V_eta__S1 [16, 140] unknown no such column: d2
CW_2_V_eta__S2 [16, 141] unknown no such column: d2
CW_2_A_eta__Q_C2_Ceta [15, 138] unknown no such column: d2
RP1_256__S0 [15, 138] unknown no such column: d2
