C2__S0 [17, 141] exact_E3_lift [(3288, 17, 141, '1', '0', 2), (3289, 17, 141, '0', None, 9000), (3290, 17, 141, '2', '0', 9998)]
Ceta__S0 [17, 142] no_E3_lift [(5255, 17, 142, '1', '1', 2), (5256, 17, 142, '2', '1,2', 2), (5257, 17, 142, '0', '2', 9998), (5258, 17, 142, '3', '3', 9998)]
Cnu__S0 [17, 144] exact_E3_lift [(5040, 17, 144, '2,3', '0', 2), (5041, 17, 144, '3', '1', 2), (5042, 17, 144, '5', '4', 2), (5043, 17, 144, '4', '3', 3), (5044, 17, 144, '6', '4', 9997), (5045, 17, 144, '0', '3', 9997), (5046, 17, 144, '1', '0', 9998)]
Csigma__S0 [17, 148] exact_E3_lift [(5727, 17, 148, '3', '1', 2), (5728, 17, 148, '2', '3', 2), (5729, 17, 148, '1', None, 9000), (5730, 17, 148, '0', '1', 9998)]
CW_eta_2__Q_CW_nu_eta_2 [16, 136] exact_E3_lift [(3236, 16, 136, '2,3', '0', 2), (3237, 16, 136, '4', '1', 2), (3238, 16, 136, '1', '1', 3), (3239, 16, 136, '3', None, 9000), (3240, 16, 136, '5', None, 9000), (3241, 16, 136, '0', '1', 9998)]
CW_eta_nu__Q_CW_2_eta_nu [16, 139] exact_E3_lift [(4829, 16, 139, '3,5,6', '0', 2), (4830, 16, 139, '5,6', '2,4', 2), (4831, 16, 139, '6', '4', 2), (4832, 16, 139, '7', '4,5', 2), (4833, 16, 139, '2', None, 9000), (4834, 16, 139, '4', '1,2', 9997), (4835, 16, 139, '1', '1', 9998), (4836, 16, 139, '0', '5', 9998)]
CW_eta_nu_sigma__S0_by_2 [16, 139] exact_E3_lift [(5540, 16, 139, '4,5', '1', 2), (5541, 16, 139, '5,6', '1,4,6,7', 2), (5542, 16, 139, '6', '6,7', 2), (5543, 16, 139, '3', None, 9000), (5544, 16, 139, '1', '3', 9998), (5545, 16, 139, '2', '1,4', 9998), (5546, 16, 139, '0', '1,3', 9998)]
CW_nu_eta_2__S0_by_sigma [16, 132] no_E3_lift [(2474, 16, 132, '0,3', '0', 2), (2475, 16, 132, '3', '2', 2), (2476, 16, 132, '2', '3', 3), (2477, 16, 132, '1', '0', 9998)]
CW_nu_eta__S0_by_sigma [16, 132] no_E3_lift [(4008, 16, 132, '0,5', '0', 2), (4009, 16, 132, '5', '2', 2), (4010, 16, 132, '4', '3', 3), (4011, 16, 132, '1', None, 9000), (4012, 16, 132, '2', '0', 9997), (4013, 16, 132, '3', '2', 9998)]
CW_nu_sigma__S0_by_eta [16, 138] exact_E3_lift [(5273, 16, 138, '2,3', '6', 3), (5274, 16, 138, '3', None, 9000), (5275, 16, 138, '0', None, 9000), (5276, 16, 138, '1', None, 9000)]
Ceta__Q_CW_2_eta [16, 139] no_E3_lift [(4874, 16, 139, '3,4', '2', 2), (4875, 16, 139, '4', '1,2', 2), (4876, 16, 139, '2', None, 9000), (4877, 16, 139, '1', '2,3', 9998), (4878, 16, 139, '0', '3', 9998)]
Ceta__Q_CW_nu_eta [16, 136] no_E3_lift [(4495, 16, 136, '0,1', '0', 2), (4496, 16, 136, '2,3', '2', 3), (4497, 16, 136, '1', '2', 9998), (4498, 16, 136, '3', '3', 9998)]
Cnu__Q_CW_eta_nu [16, 138] exact_E3_lift [(4285, 16, 138, '1,3', '0', 2), (4286, 16, 138, '3', '0', 3), (4287, 16, 138, '2,4', '5', 3), (4288, 16, 138, '4', None, 9000), (4289, 16, 138, '0', None, 9000)]
Cnu__Q_CW_sigma_nu [16, 132] no_E3_lift [(3652, 16, 132, '7', '2', 2), (3653, 16, 132, '6', '2', 3), (3654, 16, 132, '5', None, 9000), (3655, 16, 132, '1,2,3', None, 9000), (3656, 16, 132, '3', '1', 9995), (3657, 16, 132, '0', None, 9995), (3658, 16, 132, '2', '0', 9996), (3659, 16, 132, '4', '0', 9998)]
Csigma__Q_CW_nu_sigma [16, 136] no_E3_lift [(4315, 16, 136, '1,2', '1', 2), (4316, 16, 136, '3', None, 9000), (4317, 16, 136, '2', '1', 9995), (4318, 16, 136, '0', None, 9995)]
Csigmasq__S0 [17, 155] unknown no such column: d2
Csigmasq__Q_C2h4 [16, 139] unknown no such column: d2
Csigmasq__S0_by_sigmasq [15, 124] unknown no such column: d2
C2h4__S0 [17, 156] exact_E3_lift [(7572, 17, 156, '3,4', '4', 2), (7573, 17, 156, '4', '3,4', 2), (7574, 17, 156, '5', '5', 4), (7575, 17, 156, '6', None, 9000), (7576, 17, 156, '1', None, 9000), (7577, 17, 156, '0', '1', 9997), (7578, 17, 156, '2', '2', 9998)]
C2__Q_DC2h4 [16, 125] no_E3_lift [(2115, 16, 125, '0', '1', 3)]
C2h4__S0_by_sigmasq [16, 125] no_E3_lift [(3499, 16, 125, '0', '2', 3)]
C2h5__S0 [17, 172] unknown d2 degree t=172 exceeds d2_t_max=171
C2__Q_DC2h5 [16, 109] no_E3_lift [(1437, 16, 109, '0', '1', 9997)]
C2h5__S0_by_theta4 [16, 109] no_E3_lift [(1989, 16, 109, '0', '1', 9997)]
Ctheta4__Q_C2h5 [16, 139] unknown no such column: d2
Ctheta4__S0 [17, 171] unknown no such column: d2
Ctheta4__S0_by_theta4 [15, 108] unknown no such column: d2
C2h6__S0 [17, 204] unknown E2 degree t=205 exceeds t_max=200
C2__Q_DC2h6 [16, 77] no_E3_lift []
C2h6__S0_by_theta5 [16, 77] no_E3_lift []
Ctheta5__Q_C2h6 [16, 139] unknown no such column: d2
Ctheta5__S0 [17, 203] unknown E2 degree t=204 exceeds t_max=200
C2sigma__S0 [17, 148] unknown no such column: d2
C2__Q_CW_2_A_eta [16, 139] no_E3_lift [(3100, 16, 139, '0', '0', 3), (3101, 16, 139, '2', '3', 3), (3102, 16, 139, '1', None, 9994)]
Ceta__Q_CW_2_A_eta [16, 141] no_E3_lift [(5154, 16, 141, '0,3', '1', 2), (5155, 16, 141, '3', '4', 2), (5156, 16, 141, '1,2', None, 9000), (5157, 16, 141, '2', '1', 9997), (5158, 16, 141, '4', '1', 9998)]
Ceta__Q_CW_eta_A_nu [16, 138] no_E3_lift [(4765, 16, 138, '2', '2', 3), (4766, 16, 138, '1', '1', 3), (4767, 16, 138, '0', '0', 9998)]
Cnu__Q_CW_eta_A_nu [16, 142] no_E3_lift [(4771, 16, 142, '3', '0', 2), (4772, 16, 142, '4', '4', 2), (4773, 16, 142, '2', None, 5), (4774, 16, 142, '1', None, 9991), (4775, 16, 142, '0', None, 9991)]
Cnu__Q_CW_nu_A_sigma [16, 136] no_E3_lift [(4057, 16, 136, '2,4', '1', 2), (4058, 16, 136, '1,4', '0', 3), (4059, 16, 136, '3,4', None, 9000), (4060, 16, 136, '4', '0', 9997), (4061, 16, 136, '0', None, 9997)]
Csigma__Q_CW_nu_A_sigma [16, 144] no_E3_lift [(5220, 16, 144, '1', '0', 3), (5221, 16, 144, '2', '2', 9997), (5222, 16, 144, '3', '4', 9997), (5223, 16, 144, '0', '1,3', 9998)]
CW_2_V_eta__S1 [17, 141] unknown no such column: d2
CW_2_V_eta__S2 [17, 142] unknown no such column: d2
CW_2_A_eta__Q_C2_Ceta [16, 139] unknown no such column: d2
RP1_256__S0 [16, 139] unknown no such column: d2
