C2__S0 [13, 138] exact_E3_lift [(3032, 13, 138, '4', '1', 3), (3033, 13, 138, '0', '2', 4), (3034, 13, 138, '3', None, 9000), (3035, 13, 138, '2,5', None, 9994), (3036, 13, 138, '5', '2', 9997), (3037, 13, 138, '1', '0', 9997)]
Ceta__S0 [13, 139] exact_E3_lift [(4889, 13, 139, '2', '2', 2), (4890, 13, 139, '3', '5', 2), (4891, 13, 139, '1', None, 9000), (4892, 13, 139, '0', '3', 9998)]
Cnu__S0 [13, 141] no_E3_lift [(4673, 13, 141, '5', '0,1', 2), (4674, 13, 141, '2', '1', 2), (4675, 13, 141, '4', '4', 3), (4676, 13, 141, '0,1', None, 9994), (4677, 13, 141, '1', '2', 9997), (4678, 13, 141, '3', '5', 9998)]
Csigma__S0 [13, 145] exact_E3_lift [(5338, 13, 145, '4', '5', 2), (5339, 13, 145, '0', None, 9994), (5340, 13, 145, '2,3', '2', 9997), (5341, 13, 145, '1', '1', 9997), (5342, 13, 145, '3', '2', 9998)]
CW_eta_2__Q_CW_nu_eta_2 [12, 133] exact_E3_lift [(2989, 12, 133, '2', '0', 2), (2990, 12, 133, '1', None, 9994), (2991, 12, 133, '0', '2', 9997)]
CW_eta_nu__Q_CW_2_eta_nu [12, 136] exact_E3_lift [(4499, 12, 136, '5', '7', 2), (4500, 12, 136, '3,4', '4', 2), (4501, 12, 136, '4', '0', 3), (4502, 12, 136, '1', None, 9994), (4503, 12, 136, '0', '0', 9997), (4504, 12, 136, '2', '3', 9998)]
CW_eta_nu_sigma__S0_by_2 [12, 136] exact_E3_lift [(5166, 12, 136, '3', '5', 2), (5167, 12, 136, '4', '8', 2), (5168, 12, 136, '1', None, 9994), (5169, 12, 136, '0', '1', 9997), (5170, 12, 136, '2', '2', 9998)]
CW_nu_eta_2__S0_by_sigma [12, 129] exact_E3_lift [(2310, 12, 129, '3', '4', 2), (2311, 12, 129, '0', None, 9000), (2312, 12, 129, '1,2', '2,3,4', 9997), (2313, 12, 129, '2', '3,4', 9997)]
CW_nu_eta__S0_by_sigma [12, 129] exact_E3_lift [(3757, 12, 129, '5', '3', 2), (3758, 12, 129, '3', '1', 3), (3759, 12, 129, '2', '0,2', 4), (3760, 12, 129, '0,1', None, 9000), (3761, 12, 129, '1,4', '1,4,5', 9997), (3762, 12, 129, '4', '4,5', 9997)]
CW_nu_sigma__S0_by_eta [12, 135] exact_E3_lift [(4909, 12, 135, '4', '1', 3), (4910, 12, 135, '5', '0', 3), (4911, 12, 135, '3', None, 9996), (4912, 12, 135, '0', '0,1', 9997), (4913, 12, 135, '2', '3', 9998), (4914, 12, 135, '1', '3,6', 9998)]
Ceta__Q_CW_2_eta [12, 136] exact_E3_lift [(4509, 12, 136, '2', '0', 2), (4510, 12, 136, '5', '7', 2), (4511, 12, 136, '3,4', '4', 2), (4512, 12, 136, '1', '0', 3), (4513, 12, 136, '4', '1', 9997), (4514, 12, 136, '0', None, 9997)]
Ceta__Q_CW_nu_eta [12, 133] exact_E3_lift [(4154, 12, 133, '2', '1', 2), (4155, 12, 133, '3', None, 9995), (4156, 12, 133, '0', '1', 9997), (4157, 12, 133, '1', '1', 9998)]
Cnu__Q_CW_eta_nu [12, 135] no_E3_lift [(3975, 12, 135, '2', '1', 3), (3976, 12, 135, '3', '0', 3), (3977, 12, 135, '0', '0,2', 9997), (3978, 12, 135, '1', '2,4', 9998)]
Cnu__Q_CW_sigma_nu [12, 129] no_E3_lift [(3411, 12, 129, '4', '4', 2), (3412, 12, 129, '2', '1', 3), (3413, 12, 129, '1', '0,1', 3), (3414, 12, 129, '0', '1,4,5', 9997), (3415, 12, 129, '3', '4,5', 9997)]
Csigma__Q_CW_nu_sigma [12, 133] exact_E3_lift [(4029, 12, 133, '2', '0', 3), (4030, 12, 133, '1', None, 9988), (4031, 12, 133, '0', '0', 9997)]
Csigmasq__S0 [13, 152] unknown no such column: d2
Csigmasq__Q_C2h4 [12, 136] unknown no such column: d2
Csigmasq__S0_by_sigmasq [11, 121] unknown no such column: d2
C2h4__S0 [13, 153] exact_E3_lift [(7075, 13, 153, '2', '6', 2), (7076, 13, 153, '4', '7', 3), (7077, 13, 153, '3', None, 9989), (7078, 13, 153, '5', '5', 9996), (7079, 13, 153, '1', None, 9996), (7080, 13, 153, '0', None, 9996)]
C2__Q_DC2h4 [12, 122] no_E3_lift [(1980, 12, 122, '1', '0', 2), (1981, 12, 122, '0', '2', 9998)]
C2h4__S0_by_sigmasq [12, 122] no_E3_lift [(3267, 12, 122, '3', '1', 2), (3268, 12, 122, '2', '0,2', 2), (3269, 12, 122, '0', '2', 9998), (3270, 12, 122, '1', '4', 9998)]
C2h5__S0 [13, 169] exact_E3_lift [(8882, 13, 169, '5', '6', 2), (8883, 13, 169, '6,7', None, 9993), (8884, 13, 169, '0', None, 9993), (8885, 13, 169, '3', None, 9996), (8886, 13, 169, '7', '6', 9997), (8887, 13, 169, '1', '5', 9997), (8888, 13, 169, '4', None, 9997), (8889, 13, 169, '2', None, 9997)]
C2__Q_DC2h5 [12, 106] no_E3_lift [(1329, 12, 106, '2', '1', 2), (1330, 12, 106, '0', '0', 4), (1331, 12, 106, '1', None, 9000)]
C2h5__S0_by_theta4 [12, 106] no_E3_lift [(1823, 12, 106, '1', '2,4', 2), (1824, 12, 106, '4', '0', 2), (1825, 12, 106, '0', '2', 3), (1826, 12, 106, '2', '2', 4), (1827, 12, 106, '3', None, 9000)]
Ctheta4__Q_C2h5 [12, 136] unknown no such column: d2
Ctheta4__S0 [13, 168] unknown no such column: d2
Ctheta4__S0_by_theta4 [11, 105] unknown no such column: d2
C2h6__S0 [13, 201] unknown E2 degree t=202 exceeds t_max=200
C2__Q_DC2h6 [12, 74] no_E3_lift []
C2h6__S0_by_theta5 [12, 74] no_E3_lift []
Ctheta5__Q_C2h6 [12, 136] unknown no such column: d2
Ctheta5__S0 [13, 200] unknown E2 degree t=201 exceeds t_max=200
C2sigma__S0 [13, 145] unknown no such column: d2
C2__Q_CW_2_A_eta [12, 136] no_E3_lift [(2855, 12, 136, '2', '0', 2), (2856, 12, 136, '1', None, 9000), (2857, 12, 136, '0', '2', 9997)]
Ceta__Q_CW_2_A_eta [12, 138] no_E3_lift [(4781, 12, 138, '2,3', '0', 2), (4782, 12, 138, '3', '2', 2), (4783, 12, 138, '4', '3', 2), (4784, 12, 138, '6', '6', 2), (4785, 12, 138, '0,1', None, 9000), (4786, 12, 138, '1', '2', 9998), (4787, 12, 138, '5', '4', 9998)]
Ceta__Q_CW_eta_A_nu [12, 135] no_E3_lift [(4401, 12, 135, '2', '0,2', 3), (4402, 12, 135, '1', '1,2', 3), (4403, 12, 135, '0', '0', 9998)]
Cnu__Q_CW_eta_A_nu [12, 139] no_E3_lift [(4420, 12, 139, '3', '1', 2), (4421, 12, 139, '1', '0', 3), (4422, 12, 139, '2', None, 9000), (4423, 12, 139, '0', None, 9996), (4424, 12, 139, '4', '3', 9998)]
Cnu__Q_CW_nu_A_sigma [12, 133] no_E3_lift [(3760, 12, 133, '0', '0', 2), (3761, 12, 133, '1,2,3,4', '0', 3), (3762, 12, 133, '3', None, 9000), (3763, 12, 133, '4', None, 9991), (3764, 12, 133, '2', '1,3', 9997), (3765, 12, 133, '5', '2', 9998)]
Csigma__Q_CW_nu_A_sigma [12, 141] no_E3_lift [(4898, 12, 141, '2', None, 9000), (4899, 12, 141, '1', None, 9992), (4900, 12, 141, '0', '4', 9998)]
CW_2_V_eta__S1 [13, 138] unknown no such column: d2
CW_2_V_eta__S2 [13, 139] unknown no such column: d2
CW_2_A_eta__Q_C2_Ceta [12, 136] unknown no such column: d2
RP1_256__S0 [12, 136] unknown no such column: d2
