Fact713Ctheta4Transport/Actual.lean:12:35: error: Ambiguous term
  sourceDegree
Possible interpretations:
  Source.sourceDegree : Bidegree
  
  Row3151ActualTransport.sourceDegree : Bidegree
Fact713Ctheta4Transport/Actual.lean:13:45: error: Ambiguous term
  sourceDegree
Possible interpretations:
  Source.sourceDegree : Bidegree
  
  Row3151ActualTransport.sourceDegree : Bidegree
Fact713Ctheta4Transport/Actual.lean:17:34: error: Ambiguous term
  sourceDegree
Possible interpretations:
  Source.sourceDegree : Bidegree
  
  Row3151ActualTransport.sourceDegree : Bidegree
Fact713Ctheta4Transport/Actual.lean:39:35: error: Ambiguous term
  sourceDegree
Possible interpretations:
  Source.sourceDegree : Bidegree
  
  Row3151ActualTransport.sourceDegree : Bidegree
Fact713Ctheta4Transport/Actual.lean:40:45: error: Ambiguous term
  sourceDegree
Possible interpretations:
  Source.sourceDegree : Bidegree
  
  Row3151ActualTransport.sourceDegree : Bidegree
Fact713Ctheta4Transport/Actual.lean:44:34: error: Ambiguous term
  sourceDegree
Possible interpretations:
  Source.sourceDegree : Bidegree
  
  Row3151ActualTransport.sourceDegree : Bidegree
Fact713Ctheta4Transport/Actual.lean:60:4: error: Type mismatch
  target.zero_value
has type
  target.equivalence 0 = zero
but is expected to have type
  target.equivalence 0 = eval (matrixOf s17_138_3.k s17_138_3.m s17_138_3.outgoing) (A.input.nextTarget.equivalence x)
Fact713Ctheta4Transport/Actual.lean:68:35: error: Ambiguous term
  sourceDegree
Possible interpretations:
  Source.sourceDegree : Bidegree
  
  Row3151ActualTransport.sourceDegree : Bidegree
Fact713Ctheta4Transport/Actual.lean:69:45: error: Ambiguous term
  sourceDegree
Possible interpretations:
  Source.sourceDegree : Bidegree
  
  Row3151ActualTransport.sourceDegree : Bidegree
Fact713Ctheta4Transport/Actual.lean:73:34: error: Ambiguous term
  sourceDegree
Possible interpretations:
  Source.sourceDegree : Bidegree
  
  Row3151ActualTransport.sourceDegree : Bidegree
Fact713Ctheta4Transport/Actual.lean:78:35: error: Ambiguous term
  sourceDegree
Possible interpretations:
  Source.sourceDegree : Bidegree
  
  Row3151ActualTransport.sourceDegree : Bidegree
Fact713Ctheta4Transport/Actual.lean:79:45: error: Ambiguous term
  sourceDegree
Possible interpretations:
  Source.sourceDegree : Bidegree
  
  Row3151ActualTransport.sourceDegree : Bidegree
Fact713Ctheta4Transport/Actual.lean:83:34: error: Ambiguous term
  sourceDegree
Possible interpretations:
  Source.sourceDegree : Bidegree
  
  Row3151ActualTransport.sourceDegree : Bidegree
'Fact713Ctheta4Transport.Actual.sphere_d3_zero' depends on axioms: [propext, sorryAx, Classical.choice, Quot.sound]
'Fact713Ctheta4Transport.Actual.whole_d3_zero' depends on axioms: [propext, Classical.choice, Quot.sound]
'Fact713Ctheta4Transport.Actual.sphereMeaning3' depends on axioms: [propext, sorryAx, Classical.choice, Quot.sound]
'Fact713Ctheta4Transport.Actual.sphere_d4_zero' depends on axioms: [propext, sorryAx, Classical.choice, Quot.sound]
'Fact713Ctheta4Transport.Actual.result_sound' depends on axioms: [propext, sorryAx, Classical.choice, Quot.sound]
