Fact713Ctheta4Transport/Branches.lean:27:9: error: Tactic `rewrite` failed: Did not find an occurrence of the pattern
  T.equivalence 0
in the target expression
  T.equivalence 0 = eval (matrixOf 2 1 [false, r]) (I.equivalence x)

C S : AdamsSpectralSequence
A : Stage2 C S
transition : A.input.Transition
knownCycle : (C.differential 3 Source.sourceDegree).toFun A.value3 = 0
targetMap :
  (C.element 3 (AdamsTarget 3 Source.sourceDegree)).carrier → (S.element 3 (AdamsTarget 3 sphereDegree)).carrier
targetZero : targetMap 0 = 0
naturality :
  ∀ (x : (C.element (2 + 1) Source.sourceDegree).carrier),
    (S.differential 3 sphereDegree).toFun (A.input.nextMap x) =
      targetMap ((C.differential 3 Source.sourceDegree).toFun x)
r : Bool
I : Coordinates S 3 sphereDegree 1
T : Coordinates S 3 { filtration := 20, internal := 140 } 2
incoming :
  ∀ (x : (S.element 3 sphereDegree).carrier),
    T.equivalence ((S.differential 3 sphereDegree).toFun x) = eval (matrixOf 2 1 [false, r]) (I.equivalence x)
x : (S.element 3 sphereDegree).carrier := I.equivalence.symm fun x => true
equation : T.equivalence 0 = eval (matrixOf 2 1 [false, r]) (I.equivalence x)
hz : (S.differential 3 sphereDegree).toFun x = 0
⊢ r = false

Note: The target expression is not type-correct under the `instances` transparency level, which may have triggered the failure. This is usually caused by unfolding of semireducible definitions in prior tactic steps. Use `set_option linter.tacticCheckInstances true` to investigate the source of the issue.
Full error:
  Application type mismatch: The argument
    0
  has type
    (S.element 3 (AdamsTarget 3 sphereDegree)).carrier
  but is expected to have type
    (S.element 3 { filtration := 20, internal := 140 }).carrier
  in the application
    T.equivalence 0
'Fact713Ctheta4Transport.Branches.residual_false' depends on axioms: [propext, sorryAx, Classical.choice, Quot.sound]
