'Fact713Ctheta4Transport.Comparison.c14_167_2_valid' depends on axioms: [propext, Quot.sound]
'Fact713Ctheta4Transport.Comparison.c17_169_2_valid' depends on axioms: [propext, Quot.sound]
'Fact713Ctheta4Transport.Comparison.c18_170_2_valid' depends on axioms: [propext, Quot.sound]
'Fact713Ctheta4Transport.Comparison.c20_171_2_valid' depends on axioms: [propext, Quot.sound]
'Fact713Ctheta4Transport.Comparison.c21_172_2_valid' depends on axioms: [propext, Quot.sound]
'Fact713Ctheta4Transport.Comparison.c24_174_2_valid' depends on axioms: [propext, Quot.sound]
'Fact713Ctheta4Transport.Comparison.s14_136_2_valid' depends on axioms: [propext, Quot.sound]
'Fact713Ctheta4Transport.Comparison.s17_138_2_valid' depends on axioms: [propext, Quot.sound]
'Fact713Ctheta4Transport.Comparison.s18_139_2_valid' depends on axioms: [propext, Quot.sound]
'Fact713Ctheta4Transport.Comparison.s20_140_2_valid' depends on axioms: [propext, Quot.sound]
'Fact713Ctheta4Transport.Comparison.s21_141_2_valid' depends on axioms: [propext, Quot.sound]
'Fact713Ctheta4Transport.Comparison.s24_143_2_valid' depends on axioms: [propext, Quot.sound]
'Fact713Ctheta4Transport.Comparison.c17_169_3_valid' depends on axioms: [propext, Quot.sound]
'Fact713Ctheta4Transport.Comparison.s17_138_3_valid' depends on axioms: [propext, Quot.sound]
'Fact713Ctheta4Transport.Comparison.s21_141_3_valid' depends on axioms: [propext, Quot.sound]
'Fact713Ctheta4Transport.Comparison.f14_167_3_compatible' depends on axioms: [propext, Quot.sound]
'Fact713Ctheta4Transport.Comparison.f17_169_3_compatible' depends on axioms: [propext, Quot.sound]
'Fact713Ctheta4Transport.Comparison.f18_170_3_compatible' depends on axioms: [propext, Quot.sound]
'Fact713Ctheta4Transport.Comparison.f20_171_3_compatible' depends on axioms: [propext, Quot.sound]
'Fact713Ctheta4Transport.Comparison.f21_172_3_compatible' depends on axioms: [propext, Quot.sound]
'Fact713Ctheta4Transport.Comparison.f24_174_3_compatible' depends on axioms: [propext, Quot.sound]
'Fact713Ctheta4Transport.Comparison.f17_169_4_compatible' depends on axioms: [propext, Quot.sound]
'Fact713Ctheta4Transport.Comparison.named2_map' depends on axioms: [propext, Classical.choice, Quot.sound]
'Fact713Ctheta4Transport.Comparison.source2_cycle' depends on axioms: [propext, Quot.sound]
'Fact713Ctheta4Transport.Comparison.source2_next' depends on axioms: [propext, Classical.choice, Quot.sound]
'Fact713Ctheta4Transport.Comparison.source3_cycle' depends on axioms: [propext, Quot.sound]
'Fact713Ctheta4Transport.Comparison.source3_next' depends on axioms: [propext, Classical.choice, Quot.sound]
'Fact713Ctheta4Transport.Comparison.named_map3' depends on axioms: [propext, Classical.choice, Quot.sound]
'Fact713Ctheta4Transport.Comparison.named_map4' depends on axioms: [propext, Classical.choice, Quot.sound]
'Fact713Ctheta4Transport.Comparison.map3_surjective' depends on axioms: [propext, Classical.choice, Quot.sound]
'Fact713Ctheta4Transport.Comparison.map4_surjective' depends on axioms: [propext, Classical.choice, Quot.sound]
