Fact713SquareContinuation/Data.lean:6:9: error: unexpected token '-'; expected ':=', 'where' or '|'
Fact713SquareContinuation/Data.lean:7:13: error: unexpected token '-'; expected ':'
'Fact713SquareContinuation.Data.b_S0_' does not depend on any axioms
Fact713SquareContinuation/Data.lean:8:19: error: unexpected token '-'; expected command
Fact713SquareContinuation/Data.lean:9:9: error: unexpected token '-'; expected ':=', 'where' or '|'
Fact713SquareContinuation/Data.lean:10:13: error: unexpected token '-'; expected ':'
'Fact713SquareContinuation.Data.b_S0_' does not depend on any axioms
Fact713SquareContinuation/Data.lean:11:19: error: unexpected token '-'; expected command
Fact713SquareContinuation/Data.lean:12:9: error: unexpected token '-'; expected ':=', 'where' or '|'
Fact713SquareContinuation/Data.lean:13:13: error: unexpected token '-'; expected ':'
'Fact713SquareContinuation.Data.b_S0_' does not depend on any axioms
Fact713SquareContinuation/Data.lean:14:19: error: unexpected token '-'; expected command
Fact713SquareContinuation/Data.lean:15:9: error: unexpected token '-'; expected ':=', 'where' or '|'
Fact713SquareContinuation/Data.lean:16:13: error: unexpected token '-'; expected ':'
'Fact713SquareContinuation.Data.b_S0_' does not depend on any axioms
Fact713SquareContinuation/Data.lean:17:19: error: unexpected token '-'; expected command
Fact713SquareContinuation/Data.lean:18:9: error: unexpected token '-'; expected ':=', 'where' or '|'
Fact713SquareContinuation/Data.lean:19:13: error: unexpected token '-'; expected ':'
'Fact713SquareContinuation.Data.b_S0_' does not depend on any axioms
Fact713SquareContinuation/Data.lean:20:19: error: unexpected token '-'; expected command
Fact713SquareContinuation/Data.lean:21:9: error: unexpected token '-'; expected ':=', 'where' or '|'
Fact713SquareContinuation/Data.lean:22:13: error: unexpected token '-'; expected ':'
'Fact713SquareContinuation.Data.b_S0_' does not depend on any axioms
Fact713SquareContinuation/Data.lean:23:19: error: unexpected token '-'; expected command
Fact713SquareContinuation/Data.lean:24:9: error: unexpected token '-'; expected ':=', 'where' or '|'
Fact713SquareContinuation/Data.lean:25:13: error: unexpected token '-'; expected ':'
'Fact713SquareContinuation.Data.b_S0_' does not depend on any axioms
Fact713SquareContinuation/Data.lean:26:19: error: unexpected token '-'; expected command
Fact713SquareContinuation/Data.lean:27:9: error: unexpected token '-'; expected ':=', 'where' or '|'
Fact713SquareContinuation/Data.lean:28:13: error: unexpected token '-'; expected ':'
'Fact713SquareContinuation.Data.b_S0_' does not depend on any axioms
Fact713SquareContinuation/Data.lean:29:19: error: unexpected token '-'; expected command
'Fact713SquareContinuation.Data.b_S0_12_134_d5_valid' depends on axioms: [propext, Quot.sound]
'Fact713SquareContinuation.Data.b_S0_12_134_d6_valid' depends on axioms: [propext, Quot.sound]
'Fact713SquareContinuation.Data.b_S0_17_138_d5_valid' depends on axioms: [propext, Quot.sound]
'Fact713SquareContinuation.Data.b_S0_5_128_d7_valid' depends on axioms: [propext, Quot.sound]
'Fact713SquareContinuation.Data.b_S0_6_129_d6_valid' depends on axioms: [propext, Quot.sound]
'Fact713SquareContinuation.Data.b_S0_6_129_d7_valid' depends on axioms: [propext, Quot.sound]
'Fact713SquareContinuation.Data.b_S0_7_130_d8_valid' depends on axioms: [propext, Quot.sound]
'Fact713SquareContinuation.Data.b_S0_8_131_d9_valid' depends on axioms: [propext, Quot.sound]
