15 139 [{'exponent': 2, 'row': (3, 'h_3', 524291, 1, 8)}, {'exponent': 1, 'row': (287, 'x_{110,13}', 6815832, 13, 123)}] events 3
[
  {
    "file": "upstream/proofs_csv/proofs-part1.csv",
    "line": 646,
    "id": "6076",
    "depth": "0",
    "reason": "d2",
    "name": "S0",
    "stem": "124",
    "s": "15",
    "t": "139",
    "r": "2",
    "x": "0",
    "dx": "",
    "info": "[NULL]"
  },
  {
    "file": "upstream/proofs_csv/proofs-part1.csv",
    "line": 74581,
    "id": "80011",
    "depth": "0",
    "reason": "N",
    "name": "S0",
    "stem": "124",
    "s": "15",
    "t": "139",
    "r": "3",
    "x": "1,3",
    "dx": "",
    "info": "Ceta__S0"
  },
  {
    "file": "upstream/proofs_csv/proofs-part1.csv",
    "line": 815220,
    "id": "820652",
    "depth": "0",
    "reason": "G",
    "name": "S0",
    "stem": "124",
    "s": "15",
    "t": "139",
    "r": "999",
    "x": "1,3",
    "dx": "",
    "info": "[NULL]"
  }
]
