[
  {
    "branch": "zero",
    "comparisons": 1300,
    "ordered_pairs": 1690000,
    "adjacent": 991,
    "consecutive": 800,
    "graph_available": 1297,
    "graph_missing": 123,
    "baseline_preserved": 1272,
    "finite_named_page": 9
  },
  {
    "branch": "residual_rebased",
    "comparisons": 1302,
    "ordered_pairs": 1695204,
    "adjacent": 993,
    "consecutive": 802,
    "graph_available": 1299,
    "graph_missing": 121,
    "baseline_preserved": 1272,
    "finite_named_page": 9
  }
]
