FilteredExtensionReview/Nonzero.lean:61:56: error(lean.synthInstanceFailed): failed to synthesize instance of type class
  OfNat (Fin input.a) 0
numerals are polymorphic in Lean, but the numeral `0` cannot be used in a context where the expected type is
  Fin input.a
due to the absence of the instance above

Hint: Type class instance resolution failures can be inspected with the `set_option trace.Meta.synthInstance true` command.
FilteredExtensionReview/Nonzero.lean:62:24: error(lean.synthInstanceFailed): failed to synthesize instance of type class
  OfNat (Fin input.a) 0
numerals are polymorphic in Lean, but the numeral `0` cannot be used in a context where the expected type is
  Fin input.a
due to the absence of the instance above

Hint: Type class instance resolution failures can be inspected with the `set_option trace.Meta.synthInstance true` command.
'FilteredExtensionReview.Nonzero.result' depends on axioms: [propext, Classical.choice, Quot.sound]
'FilteredExtensionReview.Nonzero.differential_nonzero' depends on axioms: [propext,
 sorryAx,
 Classical.choice,
 Quot.sound]
'FilteredExtensionReview.Nonzero.target_class_nonzero' depends on axioms: [propext,
 sorryAx,
 Classical.choice,
 Quot.sound]
'FilteredExtensionReview.Nonzero.source_class_nonzero' depends on axioms: [propext,
 sorryAx,
 Classical.choice,
 Quot.sound]
