AggregateIncomingTargetCompletion/Targets.lean:29:22: error: failed to synthesize
  Decidable (IndexedHighD2Certificates.event3010 ∈ IndexedD5Certificates.events)

Hint: Additional diagnostic information may be available using the `set_option diagnostics true` command.
'AggregateIncomingTargetCompletion.target3010_quotient_zero' depends on axioms: [propext, Quot.sound]
AggregateIncomingTargetCompletion/Targets.lean:68:22: error: failed to synthesize
  Decidable (IndexedHighD2Certificates.event3011 ∈ IndexedD5Certificates.events)

Hint: Additional diagnostic information may be available using the `set_option diagnostics true` command.
'AggregateIncomingTargetCompletion.target3011_quotient_zero' depends on axioms: [propext, Quot.sound]
AggregateIncomingTargetCompletion/Targets.lean:107:22: error: failed to synthesize
  Decidable (IndexedHighD2Certificates.event3254 ∈ IndexedD5Certificates.events)

Hint: Additional diagnostic information may be available using the `set_option diagnostics true` command.
'AggregateIncomingTargetCompletion.target3254_quotient_zero' depends on axioms: [propext, Quot.sound]
AggregateIncomingTargetCompletion/Targets.lean:146:22: error: failed to synthesize
  Decidable (IndexedHighD2Certificates.event3629 ∈ IndexedD5Certificates.events)

Hint: Additional diagnostic information may be available using the `set_option diagnostics true` command.
'AggregateIncomingTargetCompletion.target3629_quotient_zero' depends on axioms: [propext, Quot.sound]
AggregateIncomingTargetCompletion/Targets.lean:185:22: error: failed to synthesize
  Decidable (IndexedHighD2Certificates.event3744 ∈ IndexedD5Certificates.events)

Hint: Additional diagnostic information may be available using the `set_option diagnostics true` command.
'AggregateIncomingTargetCompletion.target3744_quotient_zero' depends on axioms: [propext, Quot.sound]
AggregateIncomingTargetCompletion/Targets.lean:224:22: error: failed to synthesize
  Decidable (IndexedHighD2Certificates.event3745 ∈ IndexedD5Certificates.events)

Hint: Additional diagnostic information may be available using the `set_option diagnostics true` command.
'AggregateIncomingTargetCompletion.target3745_quotient_zero' depends on axioms: [propext, Quot.sound]
AggregateIncomingTargetCompletion/Targets.lean:263:22: error: failed to synthesize
  Decidable (IndexedHighD2Certificates.event4764 ∈ IndexedD5Certificates.events)

Hint: Additional diagnostic information may be available using the `set_option diagnostics true` command.
'AggregateIncomingTargetCompletion.target4764_quotient_zero' depends on axioms: [propext, Quot.sound]
AggregateIncomingTargetCompletion/Targets.lean:302:22: error: failed to synthesize
  Decidable (IndexedHighD2Certificates.event4929 ∈ IndexedD5Certificates.events)

Hint: Additional diagnostic information may be available using the `set_option diagnostics true` command.
'AggregateIncomingTargetCompletion.target4929_quotient_zero' depends on axioms: [propext, Quot.sound]
AggregateIncomingTargetCompletion/Targets.lean:341:22: error: failed to synthesize
  Decidable (IndexedHighD2Certificates.event5862 ∈ IndexedD5Certificates.events)

Hint: Additional diagnostic information may be available using the `set_option diagnostics true` command.
'AggregateIncomingTargetCompletion.target5862_quotient_zero' depends on axioms: [propext, Quot.sound]
AggregateIncomingTargetCompletion/Targets.lean:380:22: error: failed to synthesize
  Decidable (IndexedHighD2Certificates.event5977 ∈ IndexedD5Certificates.events)

Hint: Additional diagnostic information may be available using the `set_option diagnostics true` command.
'AggregateIncomingTargetCompletion.target5977_quotient_zero' depends on axioms: [propext, Quot.sound]
AggregateIncomingTargetCompletion/Targets.lean:419:22: error: failed to synthesize
  Decidable (IndexedHighD2Certificates.event6296 ∈ IndexedD5Certificates.events)

Hint: Additional diagnostic information may be available using the `set_option diagnostics true` command.
'AggregateIncomingTargetCompletion.target6296_quotient_zero' depends on axioms: [propext, Quot.sound]
AggregateIncomingTargetCompletion/Targets.lean:458:22: error: failed to synthesize
  Decidable (IndexedHighD2Certificates.event7247 ∈ IndexedD5Certificates.events)

Hint: Additional diagnostic information may be available using the `set_option diagnostics true` command.
'AggregateIncomingTargetCompletion.target7247_quotient_zero' depends on axioms: [propext, Quot.sound]
'AggregateIncomingTargetCompletion.target_boundary_zero' depends on axioms: [propext, Quot.sound]
'AggregateIncomingTargetCompletion.old_missing_partition' does not depend on any axioms
'AggregateIncomingTargetCompletion.all_35_incoming_targets' does not depend on any axioms
