{
  "status": "no_correctness_findings",
  "complete_quotients": 6,
  "all_vectors": 31,
  "all_cycle_pairs": 165,
  "polynomial_columns": 6,
  "relation_reductions": 2,
  "all_tensor_inputs": 32,
  "quotient_pair_checks": 72,
  "actual_relabelings": 55296,
  "actual_differential_candidates": 221184,
  "leibniz_accepted_zero_candidates": 55296,
  "raw_known_differential": [
    3066,
    "1",
    "1",
    9997
  ],
  "known_E2_basis": 3236,
  "named_right_E2_basis": 3065,
  "raw_unknown_retained": [
    3135,
    "1",
    null,
    9000
  ],
  "database_sha256": "518a2ed86af6d4f7bcdc5db135ab6252bd50df34492ae208663aa1c140a820ed",
  "actual_signature": "Only known nonzero d3(right) and full actual product/quotient meanings are premises; no row3135 value is assumed."
}
