[
  {
    "branch": "zero",
    "comparisons": 1290,
    "ordered_pairs": 1664100,
    "adjacent": 983,
    "consecutive": 790,
    "graph_available": 1287,
    "graph_missing": 133,
    "baseline_preserved": 1272,
    "finite_named_page": 8
  },
  {
    "branch": "residual_rebased",
    "comparisons": 1292,
    "ordered_pairs": 1669264,
    "adjacent": 985,
    "consecutive": 792,
    "graph_available": 1289,
    "graph_missing": 131,
    "baseline_preserved": 1272,
    "finite_named_page": 8
  }
]
