[
  {
    "previous_branch_preserved": 11,
    "branch": "zero",
    "assumed_staircase_d3": [
      0,
      0
    ],
    "baseline_preserved": 1272,
    "changed_selection_rows": [],
    "graph_available": 1287,
    "graph_unresolved": 133,
    "source_direct_comparison": {
      "down": [
        false,
        false
      ],
      "h": 1,
      "inclusion": [
        true
      ],
      "incoming": [
        false
      ],
      "k": 2,
      "m": 1,
      "n": 1,
      "outgoing": [
        false,
        false
      ],
      "projection": [
        true
      ],
      "up": [
        false
      ],
      "version": 1
    },
    "source_next_selected_raw": [
      [
        2994,
        "0,1,2",
        null,
        9000
      ]
    ],
    "source_selection_compatible": true,
    "source_result": {
      "status": "finite_comparison_available",
      "dimensions": {
        "k": 2,
        "m": 1,
        "n": 1,
        "h": 1
      },
      "unresolved_predecessors": []
    },
    "named_trajectory": [
      {
        "page": 2,
        "vector": [
          1,
          1
        ],
        "outgoing": [
          0,
          0
        ],
        "is_boundary": false,
        "next": [
          1,
          0
        ]
      },
      {
        "page": 3,
        "vector": [
          1,
          0
        ],
        "outgoing": [
          0,
          0
        ],
        "is_boundary": false,
        "next": [
          1
        ]
      },
      {
        "page": 4,
        "vector": [
          1
        ],
        "outgoing": [
          0
        ],
        "is_boundary": false,
        "next": [
          1
        ]
      },
      {
        "page": 5,
        "vector": [
          1
        ],
        "outgoing": [],
        "is_boundary": false,
        "next": [
          1
        ]
      },
      {
        "page": 6,
        "vector": [
          1
        ],
        "outgoing": [],
        "is_boundary": false,
        "next": [
          1
        ]
      },
      {
        "page": 7,
        "vector": [
          1
        ],
        "outgoing": [
          0
        ],
        "is_boundary": false,
        "next": [
          1
        ]
      },
      {
        "page": 8,
        "status": "unresolved",
        "reason": "unknown S0:18,141:d3:row3247; target dimension 1"
      }
    ],
    "scope": "Finite case split. A staircase selection mismatch is not a contradiction from topology; raw level9000 does not itself prove next-page survival."
  },
  {
    "previous_branch_preserved": 12,
    "branch": "residual_rebased",
    "assumed_staircase_d3": [
      1,
      0
    ],
    "baseline_preserved": 1272,
    "changed_selection_rows": [
      2994,
      3135
    ],
    "graph_available": 1289,
    "graph_unresolved": 131,
    "source_direct_comparison": {
      "down": [
        true,
        false
      ],
      "h": 0,
      "inclusion": [],
      "incoming": [
        false
      ],
      "k": 2,
      "m": 1,
      "n": 1,
      "outgoing": [
        true,
        false
      ],
      "projection": [],
      "up": [
        false
      ],
      "version": 1
    },
    "source_next_selected_raw": [],
    "source_selection_compatible": true,
    "source_result": {
      "status": "finite_comparison_available",
      "dimensions": {
        "k": 2,
        "m": 1,
        "n": 1,
        "h": 0
      },
      "unresolved_predecessors": []
    },
    "named_trajectory": [
      {
        "page": 2,
        "vector": [
          1,
          1
        ],
        "outgoing": [
          0,
          0
        ],
        "is_boundary": false,
        "next": [
          1,
          0
        ]
      },
      {
        "page": 3,
        "vector": [
          1,
          0
        ],
        "outgoing": [
          0,
          0
        ],
        "is_boundary": false,
        "next": [
          1
        ]
      },
      {
        "page": 4,
        "vector": [
          1
        ],
        "outgoing": [
          0
        ],
        "is_boundary": false,
        "next": [
          1
        ]
      },
      {
        "page": 5,
        "vector": [
          1
        ],
        "outgoing": [],
        "is_boundary": false,
        "next": [
          1
        ]
      },
      {
        "page": 6,
        "vector": [
          1
        ],
        "outgoing": [],
        "is_boundary": false,
        "next": [
          1
        ]
      },
      {
        "page": 7,
        "vector": [
          1
        ],
        "outgoing": [
          0
        ],
        "is_boundary": false,
        "next": [
          1
        ]
      },
      {
        "page": 8,
        "status": "unresolved",
        "reason": "unknown S0:18,141:d3:row3247; target dimension 1"
      }
    ],
    "scope": "Finite case split. A staircase selection mismatch is not a contradiction from topology; raw level9000 does not itself prove next-page survival."
  }
]
