Row2693D5Search/Actual.lean:119:27: error: Tactic `rewrite` failed: Did not find an occurrence of the pattern
  I.target.equivalence 0
in the target expression
  PageProductCertificates.product Data.correctionTensor (I.correction.equivalence x)
      (I.product.previous.previous.right.equivalence I.rightRaw) =
    I.target.equivalence 0

S : AdamsSpectralSequence
pages : CertifiedAdamsPages S
P : CertifiedAdamsProduct S
I : Input S pages P
v : (S.element 5 { filtration := 6, internal := 6 }).carrier
x : (S.element 2 { filtration := 6, internal := 6 }).carrier
⊢ PageProductCertificates.product Data.correctionTensor (I.correction.equivalence x)
      (I.product.previous.previous.right.equivalence I.rightRaw) =
    I.target.equivalence 0

Note: The target expression is not type-correct under the `instances` transparency level, which may have triggered the failure. This is usually caused by unfolding of semireducible definitions in prior tactic steps. Use `set_option linter.tacticCheckInstances true` to investigate the source of the issue.
Full error:
  Application type mismatch: The argument
    0
  has type
    (S.element 2 ({ filtration := 6, internal := 6 }.add rightDegree)).carrier
  but is expected to have type
    (S.element 2 { filtration := 15, internal := 138 }).carrier
  in the application
    I.target.equivalence 0
Row2693D5Search/Actual.lean:145:9: error: Tactic `rewrite` failed: Did not find an occurrence of the pattern
  I.product.input.nextTarget.equivalence 0
in the target expression
  I.product.input.nextTarget.equivalence 0 = Finite.product5Name

S : AdamsSpectralSequence
pages : CertifiedAdamsPages S
P : CertifiedAdamsProduct S
I : Input S pages P
hz : I.value5 = 0
h : I.product.input.nextTarget.equivalence 0 = Finite.product5Name
⊢ False

Note: The target expression is not type-correct under the `instances` transparency level, which may have triggered the failure. This is usually caused by unfolding of semireducible definitions in prior tactic steps. Use `set_option linter.tacticCheckInstances true` to investigate the source of the issue.
Full error:
  Application type mismatch: The argument
    I.product.previous.previous.left
  has type
    Coordinates S 2 leftDegree 1
  but is expected to have type
    Coordinates S 2 leftDegree Data.left2.m
  in the application
    @Input.nextLeft S pages P 2 leftDegree rightDegree Data.left2 Data.right2 Data.product2
      I.product.previous.previous.left
'Row2693D5Search.Actual.Input.name3' depends on axioms: [propext, Classical.choice, Quot.sound]
'Row2693D5Search.Actual.Input.name4' depends on axioms: [propext, Classical.choice, Quot.sound]
'Row2693D5Search.Actual.Input.name5' depends on axioms: [propext, Classical.choice, Quot.sound]
'Row2693D5Search.Actual.Input.trace5' depends on axioms: [propext, Classical.choice, Quot.sound]
'Row2693D5Search.Actual.Input.right_name3' depends on axioms: [propext, Classical.choice, Quot.sound]
'Row2693D5Search.Actual.Input.right_name4' depends on axioms: [propext, Classical.choice, Quot.sound]
'Row2693D5Search.Actual.Input.right_name5' depends on axioms: [propext, Classical.choice, Quot.sound]
'Row2693D5Search.Actual.Input.rightTrace5' depends on axioms: [propext, Classical.choice, Quot.sound]
'Row2693D5Search.Actual.Input.right_d5_zero' depends on axioms: [propext, Classical.choice, Quot.sound]
'Row2693D5Search.Actual.Input.correction_zero' depends on axioms: [propext, sorryAx, Classical.choice, Quot.sound]
'Row2693D5Search.Actual.Input.named_d5_zero' depends on axioms: [propext, sorryAx, Classical.choice, Quot.sound]
'Row2693D5Search.Actual.Input.nonzero5' depends on axioms: [propext, sorryAx, Classical.choice, Quot.sound]
'Row2693D5Search.Actual.Input.trace6' depends on axioms: [propext, sorryAx, Classical.choice, Quot.sound]
'Row2693D5Search.Actual.Input.same_input' depends on axioms: [propext, sorryAx, Classical.choice, Quot.sound]
