'Row2693D5Search.Data.left2_valid' depends on axioms: [propext, Quot.sound]
'Row2693D5Search.Data.left3_valid' depends on axioms: [propext, Quot.sound]
'Row2693D5Search.Data.left4_valid' depends on axioms: [propext, Quot.sound]
'Row2693D5Search.Data.right2_valid' depends on axioms: [propext, Quot.sound]
'Row2693D5Search.Data.right3_valid' depends on axioms: [propext, Quot.sound]
'Row2693D5Search.Data.right4_valid' depends on axioms: [propext, Quot.sound]
'Row2693D5Search.Data.product2_valid' depends on axioms: [propext, Quot.sound]
'Row2693D5Search.Data.product3_valid' depends on axioms: [propext, Quot.sound]
'Row2693D5Search.Data.product4_valid' depends on axioms: [propext, Quot.sound]
'Row2693D5Search.Data.target2_valid' depends on axioms: [propext, Quot.sound]
'Row2693D5Search.Data.target3_valid' depends on axioms: [propext, Quot.sound]
'Row2693D5Search.Data.target4_valid' depends on axioms: [propext, Quot.sound]
'Row2693D5Search.Data.right5_valid' depends on axioms: [propext, Quot.sound]
'Row2693D5Search.Data.h02_valid' depends on axioms: [propext, Quot.sound]
'Row2693D5Search.Data.tower42_valid' depends on axioms: [propext, Quot.sound]
'Row2693D5Search.Data.tower52_valid' depends on axioms: [propext, Quot.sound]
'Row2693D5Search.Data.tower62_valid' depends on axioms: [propext, Quot.sound]
'Row2693D5Search.Data.emptyProduct2_valid' depends on axioms: [propext, Quot.sound]
'Row2693D5Search.Data.h03_valid' depends on axioms: [propext, Quot.sound]
'Row2693D5Search.Data.tower53_valid' depends on axioms: [propext, Quot.sound]
'Row2693D5Search.Data.tower63_valid' depends on axioms: [propext, Quot.sound]
'Row2693D5Search.Data.main00_valid' depends on axioms: [propext, Classical.choice, Quot.sound]
'Row2693D5Search.Data.main01_valid' depends on axioms: [propext, Classical.choice, Quot.sound]
'Row2693D5Search.Data.correction00_valid' depends on axioms: [propext, Classical.choice, Quot.sound]
'Row2693D5Search.Data.correction01_valid' depends on axioms: [propext, Classical.choice, Quot.sound]
'Row2693D5Search.Data.low300_valid' depends on axioms: [propext, Classical.choice, Quot.sound]
'Row2693D5Search.Data.low400_valid' depends on axioms: [propext, Classical.choice, Quot.sound]
