{
  "status": "independently_replayed_bounded_search_not_a_Lean_theorem",
  "deterministic_rerun": false,
  "map_records": 70,
  "counts": {
    "candidate_needs_full_map_compatibility": 10,
    "source_nonzero_quotient": 23,
    "target_zero_quotient": 16,
    "unknown": 21
  },
  "complete_cycle_quotients": 102,
  "noncycle_images": 0,
  "reduction_steps": 133,
  "explicit_ring_relation_lifts": 40,
  "requested_max_s": 19,
  "requested_max_t": 264,
  "viable_candidates": [
    "S0__S0_by_eta",
    "S0__CW_nu_eta_2",
    "S0__CW_2_eta_nu_sigma",
    "S0__CW_nu_eta",
    "S0__C2h5",
    "S0__S0_by_eta5",
    "S0__C2_by_h4",
    "S0__C2_by_h5",
    "S0__Csigma_by_2sigma",
    "S2__Q_CW_eta_V_nu"
  ],
  "report_sha256": "07d27ef6003e5a346b2018040d17416cdfe33ed584d72f6e5388c1ab68c393ba",
  "review_script_sha256": "557efe11ed1b33c89b3d02c88de0eaab66f5c627b6e77736e0f8b83eaf76fcc2"
}
