  t=1, time=0.027275615
t=2 s=0 threadsLeft=0
  t=2, time=0.000363796
t=3 s=0 threadsLeft=1
t=3 s=1 threadsLeft=0
  t=3, time=0.00024626
t=4 s=0 threadsLeft=1
t=4 s=2 threadsLeft=0
  t=4, time=0.000242688
t=5 s=0 threadsLeft=1
t=5 s=3 threadsLeft=0
  t=5, time=0.000227166
t=6 s=0 threadsLeft=2
t=6 s=1 threadsLeft=1
t=6 s=4 threadsLeft=0
  t=6, time=0.000275714
t=7 s=0 threadsLeft=3
t=7 s=1 threadsLeft=2
t=7 s=2 threadsLeft=1
t=7 s=5 threadsLeft=0
  t=7, time=0.000291402
t=8 s=0 threadsLeft=3
t=8 s=1 threadsLeft=2
t=8 s=2 threadsLeft=1
t=8 s=6 threadsLeft=0
  t=8, time=0.000285632
gb.dim_Ext()=16
gb.dim_Gb()=20
[38;2;000;128;000mTime: 0.426900595s (2026-09-21 08:22:07)
[0m