'AggregateD5Conditional.Matches.matched' depends on axioms: [propext, Classical.choice, Quot.sound]
'AggregateD5Conditional.Matches.source_named_coordinate' depends on axioms: [propext, Quot.sound]
'AggregateD5Conditional.H3D0.matched' depends on axioms: [propext, Classical.choice, Quot.sound]
'AggregateD5Conditional.D4.matched' depends on axioms: [propext, Classical.choice, Quot.sound]
'AggregateD5Conditional.ThreeProducts.matched' depends on axioms: [propext, Classical.choice, Quot.sound]
'AggregateD5Conditional.ThreeProducts.target_coordinates' depends on axioms: [propext, Classical.choice, Quot.sound]
'AggregateD5Conditional.ThreeProducts.source_named_coordinate' depends on axioms: [propext, Quot.sound]
'AggregateD5Conditional.CnuEta.matched' depends on axioms: [propext, Classical.choice, Quot.sound]
'AggregateD5Conditional.CnuEta.source_coordinates' depends on axioms: [propext, Classical.choice, Quot.sound]
'AggregateD5Conditional.CnuEta.source_named_coordinate' depends on axioms: [propext, Quot.sound]
'AggregateD5Conditional.C2H2.matched' depends on axioms: [propext, Classical.choice, Quot.sound]
'AggregateD5Conditional.C2H2.target_coordinates' depends on axioms: [propext, Classical.choice, Quot.sound]
'AggregateD5Conditional.C2H2.source_named_coordinate' depends on axioms: [propext, Quot.sound]
'AggregateD5Conditional.C2D4.matched' depends on axioms: [propext, Classical.choice, Quot.sound]
'AggregateD5Conditional.C2D4.source_named_coordinate' depends on axioms: [propext, Quot.sound]
'AggregateD5Conditional.CW2Eta.matched' depends on axioms: [propext, Classical.choice, Quot.sound]
'AggregateD5Conditional.CW2Eta.source_coordinates' depends on axioms: [propext, Classical.choice, Quot.sound]
'AggregateD5Conditional.CW2Eta.source_named_coordinate' depends on axioms: [propext, Quot.sound]
'AggregateD5Conditional.HighD2.b_S0_55_180_d2_outgoing_meaning' depends on axioms: [propext, Quot.sound]
'AggregateD5Conditional.HighD2.b_S0_51_178_d2_incoming_meaning' depends on axioms: [propext, Quot.sound]
'AggregateD5Conditional.DC2D4.matched' depends on axioms: [propext, Classical.choice, Quot.sound]
'AggregateD5Conditional.DC2D3.matched' depends on axioms: [propext, Classical.choice, Quot.sound]
'AggregateD5Conditional.DC2D3.source_coordinates' depends on axioms: [propext, Classical.choice, Quot.sound]
'AggregateD5Conditional.C2Rows3019.incoming_meaning' depends on axioms: [propext, Classical.choice, Quot.sound]
'AggregateD5Conditional.C2Rows3019.row3019_matched' depends on axioms: [propext, Classical.choice, Quot.sound]
'AggregateD5Conditional.C2Rows3019.row3020_matched' depends on axioms: [propext, Classical.choice, Quot.sound]
'AggregateD5Conditional.C2Rows3019.source_coordinates' depends on axioms: [propext, Classical.choice, Quot.sound]
'AggregateD5Conditional.D5.matched' depends on axioms: [propext, Classical.choice, Quot.sound]
'AggregateD5Conditional.D5.named_source_raw_projection' depends on axioms: [propext, Classical.choice, Quot.sound]
