0 [15, 139] 3 [3076, '1,3', None, 9000] [('80011', 'N', '', 'Ceta__S0')]
0 [17, 138] 3 [2994, '0,1,2', None, 9000] [('2149754', 'N', '', 'Ctheta4__S0')]
0 [17, 140] 3 [3143, '0', None, 9000] [('15640', 'N', '', 'C2__S0')]
0 [9, 134] 4 [2695, '2', None, 9000] [('531758', 'N', '', 'Csigma__S0')]
0 [14, 138] 4 [3005, '2', None, 9000] [('63444', 'N', '', 'C2__S0')]
0 [16, 138] 4 [2999, '2', None, 9000] [('82557', 'N', '', 'Cnu__S0')]
0 [17, 138] 4 [2994, '0,1,2', None, 9000] [('2149764', 'N', '', 'Ctheta4__S0')]
0 [17, 140] 4 [3143, '0', None, 9000] [('217850', 'N', '', 'C2__S0')]
0 [13, 137] 5 [2916, '1', None, 9000] [('93009', 'N', '', 'C2__S0')]
1 [10, 134] 3 [2693, '4', None, 9000] [('153579', 'T', '0', 'Get `S0 (124,10) d_3[4]=[0]`. Apply the Leibniz rule with `S0 (0,1) d_3[0]=[]` and get `S0 (124,11) '), ('153580', 'T', '1', 'Get `S0 (124,10) d_3[4]=[1]`. Apply the Leibniz rule with `S0 (3,1) d_3[0]=[]` and get `S0 (127,11) '), ('153581', 'T', '0,1', 'Get `S0 (124,10) d_3[4]=[0,1]`. Apply the Leibniz rule with `S0 (0,1) d_3[0]=[]` and get `S0 (124,11'), ('153582', 'D', '', '[NULL]')]
1 [11, 133] 3 [2622, '1', None, 9000] [('153472', 'T', '0', 'Get `S0 (122,11) d_3[1]=[0]`. Apply the Leibniz rule with `C2 (2,1) d_3[0]=[]` and get `C2 (124,12) '), ('153473', 'D', '', '[NULL]')]
1 [20, 140] 3 [3136, '0', None, 9000] [('153974', 'T', '0', 'Get `S0 (120,20) d_3[0]=[0]`. Apply the Leibniz rule with `RP1_8 (7,0) d_3[0]=[]` and get `RP1_8 (12'), ('153975', 'T', '1', 'Get `S0 (120,20) d_3[0]=[1]`. Apply the Leibniz rule with `S0 (14,4) d_3[0]=[]` and get `S0 (134,24)'), ('153976', 'T', '0,1', 'Get `S0 (120,20) d_3[0]=[0,1]`. Apply the Leibniz rule with `S0 (14,4) d_3[0]=[]` and get `S0 (134,2'), ('153977', 'D', '', '[NULL]')]
1 [11, 133] 4 [2622, '1', None, 9000] [('153474', 'T', '1', 'Get `S0 (122,11) d_4[1]=[1]`. Apply the Leibniz rule with `S0 (9,5) d_4[0]=[]` and get `S0 (131,16) '), ('153475', 'T', '0', 'Get `S0 (122,11) d_4[1]=[0]`. Apply the Leibniz rule with `C2 (0,0) d_4[0]=[]` and get `C2 (122,11) '), ('153476', 'T', '0,1', 'Get `S0 (122,11) d_4[1]=[0,1]`. Apply the Leibniz rule with `S0 (9,5) d_4[0]=[]` and get `S0 (131,16'), ('153477', 'D', '', '[NULL]')]
3 [6, 132] 3 [2574, '0', None, 9997] [('2047477', 'T', '', 'Get `S0 (126,6) d_4[0]=[]`. Apply the Leibniz rule with `S0 (3,1) d_4[0]=[]` and get `S0 (129,7) d_4'), ('2047478', 'T', '2', 'Get `S0 (126,6) d_3[0]=[2]`. Apply the Leibniz rule with `S0 (3,1) d_3[0]=[]` and get `S0 (129,7) d_'), ('2421936', '[NULL]', '[NULL]', '[NULL]'), ('2603892', '[NULL]', '[NULL]', '[NULL]')]
3 [9, 130] 3 [2431, '1', None, 9000] []
3 [9, 134] 3 [2695, '2', None, 9000] []
3 [12, 134] 3 [2684, '0', None, 9000] []
3 [13, 135] 3 [2773, '1', None, 9000] []
3 [13, 137] 3 [2916, '1', None, 9000] []
3 [14, 138] 3 [3005, '2', None, 9000] []
3 [16, 140] 3 [3147, '4', None, 9000] []
3 [18, 141] 3 [3247, '0,1', None, 9000] []
3 [20, 140] 3 [3135, '1', None, 9000] []
3 [21, 143] 3 [3386, '1', None, 9000] []
3 [12, 134] 4 [2684, '0', None, 9000] []
3 [13, 135] 4 [2773, '1', None, 9000] []
3 [13, 137] 4 [2916, '1', None, 9000] []
3 [16, 137] 4 [2907, '1', None, 9996] [('153772', 'T', '', 'Get `S0 (121,16) d_4[1]=[]`. Apply the Leibniz rule with `S0 (30,12) d_4[0]=[]` and get `S0 (151,28)'), ('153773', 'T', '1', 'Get `S0 (121,16) d_4[1]=[1]`. Apply the Leibniz rule with `S0 (30,12) d_4[0]=[]` and get `S0 (151,28'), ('2423364', '[NULL]', '[NULL]', '[NULL]')]
3 [24, 144] 4 [3476, '0', None, 9000] []
3 [10, 134] 5 [2693, '4', None, 9000] []
3 [12, 134] 5 [2684, '0', None, 9000] []
