{"full_target_candidate": 1, "partial_target_detector": 15, "source_nonzero_quotient": 13, "target_zero_quotient": 24, "unknown": 17}
candidates: ['S0__DC2h6']
joint full target kernel: [0]
{
  "status": "independently_replayed_bounded_search_not_a_Lean_theorem",
  "deterministic_rerun": true,
  "map_records": 70,
  "counts": {
    "full_target_candidate": 1,
    "partial_target_detector": 15,
    "source_nonzero_quotient": 13,
    "target_zero_quotient": 24,
    "unknown": 17
  },
  "complete_cycle_quotients": 212,
  "noncycle_images": 0,
  "reduction_steps": 462,
  "explicit_ring_relation_lifts": 193,
  "requested_max_s": 16,
  "requested_max_t": 260,
  "viable_candidates": [
    "S0__DC2h6"
  ],
  "report_sha256": "a5c82ab6ca778da408fdcd236d97ab34730fbd05ef9f66a5ec3641d3a4e4df15",
  "review_script_sha256": "e434c553563e882dd029fe2ef518ff4a392fd1520c37645aa1381498cdc1d117"
}
