{
  "status": "passed",
  "branches": [
    {
      "case": "zero_b0",
      "entries": 1413,
      "previous_preserved": 1403,
      "quotient_pairs": 9816,
      "predecessors": 2724,
      "adjacent": 1081,
      "consecutive": 908,
      "named_E2_coordinate": 4,
      "named_E5_coordinate": 0,
      "source_E6_dimension": 1,
      "target_E6_dimension": 0
    },
    {
      "case": "zero_b1",
      "entries": 1413,
      "previous_preserved": 1403,
      "quotient_pairs": 9816,
      "predecessors": 2724,
      "adjacent": 1081,
      "consecutive": 908,
      "named_E2_coordinate": 4,
      "named_E5_coordinate": 0,
      "source_E6_dimension": 1,
      "target_E6_dimension": 0
    }
  ],
  "frozen_files": 83,
  "modules": 7,
  "standard_axiom_reports": 45,
  "review_source_sha256": "39d264ca9c9a9e1e5792eb7a85e00bca13a9627ed687d94192494113aeb6f466",
  "scope": "Complete finite spaces and same input E2/E6 binding. Actual E10 still needs Prefix10; full incoming semantics and independently stored last d5 column remain explicit."
}
