2672275 scanned; 128 selected
44495 0 N CW_eta_nu 12 150 2 1,2,3,5 3 Ceta__CW_eta_nu
132116 0 N CW_eta_nu 12 150 4 4  Ceta__CW_eta_nu
250645 0 N CW_eta_2 11 136 3 0  Ceta__CW_eta_2
254288 0 N CW_eta_nu 12 150 6 4  Ceta__CW_eta_nu
254304 0 N CW_eta_nu 12 150 6 6  Ceta__CW_eta_nu
295442 0 N Cnu 12 148 3 0,3,4,6 4 C2__Q_CW_nu_eta_2
295532 1 T Cnu 3 140 5 0 5 Get `Cnu (137,3) d_5[0]=[5]`. Consider the map `Cnu__CW_nu_sigma`.
However, `CW_nu_sigma (136,8) [4]` is not in B_4.
296913 1 T Cnu 12 148 3 1  Get `Cnu (136,12) d_3[1]=[]`. Consider the map `Cnu__S0`.
Get `S0 (132,12) d_3[0]=[]`. Apply the Leibniz rule with `S0 (0,0) d_3[0]=[]` and get `S0 (132,12) d_3[0]=[]`.
Get `S0 (132,12) d_3[0]=[]` where the element on the left-hand side already supports d_3.
However, `S0 (131,15) [1]` is not in B_2.
296914 1 T Cnu 12 148 3 1 4 Get `Cnu (136,12) d_3[1]=[4]`. Consider the map `Cnu__S0`.
Get `S0 (132,12) d_3[0]=[]`. Apply the Leibniz rule with `S0 (0,0) d_3[0]=[]` and get `S0 (132,12) d_3[0]=[]`.
Get `S0 (132,12) d_3[0]=[]` where the element on the left-hand side already supports d_3.
However, `S0 (131,15) [1]` is not in B_2.
296915 1 T Cnu 12 148 3 1 5 Get `Cnu (136,12) d_3[1]=[5]`. Apply the Leibniz rule with `S0 (1,1) d_3[0]=[]` and get `Cnu (137,13) d_3[3]=[2]`.
However, `Cnu (136,16) [2]` is not in B_2.
296916 1 T Cnu 12 148 3 1 4,5 Get `Cnu (136,12) d_3[1]=[4,5]`. Apply the Leibniz rule with `S0 (1,1) d_3[0]=[]` and get `Cnu (137,13) d_3[3]=[2]`.
However, `Cnu (136,16) [2]` is not in B_2.
320274 0 N CW_eta_nu 12 150 10 4  Ceta__CW_eta_nu
320595 0 G Cnu 12 148 51 6  [NULL]
356885 0 N CW_2_eta_nu 12 151 6 2  CW_2_eta__CW_2_eta_nu
375544 0 N CW_2_eta_nu 12 151 10 2  CW_2_eta__CW_2_eta_nu
375545 0 N CW_eta_nu 12 150 12 4  CW_2_eta_nu__CW_eta_nu
380963 1 T CW_eta_2 11 136 4 0 4 Get `CW_eta_2 (125,11) d_4[0]=[4]`. Consider the map `CW_eta_2__Q_CW_nu_eta_2`.
Get `S0 (128,12) d_4[2]=[4]`. Apply the Leibniz rule with `S0 (0,0) d_4[0]=[]` and get `S0 (128,12) d_4[2]=[4]`.
However, `S0 (127,16) [4]` is not in B_3.
380964 1 T CW_eta_2 11 136 4 0 0 Get `CW_eta_2 (125,11) d_4[0]=[0]`. Apply the Leibniz rule with `S0 (1,1) d_4[0]=[]` and get `CW_eta_2 (126,12) d_4[]=[1]`.
However, `CW_eta_2 (125,16) [1]` is not in B_3.
380965 1 T CW_eta_2 11 136 4 0 0,4 Get `CW_eta_2 (125,11) d_4[0]=[0,4]`. Apply the Leibniz rule with `S0 (1,1) d_4[0]=[]` and get `CW_eta_2 (126,12) d_4[]=[1]`.
However, `CW_eta_2 (125,16) [1]` is not in B_3.
380966 1 T CW_eta_2 11 136 4 0 1 Get `CW_eta_2 (125,11) d_4[0]=[1]`. Apply the Leibniz rule with `S0 (20,4) d_4[0]=[]` and get `CW_eta_2 (145,15) d_4[1]=[2]`.
However, `CW_eta_2 (144,19) [2]` is not in B_3.
380967 1 T CW_eta_2 11 136 4 0 1,4 Get `CW_eta_2 (125,11) d_4[0]=[1,4]`. Apply the Leibniz rule with `S0 (20,4) d_4[0]=[]` and get `CW_eta_2 (145,15) d_4[1]=[2]`.
However, `CW_eta_2 (144,19) [2]` is not in B_3.
380968 1 T CW_eta_2 11 136 4 0 0,1 Get `CW_eta_2 (125,11) d_4[0]=[0,1]`. Apply the Leibniz rule with `S0 (1,1) d_4[0]=[]` and get `CW_eta_2 (126,12) d_4[]=[1]`.
However, `CW_eta_2 (125,16) [1]` is not in B_3.
380969 1 T CW_eta_2 11 136 4 0 0,1,4 Get `CW_eta_2 (125,11) d_4[0]=[0,1,4]`. Apply the Leibniz rule with `S0 (1,1) d_4[0]=[]` and get `CW_eta_2 (126,12) d_4[]=[1]`.
However, `CW_eta_2 (125,16) [1]` is not in B_3.
380970 0 D CW_eta_2 11 136 4 0  [NULL]
385484 0 N CW_2_eta_nu 12 151 3 3 5 CW_2_eta__CW_2_eta_nu
412985 1 T CW_eta_nu 12 150 3 1,5  Get `CW_eta_nu (138,12) d_3[1,5]=[]`. Apply the Leibniz rule with `S0 (20,4) d_3[0]=[]` and get `CW_eta_nu (158,16) d_3[1]=[]`.
Get `CW_eta_nu (158,16) d_3[1]=[]` where the element on the left-hand side already supports d_3.
However, `CW_eta_nu (157,19) [1]` is not in B_2.
412986 1 T CW_eta_nu 12 150 3 1,5 5 Get `CW_eta_nu (138,12) d_3[1,5]=[5]`. Apply the Leibniz rule with `S0 (20,4) d_3[0]=[]` and get `CW_eta_nu (158,16) d_3[1]=[]`.
Get `CW_eta_nu (158,16) d_3[1]=[]` where the element on the left-hand side already supports d_3.
However, `CW_eta_nu (157,19) [1]` is not in B_2.
412987 1 T CW_eta_nu 12 150 3 1,5 2 Get `CW_eta_nu (138,12) d_3[1,5]=[2]`. Consider the map `CW_eta_nu__Q_CW_2_eta_nu`.
Get `S0 (138,13) d_7[0,2]=[]`. Apply the Leibniz rule with `S0 (0,0) d_7[0]=[]` and get `S0 (138,13) d_7[0,2]=[]`.
Get `S0 (138,13) d_7[0,2]=[]` where the element on the left-hand side already supports d_3.
However, `S0 (137,16) [0]` is not in B_2.
412988 0 D CW_eta_nu 12 150 3 1,5 2,5 [NULL]
412990 1 T CW_eta_nu 12 150 2 0  Get `CW_eta_nu (138,12) d_2[0]=[]`. Consider the map `CW_eta_nu__Cnu`.
Get `Cnu (136,12) d_2[0,2,3,6]=[]`. Apply the Leibniz rule with `S0 (0,0) d_2[0]=[]` and get `Cnu (136,12) d_2[0,2,3,6]=[]`.
Get `Cnu (136,12) d_2[0,2,3,6]=[]` where the element on the left-hand side already supports d_2.
However, `Cnu (135,14) [3]` is not in B_1.
412991 1 T CW_eta_nu 12 150 2 0 5 Get `CW_eta_nu (138,12) d_2[0]=[5]`. Apply the Leibniz rule with `S0 (23,7) d_2[0]=[0]` and get `CW_eta_nu (161,19) d_2[]=[6]`.
However, `CW_eta_nu (160,21) [6]` is not in B_1.
412992 1 T CW_eta_nu 12 150 2 0 3,5 Get `CW_eta_nu (138,12) d_2[0]=[3,5]`. Apply the Leibniz rule with `S0 (23,7) d_2[0]=[0]` and get `CW_eta_nu (161,19) d_2[]=[6]`.
However, `CW_eta_nu (160,21) [6]` is not in B_1.
412993 1 T CW_eta_nu 12 150 2 0 1 Get `CW_eta_nu (138,12) d_2[0]=[1]`. Consider the map `CW_eta_nu__Cnu`.
Get `Cnu (136,12) d_2[0,2,3,6]=[0]`. Apply the Leibniz rule with `S0 (0,0) d_2[0]=[]` and get `Cnu (136,12) d_2[0,2,3,6]=[0]`.
Get `Cnu (136,12) d_2[0,2,3,6]=[0]` where the element on the left-hand side already supports d_2.
However, `Cnu (135,14) [0,3]` is not in B_1.
412994 1 T CW_eta_nu 12 150 2 0 1,5 Get `CW_eta_nu (138,12) d_2[0]=[1,5]`. Apply the Leibniz rule with `S0 (23,7) d_2[0]=[0]` and get `CW_eta_nu (161,19) d_2[]=[6]`.
However, `CW_eta_nu (160,21) [6]` is not in B_1.
412995 1 T CW_eta_nu 12 150 2 0 1,3 Get `CW_eta_nu (138,12) d_2[0]=[1,3]`. Consider the map `CW_eta_nu__Cnu`.
Get `Cnu (136,12) d_2[0,2,3,6]=[0,3]`. Apply the Leibniz rule with `S0 (0,0) d_2[0]=[]` and get `Cnu (136,12) d_2[0,2,3,6]=[0,3]`.
Get `Cnu (136,12) d_2[0,2,3,6]=[0,3]` where the element on the left-hand side already supports d_2.
However, `Cnu (135,14) [0]` is not in B_1.
412996 1 T CW_eta_nu 12 150 2 0 1,3,5 Get `CW_eta_nu (138,12) d_2[0]=[1,3,5]`. Apply the Leibniz rule with `S0 (23,7) d_2[0]=[0]` and get `CW_eta_nu (161,19) d_2[]=[6]`.
However, `CW_eta_nu (160,21) [6]` is not in B_1.
412997 1 T CW_eta_nu 12 150 2 0 6 Get `CW_eta_nu (138,12) d_2[0]=[6]`. Consider the map `CW_eta_nu__Cnu`.
Get `Cnu (136,12) d_2[0,2,3,6]=[]`. Apply the Leibniz rule with `S0 (0,0) d_2[0]=[]` and get `Cnu (136,12) d_2[0,2,3,6]=[]`.
Get `Cnu (136,12) d_2[0,2,3,6]=[]` where the element on the left-hand side already supports d_2.
However, `Cnu (135,14) [3]` is not in B_1.
412998 1 T CW_eta_nu 12 150 2 0 5,6 Get `CW_eta_nu (138,12) d_2[0]=[5,6]`. Apply the Leibniz rule with `S0 (23,7) d_2[0]=[0]` and get `CW_eta_nu (161,19) d_2[]=[6]`.
However, `CW_eta_nu (160,21) [6]` is not in B_1.
412999 1 T CW_eta_nu 12 150 2 0 3,6 Get `CW_eta_nu (138,12) d_2[0]=[3,6]`. Consider the map `CW_eta_nu__Q_CW_2_eta_nu`.
Get `S0 (138,13) d_2[1,3]=[4]`. Apply the Leibniz rule with `S0 (0,0) d_2[0]=[]` and get `S0 (138,13) d_2[1,3]=[4]`.
However, `S0 (137,15) [4]` is not in B_1.
413000 1 T CW_eta_nu 12 150 2 0 3,5,6 Get `CW_eta_nu (138,12) d_2[0]=[3,5,6]`. Apply the Leibniz rule with `S0 (23,7) d_2[0]=[0]` and get `CW_eta_nu (161,19) d_2[]=[6]`.
However, `CW_eta_nu (160,21) [6]` is not in B_1.
413001 1 T CW_eta_nu 12 150 2 0 1,6 Get `CW_eta_nu (138,12) d_2[0]=[1,6]`. Consider the map `CW_eta_nu__Cnu`.
Get `Cnu (136,12) d_2[0,2,3,6]=[0]`. Apply the Leibniz rule with `S0 (0,0) d_2[0]=[]` and get `Cnu (136,12) d_2[0,2,3,6]=[0]`.
Get `Cnu (136,12) d_2[0,2,3,6]=[0]` where the element on the left-hand side already supports d_2.
However, `Cnu (135,14) [0,3]` is not in B_1.
413002 1 T CW_eta_nu 12 150 2 0 1,5,6 Get `CW_eta_nu (138,12) d_2[0]=[1,5,6]`. Apply the Leibniz rule with `S0 (23,7) d_2[0]=[0]` and get `CW_eta_nu (161,19) d_2[]=[6]`.
However, `CW_eta_nu (160,21) [6]` is not in B_1.
413003 1 T CW_eta_nu 12 150 2 0 1,3,6 Get `CW_eta_nu (138,12) d_2[0]=[1,3,6]`. Consider the map `CW_eta_nu__Cnu`.
Get `Cnu (136,12) d_2[0,2,3,6]=[0,3]`. Apply the Leibniz rule with `S0 (0,0) d_2[0]=[]` and get `Cnu (136,12) d_2[0,2,3,6]=[0,3]`.
Get `Cnu (136,12) d_2[0,2,3,6]=[0,3]` where the element on the left-hand side already supports d_2.
However, `Cnu (135,14) [0]` is not in B_1.
413004 1 T CW_eta_nu 12 150 2 0 1,3,5,6 Get `CW_eta_nu (138,12) d_2[0]=[1,3,5,6]`. Apply the Leibniz rule with `S0 (23,7) d_2[0]=[0]` and get `CW_eta_nu (161,19) d_2[]=[6]`.
However, `CW_eta_nu (160,21) [6]` is not in B_1.
413005 1 T CW_eta_nu 12 150 2 0 0 Get `CW_eta_nu (138,12) d_2[0]=[0]`. Apply the Leibniz rule with `S0 (15,1) d_2[0]=[0]` and get `CW_eta_nu (153,13) d_2[2]=[2]`.
However, `CW_eta_nu (152,15) [2]` is not in B_1.
413006 1 T CW_eta_nu 12 150 2 0 0,5 Get `CW_eta_nu (138,12) d_2[0]=[0,5]`. Apply the Leibniz rule with `S0 (15,1) d_2[0]=[0]` and get `CW_eta_nu (153,13) d_2[2]=[2]`.
However, `CW_eta_nu (152,15) [2]` is not in B_1.
413007 1 T CW_eta_nu 12 150 2 0 0,3 Get `CW_eta_nu (138,12) d_2[0]=[0,3]`. Apply the Leibniz rule with `S0 (15,1) d_2[0]=[0]` and get `CW_eta_nu (153,13) d_2[2]=[2]`.
However, `CW_eta_nu (152,15) [2]` is not in B_1.
413008 1 T CW_eta_nu 12 150 2 0 0,3,5 Get `CW_eta_nu (138,12) d_2[0]=[0,3,5]`. Apply the Leibniz rule with `S0 (15,1) d_2[0]=[0]` and get `CW_eta_nu (153,13) d_2[2]=[2]`.
However, `CW_eta_nu (152,15) [2]` is not in B_1.
413009 1 T CW_eta_nu 12 150 2 0 0,1 Get `CW_eta_nu (138,12) d_2[0]=[0,1]`. Apply the Leibniz rule with `S0 (15,1) d_2[0]=[0]` and get `CW_eta_nu (153,13) d_2[2]=[2]`.
However, `CW_eta_nu (152,15) [2]` is not in B_1.
413010 1 T CW_eta_nu 12 150 2 0 0,1,5 Get `CW_eta_nu (138,12) d_2[0]=[0,1,5]`. Apply the Leibniz rule with `S0 (15,1) d_2[0]=[0]` and get `CW_eta_nu (153,13) d_2[2]=[2]`.
However, `CW_eta_nu (152,15) [2]` is not in B_1.
413011 1 T CW_eta_nu 12 150 2 0 0,1,3 Get `CW_eta_nu (138,12) d_2[0]=[0,1,3]`. Apply the Leibniz rule with `S0 (15,1) d_2[0]=[0]` and get `CW_eta_nu (153,13) d_2[2]=[2]`.
However, `CW_eta_nu (152,15) [2]` is not in B_1.
413012 1 T CW_eta_nu 12 150 2 0 0,1,3,5 Get `CW_eta_nu (138,12) d_2[0]=[0,1,3,5]`. Apply the Leibniz rule with `S0 (15,1) d_2[0]=[0]` and get `CW_eta_nu (153,13) d_2[2]=[2]`.
However, `CW_eta_nu (152,15) [2]` is not in B_1.
413013 1 T CW_eta_nu 12 150 2 0 0,6 Get `CW_eta_nu (138,12) d_2[0]=[0,6]`. Apply the Leibniz rule with `S0 (15,1) d_2[0]=[0]` and get `CW_eta_nu (153,13) d_2[2]=[2]`.
However, `CW_eta_nu (152,15) [2]` is not in B_1.
413014 1 T CW_eta_nu 12 150 2 0 0,5,6 Get `CW_eta_nu (138,12) d_2[0]=[0,5,6]`. Apply the Leibniz rule with `S0 (15,1) d_2[0]=[0]` and get `CW_eta_nu (153,13) d_2[2]=[2]`.
However, `CW_eta_nu (152,15) [2]` is not in B_1.
413015 1 T CW_eta_nu 12 150 2 0 0,3,6 Get `CW_eta_nu (138,12) d_2[0]=[0,3,6]`. Apply the Leibniz rule with `S0 (15,1) d_2[0]=[0]` and get `CW_eta_nu (153,13) d_2[2]=[2]`.
However, `CW_eta_nu (152,15) [2]` is not in B_1.
413016 1 T CW_eta_nu 12 150 2 0 0,3,5,6 Get `CW_eta_nu (138,12) d_2[0]=[0,3,5,6]`. Apply the Leibniz rule with `S0 (15,1) d_2[0]=[0]` and get `CW_eta_nu (153,13) d_2[2]=[2]`.
However, `CW_eta_nu (152,15) [2]` is not in B_1.
413017 1 T CW_eta_nu 12 150 2 0 0,1,6 Get `CW_eta_nu (138,12) d_2[0]=[0,1,6]`. Apply the Leibniz rule with `S0 (15,1) d_2[0]=[0]` and get `CW_eta_nu (153,13) d_2[2]=[2]`.
However, `CW_eta_nu (152,15) [2]` is not in B_1.
413018 1 T CW_eta_nu 12 150 2 0 0,1,5,6 Get `CW_eta_nu (138,12) d_2[0]=[0,1,5,6]`. Apply the Leibniz rule with `S0 (15,1) d_2[0]=[0]` and get `CW_eta_nu (153,13) d_2[2]=[2]`.
However, `CW_eta_nu (152,15) [2]` is not in B_1.
413019 1 T CW_eta_nu 12 150 2 0 0,1,3,6 Get `CW_eta_nu (138,12) d_2[0]=[0,1,3,6]`. Apply the Leibniz rule with `S0 (15,1) d_2[0]=[0]` and get `CW_eta_nu (153,13) d_2[2]=[2]`.
However, `CW_eta_nu (152,15) [2]` is not in B_1.
413020 1 T CW_eta_nu 12 150 2 0 0,1,3,5,6 Get `CW_eta_nu (138,12) d_2[0]=[0,1,3,5,6]`. Apply the Leibniz rule with `S0 (15,1) d_2[0]=[0]` and get `CW_eta_nu (153,13) d_2[2]=[2]`.
However, `CW_eta_nu (152,15) [2]` is not in B_1.
413021 1 T CW_eta_nu 12 150 2 0 4 Get `CW_eta_nu (138,12) d_2[0]=[4]`. Apply the Leibniz rule with `S0 (0,1) d_2[0]=[]` and get `CW_eta_nu (138,13) d_2[3,5]=[5]`.
However, `CW_eta_nu (137,15) [5]` is not in B_1.
413022 1 T CW_eta_nu 12 150 2 0 4,5 Get `CW_eta_nu (138,12) d_2[0]=[4,5]`. Apply the Leibniz rule with `S0 (0,1) d_2[0]=[]` and get `CW_eta_nu (138,13) d_2[3,5]=[5]`.
However, `CW_eta_nu (137,15) [5]` is not in B_1.
413023 1 T CW_eta_nu 12 150 2 0 3,4 Get `CW_eta_nu (138,12) d_2[0]=[3,4]`. Apply the Leibniz rule with `S0 (0,1) d_2[0]=[]` and get `CW_eta_nu (138,13) d_2[3,5]=[5]`.
However, `CW_eta_nu (137,15) [5]` is not in B_1.
413024 1 T CW_eta_nu 12 150 2 0 3,4,5 Get `CW_eta_nu (138,12) d_2[0]=[3,4,5]`. Apply the Leibniz rule with `S0 (0,1) d_2[0]=[]` and get `CW_eta_nu (138,13) d_2[3,5]=[5]`.
However, `CW_eta_nu (137,15) [5]` is not in B_1.
413025 1 T CW_eta_nu 12 150 2 0 1,4 Get `CW_eta_nu (138,12) d_2[0]=[1,4]`. Apply the Leibniz rule with `S0 (0,1) d_2[0]=[]` and get `CW_eta_nu (138,13) d_2[3,5]=[5]`.
However, `CW_eta_nu (137,15) [5]` is not in B_1.
413026 1 T CW_eta_nu 12 150 2 0 1,4,5 Get `CW_eta_nu (138,12) d_2[0]=[1,4,5]`. Apply the Leibniz rule with `S0 (0,1) d_2[0]=[]` and get `CW_eta_nu (138,13) d_2[3,5]=[5]`.
However, `CW_eta_nu (137,15) [5]` is not in B_1.
413027 1 T CW_eta_nu 12 150 2 0 1,3,4 Get `CW_eta_nu (138,12) d_2[0]=[1,3,4]`. Apply the Leibniz rule with `S0 (0,1) d_2[0]=[]` and get `CW_eta_nu (138,13) d_2[3,5]=[5]`.
However, `CW_eta_nu (137,15) [5]` is not in B_1.
413028 1 T CW_eta_nu 12 150 2 0 1,3,4,5 Get `CW_eta_nu (138,12) d_2[0]=[1,3,4,5]`. Apply the Leibniz rule with `S0 (0,1) d_2[0]=[]` and get `CW_eta_nu (138,13) d_2[3,5]=[5]`.
However, `CW_eta_nu (137,15) [5]` is not in B_1.
413029 1 T CW_eta_nu 12 150 2 0 4,6 Get `CW_eta_nu (138,12) d_2[0]=[4,6]`. Apply the Leibniz rule with `S0 (0,1) d_2[0]=[]` and get `CW_eta_nu (138,13) d_2[3,5]=[5]`.
However, `CW_eta_nu (137,15) [5]` is not in B_1.
413030 1 T CW_eta_nu 12 150 2 0 4,5,6 Get `CW_eta_nu (138,12) d_2[0]=[4,5,6]`. Apply the Leibniz rule with `S0 (0,1) d_2[0]=[]` and get `CW_eta_nu (138,13) d_2[3,5]=[5]`.
However, `CW_eta_nu (137,15) [5]` is not in B_1.
413031 1 T CW_eta_nu 12 150 2 0 3,4,6 Get `CW_eta_nu (138,12) d_2[0]=[3,4,6]`. Apply the Leibniz rule with `S0 (0,1) d_2[0]=[]` and get `CW_eta_nu (138,13) d_2[3,5]=[5]`.
However, `CW_eta_nu (137,15) [5]` is not in B_1.
413032 1 T CW_eta_nu 12 150 2 0 3,4,5,6 Get `CW_eta_nu (138,12) d_2[0]=[3,4,5,6]`. Apply the Leibniz rule with `S0 (0,1) d_2[0]=[]` and get `CW_eta_nu (138,13) d_2[3,5]=[5]`.
However, `CW_eta_nu (137,15) [5]` is not in B_1.
413033 1 T CW_eta_nu 12 150 2 0 1,4,6 Get `CW_eta_nu (138,12) d_2[0]=[1,4,6]`. Apply the Leibniz rule with `S0 (0,1) d_2[0]=[]` and get `CW_eta_nu (138,13) d_2[3,5]=[5]`.
However, `CW_eta_nu (137,15) [5]` is not in B_1.
413034 1 T CW_eta_nu 12 150 2 0 1,4,5,6 Get `CW_eta_nu (138,12) d_2[0]=[1,4,5,6]`. Apply the Leibniz rule with `S0 (0,1) d_2[0]=[]` and get `CW_eta_nu (138,13) d_2[3,5]=[5]`.
However, `CW_eta_nu (137,15) [5]` is not in B_1.
413035 1 T CW_eta_nu 12 150 2 0 1,3,4,6 Get `CW_eta_nu (138,12) d_2[0]=[1,3,4,6]`. Apply the Leibniz rule with `S0 (0,1) d_2[0]=[]` and get `CW_eta_nu (138,13) d_2[3,5]=[5]`.
However, `CW_eta_nu (137,15) [5]` is not in B_1.
413036 1 T CW_eta_nu 12 150 2 0 1,3,4,5,6 Get `CW_eta_nu (138,12) d_2[0]=[1,3,4,5,6]`. Apply the Leibniz rule with `S0 (0,1) d_2[0]=[]` and get `CW_eta_nu (138,13) d_2[3,5]=[5]`.
However, `CW_eta_nu (137,15) [5]` is not in B_1.
413037 1 T CW_eta_nu 12 150 2 0 0,4 Get `CW_eta_nu (138,12) d_2[0]=[0,4]`. Apply the Leibniz rule with `S0 (0,1) d_2[0]=[]` and get `CW_eta_nu (138,13) d_2[3,5]=[5]`.
However, `CW_eta_nu (137,15) [5]` is not in B_1.
413038 1 T CW_eta_nu 12 150 2 0 0,4,5 Get `CW_eta_nu (138,12) d_2[0]=[0,4,5]`. Apply the Leibniz rule with `S0 (0,1) d_2[0]=[]` and get `CW_eta_nu (138,13) d_2[3,5]=[5]`.
However, `CW_eta_nu (137,15) [5]` is not in B_1.
413039 1 T CW_eta_nu 12 150 2 0 0,3,4 Get `CW_eta_nu (138,12) d_2[0]=[0,3,4]`. Apply the Leibniz rule with `S0 (0,1) d_2[0]=[]` and get `CW_eta_nu (138,13) d_2[3,5]=[5]`.
However, `CW_eta_nu (137,15) [5]` is not in B_1.
413040 1 T CW_eta_nu 12 150 2 0 0,3,4,5 Get `CW_eta_nu (138,12) d_2[0]=[0,3,4,5]`. Apply the Leibniz rule with `S0 (0,1) d_2[0]=[]` and get `CW_eta_nu (138,13) d_2[3,5]=[5]`.
However, `CW_eta_nu (137,15) [5]` is not in B_1.
413041 1 T CW_eta_nu 12 150 2 0 0,1,4 Get `CW_eta_nu (138,12) d_2[0]=[0,1,4]`. Apply the Leibniz rule with `S0 (0,1) d_2[0]=[]` and get `CW_eta_nu (138,13) d_2[3,5]=[5]`.
However, `CW_eta_nu (137,15) [5]` is not in B_1.
413042 1 T CW_eta_nu 12 150 2 0 0,1,4,5 Get `CW_eta_nu (138,12) d_2[0]=[0,1,4,5]`. Apply the Leibniz rule with `S0 (0,1) d_2[0]=[]` and get `CW_eta_nu (138,13) d_2[3,5]=[5]`.
However, `CW_eta_nu (137,15) [5]` is not in B_1.
413043 1 T CW_eta_nu 12 150 2 0 0,1,3,4 Get `CW_eta_nu (138,12) d_2[0]=[0,1,3,4]`. Apply the Leibniz rule with `S0 (0,1) d_2[0]=[]` and get `CW_eta_nu (138,13) d_2[3,5]=[5]`.
However, `CW_eta_nu (137,15) [5]` is not in B_1.
413044 1 T CW_eta_nu 12 150 2 0 0,1,3,4,5 Get `CW_eta_nu (138,12) d_2[0]=[0,1,3,4,5]`. Apply the Leibniz rule with `S0 (0,1) d_2[0]=[]` and get `CW_eta_nu (138,13) d_2[3,5]=[5]`.
However, `CW_eta_nu (137,15) [5]` is not in B_1.
413045 1 T CW_eta_nu 12 150 2 0 0,4,6 Get `CW_eta_nu (138,12) d_2[0]=[0,4,6]`. Apply the Leibniz rule with `S0 (0,1) d_2[0]=[]` and get `CW_eta_nu (138,13) d_2[3,5]=[5]`.
However, `CW_eta_nu (137,15) [5]` is not in B_1.
413046 1 T CW_eta_nu 12 150 2 0 0,4,5,6 Get `CW_eta_nu (138,12) d_2[0]=[0,4,5,6]`. Apply the Leibniz rule with `S0 (0,1) d_2[0]=[]` and get `CW_eta_nu (138,13) d_2[3,5]=[5]`.
However, `CW_eta_nu (137,15) [5]` is not in B_1.
413047 1 T CW_eta_nu 12 150 2 0 0,3,4,6 Get `CW_eta_nu (138,12) d_2[0]=[0,3,4,6]`. Apply the Leibniz rule with `S0 (0,1) d_2[0]=[]` and get `CW_eta_nu (138,13) d_2[3,5]=[5]`.
However, `CW_eta_nu (137,15) [5]` is not in B_1.
413048 1 T CW_eta_nu 12 150 2 0 0,3,4,5,6 Get `CW_eta_nu (138,12) d_2[0]=[0,3,4,5,6]`. Apply the Leibniz rule with `S0 (0,1) d_2[0]=[]` and get `CW_eta_nu (138,13) d_2[3,5]=[5]`.
However, `CW_eta_nu (137,15) [5]` is not in B_1.
413049 1 T CW_eta_nu 12 150 2 0 0,1,4,6 Get `CW_eta_nu (138,12) d_2[0]=[0,1,4,6]`. Apply the Leibniz rule with `S0 (0,1) d_2[0]=[]` and get `CW_eta_nu (138,13) d_2[3,5]=[5]`.
However, `CW_eta_nu (137,15) [5]` is not in B_1.
413050 1 T CW_eta_nu 12 150 2 0 0,1,4,5,6 Get `CW_eta_nu (138,12) d_2[0]=[0,1,4,5,6]`. Apply the Leibniz rule with `S0 (0,1) d_2[0]=[]` and get `CW_eta_nu (138,13) d_2[3,5]=[5]`.
However, `CW_eta_nu (137,15) [5]` is not in B_1.
413051 1 T CW_eta_nu 12 150 2 0 0,1,3,4,6 Get `CW_eta_nu (138,12) d_2[0]=[0,1,3,4,6]`. Apply the Leibniz rule with `S0 (0,1) d_2[0]=[]` and get `CW_eta_nu (138,13) d_2[3,5]=[5]`.
However, `CW_eta_nu (137,15) [5]` is not in B_1.
413052 1 T CW_eta_nu 12 150 2 0 0,1,3,4,5,6 Get `CW_eta_nu (138,12) d_2[0]=[0,1,3,4,5,6]`. Apply the Leibniz rule with `S0 (0,1) d_2[0]=[]` and get `CW_eta_nu (138,13) d_2[3,5]=[5]`.
However, `CW_eta_nu (137,15) [5]` is not in B_1.
413053 0 D CW_eta_nu 12 150 2 0 3 [NULL]
413055 1 T CW_eta_nu 12 150 3 0,3  Get `CW_eta_nu (138,12) d_3[0,3]=[]`. Apply the Leibniz rule with `S0 (20,4) d_3[0]=[]` and get `CW_eta_nu (158,16) d_3[1]=[]`.
Get `CW_eta_nu (158,16) d_3[1]=[]` where the element on the left-hand side already supports d_3.
However, `CW_eta_nu (157,19) [1]` is not in B_2.
413056 1 T CW_eta_nu 12 150 3 0,3 2,5 Get `CW_eta_nu (138,12) d_3[0,3]=[2,5]`. Consider the map `CW_eta_nu__Q_CW_2_eta_nu`.
Get `S0 (138,13) d_3[1,3]=[0]`. Apply the Leibniz rule with `S0 (0,0) d_3[0]=[]` and get `S0 (138,13) d_3[1,3]=[0]`.
However, `S0 (137,16) [0]` is not in B_2.
413057 1 T CW_eta_nu 12 150 3 0,3 5 Get `CW_eta_nu (138,12) d_3[0,3]=[5]`. Apply the Leibniz rule with `S0 (20,4) d_3[0]=[]` and get `CW_eta_nu (158,16) d_3[1]=[]`.
Get `CW_eta_nu (158,16) d_3[1]=[]` where the element on the left-hand side already supports d_3.
However, `CW_eta_nu (157,19) [1]` is not in B_2.
413058 0 D CW_eta_nu 12 150 3 0,3 2 [NULL]
413059 0 N Cnu 12 148 3 2,3,6 4 CW_eta_nu__Cnu
460057 0 G CW_eta_nu 12 150 14 4  [NULL]
606725 0 G CW_2_eta_nu 12 151 13 2  [NULL]
606726 0 G CW_2_eta_nu 12 151 13 0  [NULL]
606727 0 N CW_eta_nu 12 150 13 2  CW_2_eta_nu__CW_eta_nu
606728 0 N Cnu 12 148 14 3,6  CW_eta_nu__Cnu
791719 0 N Cnu 12 148 3 1 2,4 C2__Q_CW_nu_eta_2
2054212 0 N Cnu 12 148 4 0,2,4,6 0 C2__Q_CW_nu_eta_2
2061071 0 N CW_eta_nu 12 150 10 6  Ceta__CW_eta_nu
2066955 1 T Cnu 12 148 4 2,5 0 Get `Cnu (136,12) d_4[2,5]=[0]`. Consider the map `Cnu__S0`.
Get `S0 (132,12) d_4[1]=[0]`. Apply the Leibniz rule with `S0 (0,0) d_4[0]=[]` and get `S0 (132,12) d_4[1]=[0]`.
However, `S0 (131,16) [0]` is not in B_3.
2066956 0 D Cnu 12 148 4 2,5  [NULL]
2088598 0 G CW_eta_nu 12 150 16 4  [NULL]
2088599 1 T CW_eta_nu 12 150 51 4 0 Get `CW_eta_nu (138,12) d_51[4]=[0]`. Consider the map `CW_eta_nu__Cnu`.
Get `Cnu (136,12) d_51[6]=[0]`. Apply the Leibniz rule with `S0 (0,0) d_51[0]=[]` and get `Cnu (136,12) d_51[6]=[0]`.
Get `Cnu (135,63) [0]=d_50[-1]` where the element on the left-hand side already supports d_2.
However, `Cnu (134,65) [0]` is not in B_1.
2088600 0 D CW_eta_nu 12 150 51 4  [NULL]
2088601 1 T CW_eta_nu 12 150 12 6 1,2 Get `CW_eta_nu (138,12) d_12[6]=[1,2]`. Consider the map `CW_eta_nu__Q_CW_2_eta_nu`.
Get `S0 (138,13) d_12[3]=[0]`. Apply the Leibniz rule with `S0 (0,0) d_12[0]=[]` and get `S0 (138,13) d_12[3]=[0]`.
However, `S0 (137,25) [2]` is not in B_11.
2088602 0 D CW_eta_nu 12 150 12 6  [NULL]
2423249 0 XY CW_eta_2 11 136 5 2  Apply the Leibniz rule with `CW_eta_2 (0,0) d_5[0]=[]`.
2441955 0 [NULL] Cnu 12 148 5 2,5 [NULL] [NULL]
2450753 0 [NULL] CW_eta_2 11 136 5 0 [NULL] [NULL]
2453252 0 G CW_eta_2 11 136 5 0  [NULL]
2603746 0 XY Cnu 3 140 7 0  Apply the Leibniz rule with `Cnu (11,1) d_7[0]=[]`.
2609723 0 [NULL] Cnu 3 140 8 0 [NULL] [NULL]
2656372 1 T CW_eta_2 11 136 6 2 0,2,4 Get `CW_eta_2 (125,11) d_6[2]=[0,2,4]`. Consider the map `CW_eta_2__RP1_6`.
However, `RP1_6 (127,17) [2,3,4]` is not in B_5.
2656373 1 T CW_eta_2 11 136 6 2 4 Get `CW_eta_2 (125,11) d_6[2]=[4]`. Apply the Leibniz rule with `S0 (0,0) d_6[0]=[]` and get `CW_eta_2 (125,11) d_6[2]=[4]`.
Get `CW_eta_2 (124,17) [4]=d_6[2]` where the element on the left-hand side already supports d_3.
However, `CW_eta_2 (123,20) [1]` is not in B_2.
2656374 1 T CW_eta_2 11 136 6 2 0,2 Get `CW_eta_2 (125,11) d_6[2]=[0,2]`. Apply the Leibniz rule with `S0 (0,0) d_6[0]=[]` and get `CW_eta_2 (125,11) d_6[2]=[0,2]`.
Get `CW_eta_2 (124,17) [0,2]=d_6[2]` where the element on the left-hand side already supports d_3.
However, `CW_eta_2 (123,20) [1]` is not in B_2.
2656375 1 T CW_eta_2 11 136 6 2 2 Get `CW_eta_2 (125,11) d_6[2]=[2]`. Consider the map `CW_eta_2__Q_CW_nu_eta_2`.
However, `S0 (127,18) [1,3]` is not in B_5.
2656376 1 T CW_eta_2 11 136 6 2 0,4 Get `CW_eta_2 (125,11) d_6[2]=[0,4]`. Consider the map `CW_eta_2__Q_CW_nu_eta_2`.
However, `S0 (127,18) [1]` is not in B_5.
2656377 1 T CW_eta_2 11 136 6 2 2,4 Get `CW_eta_2 (125,11) d_6[2]=[2,4]`. Consider the map `CW_eta_2__Q_CW_nu_eta_2`.
However, `S0 (127,18) [1,3]` is not in B_5.
2656378 1 T CW_eta_2 11 136 6 2 0 Get `CW_eta_2 (125,11) d_6[2]=[0]`. Consider the map `CW_eta_2__Q_CW_nu_eta_2`.
However, `S0 (127,18) [1]` is not in B_5.
2656379 0 D CW_eta_2 11 136 6 2  [NULL]
2666622 0 N CW_2_eta_nu 12 151 50 2  CW_2_eta__CW_2_eta_nu
