{
  "status": "pass",
  "families": [
    {
      "case": "zero_a0",
      "entries": 1338,
      "ordered_pairs": 1790244,
      "adjacent": 1021,
      "consecutive": 836,
      "inverse_coordinate_checks": 12,
      "family_sha256": "cbcff417b2a11fca73f0f5a70ceb5e84164f0f630483c667d1491ea98b90c4d1"
    },
    {
      "case": "zero_a1",
      "entries": 1338,
      "ordered_pairs": 1790244,
      "adjacent": 1021,
      "consecutive": 836,
      "inverse_coordinate_checks": 6,
      "family_sha256": "e6aa82ed2d68835df8da4f651c60cb6029b106f2bd8f7b3d2bb2d56ce550a2bd"
    },
    {
      "case": "residual_a0",
      "entries": 1346,
      "ordered_pairs": 1811716,
      "adjacent": 1028,
      "consecutive": 844,
      "inverse_coordinate_checks": 8,
      "family_sha256": "15c8d479052d7654d8fe922060e7a12ab15f5585ce55994e25ac281dcd84f1f0"
    },
    {
      "case": "residual_a1",
      "entries": 1349,
      "ordered_pairs": 1819801,
      "adjacent": 1031,
      "consecutive": 846,
      "inverse_coordinate_checks": 4,
      "family_sha256": "c11c438e79166f1610cd160f424e1d19f29873090947ffd1e53cf04097c2d06b"
    }
  ],
  "source_matrices": 16,
  "rejected_by_row3135": 12,
  "rejected_by_square": 2,
  "candidate_matrices": 2,
  "total_pairs": 7212005
}
