{
  "status": "passed_no_findings",
  "counts": {
    "frozen_files": 14,
    "dependencies_sha256": 11,
    "axiom_reports": 11,
    "external_input_sha256": 4,
    "same_requested_raw_trace_steps": 176,
    "finite_semantic_requests": 42672,
    "padding_truncation_aliases_rejected": 6192,
    "accepted_same_trace_requests": 48,
    "fact715_models": 16,
    "fact719_models": 32
  },
  "original_runtime": {
    "session_id": 68127,
    "observed_exit_code": 0,
    "log_sha256": "9c037589173a26037860f15e1f3fdfd07a2c069c0c1431e1b031d2803c96406a",
    "scope": "Lean --run ParserTests: canonical and malformed JSON/JSONL, exact line 2 diagnostics"
  },
  "independent_runtime": {
    "observed_exit_code": 0,
    "source_sha256": "cb752541bcb988e231ec0d31b6c0c054f30cd38c460e03b3a7d126e2cd8e3253",
    "log_sha256": "43eb1fba90772e1a4c914b175b10c6eae5898ad0ffb0827f5e89cd73716d0b1c"
  },
  "generator_byte_identical_in_memory": true,
  "frozen_sources_unchanged": true,
  "scope": "Exact imported request binding to one conditional actual E5/E6 trace; no permanence or sphere realization.",
  "notes": [
    "The importer rejects an empty batch; checkBatch [] is true for the vacuous universal proposition.",
    "Batch soundness covers exactly its supplied list and does not claim paper-wide completeness.",
    "Tactic diagnostics refer callers to diagnose/diagnoseBatch; they do not automatically print an invalid field.",
    "The semantic prefix remains typed Lean input containing full differential and quotient premises.",
    "Standard Lean axioms are propext, Classical.choice and Quot.sound; no custom axioms or native reduction proof axiom."
  ],
  "input_sha256": {
    "Fact715TrajectoryCertificates/conditional-higher-source.json": "5f2e1a90616d132168d2b270a683752124e6fc3242e189f0bc2cb429c2bbd726",
    "ActualTraceRequests/fact715.json": "41e4c49fbfb9b6b9c86ff111209b4a3ad7075b660ca0feaafdab87e52b02839f",
    "Fact719TrajectoryCertificates/source.json": "d21bf954adbf67f212548c8cb8e0eba4ea9a45036e99312a4f2813f785c9a68a",
    "ActualTraceRequests/fact719.json": "689582fd55f3a9c5db17bba31132c7cf4e551fbe34bd648e6adc608a2ab0b524",
    "ActualTraceRequests/frozen-source.json": "2ba5559b48b8c9bcc0d7435df7984bb7c0e5bc0d4fb87274280818b0e795d6f0",
    "ActualTraceRequests/independent_review.py": "315ca799be71418e49f7f5a8d3ed70eae8dc474b19e2129a14f1dece80e734ee"
  }
}
