Fact713DC2h6ComparisonFamily/GraphCoverage.lean:40:13: error: don't know how to synthesize implicit argument `a`
  @List.Perm.mem_iff Key ?m.16 (left.mergeSort fun a b => decide (code a ≤ code b)) left
    (List.mergeSort_perm left fun a b => decide (code a ≤ code b))
context:
left right : List Key
h : ordered left = ordered right
key : Key
⊢ Key
Fact713DC2h6ComparisonFamily/GraphCoverage.lean:40:7: error: failed to infer `have` declaration type
Fact713DC2h6ComparisonFamily/GraphCoverage.lean:39:46: error: unsolved goals
left right : List Key
h : ordered left = ordered right
key : Key
⊢ key ∈ left ↔ key ∈ right
Fact713DC2h6ComparisonFamily/GraphCoverage.lean:44:93: error: Tactic `decide` failed for proposition
  ordered familyKeys = ordered (available ++ outside)
because its `Decidable` instance
  instDecidableEqList (ordered familyKeys) (ordered (available ++ outside))
did not reduce to `isTrue` or `isFalse`.

After unfolding the instance `instDecidableEqList`, reduction got stuck at the `Decidable` instance
  match ordered familyKeys with
  | [] =>
    match ordered (available ++ outside) with
    | [] => isTrue ⋯
    | head :: tail => isFalse ⋯
  | a :: as =>
    match ordered (available ++ outside) with
    | [] => isFalse ⋯
    | b :: bs =>
      match decEq a b with
      | isTrue hab =>
        match as.hasDecEq bs with
        | isTrue habs => isTrue ⋯
        | isFalse nabs => isFalse ⋯
      | isFalse nab => isFalse ⋯
Fact713DC2h6ComparisonFamily/GraphCoverage.lean:45:93: error: Tactic `decide` failed for proposition
  ordered requested = ordered (available ++ missing)
because its `Decidable` instance
  instDecidableEqList (ordered requested) (ordered (available ++ missing))
did not reduce to `isTrue` or `isFalse`.

After unfolding the instance `instDecidableEqList`, reduction got stuck at the `Decidable` instance
  match ordered requested with
  | [] =>
    match ordered (available ++ missing) with
    | [] => isTrue ⋯
    | head :: tail => isFalse ⋯
  | a :: as =>
    match ordered (available ++ missing) with
    | [] => isFalse ⋯
    | b :: bs =>
      match decEq a b with
      | isTrue hab =>
        match as.hasDecEq bs with
        | isTrue habs => isTrue ⋯
        | isFalse nabs => isFalse ⋯
      | isFalse nab => isFalse ⋯
Fact713DC2h6ComparisonFamily/GraphCoverage.lean:51:2: error: Tactic `decide` failed for proposition
  FamilyKeyOrder.checkOrder ((List.map code (missing ++ familyKeys)).mergeSort fun x1 x2 => decide (x1 ≤ x2)) = true
because its `Decidable` instance
  instDecidableEqBool
    (FamilyKeyOrder.checkOrder ((List.map code (missing ++ familyKeys)).mergeSort fun x1 x2 => decide (x1 ≤ x2))) true
did not reduce to `isTrue` or `isFalse`.

After unfolding the instances `instDecidableEqBool` and `Bool.decEq`, reduction got stuck at the `Decidable` instance
  match FamilyKeyOrder.checkOrder ((List.map code (missing ++ familyKeys)).mergeSort fun x1 x2 => decide (x1 ≤ x2)),
    true with
  | false, false => isTrue ⋯
  | false, true => isFalse ⋯
  | true, false => isFalse ⋯
  | true, true => isTrue ⋯
Fact713DC2h6ComparisonFamily/GraphCoverage.lean:84:2: error: Tactic `decide` failed for proposition
  FamilyKeyOrder.checkOrder ((List.map code (outside ++ requested)).mergeSort fun x1 x2 => decide (x1 ≤ x2)) = true
because its `Decidable` instance
  instDecidableEqBool
    (FamilyKeyOrder.checkOrder ((List.map code (outside ++ requested)).mergeSort fun x1 x2 => decide (x1 ≤ x2))) true
did not reduce to `isTrue` or `isFalse`.

After unfolding the instances `instDecidableEqBool` and `Bool.decEq`, reduction got stuck at the `Decidable` instance
  match FamilyKeyOrder.checkOrder ((List.map code (outside ++ requested)).mergeSort fun x1 x2 => decide (x1 ≤ x2)),
    true with
  | false, false => isTrue ⋯
  | false, true => isFalse ⋯
  | true, false => isFalse ⋯
  | true, true => isTrue ⋯
'Fact713DC2h6ComparisonFamily.GraphCoverage.available_covered' depends on axioms: [propext, sorryAx, Quot.sound]
'Fact713DC2h6ComparisonFamily.GraphCoverage.missing_absent' depends on axioms: [propext, sorryAx, Quot.sound]
'Fact713DC2h6ComparisonFamily.GraphCoverage.requested_exact_partition' depends on axioms: [propext, sorryAx, Quot.sound]
'Fact713DC2h6ComparisonFamily.GraphCoverage.available_missing_disjoint' depends on axioms: [propext,
 sorryAx,
 Quot.sound]
'Fact713DC2h6ComparisonFamily.GraphCoverage.outside_covered' depends on axioms: [propext, sorryAx, Quot.sound]
'Fact713DC2h6ComparisonFamily.GraphCoverage.outside_not_requested' depends on axioms: [propext, sorryAx, Quot.sound]
'Fact713DC2h6ComparisonFamily.GraphCoverage.exact_counts' does not depend on any axioms
'Fact713DC2h6ComparisonFamily.GraphCoverage.named_d7_missing' depends on axioms: [propext]
'Fact713DC2h6ComparisonFamily.GraphCoverage.exact_requested_coverage' depends on axioms: [propext, sorryAx, Quot.sound]
