{
  "status": "passed",
  "counts": {
    "derived_coordinates": 256,
    "quotient_pairs": 512,
    "derived_addition_pairs": 512,
    "same_raw_steps": 128,
    "wrong_zero_inputs_rejected": 32,
    "models": 32
  },
  "raw_row": [
    2433,
    8,
    130,
    "0",
    null,
    9994
  ],
  "raw_basis": [
    2433,
    "1,1,323,1",
    8,
    130,
    ""
  ],
  "supplied_tracked_coordinates": [
    "E2"
  ],
  "constructed_coordinates": [
    "E3",
    "E4",
    "E5",
    "E6"
  ],
  "axiom_reports": 21,
  "scope": "Actual finite model oracle; actual sphere E2 and differential comparisons remain caller proofs."
}
