{
  "status": "complete_finite_matrices_and_joint_detection_pass",
  "matrices": 18,
  "columns": 96,
  "reductions": 117,
  "comparisons": 12,
  "full_vectors": 642,
  "cycle_pairs": 67230,
  "square_vectors": 1872,
  "joint_kernel": [
    [
      0,
      0,
      0
    ]
  ],
  "raw_d0_product": [
    7669,
    "0",
    null,
    9000
  ],
  "source_sha256": "a51bcaf071dc8f72cf1757e648ce2004b8bf503995934ba900715d6cccb76dfe",
  "limitation": "The d0 product cycle is not proved. This audit does not discharge row3247 d3."
}
