18 full matrices 96 columns 117 reductions
{
  "top_18_145": {
    "source": 3,
    "target": 1,
    "entries": [
      1,
      0,
      0
    ]
  },
  "top_21_147": {
    "source": 3,
    "target": 1,
    "entries": [
      1,
      0,
      0
    ]
  },
  "h0_18_145": {
    "source": 3,
    "target": 6,
    "entries": [
      0,
      0,
      0,
      0,
      0,
      0,
      1,
      0,
      0,
      0,
      0,
      0,
      0,
      0,
      0,
      0,
      0,
      1
    ]
  },
  "h0_21_147": {
    "source": 3,
    "target": 4,
    "entries": [
      0,
      0,
      0,
      0,
      0,
      0,
      0,
      1,
      0,
      0,
      0,
      1
    ]
  },
  "d0_18_145": {
    "source": 3,
    "target": 3,
    "entries": [
      1,
      0,
      0,
      0,
      0,
      0,
      0,
      0,
      0
    ]
  },
  "d0_21_147": {
    "source": 3,
    "target": 3,
    "entries": [
      0,
      0,
      0,
      0,
      0,
      0,
      1,
      1,
      0
    ]
  }
}
