{
  "status": "no_correctness_findings",
  "findings": [],
  "quotient_pairs": 67230,
  "axiom_reports": {
    "Actual": 5,
    "Binding": 5,
    "Comparison": 18,
    "JointDetection": 6,
    "MapSemantics": 2,
    "Maps": 18,
    "ModuleLeibniz": 1
  },
  "joint_kernel_vectors": 8,
  "h0_only_counterexample": 1,
  "raw_unknown_d0_product_preserved": true,
  "family_extended": false,
  "reviewed": [
    "full graded module Leibniz includes both casted terms",
    "h0 and d0 actual d3 vanish by complete zero codomains",
    "joint detection covers the entire three-dimensional target",
    "source products and historical/raw boundary correction bind named inputs",
    "actual top naturality applies to the same Cnu source"
  ],
  "limitations": [
    "both product-cycle equations are explicit premises",
    "d0 product cycle remains unproved, h0 prefix requires mathematical interpretation",
    "actual module and map identification remain external proofs",
    "does not complete row3247 or extend the E8 family"
  ]
}
