{
  "status": "passed",
  "script_sha256": "20b7986a9e971b5e9b1adc8e191a759a8e391f45be9be51aeeca7e0349093bfb",
  "frozen_manifest_sha256": "7bd32ae8311404c1caaf8717c02bde4712bdcf58dc3c949983857422b56e7f77",
  "counts": {
    "comparisons": 11,
    "cycle_vectors": 44,
    "quotient_pairs": 254,
    "complete_d2_columns": 43,
    "known_events": 4,
    "empty_incoming_degrees": 5,
    "complete_map_relabels": 708,
    "death_target_relabels": 6,
    "frozen_files": 67,
    "modules": 7,
    "standard_axiom_reports": 51,
    "empty_axiom_reports": 4
  },
  "historical_dependency_changes": [],
  "incoming_tail": "Lean Incoming.zero proves all r >= 8: r <= 12 is exactly the five imported empty degrees; r > 12 has no legal incoming source.",
  "reviewed_semantics": "Complete d8 target E4 uses full incoming maps and d-squared; d9 target is wholly hit; every endpoint extends the same previous E8 trace.",
  "limitations": "Actual E2 coordinate meanings, recorded event meanings, and quotient laws remain explicit premises. No E12 or permanence theorem."
}
