Assembly 1
Row3305H0Search/Assembly.lean:19:9: error: Tactic `rewrite` failed: Did not find an occurrence of the pattern
  T.next.equivalence 0
in the target expression
  T.next.equivalence 0 = eval (Row3136SquareCandidates.targetDifferential u) (T.target.equivalence x)

S : AdamsSpectralSequence
P : CertifiedAdamsProduct S
M : Actual.Meaning S P
u : Bool
T : Row3136SquareCandidates.Actual.TargetMeaning S u
a : (S.element 3 Actual.h0Degree).carrier
b : (S.element 3 Actual.rightDegree).carrier
x : (S.element 3 Actual.sourceDegree).carrier
namedA : M.h0 a = namedH0
namedB : M.right b = namedRight
namedX : M.source x = namedSource
binding : T.target.equivalence x = fun i => ↑i == 0
hz : (S.differential 3 Actual.sourceDegree).toFun x = 0
equation : T.next.equivalence 0 = eval (Row3136SquareCandidates.targetDifferential u) (T.target.equivalence x)
⊢ u = false

Note: The target expression is not type-correct under the `instances` transparency level, which may have triggered the failure. This is usually caused by unfolding of semireducible definitions in prior tactic steps. Use `set_option linter.tacticCheckInstances true` to investigate the source of the issue.
Full error:
  Application type mismatch: The argument
    0
  has type
    (S.element 3 (AdamsTarget 3 Actual.sourceDegree)).carrier
  but is expected to have type
    (S.element 3 Row3136SquareCandidates.Actual.nextDegree).carrier
  in the application
    T.next.equivalence 0
Row3305H0Search/Assembly.lean:37:6: error: Tactic `rewrite` failed: motive is not type correct:
  fun _a =>
    T.target.equivalence ((S.differential 3 Row3136SquareCandidates.Actual.sourceDegree).toFun y) = zero ∨
      T.target.equivalence ((S.differential 3 Row3136SquareCandidates.Actual.sourceDegree).toFun y) =
        Row3136SquareCandidates.candidate _a true
Error: Application type mismatch: The argument
  T
has type
  Row3136SquareCandidates.Actual.TargetMeaning S u
but is expected to have type
  Row3136SquareCandidates.Actual.TargetMeaning S _a
in the application
  T.target

Explanation: The rewrite tactic rewrites an expression 'e' using an equality 'a = b' by the following process. First, it looks for all 'a' in 'e'. Second, it tries to abstract these occurrences of 'a' to create a function 'm := fun _a => ...', called the *motive*, with the property that 'm a' is definitionally equal to 'e'. Third, we observe that 'congrArg' implies that 'm a = m b', which can be used with lemmas such as 'Eq.mpr' to change the goal. However, if 'e' depends on specific properties of 'a', then the motive 'm' might not typecheck.

Possible solutions: use rewrite's 'occs' configuration option to limit which occurrences are rewritten, or use 'simp' or 'conv' mode, which have strategies for certain kinds of dependencies (these tactics can handle proofs and 'Decidable' instances whose types depend on the rewritten term, and 'simp' can apply user-defined '@[congr]' theorems as well).

S : AdamsSpectralSequence
P : CertifiedAdamsProduct S
M : Actual.Meaning S P
u : Bool
T : Row3136SquareCandidates.Actual.TargetMeaning S u
a : (S.element 3 Actual.h0Degree).carrier
b : (S.element 3 Actual.rightDegree).carrier
x : (S.element 3 Actual.sourceDegree).carrier
namedA : M.h0 a = namedH0
namedB : M.right b = namedRight
namedX : M.source x = namedSource
binding : T.target.equivalence x = fun i => ↑i == 0
y : (S.element 3 Row3136SquareCandidates.Actual.sourceDegree).carrier
hu : u = false
choices :
  T.target.equivalence ((S.differential 3 Row3136SquareCandidates.Actual.sourceDegree).toFun y) = zero ∨
    T.target.equivalence ((S.differential 3 Row3136SquareCandidates.Actual.sourceDegree).toFun y) =
      Row3136SquareCandidates.candidate u true
⊢ T.target.equivalence ((S.differential 3 Row3136SquareCandidates.Actual.sourceDegree).toFun y) = zero ∨
    T.target.equivalence ((S.differential 3 Row3136SquareCandidates.Actual.sourceDegree).toFun y) = fun i => ↑i == 0
'Row3305H0Search.Assembly.actual_parameter_zero' depends on axioms: [propext, sorryAx, Classical.choice, Quot.sound]
'Row3305H0Search.Assembly.actual_two_candidates' depends on axioms: [propext, sorryAx, Classical.choice, Quot.sound]

