{
  "status": "no_correctness_findings",
  "complete_quotients": 6,
  "all_vectors": 23,
  "all_cycle_pairs": 57,
  "polynomial_columns": 5,
  "relation_reductions": 3,
  "all_tensor_inputs": 24,
  "quotient_pair_checks": 12,
  "actual_relabelings": 221184,
  "actual_differential_candidates": 442368,
  "leibniz_accepted_zero_candidates": 221184,
  "whole_source_canonical_to_staircase_identity": true,
  "known_E2_right_basis": 3235,
  "named_source_E2_basis": 3305,
  "raw_unknown_retained": [
    3305,
    "0",
    null,
    9000
  ],
  "database_sha256": "518a2ed86af6d4f7bcdc5db135ab6252bd50df34492ae208663aa1c140a820ed",
  "actual_signature": "Whole right-product zero uses every right differential value; no right d3 value or row3305 value is assumed."
}
