{
  "status": "passed",
  "branches": [
    {
      "case": "zero_b0",
      "entries": 1403,
      "previous_preserved": 1385,
      "quotient_pairs": 9794,
      "predecessors": 2697,
      "adjacent": 1073,
      "consecutive": 899,
      "all_d3_maps": 64,
      "rejected_d3_maps": 63,
      "named_E2_coordinate": 4,
      "named_E3_coordinate": 1
    },
    {
      "case": "zero_b1",
      "entries": 1403,
      "previous_preserved": 1385,
      "quotient_pairs": 9794,
      "predecessors": 2697,
      "adjacent": 1073,
      "consecutive": 899,
      "all_d3_maps": 64,
      "rejected_d3_maps": 63,
      "named_E2_coordinate": 4,
      "named_E3_coordinate": 1
    }
  ],
  "frozen_files": 74,
  "modules": 7,
  "standard_axiom_reports": 53,
  "review_source_sha256": "c6588cb76bb72b5d69755f89e704391332a82c68171c60361d7e666f9ff6e5b1",
  "scope": "Complete finite spaces and same input E2/E3/E4 binding. Actual E10 still needs Prefix10; full incoming semantics and independently stored last d3 column remain explicit."
}
