[18, 145] 3 [3564, '1', None, 9000] summands [{'local': 1, 'basis': (3562, '1,1,493,1', ''), 'factors': [{'exponent': 1, 'generator': (1, 'h_1', 1, 2)}, {'exponent': 1, 'generator': (493, 'x_{126,17}', 17, 143)}]}]
382803 N 0 4 2 CW_eta_nu__Q_CW_2_eta_nu
[21, 147] 4 [3750, '0', None, 9996] summands [{'local': 0, 'basis': (3748, '530,1', ''), 'factors': [{'exponent': 1, 'generator': (530, 'x_{126,21}', 21, 147)}]}]
154532 T 1 0  Get `S0 (126,21) d_7[0]=[]`. Apply the Leibniz rule with `S0 (30,12) d_7[0]=[]` and get `S0 (156,33) d_7[1]=[]`.
Get `S0 (156,33) d_7[1]=[]` where the element on the left-hand side already supports d_4.
However, `S0 (155,37) [0]` is not in B_3.
154533 T 1 0 3 Get `S0 (126,21) d_4[0]=[3]`. Apply the Leibniz rule with `S0 (30,12) d_4[0]=[]` and get `S0 (156,33) d_4[1]=[2]`.
Get `S0 (156,33) d_4[1]=[2]` where the element on the left-hand side already supports d_4.
However, `S0 (155,37) [0]` is not in B_3.
154534 T 1 0 2 Get `S0 (126,21) d_4[0]=[2]`. Apply the Leibniz rule with `S0 (30,12) d_4[0]=[]` and get `S0 (156,33) d_4[1]=[1]`.
Get `S0 (156,33) d_4[1]=[1]` where the element on the left-hand side already supports d_4.
However, `S0 (155,37) [0]` is not in B_3.
154535 T 1 0 2,3 Get `S0 (126,21) d_4[0]=[2,3]`. Apply the Leibniz rule with `S0 (30,12) d_4[0]=[]` and get `S0 (156,33) d_4[1]=[1,2]`.
Get `S0 (156,33) d_4[1]=[1,2]` where the element on the left-hand side already supports d_4.
However, `S0 (155,37) [0]` is not in B_3.
154536 T 1 0 0,1 Get `S0 (126,21) d_4[0]=[0,1]`. Consider the map `S0__tmf`.
However, `tmf (125,25) [1]` is not in B_3.
154537 T 1 0 0,1,3 Get `S0 (126,21) d_4[0]=[0,1,3]`. Consider the map `S0__tmf`.
However, `tmf (125,25) [1]` is not in B_3.
154538 T 1 1  Get `S0 (126,21) d_7[1]=[]`. Apply the Leibniz rule with `RP3_6 (7,1) d_7[0]=[]` and get `RP3_6 (133,22) d_7[2]=[]`.
Get `RP3_6 (133,22) d_7[2]=[]` where the element on the left-hand side already supports d_4.
However, `RP3_6 (132,26) [5]` is not in B_3.
154539 T 1 1 2 Get `S0 (126,21) d_4[1]=[2]`. Apply the Leibniz rule with `CW_2_eta (6,1) d_4[0]=[]` and get `CW_2_eta (132,22) d_4[]=[1]`.
However, `CW_2_eta (131,26) [1]` is not in B_3.
154540 T 1 1 2,3 Get `S0 (126,21) d_4[1]=[2,3]`. Apply the Leibniz rule with `CW_2_eta (6,1) d_4[0]=[]` and get `CW_2_eta (132,22) d_4[]=[1,2]`.
However, `CW_2_eta (131,26) [1]` is not in B_3.
154541 T 1 1 0,1 Get `S0 (126,21) d_4[1]=[0,1]`. Apply the Leibniz rule with `S0 (14,4) d_4[0]=[]` and get `S0 (140,25) d_4[]=[0]`.
However, `S0 (139,29) [0]` is not in B_3.
154542 T 1 1 0,1,3 Get `S0 (126,21) d_4[1]=[0,1,3]`. Apply the Leibniz rule with `S0 (14,4) d_4[0]=[]` and get `S0 (140,25) d_4[]=[0,2]`.
However, `S0 (139,29) [0]` is not in B_3.
154543 T 1 1 0,1,2 Get `S0 (126,21) d_4[1]=[0,1,2]`. Apply the Leibniz rule with `S0 (14,4) d_4[0]=[]` and get `S0 (140,25) d_4[]=[0,1]`.
However, `S0 (139,29) [0]` is not in B_3.
154544 T 1 1 0,1,2,3 Get `S0 (126,21) d_4[1]=[0,1,2,3]`. Apply the Leibniz rule with `S0 (14,4) d_4[0]=[]` and get `S0 (140,25) d_4[]=[0,1,2]`.
However, `S0 (139,29) [0]` is not in B_3.
154545 D 0 1 3 [NULL]
2425016 [NULL] 0 0 [NULL] [NULL]
[25, 150] 3 [3993, '2', None, 9000] summands [{'local': 2, 'basis': (3994, '13,4,51,1', ''), 'factors': [{'exponent': 4, 'generator': (13, 'g', 4, 24)}, {'exponent': 1, 'generator': (51, '\\Delta h_1g', 9, 54)}]}]
23221 N 0 0,1,3  C2__S0
[25, 150] 3 [3994, '0,1', None, 9000] summands [{'local': 0, 'basis': (3992, '559,1', '0'), 'factors': [{'exponent': 1, 'generator': (559, 'x_{125,25,2}', 25, 150)}]}, {'local': 1, 'basis': (3993, '558,1', '0'), 'factors': [{'exponent': 1, 'generator': (558, 'x_{125,25}', 25, 150)}]}]
23221 N 0 0,1,3  C2__S0
[25, 150] 4 [3993, '2', None, 9000] summands [{'local': 2, 'basis': (3994, '13,4,51,1', ''), 'factors': [{'exponent': 4, 'generator': (13, 'g', 4, 24)}, {'exponent': 1, 'generator': (51, '\\Delta h_1g', 9, 54)}]}]
154883 G 0 0,1  [NULL]
[25, 150] 4 [3994, '0,1', None, 9000] summands [{'local': 0, 'basis': (3992, '559,1', '0'), 'factors': [{'exponent': 1, 'generator': (559, 'x_{125,25,2}', 25, 150)}]}, {'local': 1, 'basis': (3993, '558,1', '0'), 'factors': [{'exponent': 1, 'generator': (558, 'x_{125,25}', 25, 150)}]}]
154883 G 0 0,1  [NULL]
