{
  "status": "passed",
  "branches": [
    {
      "case": "zero_b0_c0",
      "entries": 1434,
      "new": 3,
      "quotient_cycle_pairs": 9882,
      "full_predecessor_checks": 2781,
      "adjacent": 1097,
      "consecutive": 927,
      "main_nonzero_page": 11,
      "row2695_nonzero_page": 4,
      "next_blocker": "S0:9,134:d4:row2695; target dimension 1"
    },
    {
      "case": "zero_b0_c1",
      "entries": 1434,
      "new": 3,
      "quotient_cycle_pairs": 9882,
      "full_predecessor_checks": 2781,
      "adjacent": 1097,
      "consecutive": 927,
      "main_nonzero_page": 11,
      "row2695_nonzero_page": 4,
      "next_blocker": "S0:9,134:d4:row2695; target dimension 1"
    },
    {
      "case": "zero_b1_c0",
      "entries": 1434,
      "new": 3,
      "quotient_cycle_pairs": 9882,
      "full_predecessor_checks": 2781,
      "adjacent": 1097,
      "consecutive": 927,
      "main_nonzero_page": 11,
      "row2695_nonzero_page": 4,
      "next_blocker": "S0:9,134:d4:row2695; target dimension 1"
    },
    {
      "case": "zero_b1_c1",
      "entries": 1434,
      "new": 3,
      "quotient_cycle_pairs": 9882,
      "full_predecessor_checks": 2781,
      "adjacent": 1097,
      "consecutive": 927,
      "main_nonzero_page": 11,
      "row2695_nonzero_page": 4,
      "next_blocker": "S0:9,134:d4:row2695; target dimension 1"
    }
  ],
  "audit_source_sha256": "46952618a40d5a3e94b2ae1e5cea6612058e2a2443b0cb41cacb7e43b3e445cc",
  "scope": "Every full finite quotient and adjacency, exact inherited families, both exhaustive row2574 boundary choices and the same surviving raw2 quotient class, both original named trajectories. Actual meanings remain explicit."
}
