{
  "status": "passed",
  "branches": [
    {
      "case": "zero_b0",
      "entries": 1385,
      "quotient_pairs": 9758,
      "adjacent": 1059,
      "consecutive": 881
    },
    {
      "case": "zero_b1",
      "entries": 1385,
      "quotient_pairs": 9758,
      "adjacent": 1059,
      "consecutive": 881
    }
  ],
  "frozen_files": 73,
  "modules": 8,
  "standard_axiom_reports": 54,
  "review_source_sha256": "01409f9b2a76f09bf0e0e40f25ad411c768d3ad9ac3b86b3cfdf7471ee36ed06",
  "scope": "Exact previous prefix, full candidate maps and finite trajectory binding. Prefix10 is independently supplied; coherence alone does not realize actual neighboring pages."
}
