{
  "source": {
    "degree": [
      8,
      135
    ],
    "status": "complete_conditional_finite_comparison",
    "e3_dimension": 2,
    "e4_dimension": 2
  },
  "d4_target": {
    "degree": [
      12,
      138
    ],
    "status": "complete_conditional_finite_comparison",
    "e3_dimension": 1,
    "e4_dimension": 1
  },
  "h3": {
    "degree": [
      1,
      8
    ],
    "status": "complete_conditional_finite_comparison",
    "e3_dimension": 1,
    "e4_dimension": 1
  },
  "generator8": {
    "degree": [
      4,
      18
    ],
    "status": "complete_conditional_finite_comparison",
    "e3_dimension": 1,
    "e4_dimension": 1
  },
  "h3_source_product": {
    "degree": [
      9,
      143
    ],
    "status": "blocked",
    "reason": "unknown S0:6,141:d3:row3283; target dimension 1"
  },
  "h3_target_product": {
    "degree": [
      13,
      146
    ],
    "status": "complete_conditional_finite_comparison",
    "e3_dimension": 2,
    "e4_dimension": 2
  },
  "generator8_source_product": {
    "degree": [
      12,
      153
    ],
    "status": "blocked",
    "reason": "unknown S0:12,153:d3:row4306; target dimension 1"
  },
  "generator8_target_product": {
    "degree": [
      16,
      156
    ],
    "status": "blocked",
    "reason": "unknown S0:13,154:d3:row4364; target dimension 1"
  }
}
{'target_literal_zero': 93, 'source_not_literal_zero': 2}
