C2__S0 [9, 135] exact_E3_lift [(2792, 9, 135, '3', None, 9994), (2793, 9, 135, '0', None, 9994), (2794, 9, 135, '1', None, 9994), (2795, 9, 135, '4', '3,4', 9995), (2796, 9, 135, '2', '0', 9996)]
Ceta__S0 [9, 136] no_E3_lift [(4527, 9, 136, '1', None, 9993), (4528, 9, 136, '0', '3,4', 9998), (4529, 9, 136, '3', '7', 9998), (4530, 9, 136, '2', '4,7', 9998), (4531, 9, 136, '4', '8', 9998)]
Cnu__S0 [9, 138] no_E3_lift [(4323, 9, 138, '3', None, 9990), (4324, 9, 138, '4', None, 9995), (4325, 9, 138, '1', '2,3', 9998), (4326, 9, 138, '0', '2,5', 9998), (4327, 9, 138, '2', '3', 9998)]
Csigma__S0 [9, 142] exact_E3_lift [(4998, 9, 142, '0,1', None, 9994), (4999, 9, 142, '1', '3', 9998)]
CW_eta_2__Q_CW_nu_eta_2 [8, 130] no_E3_lift []
CW_eta_nu__Q_CW_2_eta_nu [8, 133] no_E3_lift [(4172, 8, 133, '1', None, 9995), (4173, 8, 133, '0', '1,2', 9998), (4174, 8, 133, '2', '3', 9998)]
CW_eta_nu_sigma__S0_by_2 [8, 133] no_E3_lift [(4803, 8, 133, '1', None, 9994), (4804, 8, 133, '0', '2', 9998), (4805, 8, 133, '2', '3', 9998)]
CW_nu_eta_2__S0_by_sigma [8, 126] exact_E3_lift [(2178, 8, 126, '0', None, 9000), (2179, 8, 126, '1', None, 9000)]
CW_nu_eta__S0_by_sigma [8, 126] exact_E3_lift [(3542, 8, 126, '0,1,2', None, 9993), (3543, 8, 126, '1', '2', 9996), (3544, 8, 126, '2', '2', 9998)]
CW_nu_sigma__S0_by_eta [8, 132] exact_E3_lift [(4568, 8, 132, '1', None, 9995), (4569, 8, 132, '4', '2', 9997), (4570, 8, 132, '3', None, 9997), (4571, 8, 132, '0,2', None, 9997), (4572, 8, 132, '2', '1', 9998)]
Ceta__Q_CW_2_eta [8, 133] no_E3_lift [(4169, 8, 133, '1', '1', 9997), (4170, 8, 133, '0', '0,2', 9998), (4171, 8, 133, '2', '3', 9998)]
Ceta__Q_CW_nu_eta [8, 130] no_E3_lift []
Cnu__Q_CW_eta_nu [8, 132] no_E3_lift [(3686, 8, 132, '0', '1,4', 9997), (3687, 8, 132, '1', '0,4', 9997)]
Cnu__Q_CW_sigma_nu [8, 126] no_E3_lift []
Csigma__Q_CW_nu_sigma [8, 130] no_E3_lift [(3759, 8, 130, '0', None, 9994)]
Csigmasq__S0 [9, 149] unknown no such column: d2
Csigmasq__Q_C2h4 [8, 133] unknown no such column: d2
Csigmasq__S0_by_sigmasq [7, 118] unknown no such column: d2
C2h4__S0 [9, 150] exact_E3_lift [(6601, 9, 150, '6', None, 9000), (6602, 9, 150, '1', None, 9996), (6603, 9, 150, '5', '8', 9997), (6604, 9, 150, '3', None, 9997), (6605, 9, 150, '2', None, 9997), (6606, 9, 150, '0', '3', 9998), (6607, 9, 150, '4', '4,6', 9998)]
C2__Q_DC2h4 [8, 119] no_E3_lift [(1848, 8, 119, '1', None, 9000), (1849, 8, 119, '0', None, 9000)]
C2h4__S0_by_sigmasq [8, 119] no_E3_lift [(3048, 8, 119, '3', None, 9000), (3049, 8, 119, '0', None, 9000), (3050, 8, 119, '1', '2', 9998), (3051, 8, 119, '2', '3', 9998)]
C2h5__S0 [9, 166] exact_E3_lift [(8328, 9, 166, '5', '2', 3), (8329, 9, 166, '3', '2', 9997), (8330, 9, 166, '1', None, 9997), (8331, 9, 166, '2', None, 9997), (8332, 9, 166, '0', '6', 9998), (8333, 9, 166, '4', '3,5', 9998)]
C2__Q_DC2h5 [8, 103] no_E3_lift [(1233, 8, 103, '0', '0', 9996)]
C2h5__S0_by_theta4 [8, 103] no_E3_lift [(1668, 8, 103, '0', '0', 2), (1669, 8, 103, '2', '2', 9996), (1670, 8, 103, '1', None, 9997)]
Ctheta4__Q_C2h5 [8, 133] unknown no such column: d2
Ctheta4__S0 [9, 165] unknown no such column: d2
Ctheta4__S0_by_theta4 [7, 102] unknown no such column: d2
C2h6__S0 [9, 198] unknown d2 degree t=198 exceeds d2_t_max=177
C2__Q_DC2h6 [8, 71] exact_E3_lift [(428, 8, 71, '0,1', None, 9000), (429, 8, 71, '1', '0', 9997)]
C2h6__S0_by_theta5 [8, 71] exact_E3_lift [(432, 8, 71, '0,1', None, 9000), (433, 8, 71, '1', '0', 9997)]
Ctheta5__Q_C2h6 [8, 133] unknown no such column: d2
Ctheta5__S0 [9, 197] unknown no such column: d2
C2sigma__S0 [9, 142] unknown no such column: d2
C2__Q_CW_2_A_eta [8, 133] no_E3_lift [(2627, 8, 133, '0', '3', 9997), (2628, 8, 133, '1', '3', 9998)]
Ceta__Q_CW_2_A_eta [8, 135] no_E3_lift [(4425, 8, 135, '5', '4', 2), (4426, 8, 135, '3,4', '2,4', 2), (4427, 8, 135, '2', None, 9000), (4428, 8, 135, '1', None, 9990), (4429, 8, 135, '4', None, 9992), (4430, 8, 135, '0', '4', 9998), (4431, 8, 135, '6', '5', 9998)]
Ceta__Q_CW_eta_A_nu [8, 132] no_E3_lift [(4082, 8, 132, '0,1', '1,2,4', 9997), (4083, 8, 132, '1', '3', 9998)]
Cnu__Q_CW_eta_A_nu [8, 136] no_E3_lift [(4099, 8, 136, '0', '4', 9997)]
Cnu__Q_CW_nu_A_sigma [8, 130] no_E3_lift [(3501, 8, 130, '0', None, 9993)]
Csigma__Q_CW_nu_A_sigma [8, 138] no_E3_lift [(4581, 8, 138, '2', None, 9994), (4582, 8, 138, '0', '3', 9998), (4583, 8, 138, '1', '2', 9998)]
CW_2_V_eta__S1 [9, 135] unknown no such column: d2
CW_2_V_eta__S2 [9, 136] unknown no such column: d2
CW_2_A_eta__Q_C2_Ceta [8, 133] unknown no such column: d2
RP1_256__S0 [8, 133] unknown no such column: d2
