C2__S0 [6, 133] exact_E3_lift [(2631, 6, 133, '1', None, 9995), (2632, 6, 133, '0', None, 9997)]
Ceta__S0 [6, 134] no_E3_lift [(4303, 6, 134, '0', '0', 2), (4304, 6, 134, '3,4', None, 9994), (4305, 6, 134, '1', None, 9994), (4306, 6, 134, '4', '5', 9998), (4307, 6, 134, '2', '3,4,5', 9998)]
Cnu__S0 [6, 136] no_E3_lift [(4101, 6, 136, '0', '0', 2), (4102, 6, 136, '1', None, 9995)]
Csigma__S0 [6, 140] no_E3_lift [(4803, 6, 140, '0', None, 9992), (4804, 6, 140, '1', None, 9995)]
CW_eta_2__Q_CW_nu_eta_2 [5, 128] no_E3_lift []
CW_eta_nu__Q_CW_2_eta_nu [5, 131] no_E3_lift [(4010, 5, 131, '0', '0', 2)]
CW_eta_nu_sigma__S0_by_2 [5, 131] no_E3_lift [(4606, 5, 131, '0', '0', 2)]
CW_nu_eta_2__S0_by_sigma [5, 124] no_E3_lift []
CW_nu_eta__S0_by_sigma [5, 124] no_E3_lift []
CW_nu_sigma__S0_by_eta [5, 130] no_E3_lift [(4341, 5, 130, '0', '3', 9998)]
Ceta__Q_CW_2_eta [5, 131] no_E3_lift [(3972, 5, 131, '0', '0', 2)]
Ceta__Q_CW_nu_eta [5, 128] no_E3_lift []
Cnu__Q_CW_eta_nu [5, 130] no_E3_lift [(3503, 5, 130, '0', '2', 9998)]
Cnu__Q_CW_sigma_nu [5, 124] no_E3_lift []
Csigma__Q_CW_nu_sigma [5, 128] no_E3_lift []
Csigmasq__S0 [6, 147] unknown no such column: d2
Csigmasq__Q_C2h4 [5, 131] unknown no such column: d2
Csigmasq__S0_by_sigmasq [4, 116] unknown no such column: d2
C2h4__S0 [6, 148] no_E3_lift [(6300, 6, 148, '0', '1', 2), (6301, 6, 148, '2', None, 9000), (6302, 6, 148, '1', None, 9993)]
C2__Q_DC2h4 [5, 117] no_E3_lift [(1778, 5, 117, '0', '0', 9998)]
C2h4__S0_by_sigmasq [5, 117] no_E3_lift [(2918, 5, 117, '1', None, 9997), (2919, 5, 117, '0', '1', 9998)]
C2h5__S0 [6, 164] no_E3_lift [(7973, 6, 164, '1', '0', 2), (7974, 6, 164, '4', None, 9993), (7975, 6, 164, '3', None, 9996), (7976, 6, 164, '0', None, 9996), (7977, 6, 164, '2', '5', 9997)]
C2__Q_DC2h5 [5, 101] no_E3_lift [(1163, 5, 101, '1', None, 9000), (1164, 5, 101, '0', None, 9989)]
C2h5__S0_by_theta4 [5, 101] no_E3_lift [(1564, 5, 101, '2', '0', 2), (1565, 5, 101, '1', None, 9989), (1566, 5, 101, '0', None, 9996)]
Ctheta4__Q_C2h5 [5, 131] unknown no such column: d2
Ctheta4__S0 [6, 163] unknown no such column: d2
Ctheta4__S0_by_theta4 [4, 100] unknown no such column: d2
C2h6__S0 [6, 196] unknown d2 degree t=196 exceeds d2_t_max=177
C2__Q_DC2h6 [5, 69] no_E3_lift [(405, 5, 69, '0', None, 9000)]
C2h6__S0_by_theta5 [5, 69] no_E3_lift [(405, 5, 69, '0', None, 9000), (406, 5, 69, '1', None, 9000)]
Ctheta5__Q_C2h6 [5, 131] unknown no such column: d2
Ctheta5__S0 [6, 195] unknown no such column: d2
C2sigma__S0 [6, 140] unknown no such column: d2
C2__Q_CW_2_A_eta [5, 131] no_E3_lift []
Ceta__Q_CW_2_A_eta [5, 133] no_E3_lift [(4179, 5, 133, '0', '0', 2), (4180, 5, 133, '1', '3', 9998)]
Ceta__Q_CW_eta_A_nu [5, 130] no_E3_lift [(3869, 5, 130, '0', '2', 9998)]
Cnu__Q_CW_eta_A_nu [5, 134] no_E3_lift [(3883, 5, 134, '0', None, 9994)]
Cnu__Q_CW_nu_A_sigma [5, 128] no_E3_lift []
Csigma__Q_CW_nu_A_sigma [5, 136] no_E3_lift []
CW_2_V_eta__S1 [6, 133] unknown no such column: d2
CW_2_V_eta__S2 [6, 134] unknown no such column: d2
CW_2_A_eta__Q_C2_Ceta [5, 131] unknown no such column: d2
RP1_256__S0 [5, 131] unknown no such column: d2
