complete 60 of 80
C2:8,71:d3 {'status': 'unresolved', 'reason': 'unknown C2:8,71:d3:row428; target dimension 1'}
C2:11,73:d3 {'status': 'unresolved', 'reason': 'unknown C2:8,71:d3:row428; target dimension 1'}
C2:12,74:d3 {'status': 'finite_comparison', 'dimensions': {'k': 1, 'm': 0, 'n': 2, 'h': 0}}
C2:9,135:d3 {'status': 'unresolved', 'reason': 'unknown C2:6,133:d3:row2632; target dimension 5'}
C2:12,137:d3 {'status': 'finite_comparison', 'dimensions': {'k': 3, 'm': 1, 'n': 5, 'h': 1}}
C2:13,138:d3 {'status': 'unresolved', 'reason': 'unknown C2:13,138:d3:row3034; target dimension 3'}
C2h6:8,71:d3 {'status': 'unresolved', 'reason': 'unknown C2h6:8,71:d3:row432; target dimension 1'}
C2h6:11,73:d3 {'status': 'unresolved', 'reason': 'unknown C2h6:8,71:d3:row432; target dimension 1'}
C2h6:12,74:d3 {'status': 'finite_comparison', 'dimensions': {'k': 1, 'm': 0, 'n': 2, 'h': 0}}
CW_nu_eta:8,126:d3 {'status': 'finite_comparison', 'dimensions': {'k': 2, 'm': 2, 'n': 0, 'h': 2}}
CW_nu_eta:11,128:d3 {'status': 'unresolved', 'reason': 'unknown CW_nu_eta:11,128:d3:row3688; target dimension 3'}
CW_nu_eta:12,129:d3 {'status': 'unresolved', 'reason': 'unknown CW_nu_eta:12,129:d3:row3760; target dimension 4'}
CW_nu_eta_2:8,126:d3 {'status': 'unresolved', 'reason': 'unknown CW_nu_eta_2:8,126:d3:row2178; target dimension 1'}
CW_nu_eta_2:11,128:d3 {'status': 'unresolved', 'reason': 'unknown CW_nu_eta_2:8,126:d3:row2178; target dimension 1'}
CW_nu_eta_2:12,129:d3 {'status': 'unresolved', 'reason': 'unknown CW_nu_eta_2:12,129:d3:row2311; target dimension 4'}
CW_nu_sigma:8,132:d3 {'status': 'unresolved', 'reason': 'unknown CW_nu_sigma:8,132:d3:row4570; target dimension 3'}
CW_nu_sigma:11,134:d3 {'status': 'unresolved', 'reason': 'unknown CW_nu_sigma:8,132:d3:row4570; target dimension 3'}
CW_nu_sigma:12,135:d3 {'status': 'finite_comparison', 'dimensions': {'k': 2, 'm': 4, 'n': 2, 'h': 1}}
C2h4:9,150:d3 {'status': 'unresolved', 'reason': 'unknown C2h4:9,150:d3:row6601; target dimension 2'}
C2h4:12,152:d3 {'status': 'unresolved', 'reason': 'unknown C2h4:9,150:d3:row6601; target dimension 2'}
C2h4:13,153:d3 {'status': 'unresolved', 'reason': 'unknown C2h4:10,151:d3:row6762; target dimension 5'}
C2h5:9,166:d3 {'status': 'unresolved', 'reason': 'unknown C2h5:9,166:d3:row8330; target dimension 6'}
C2h5:12,168:d3 {'status': 'unresolved', 'reason': 'unknown C2h5:9,166:d3:row8330; target dimension 6'}
C2h5:13,169:d3 {'status': 'unresolved', 'reason': 'uncovered unknown d2 C2h5:16,171:d2'}
direct unknowns:
C2:13,138:d3 unknown C2:13,138:d3:row3034; target dimension 3
C2:8,71:d3 unknown C2:8,71:d3:row428; target dimension 1
C2h4:9,150:d3 unknown C2h4:9,150:d3:row6601; target dimension 2
C2h5:9,166:d3 unknown C2h5:9,166:d3:row8330; target dimension 6
C2h6:8,71:d3 unknown C2h6:8,71:d3:row432; target dimension 1
CW_nu_eta:11,128:d3 unknown CW_nu_eta:11,128:d3:row3688; target dimension 3
CW_nu_eta:12,129:d3 unknown CW_nu_eta:12,129:d3:row3760; target dimension 4
CW_nu_eta_2:12,129:d3 unknown CW_nu_eta_2:12,129:d3:row2311; target dimension 4
CW_nu_eta_2:8,126:d3 unknown CW_nu_eta_2:8,126:d3:row2178; target dimension 1
CW_nu_sigma:8,132:d3 unknown CW_nu_sigma:8,132:d3:row4570; target dimension 3
