C2__S0 [12, 137] exact_E3_lift [(2924, 12, 137, '0,1,2,3', '2', 2), (2925, 12, 137, '3', '0', 2), (2926, 12, 137, '2', '2,3', 4), (2927, 12, 137, '1', '1,2,5', 9998), (2928, 12, 137, '4', '5', 9998), (2929, 12, 137, '5', '6', 9998)]
Ceta__S0 [12, 138] no_E3_lift [(4781, 12, 138, '2,3', '0', 2), (4782, 12, 138, '3', '2', 2), (4783, 12, 138, '4', '3', 2), (4784, 12, 138, '6', '6', 2), (4785, 12, 138, '0,1', None, 9000), (4786, 12, 138, '1', '2', 9998), (4787, 12, 138, '5', '4', 9998)]
Cnu__S0 [12, 140] exact_E3_lift [(4532, 12, 140, '3,4', '1', 2), (4533, 12, 140, '1', '1,3', 2), (4534, 12, 140, '4', '0,2', 2), (4535, 12, 140, '6', '0', 5), (4536, 12, 140, '2', '3', 9993), (4537, 12, 140, '5', None, 9993), (4538, 12, 140, '0', '2,3', 9998), (4539, 12, 140, '7', '3', 9998)]
Csigma__S0 [12, 144] exact_E3_lift [(5232, 12, 144, '5', '0', 2), (5233, 12, 144, '4', None, 9000), (5234, 12, 144, '3', '0', 9996), (5235, 12, 144, '0,1', None, 9996), (5236, 12, 144, '1', '1', 9998), (5237, 12, 144, '2', '3', 9998)]
CW_eta_2__Q_CW_nu_eta_2 [11, 132] exact_E3_lift [(2922, 11, 132, '1', None, 9000), (2923, 11, 132, '0,2', None, 9997), (2924, 11, 132, '2', '1', 9998)]
CW_eta_nu__Q_CW_2_eta_nu [11, 135] exact_E3_lift [(4388, 11, 135, '5', '1,4', 2), (4389, 11, 135, '6', '4', 2), (4390, 11, 135, '2', None, 9000), (4391, 11, 135, '3,4', None, 9993), (4392, 11, 135, '0,1', None, 9993), (4393, 11, 135, '1', '1', 9998), (4394, 11, 135, '4', '4', 9998)]
CW_eta_nu_sigma__S0_by_2 [11, 135] exact_E3_lift [(5047, 11, 135, '2', '1', 2), (5048, 11, 135, '6', '3,5', 2), (5049, 11, 135, '7', '5', 2), (5050, 11, 135, '4,5', None, 9993), (5051, 11, 135, '1,3', None, 9993), (5052, 11, 135, '3', None, 9993), (5053, 11, 135, '5', '5', 9998), (5054, 11, 135, '0', '2', 9998)]
CW_nu_eta_2__S0_by_sigma [11, 128] no_E3_lift [(2262, 11, 128, '0,1,4', '1', 2), (2263, 11, 128, '4', '0', 2), (2264, 11, 128, '2', None, 9996), (2265, 11, 128, '3', '3', 9998), (2266, 11, 128, '1', '1', 9998)]
CW_nu_eta__S0_by_sigma [11, 128] no_E3_lift [(3687, 11, 128, '3', '2', 2), (3688, 11, 128, '0', None, 9000), (3689, 11, 128, '1', '2', 9997), (3690, 11, 128, '2', '3', 9998)]
CW_nu_sigma__S0_by_eta [11, 134] exact_E3_lift [(4760, 11, 134, '2', '4', 3), (4761, 11, 134, '3,4', '6', 9993), (4762, 11, 134, '4', None, 9995), (4763, 11, 134, '0', '0,3', 9998), (4764, 11, 134, '1', '4,6', 9998)]
Ceta__Q_CW_2_eta [11, 135] exact_E3_lift [(4404, 11, 135, '4', '1,5', 2), (4405, 11, 135, '5', '5', 2), (4406, 11, 135, '1', '1', 3), (4407, 11, 135, '2,3', None, 9995), (4408, 11, 135, '0', None, 9995), (4409, 11, 135, '3', '3', 9998)]
Ceta__Q_CW_nu_eta [11, 132] no_E3_lift [(4072, 11, 132, '1', None, 9000), (4073, 11, 132, '0', '1', 9998), (4074, 11, 132, '2', '3', 9998)]
Cnu__Q_CW_eta_nu [11, 134] exact_E3_lift [(3853, 11, 134, '1,4', '0', 3), (3854, 11, 134, '0,4', '1', 3), (3855, 11, 134, '4', '0', 5), (3856, 11, 134, '2,3', '4', 9993), (3857, 11, 134, '3', '4', 9997)]
Cnu__Q_CW_sigma_nu [11, 128] no_E3_lift [(3313, 11, 128, '4', '2', 2), (3314, 11, 128, '1', None, 9000), (3315, 11, 128, '0', None, 9992), (3316, 11, 128, '2', '1', 9997), (3317, 11, 128, '3', '3', 9998)]
Csigma__Q_CW_nu_sigma [11, 132] no_E3_lift [(3953, 11, 132, '1', None, 9000), (3954, 11, 132, '0', None, 9000), (3955, 11, 132, '2', '1', 9998)]
Csigmasq__S0 [12, 151] unknown no such column: d2
Csigmasq__Q_C2h4 [11, 135] unknown no such column: d2
Csigmasq__S0_by_sigmasq [10, 120] unknown no such column: d2
C2h4__S0 [12, 152] no_E3_lift [(6887, 12, 152, '3,4,5', '3', 2), (6888, 12, 152, '5', '4,6', 2), (6889, 12, 152, '6', '6', 2), (6890, 12, 152, '2', '0', 2), (6891, 12, 152, '8', '5', 3), (6892, 12, 152, '7', None, 9993), (6893, 12, 152, '0', '7', 9998), (6894, 12, 152, '4', '3', 9998), (6895, 12, 152, '1', '5,7', 9998)]
C2__Q_DC2h4 [11, 121] no_E3_lift []
C2h4__S0_by_sigmasq [11, 121] no_E3_lift [(3207, 11, 121, '1', '1', 2), (3208, 11, 121, '0', None, 9000)]
C2h5__S0 [12, 168] exact_E3_lift [(8701, 12, 168, '3,4,5,7', '0', 2), (8702, 12, 168, '6', '3', 2), (8703, 12, 168, '5', '1,3', 2), (8704, 12, 168, '2', '3', 3), (8705, 12, 168, '8', None, 9992), (8706, 12, 168, '7', None, 9992), (8707, 12, 168, '1,9', None, 9992), (8708, 12, 168, '0', None, 9996), (8709, 12, 168, '9', '5', 9997), (8710, 12, 168, '4', '6', 9998)]
C2__Q_DC2h5 [11, 105] no_E3_lift [(1297, 11, 105, '0', '0', 4), (1298, 11, 105, '1', None, 9000)]
C2h5__S0_by_theta4 [11, 105] no_E3_lift [(1771, 11, 105, '2', '3', 4), (1772, 11, 105, '3', None, 9000), (1773, 11, 105, '0,1', None, 9000), (1774, 11, 105, '1', None, 9000)]
Ctheta4__Q_C2h5 [11, 135] unknown no such column: d2
Ctheta4__S0 [12, 167] unknown no such column: d2
Ctheta4__S0_by_theta4 [10, 104] unknown no such column: d2
C2h6__S0 [12, 200] unknown E2 degree t=201 exceeds t_max=200
C2__Q_DC2h6 [11, 73] no_E3_lift [(474, 11, 73, '0', '0', 3)]
C2h6__S0_by_theta5 [11, 73] no_E3_lift [(478, 11, 73, '0', '0', 3)]
Ctheta5__Q_C2h6 [11, 135] unknown no such column: d2
Ctheta5__S0 [12, 199] unknown no such column: d2
C2sigma__S0 [12, 144] unknown no such column: d2
C2__Q_CW_2_A_eta [11, 135] no_E3_lift [(2781, 11, 135, '5', '0', 2), (2782, 11, 135, '3', '0', 3), (2783, 11, 135, '0', None, 9000), (2784, 11, 135, '2', None, 9993), (2785, 11, 135, '4', '1', 9996), (2786, 11, 135, '1', '2', 9998)]
Ceta__Q_CW_2_A_eta [11, 137] no_E3_lift [(4647, 11, 137, '3,4', '0', 2), (4648, 11, 137, '7', '3', 2), (4649, 11, 137, '4', '2,3', 2), (4650, 11, 137, '8', '4', 2), (4651, 11, 137, '5', '0', 4), (4652, 11, 137, '2', '0', 9998), (4653, 11, 137, '1', '0,2,4', 9998), (4654, 11, 137, '0', '0,2,3,4', 9998), (4655, 11, 137, '6', '4', 9998)]
Ceta__Q_CW_eta_A_nu [11, 134] no_E3_lift [(4275, 11, 134, '5', '2', 2), (4276, 11, 134, '1,2,4', '0,1', 3), (4277, 11, 134, '3', '0', 5), (4278, 11, 134, '2,4', '1', 9997), (4279, 11, 134, '0', '0,2', 9998), (4280, 11, 134, '4', '2', 9998)]
Cnu__Q_CW_eta_A_nu [11, 138] exact_E3_lift [(4311, 11, 138, '4', '0', 3), (4312, 11, 138, '3', None, 9000), (4313, 11, 138, '1,2', None, 9995), (4314, 11, 138, '2', '1', 9997), (4315, 11, 138, '0', '0,2', 9997), (4316, 11, 138, '5', '5', 9998)]
Cnu__Q_CW_nu_A_sigma [11, 132] no_E3_lift [(3678, 11, 132, '0', '0', 9997), (3679, 11, 132, '1', '2', 9998)]
Csigma__Q_CW_nu_A_sigma [11, 140] no_E3_lift [(4784, 11, 140, '5', '1', 2), (4785, 11, 140, '2,4', None, 9991), (4786, 11, 140, '0,1,4', None, 9991), (4787, 11, 140, '3', None, 9992), (4788, 11, 140, '1', None, 9992), (4789, 11, 140, '4', '3,4', 9997)]
CW_2_V_eta__S1 [12, 137] unknown no such column: d2
CW_2_V_eta__S2 [12, 138] unknown no such column: d2
CW_2_A_eta__Q_C2_Ceta [11, 135] unknown no such column: d2
RP1_256__S0 [11, 135] unknown no such column: d2
