matches 68 context rows 257
{'file': 'proofs-part1.csv', 'line': 564, 'id': '5994', 'depth': '0', 'reason': 'd2', 'name': 'S0', 's': '11', 't': '133', 'r': '2', 'x': '0', 'dx': '', 'info': '[NULL]'}
{'file': 'proofs-part1.csv', 'line': 621, 'id': '6051', 'depth': '0', 'reason': 'd2', 'name': 'S0', 's': '16', 't': '137', 'r': '2', 'x': '0', 'dx': '2', 'info': '[NULL]'}
{'file': 'proofs-part1.csv', 'line': 661, 'id': '6091', 'depth': '0', 'reason': 'd2', 'name': 'S0', 's': '20', 't': '140', 'r': '2', 'x': '0', 'dx': '', 'info': '[NULL]'}
{'file': 'proofs-part1.csv', 'line': 43501, 'id': '48931', 'depth': '0', 'reason': 'N', 'name': 'S0', 's': '20', 't': '140', 'r': '7', 'x': '1', 'dx': '', 'info': 'CW_nu_eta_2__S0_by_sigma'}
{'file': 'proofs-part1.csv', 'line': 54864, 'id': '60294', 'depth': '0', 'reason': 'd2', 'name': 'CW_eta_nu', 's': '19', 't': '139', 'r': '2', 'x': '0', 'dx': '2', 'info': '[NULL]'}
{'file': 'proofs-part1.csv', 'line': 54865, 'id': '60295', 'depth': '0', 'reason': 'N', 'name': 'CW_eta_nu_sigma', 's': '19', 't': '139', 'r': '2', 'x': '0', 'dx': '', 'info': 'CW_eta_nu__CW_eta_nu_sigma'}
{'file': 'proofs-part1.csv', 'line': 68772, 'id': '74202', 'depth': '0', 'reason': 'N', 'name': 'CW_eta_nu', 's': '19', 't': '139', 'r': '3', 'x': '2', 'dx': '', 'info': 'Cnu__Q_CW_eta_nu_eta_Eq_nu_nu'}
{'file': 'proofs-part1.csv', 'line': 74347, 'id': '79777', 'depth': '0', 'reason': 'N', 'name': 'S0', 's': '20', 't': '140', 'r': '16', 'x': '1', 'dx': '', 'info': 'CW_eta_2__Q_CW_nu_eta_2'}
{'file': 'proofs-part1.csv', 'line': 89296, 'id': '94726', 'depth': '0', 'reason': 'G', 'name': 'CW_eta_nu_sigma', 's': '19', 't': '139', 'r': '4', 'x': '1', 'dx': '', 'info': '[NULL]'}
{'file': 'proofs-part1.csv', 'line': 149101, 'id': '153472', 'depth': '1', 'reason': 'T', 'name': 'S0', 's': '11', 't': '133', 'r': '3', 'x': '1', 'dx': '0', 'info': 'Get `S0 (122,11) d_3[1]=[0]`. Apply the Leibniz rule with `C2 (2,1) d_3[0]=[]` and get `C2 (124,12) d_3[1]=[2]`.\nHowever, `C2 (123,15) [2]` is not in B_2.'}
{'file': 'proofs-part1.csv', 'line': 149102, 'id': '153473', 'depth': '0', 'reason': 'D', 'name': 'S0', 's': '11', 't': '133', 'r': '3', 'x': '1', 'dx': '', 'info': '[NULL]'}
{'file': 'proofs-part1.csv', 'line': 149109, 'id': '153477', 'depth': '0', 'reason': 'D', 'name': 'S0', 's': '11', 't': '133', 'r': '4', 'x': '1', 'dx': '', 'info': '[NULL]'}
{'file': 'proofs-part1.csv', 'line': 149114, 'id': '153479', 'depth': '1', 'reason': 'T', 'name': 'S0', 's': '11', 't': '133', 'r': '3', 'x': '0', 'dx': '0', 'info': 'Get `S0 (122,11) d_3[0]=[0]`. Apply the Leibniz rule with `C2 (2,1) d_3[0]=[]` and get `C2 (124,12) d_3[1,2]=[2]`.\nHowever, `C2 (123,15) [2]` is not in B_2.'}
{'file': 'proofs-part1.csv', 'line': 149115, 'id': '153480', 'depth': '0', 'reason': 'D', 'name': 'S0', 's': '11', 't': '133', 'r': '3', 'x': '0', 'dx': '', 'info': '[NULL]'}
{'file': 'proofs-part1.csv', 'line': 149122, 'id': '153484', 'depth': '0', 'reason': 'D', 'name': 'S0', 's': '11', 't': '133', 'r': '4', 'x': '0', 'dx': '', 'info': '[NULL]'}
{'file': 'proofs-part1.csv', 'line': 149657, 'id': '153770', 'depth': '1', 'reason': 'T', 'name': 'S0', 's': '16', 't': '137', 'r': '3', 'x': '1', 'dx': '1', 'info': 'Get `S0 (121,16) d_3[1]=[1]`. Apply the Leibniz rule with `S0 (0,1) d_3[0]=[]` and get `S0 (121,17) d_3[]=[1]`.\nHowever, `S0 (120,20) [1]` is not in B_2.'}
{'file': 'proofs-part1.csv', 'line': 149658, 'id': '153771', 'depth': '0', 'reason': 'D', 'name': 'S0', 's': '16', 't': '137', 'r': '3', 'x': '1', 'dx': '', 'info': '[NULL]'}
{'file': 'proofs-part1.csv', 'line': 150027, 'id': '153974', 'depth': '1', 'reason': 'T', 'name': 'S0', 's': '20', 't': '140', 'r': '3', 'x': '0', 'dx': '0', 'info': 'Get `S0 (120,20) d_3[0]=[0]`. Apply the Leibniz rule with `RP1_8 (7,0) d_3[0]=[]` and get `RP1_8 (127,20) d_3[1]=[3]`.\nHowever, `RP1_8 (126,23) [3]` is not in B_2.'}
{'file': 'proofs-part1.csv', 'line': 150029, 'id': '153975', 'depth': '1', 'reason': 'T', 'name': 'S0', 's': '20', 't': '140', 'r': '3', 'x': '0', 'dx': '1', 'info': 'Get `S0 (120,20) d_3[0]=[1]`. Apply the Leibniz rule with `S0 (14,4) d_3[0]=[]` and get `S0 (134,24) d_3[2]=[0]`.\nHowever, `S0 (133,27) [0]` is not in B_2.'}
{'file': 'proofs-part1.csv', 'line': 150031, 'id': '153976', 'depth': '1', 'reason': 'T', 'name': 'S0', 's': '20', 't': '140', 'r': '3', 'x': '0', 'dx': '0,1', 'info': 'Get `S0 (120,20) d_3[0]=[0,1]`. Apply the Leibniz rule with `S0 (14,4) d_3[0]=[]` and get `S0 (134,24) d_3[2]=[0]`.\nHowever, `S0 (133,27) [0]` is not in B_2.'}
{'file': 'proofs-part1.csv', 'line': 150032, 'id': '153977', 'depth': '0', 'reason': 'D', 'name': 'S0', 's': '20', 't': '140', 'r': '3', 'x': '0', 'dx': '', 'info': '[NULL]'}
{'file': 'proofs-part1.csv', 'line': 234873, 'id': '190696', 'depth': '0', 'reason': 'G', 'name': 'S0', 's': '20', 't': '140', 'r': '36', 'x': '0', 'dx': '', 'info': '[NULL]'}
{'file': 'proofs-part1.csv', 'line': 395585, 'id': '288125', 'depth': '0', 'reason': 'N', 'name': 'S0', 's': '16', 't': '137', 'r': '5', 'x': '2', 'dx': '', 'info': 'Ceta__S0'}
{'file': 'proofs-part1.csv', 'line': 644288, 'id': '411223', 'depth': '1', 'reason': 'T', 'name': 'CW_eta_nu', 's': '19', 't': '139', 'r': '3', 'x': '0,1', 'dx': '1', 'info': 'Get `CW_eta_nu (120,19) d_3[0,1]=[1]`. Consider the map `CW_eta_nu__Q_CW_2_eta_nu`.\nGet `S0 (120,20) d_3[0,2]=[0]`. Apply the Leibniz rule with `S0 (0,0) d_3[0]=[]` and get `S0 (120,20) d_3[0,2]=[0]`.\nHowever, `S0 (119,23) [0]` is not in B_2.'}
{'file': 'proofs-part1.csv', 'line': 644290, 'id': '411224', 'depth': '1', 'reason': 'T', 'name': 'CW_eta_nu', 's': '19', 't': '139', 'r': '3', 'x': '0,1', 'dx': '2', 'info': 'Get `CW_eta_nu (120,19) d_3[0,1]=[2]`. Apply the Leibniz rule with `S0 (14,4) d_3[0]=[]` and get `CW_eta_nu (134,23) d_3[3]=[2]`.\nHowever, `CW_eta_nu (133,26) [2]` is not in B_2.'}
{'file': 'proofs-part1.csv', 'line': 644292, 'id': '411225', 'depth': '1', 'reason': 'T', 'name': 'CW_eta_nu', 's': '19', 't': '139', 'r': '3', 'x': '0,1', 'dx': '1,2', 'info': 'Get `CW_eta_nu (120,19) d_3[0,1]=[1,2]`. Apply the Leibniz rule with `S0 (14,4) d_3[0]=[]` and get `CW_eta_nu (134,23) d_3[3]=[2]`.\nHowever, `CW_eta_nu (133,26) [2]` is not in B_2.'}
{'file': 'proofs-part1.csv', 'line': 644293, 'id': '411226', 'depth': '0', 'reason': 'D', 'name': 'CW_eta_nu', 's': '19', 't': '139', 'r': '3', 'x': '0,1', 'dx': '', 'info': '[NULL]'}
{'file': 'proofs-part1.csv', 'line': 644294, 'id': '411227', 'depth': '0', 'reason': 'N', 'name': 'CW_eta_nu_sigma', 's': '19', 't': '139', 'r': '4', 'x': '0,1', 'dx': '', 'info': 'CW_eta_nu__CW_eta_nu_sigma'}
{'file': 'proofs-part1.csv', 'line': 771209, 'id': '460012', 'depth': '0', 'reason': 'N', 'name': 'S0', 's': '16', 't': '137', 'r': '42', 'x': '2', 'dx': '', 'info': 'CW_eta_nu__Q_CW_2_eta_nu'}
{'file': 'proofs-part1.csv', 'line': 1249852, 'id': '651966', 'depth': '0', 'reason': 'G', 'name': 'CW_eta_nu_sigma', 's': '19', 't': '139', 'r': '5', 'x': '2', 'dx': '', 'info': '[NULL]'}
{'file': 'proofs-part1.csv', 'line': 1249855, 'id': '651968', 'depth': '0', 'reason': 'D', 'name': 'CW_eta_nu_sigma', 's': '19', 't': '139', 'r': '16', 'x': '2', 'dx': '', 'info': '[NULL]'}
{'file': 'proofs-part1.csv', 'line': 1249859, 'id': '651970', 'depth': '0', 'reason': 'D', 'name': 'CW_eta_nu_sigma', 's': '19', 't': '139', 'r': '19', 'x': '2', 'dx': '', 'info': '[NULL]'}
{'file': 'proofs-part1.csv', 'line': 1249863, 'id': '651972', 'depth': '0', 'reason': 'G', 'name': 'CW_eta_nu_sigma', 's': '19', 't': '139', 'r': '5', 'x': '0', 'dx': '', 'info': '[NULL]'}
{'file': 'proofs-part1.csv', 'line': 1249866, 'id': '651974', 'depth': '0', 'reason': 'D', 'name': 'CW_eta_nu_sigma', 's': '19', 't': '139', 'r': '16', 'x': '0', 'dx': '', 'info': '[NULL]'}
{'file': 'proofs-part1.csv', 'line': 1249870, 'id': '651976', 'depth': '0', 'reason': 'D', 'name': 'CW_eta_nu_sigma', 's': '19', 't': '139', 'r': '19', 'x': '0', 'dx': '', 'info': '[NULL]'}
{'file': 'proofs-part1.csv', 'line': 1375872, 'id': '699385', 'depth': '0', 'reason': 'G', 'name': 'CW_eta_nu_sigma', 's': '19', 't': '139', 'r': '32', 'x': '2', 'dx': '', 'info': '[NULL]'}
{'file': 'proofs-part1.csv', 'line': 1375873, 'id': '699386', 'depth': '0', 'reason': 'G', 'name': 'CW_eta_nu_sigma', 's': '19', 't': '139', 'r': '32', 'x': '0', 'dx': '', 'info': '[NULL]'}
{'file': 'proofs-part1.csv', 'line': 1425775, 'id': '721613', 'depth': '0', 'reason': 'N', 'name': 'S0', 's': '20', 't': '140', 'r': '37', 'x': '0', 'dx': '', 'info': 'Csigmasq__S0'}
{'file': 'proofs-part3.csv', 'line': 249249, 'id': '2125643', 'depth': '0', 'reason': 'D', 'name': 'CW_eta_nu_sigma', 's': '19', 't': '139', 'r': '33', 'x': '2', 'dx': '', 'info': '[NULL]'}
{'file': 'proofs-part3.csv', 'line': 249252, 'id': '2125645', 'depth': '0', 'reason': 'D', 'name': 'CW_eta_nu_sigma', 's': '19', 't': '139', 'r': '37', 'x': '2', 'dx': '', 'info': '[NULL]'}
{'file': 'proofs-part3.csv', 'line': 249255, 'id': '2125647', 'depth': '0', 'reason': 'D', 'name': 'CW_eta_nu_sigma', 's': '19', 't': '139', 'r': '38', 'x': '2', 'dx': '', 'info': '[NULL]'}
{'file': 'proofs-part3.csv', 'line': 249259, 'id': '2125649', 'depth': '0', 'reason': 'D', 'name': 'CW_eta_nu_sigma', 's': '19', 't': '139', 'r': '33', 'x': '0', 'dx': '', 'info': '[NULL]'}
{'file': 'proofs-part3.csv', 'line': 249262, 'id': '2125651', 'depth': '0', 'reason': 'D', 'name': 'CW_eta_nu_sigma', 's': '19', 't': '139', 'r': '37', 'x': '0', 'dx': '', 'info': '[NULL]'}
{'file': 'proofs-part3.csv', 'line': 249265, 'id': '2125653', 'depth': '0', 'reason': 'D', 'name': 'CW_eta_nu_sigma', 's': '19', 't': '139', 'r': '38', 'x': '0', 'dx': '', 'info': '[NULL]'}
{'file': 'proofs-part3.csv', 'line': 754201, 'id': '2338344', 'depth': '0', 'reason': 'ToCs', 'name': 'S0', 's': '11', 't': '133', 'r': '999', 'x': '1', 'dx': '', 'info': '[NULL]'}
{'file': 'proofs-part3.csv', 'line': 936030, 'id': '2423364', 'depth': '0', 'reason': '[NULL]', 'name': 'S0', 's': '16', 't': '137', 'r': '4', 'x': '1', 'dx': '[NULL]', 'info': '[NULL]'}
