Fact713Row2773Refinement/Data.lean:64:4: error: Tactic `rewrite` failed: Did not find an occurrence of the pattern
  coordinates 0
in the target expression
  coordinates 0 = fun i => matrixOf 2 2 b_S0_13_135_d3.outgoing i 0

S : ManualInputObligations.Reference.AdamsSpectralSequence
P : ManualInputObligations.Reference.CertifiedAdamsProduct S
M : Row2773Leibniz.Actual.Meaning S P
a : (S.element 3 Row2773Leibniz.Actual.etaDegree).carrier
b : (S.element 3 Row2773Leibniz.Actual.rightDegree).carrier
x : (S.element 3 Row2773Leibniz.Actual.sourceDegree).carrier
namedA : M.eta a = Row2773Leibniz.namedEta
namedB : M.right b = Row2773Leibniz.namedRight
namedX : M.source x = Row2773Leibniz.namedSource
coordinates : (S.element 3 Row2773Leibniz.Actual.targetDegree).carrier → Vec 2
zeroMeaning : coordinates 0 = zero
⊢ coordinates 0 = fun i => matrixOf 2 2 b_S0_13_135_d3.outgoing i 0

Note: The target expression is not type-correct under the `instances` transparency level, which may have triggered the failure. This is usually caused by unfolding of semireducible definitions in prior tactic steps. Use `set_option linter.tacticCheckInstances true` to investigate the source of the issue.
Full error:
  Application type mismatch: The argument
    0
  has type
    (S.element 3 (ManualInputObligations.Reference.AdamsTarget 3 Row2773Leibniz.Actual.sourceDegree)).carrier
  but is expected to have type
    (S.element 3 Row2773Leibniz.Actual.targetDegree).carrier
  in the application
    coordinates 0
'Fact713Row2773Refinement.Data.finite_E6' depends on axioms: [propext, Quot.sound]
'Fact713Row2773Refinement.Data.named_E6_coordinate' depends on axioms: [propext, Quot.sound]
'Fact713Row2773Refinement.Data.row2773_actual_column' depends on axioms: [propext,
 sorryAx,
 Classical.choice,
 Quot.sound]
