FilteredTwoTermSequence/Homology.lean:68:4: error: Application type mismatch: The argument
  (nextSourceEquivKernel F G f t n).symm.prodCongr ?m.57
has type
  @AddEquiv (↥(targetD F G f t n).ker × ?m.42) (SourcePage F G f t (n + 1) × ?m.46)
    (@Prod.instAdd ↥(targetD F G f t n).ker ?m.42 (targetD F G f t n).ker.toAddGroup.toAddZeroClass.toAdd
      AddZeroClass.toAddZero.toAdd)
    Prod.instAdd
but is expected to have type
  @AddEquiv (↥(targetD F G f t n).ker × AllTargetPage F G f t n ⧸ (incomingD F G f t n).range) (Page F G f (n + 1) t)
    (@Prod.instAdd (↥(targetD F G f t n).ker) (AllTargetPage F G f t n ⧸ (incomingD F G f t n).range)
      (targetD F G f t n).ker.add
      (QuotientAddGroup.Quotient.addCommGroup
                (incomingD F G f t n).range).toAddCommMonoid.toAddCommSemigroup.toAddCommMagma.toAdd)
    Prod.instAdd
in the application
  (pageHomologySplit F G f n t).trans ((nextSourceEquivKernel F G f t n).symm.prodCongr ?m.57)
'FilteredTwoTermSequence.pageD_incoming_zero' depends on axioms: [propext, Classical.choice, Quot.sound]
'FilteredTwoTermSequence.incomingPage_is_pageD' depends on axioms: [propext, Classical.choice, Quot.sound]
'FilteredTwoTermSequence.pageHomologySplit' depends on axioms: [propext, Classical.choice, Quot.sound]
'FilteredTwoTermSequence.homologyEquivNext' depends on axioms: [propext, sorryAx, Classical.choice, Quot.sound]
'FilteredTwoTermSequence.initialPageEquiv' depends on axioms: [propext, Classical.choice, Quot.sound]
'FilteredTwoTermSequence.initial_differential_commutes' depends on axioms: [propext, Classical.choice, Quot.sound]
