'Fact762CsigmasqD5.Comparison.c10_151_2_valid' depends on axioms: [propext, Quot.sound]
'Fact762CsigmasqD5.Comparison.c11_152_2_valid' depends on axioms: [propext, Quot.sound]
'Fact762CsigmasqD5.Comparison.c12_153_2_valid' depends on axioms: [propext, Quot.sound]
'Fact762CsigmasqD5.Comparison.c13_153_2_valid' depends on axioms: [propext, Quot.sound]
'Fact762CsigmasqD5.Comparison.c14_154_2_valid' depends on axioms: [propext, Quot.sound]
'Fact762CsigmasqD5.Comparison.c15_155_2_valid' depends on axioms: [propext, Quot.sound]
'Fact762CsigmasqD5.Comparison.c16_156_2_valid' depends on axioms: [propext, Quot.sound]
'Fact762CsigmasqD5.Comparison.c17_156_2_valid' depends on axioms: [propext, Quot.sound]
'Fact762CsigmasqD5.Comparison.c18_157_2_valid' depends on axioms: [propext, Quot.sound]
'Fact762CsigmasqD5.Comparison.c19_158_2_valid' depends on axioms: [propext, Quot.sound]
'Fact762CsigmasqD5.Comparison.c20_159_2_valid' depends on axioms: [propext, Quot.sound]
'Fact762CsigmasqD5.Comparison.c21_159_2_valid' depends on axioms: [propext, Quot.sound]
'Fact762CsigmasqD5.Comparison.c22_160_2_valid' depends on axioms: [propext, Quot.sound]
'Fact762CsigmasqD5.Comparison.c23_161_2_valid' depends on axioms: [propext, Quot.sound]
'Fact762CsigmasqD5.Comparison.c26_163_2_valid' depends on axioms: [propext, Quot.sound]
'Fact762CsigmasqD5.Comparison.c7_149_2_valid' depends on axioms: [propext, Quot.sound]
'Fact762CsigmasqD5.Comparison.s10_136_2_valid' depends on axioms: [propext, Quot.sound]
'Fact762CsigmasqD5.Comparison.s11_137_2_valid' depends on axioms: [propext, Quot.sound]
'Fact762CsigmasqD5.Comparison.s12_138_2_valid' depends on axioms: [propext, Quot.sound]
'Fact762CsigmasqD5.Comparison.s13_138_2_valid' depends on axioms: [propext, Quot.sound]
'Fact762CsigmasqD5.Comparison.s14_139_2_valid' depends on axioms: [propext, Quot.sound]
'Fact762CsigmasqD5.Comparison.s15_140_2_valid' depends on axioms: [propext, Quot.sound]
'Fact762CsigmasqD5.Comparison.s16_141_2_valid' depends on axioms: [propext, Quot.sound]
'Fact762CsigmasqD5.Comparison.s17_141_2_valid' depends on axioms: [propext, Quot.sound]
'Fact762CsigmasqD5.Comparison.s18_142_2_valid' depends on axioms: [propext, Quot.sound]
'Fact762CsigmasqD5.Comparison.s19_143_2_valid' depends on axioms: [propext, Quot.sound]
'Fact762CsigmasqD5.Comparison.s20_144_2_valid' depends on axioms: [propext, Quot.sound]
'Fact762CsigmasqD5.Comparison.s21_144_2_valid' depends on axioms: [propext, Quot.sound]
'Fact762CsigmasqD5.Comparison.s22_145_2_valid' depends on axioms: [propext, Quot.sound]
'Fact762CsigmasqD5.Comparison.s23_146_2_valid' depends on axioms: [propext, Quot.sound]
'Fact762CsigmasqD5.Comparison.s26_148_2_valid' depends on axioms: [propext, Quot.sound]
'Fact762CsigmasqD5.Comparison.s7_134_2_valid' depends on axioms: [propext, Quot.sound]
'Fact762CsigmasqD5.Comparison.c10_151_3_valid' depends on axioms: [propext, Quot.sound]
'Fact762CsigmasqD5.Comparison.c14_154_3_valid' depends on axioms: [propext, Quot.sound]
'Fact762CsigmasqD5.Comparison.c15_155_3_valid' depends on axioms: [propext, Quot.sound]
'Fact762CsigmasqD5.Comparison.c18_157_3_valid' depends on axioms: [propext, Quot.sound]
'Fact762CsigmasqD5.Comparison.c19_158_3_valid' depends on axioms: [propext, Quot.sound]
'Fact762CsigmasqD5.Comparison.c23_161_3_valid' depends on axioms: [propext, Quot.sound]
'Fact762CsigmasqD5.Comparison.s10_136_3_valid' depends on axioms: [propext, Quot.sound]
'Fact762CsigmasqD5.Comparison.s14_139_3_valid' depends on axioms: [propext, Quot.sound]
'Fact762CsigmasqD5.Comparison.s15_140_3_valid' depends on axioms: [propext, Quot.sound]
'Fact762CsigmasqD5.Comparison.s18_142_3_valid' depends on axioms: [propext, Quot.sound]
'Fact762CsigmasqD5.Comparison.s19_143_3_valid' depends on axioms: [propext, Quot.sound]
'Fact762CsigmasqD5.Comparison.s23_146_3_valid' depends on axioms: [propext, Quot.sound]
'Fact762CsigmasqD5.Comparison.c14_154_4_valid' depends on axioms: [propext, Quot.sound]
'Fact762CsigmasqD5.Comparison.c19_158_4_valid' depends on axioms: [propext, Quot.sound]
'Fact762CsigmasqD5.Comparison.s14_139_4_valid' depends on axioms: [propext, Quot.sound]
'Fact762CsigmasqD5.Comparison.s19_143_4_valid' depends on axioms: [propext, Quot.sound]
'Fact762CsigmasqD5.Comparison.f10_151_3_compatible' depends on axioms: [propext, Quot.sound]
'Fact762CsigmasqD5.Comparison.f11_152_3_compatible' depends on axioms: [propext, Quot.sound]
'Fact762CsigmasqD5.Comparison.f12_153_3_compatible' depends on axioms: [propext, Quot.sound]
'Fact762CsigmasqD5.Comparison.f13_153_3_compatible' depends on axioms: [propext, Quot.sound]
'Fact762CsigmasqD5.Comparison.f14_154_3_compatible' depends on axioms: [propext, Quot.sound]
'Fact762CsigmasqD5.Comparison.f15_155_3_compatible' depends on axioms: [propext, Quot.sound]
'Fact762CsigmasqD5.Comparison.f16_156_3_compatible' depends on axioms: [propext, Quot.sound]
'Fact762CsigmasqD5.Comparison.f17_156_3_compatible' depends on axioms: [propext, Quot.sound]
'Fact762CsigmasqD5.Comparison.f18_157_3_compatible' depends on axioms: [propext, Quot.sound]
'Fact762CsigmasqD5.Comparison.f19_158_3_compatible' depends on axioms: [propext, Quot.sound]
'Fact762CsigmasqD5.Comparison.f20_159_3_compatible' depends on axioms: [propext, Quot.sound]
'Fact762CsigmasqD5.Comparison.f21_159_3_compatible' depends on axioms: [propext, Quot.sound]
'Fact762CsigmasqD5.Comparison.f22_160_3_compatible' depends on axioms: [propext, Quot.sound]
'Fact762CsigmasqD5.Comparison.f23_161_3_compatible' depends on axioms: [propext, Quot.sound]
'Fact762CsigmasqD5.Comparison.f26_163_3_compatible' depends on axioms: [propext, Quot.sound]
'Fact762CsigmasqD5.Comparison.f7_149_3_compatible' depends on axioms: [propext, Quot.sound]
'Fact762CsigmasqD5.Comparison.f10_151_4_compatible' depends on axioms: [propext, Quot.sound]
'Fact762CsigmasqD5.Comparison.f14_154_4_compatible' depends on axioms: [propext, Quot.sound]
'Fact762CsigmasqD5.Comparison.f15_155_4_compatible' depends on axioms: [propext, Quot.sound]
'Fact762CsigmasqD5.Comparison.f18_157_4_compatible' depends on axioms: [propext, Quot.sound]
'Fact762CsigmasqD5.Comparison.f19_158_4_compatible' depends on axioms: [propext, Quot.sound]
'Fact762CsigmasqD5.Comparison.f23_161_4_compatible' depends on axioms: [propext, Quot.sound]
'Fact762CsigmasqD5.Comparison.f14_154_5_compatible' depends on axioms: [propext, Quot.sound]
'Fact762CsigmasqD5.Comparison.f19_158_5_compatible' depends on axioms: [propext, Quot.sound]
'Fact762CsigmasqD5.Comparison.named2_map' depends on axioms: [propext, Classical.choice, Quot.sound]
'Fact762CsigmasqD5.Comparison.source2_cycle' depends on axioms: [propext, Quot.sound]
'Fact762CsigmasqD5.Comparison.source2_next' depends on axioms: [propext, Classical.choice, Quot.sound]
'Fact762CsigmasqD5.Comparison.source3_cycle' depends on axioms: [propext, Quot.sound]
'Fact762CsigmasqD5.Comparison.source3_next' depends on axioms: [propext, Classical.choice, Quot.sound]
'Fact762CsigmasqD5.Comparison.source4_cycle' depends on axioms: [propext, Quot.sound]
'Fact762CsigmasqD5.Comparison.source4_next' depends on axioms: [propext, Classical.choice, Quot.sound]
'Fact762CsigmasqD5.Comparison.named_map5' depends on axioms: [propext, Classical.choice, Quot.sound]
'Fact762CsigmasqD5.Comparison.map5_surjective' depends on axioms: [propext, Classical.choice, Quot.sound]
'Fact762CsigmasqD5.Comparison.target5_reflects' depends on axioms: [propext, Classical.choice, Quot.sound]
