Fact762CsigmasqD5/D2Data.lean:6:23: error: Fact762CsigmasqD5/d2wire/b6503.json: d2 coefficient expansion or module reduction failed
Fact762CsigmasqD5/D2Data.lean:7:40: error: Tactic `decide` failed for proposition
  LinProgramCertificates.CertificateVerifier.check () = true
because its `Decidable` instance
  instDecidableEqBool (LinProgramCertificates.CertificateVerifier.check ()) true
did not reduce to `isTrue` or `isFalse`.

After unfolding the instances `instDecidableAnd`, `instDecidableEqBool`, `instDecidableEqNat`, `Bool.decEq`, and `Nat.decEq`, reduction got stuck at the `Decidable` instance
  match LinProgramCertificates.CertificateVerifier.check (), true with
  | false, false => isTrue ⋯
  | false, true => isFalse ⋯
  | true, false => isFalse ⋯
  | true, true => isTrue ⋯
'Fact762CsigmasqD5.D2Data.b6503_valid' depends on axioms: [propext, sorryAx]
'Fact762CsigmasqD5.D2Data.b6504_valid' depends on axioms: [propext]
Fact762CsigmasqD5/D2Data.lean:12:23: error: Fact762CsigmasqD5/d2wire/b6648.json: d2 coefficient expansion or module reduction failed
Fact762CsigmasqD5/D2Data.lean:13:40: error: Tactic `decide` failed for proposition
  LinProgramCertificates.CertificateVerifier.check () = true
because its `Decidable` instance
  instDecidableEqBool (LinProgramCertificates.CertificateVerifier.check ()) true
did not reduce to `isTrue` or `isFalse`.

After unfolding the instances `instDecidableAnd`, `instDecidableEqBool`, `instDecidableEqNat`, `Bool.decEq`, and `Nat.decEq`, reduction got stuck at the `Decidable` instance
  match LinProgramCertificates.CertificateVerifier.check (), true with
  | false, false => isTrue ⋯
  | false, true => isFalse ⋯
  | true, false => isFalse ⋯
  | true, true => isTrue ⋯
'Fact762CsigmasqD5.D2Data.b6648_valid' depends on axioms: [propext, sorryAx]
Fact762CsigmasqD5/D2Data.lean:15:23: error: Fact762CsigmasqD5/d2wire/b6649.json: d2 coefficient expansion or module reduction failed
Fact762CsigmasqD5/D2Data.lean:16:40: error: Tactic `decide` failed for proposition
  LinProgramCertificates.CertificateVerifier.check () = true
because its `Decidable` instance
  instDecidableEqBool (LinProgramCertificates.CertificateVerifier.check ()) true
did not reduce to `isTrue` or `isFalse`.

After unfolding the instances `instDecidableAnd`, `instDecidableEqBool`, `instDecidableEqNat`, `Bool.decEq`, and `Nat.decEq`, reduction got stuck at the `Decidable` instance
  match LinProgramCertificates.CertificateVerifier.check (), true with
  | false, false => isTrue ⋯
  | false, true => isFalse ⋯
  | true, false => isFalse ⋯
  | true, true => isTrue ⋯
'Fact762CsigmasqD5.D2Data.b6649_valid' depends on axioms: [propext, sorryAx]
Fact762CsigmasqD5/D2Data.lean:18:23: error: Fact762CsigmasqD5/d2wire/b6650.json: d2 coefficient expansion or module reduction failed
Fact762CsigmasqD5/D2Data.lean:19:40: error: Tactic `decide` failed for proposition
  LinProgramCertificates.CertificateVerifier.check () = true
because its `Decidable` instance
  instDecidableEqBool (LinProgramCertificates.CertificateVerifier.check ()) true
did not reduce to `isTrue` or `isFalse`.

After unfolding the instances `instDecidableAnd`, `instDecidableEqBool`, `instDecidableEqNat`, `Bool.decEq`, and `Nat.decEq`, reduction got stuck at the `Decidable` instance
  match LinProgramCertificates.CertificateVerifier.check (), true with
  | false, false => isTrue ⋯
  | false, true => isFalse ⋯
  | true, false => isFalse ⋯
  | true, true => isTrue ⋯
'Fact762CsigmasqD5.D2Data.b6650_valid' depends on axioms: [propext, sorryAx]
Fact762CsigmasqD5/D2Data.lean:21:23: error: Fact762CsigmasqD5/d2wire/b6651.json: d2 coefficient expansion or module reduction failed
Fact762CsigmasqD5/D2Data.lean:22:40: error: Tactic `decide` failed for proposition
  LinProgramCertificates.CertificateVerifier.check () = true
because its `Decidable` instance
  instDecidableEqBool (LinProgramCertificates.CertificateVerifier.check ()) true
did not reduce to `isTrue` or `isFalse`.

After unfolding the instances `instDecidableAnd`, `instDecidableEqBool`, `instDecidableEqNat`, `Bool.decEq`, and `Nat.decEq`, reduction got stuck at the `Decidable` instance
  match LinProgramCertificates.CertificateVerifier.check (), true with
  | false, false => isTrue ⋯
  | false, true => isFalse ⋯
  | true, false => isFalse ⋯
  | true, true => isTrue ⋯
'Fact762CsigmasqD5.D2Data.b6651_valid' depends on axioms: [propext, sorryAx]
Fact762CsigmasqD5/D2Data.lean:24:23: error: Fact762CsigmasqD5/d2wire/b6652.json: d2 coefficient expansion or module reduction failed
Fact762CsigmasqD5/D2Data.lean:25:40: error: Tactic `decide` failed for proposition
  LinProgramCertificates.CertificateVerifier.check () = true
because its `Decidable` instance
  instDecidableEqBool (LinProgramCertificates.CertificateVerifier.check ()) true
did not reduce to `isTrue` or `isFalse`.

After unfolding the instances `instDecidableAnd`, `instDecidableEqBool`, `instDecidableEqNat`, `Bool.decEq`, and `Nat.decEq`, reduction got stuck at the `Decidable` instance
  match LinProgramCertificates.CertificateVerifier.check (), true with
  | false, false => isTrue ⋯
  | false, true => isFalse ⋯
  | true, false => isFalse ⋯
  | true, true => isTrue ⋯
'Fact762CsigmasqD5.D2Data.b6652_valid' depends on axioms: [propext, sorryAx]
'Fact762CsigmasqD5.D2Data.b6653_valid' depends on axioms: [propext]
'Fact762CsigmasqD5.D2Data.b6654_valid' depends on axioms: [propext]
Fact762CsigmasqD5/D2Data.lean:33:23: error: Fact762CsigmasqD5/d2wire/b6846.json: d2 coefficient expansion or module reduction failed
Fact762CsigmasqD5/D2Data.lean:34:40: error: Tactic `decide` failed for proposition
  LinProgramCertificates.CertificateVerifier.check () = true
because its `Decidable` instance
  instDecidableEqBool (LinProgramCertificates.CertificateVerifier.check ()) true
did not reduce to `isTrue` or `isFalse`.

After unfolding the instances `instDecidableAnd`, `instDecidableEqBool`, `instDecidableEqNat`, `Bool.decEq`, and `Nat.decEq`, reduction got stuck at the `Decidable` instance
  match LinProgramCertificates.CertificateVerifier.check (), true with
  | false, false => isTrue ⋯
  | false, true => isFalse ⋯
  | true, false => isFalse ⋯
  | true, true => isTrue ⋯
'Fact762CsigmasqD5.D2Data.b6846_valid' depends on axioms: [propext, sorryAx]
Fact762CsigmasqD5/D2Data.lean:36:23: error: Fact762CsigmasqD5/d2wire/b6847.json: d2 coefficient expansion or module reduction failed
Fact762CsigmasqD5/D2Data.lean:37:40: error: Tactic `decide` failed for proposition
  LinProgramCertificates.CertificateVerifier.check () = true
because its `Decidable` instance
  instDecidableEqBool (LinProgramCertificates.CertificateVerifier.check ()) true
did not reduce to `isTrue` or `isFalse`.

After unfolding the instances `instDecidableAnd`, `instDecidableEqBool`, `instDecidableEqNat`, `Bool.decEq`, and `Nat.decEq`, reduction got stuck at the `Decidable` instance
  match LinProgramCertificates.CertificateVerifier.check (), true with
  | false, false => isTrue ⋯
  | false, true => isFalse ⋯
  | true, false => isFalse ⋯
  | true, true => isTrue ⋯
'Fact762CsigmasqD5.D2Data.b6847_valid' depends on axioms: [propext, sorryAx]
Fact762CsigmasqD5/D2Data.lean:39:23: error: Fact762CsigmasqD5/d2wire/b6848.json: d2 coefficient expansion or module reduction failed
Fact762CsigmasqD5/D2Data.lean:40:40: error: Tactic `decide` failed for proposition
  LinProgramCertificates.CertificateVerifier.check () = true
because its `Decidable` instance
  instDecidableEqBool (LinProgramCertificates.CertificateVerifier.check ()) true
did not reduce to `isTrue` or `isFalse`.

After unfolding the instances `instDecidableAnd`, `instDecidableEqBool`, `instDecidableEqNat`, `Bool.decEq`, and `Nat.decEq`, reduction got stuck at the `Decidable` instance
  match LinProgramCertificates.CertificateVerifier.check (), true with
  | false, false => isTrue ⋯
  | false, true => isFalse ⋯
  | true, false => isFalse ⋯
  | true, true => isTrue ⋯
'Fact762CsigmasqD5.D2Data.b6848_valid' depends on axioms: [propext, sorryAx]
Fact762CsigmasqD5/D2Data.lean:42:23: error: Fact762CsigmasqD5/d2wire/b6849.json: d2 coefficient expansion or module reduction failed
Fact762CsigmasqD5/D2Data.lean:43:40: error: Tactic `decide` failed for proposition
  LinProgramCertificates.CertificateVerifier.check () = true
because its `Decidable` instance
  instDecidableEqBool (LinProgramCertificates.CertificateVerifier.check ()) true
did not reduce to `isTrue` or `isFalse`.

After unfolding the instances `instDecidableAnd`, `instDecidableEqBool`, `instDecidableEqNat`, `Bool.decEq`, and `Nat.decEq`, reduction got stuck at the `Decidable` instance
  match LinProgramCertificates.CertificateVerifier.check (), true with
  | false, false => isTrue ⋯
  | false, true => isFalse ⋯
  | true, false => isFalse ⋯
  | true, true => isTrue ⋯
'Fact762CsigmasqD5.D2Data.b6849_valid' depends on axioms: [propext, sorryAx]
Fact762CsigmasqD5/D2Data.lean:45:23: error: Fact762CsigmasqD5/d2wire/b6850.json: d2 coefficient expansion or module reduction failed
Fact762CsigmasqD5/D2Data.lean:46:40: error: Tactic `decide` failed for proposition
  LinProgramCertificates.CertificateVerifier.check () = true
because its `Decidable` instance
  instDecidableEqBool (LinProgramCertificates.CertificateVerifier.check ()) true
did not reduce to `isTrue` or `isFalse`.

After unfolding the instances `instDecidableAnd`, `instDecidableEqBool`, `instDecidableEqNat`, `Bool.decEq`, and `Nat.decEq`, reduction got stuck at the `Decidable` instance
  match LinProgramCertificates.CertificateVerifier.check (), true with
  | false, false => isTrue ⋯
  | false, true => isFalse ⋯
  | true, false => isFalse ⋯
  | true, true => isTrue ⋯
'Fact762CsigmasqD5.D2Data.b6850_valid' depends on axioms: [propext, sorryAx]
Fact762CsigmasqD5/D2Data.lean:48:23: error: Fact762CsigmasqD5/d2wire/b6851.json: d2 coefficient expansion or module reduction failed
Fact762CsigmasqD5/D2Data.lean:49:40: error: Tactic `decide` failed for proposition
  LinProgramCertificates.CertificateVerifier.check () = true
because its `Decidable` instance
  instDecidableEqBool (LinProgramCertificates.CertificateVerifier.check ()) true
did not reduce to `isTrue` or `isFalse`.

After unfolding the instances `instDecidableAnd`, `instDecidableEqBool`, `instDecidableEqNat`, `Bool.decEq`, and `Nat.decEq`, reduction got stuck at the `Decidable` instance
  match LinProgramCertificates.CertificateVerifier.check (), true with
  | false, false => isTrue ⋯
  | false, true => isFalse ⋯
  | true, false => isFalse ⋯
  | true, true => isTrue ⋯
'Fact762CsigmasqD5.D2Data.b6851_valid' depends on axioms: [propext, sorryAx]
Fact762CsigmasqD5/D2Data.lean:51:23: error: Fact762CsigmasqD5/d2wire/b6852.json: d2 coefficient expansion or module reduction failed
Fact762CsigmasqD5/D2Data.lean:52:40: error: Tactic `decide` failed for proposition
  LinProgramCertificates.CertificateVerifier.check () = true
because its `Decidable` instance
  instDecidableEqBool (LinProgramCertificates.CertificateVerifier.check ()) true
did not reduce to `isTrue` or `isFalse`.

After unfolding the instances `instDecidableAnd`, `instDecidableEqBool`, `instDecidableEqNat`, `Bool.decEq`, and `Nat.decEq`, reduction got stuck at the `Decidable` instance
  match LinProgramCertificates.CertificateVerifier.check (), true with
  | false, false => isTrue ⋯
  | false, true => isFalse ⋯
  | true, false => isFalse ⋯
  | true, true => isTrue ⋯
'Fact762CsigmasqD5.D2Data.b6852_valid' depends on axioms: [propext, sorryAx]
'Fact762CsigmasqD5.D2Data.b6853_valid' depends on axioms: [propext]
'Fact762CsigmasqD5.D2Data.b6854_valid' depends on axioms: [propext]
'Fact762CsigmasqD5.D2Data.b6855_valid' depends on axioms: [propext]
'Fact762CsigmasqD5.D2Data.b6856_valid' depends on axioms: [propext]
'Fact762CsigmasqD5.D2Data.b6857_valid' depends on axioms: [propext]
'Fact762CsigmasqD5.D2Data.b6858_valid' depends on axioms: [propext]
'Fact762CsigmasqD5.D2Data.b6859_valid' depends on axioms: [propext]
Fact762CsigmasqD5/D2Data.lean:75:23: error: Fact762CsigmasqD5/d2wire/b6990.json: d2 coefficient expansion or module reduction failed
Fact762CsigmasqD5/D2Data.lean:76:40: error: Tactic `decide` failed for proposition
  LinProgramCertificates.CertificateVerifier.check () = true
because its `Decidable` instance
  instDecidableEqBool (LinProgramCertificates.CertificateVerifier.check ()) true
did not reduce to `isTrue` or `isFalse`.

After unfolding the instances `instDecidableAnd`, `instDecidableEqBool`, `instDecidableEqNat`, `Bool.decEq`, and `Nat.decEq`, reduction got stuck at the `Decidable` instance
  match LinProgramCertificates.CertificateVerifier.check (), true with
  | false, false => isTrue ⋯
  | false, true => isFalse ⋯
  | true, false => isFalse ⋯
  | true, true => isTrue ⋯
'Fact762CsigmasqD5.D2Data.b6990_valid' depends on axioms: [propext, sorryAx]
Fact762CsigmasqD5/D2Data.lean:78:23: error: Fact762CsigmasqD5/d2wire/b6991.json: d2 coefficient expansion or module reduction failed
Fact762CsigmasqD5/D2Data.lean:79:40: error: Tactic `decide` failed for proposition
  LinProgramCertificates.CertificateVerifier.check () = true
because its `Decidable` instance
  instDecidableEqBool (LinProgramCertificates.CertificateVerifier.check ()) true
did not reduce to `isTrue` or `isFalse`.

After unfolding the instances `instDecidableAnd`, `instDecidableEqBool`, `instDecidableEqNat`, `Bool.decEq`, and `Nat.decEq`, reduction got stuck at the `Decidable` instance
  match LinProgramCertificates.CertificateVerifier.check (), true with
  | false, false => isTrue ⋯
  | false, true => isFalse ⋯
  | true, false => isFalse ⋯
  | true, true => isTrue ⋯
'Fact762CsigmasqD5.D2Data.b6991_valid' depends on axioms: [propext, sorryAx]
Fact762CsigmasqD5/D2Data.lean:81:23: error: Fact762CsigmasqD5/d2wire/b6992.json: d2 coefficient expansion or module reduction failed
Fact762CsigmasqD5/D2Data.lean:82:40: error: Tactic `decide` failed for proposition
  LinProgramCertificates.CertificateVerifier.check () = true
because its `Decidable` instance
  instDecidableEqBool (LinProgramCertificates.CertificateVerifier.check ()) true
did not reduce to `isTrue` or `isFalse`.

After unfolding the instances `instDecidableAnd`, `instDecidableEqBool`, `instDecidableEqNat`, `Bool.decEq`, and `Nat.decEq`, reduction got stuck at the `Decidable` instance
  match LinProgramCertificates.CertificateVerifier.check (), true with
  | false, false => isTrue ⋯
  | false, true => isFalse ⋯
  | true, false => isFalse ⋯
  | true, true => isTrue ⋯
'Fact762CsigmasqD5.D2Data.b6992_valid' depends on axioms: [propext, sorryAx]
Fact762CsigmasqD5/D2Data.lean:84:23: error: Fact762CsigmasqD5/d2wire/b6993.json: d2 coefficient expansion or module reduction failed
Fact762CsigmasqD5/D2Data.lean:85:40: error: Tactic `decide` failed for proposition
  LinProgramCertificates.CertificateVerifier.check () = true
because its `Decidable` instance
  instDecidableEqBool (LinProgramCertificates.CertificateVerifier.check ()) true
did not reduce to `isTrue` or `isFalse`.

After unfolding the instances `instDecidableAnd`, `instDecidableEqBool`, `instDecidableEqNat`, `Bool.decEq`, and `Nat.decEq`, reduction got stuck at the `Decidable` instance
  match LinProgramCertificates.CertificateVerifier.check (), true with
  | false, false => isTrue ⋯
  | false, true => isFalse ⋯
  | true, false => isFalse ⋯
  | true, true => isTrue ⋯
'Fact762CsigmasqD5.D2Data.b6993_valid' depends on axioms: [propext, sorryAx]
Fact762CsigmasqD5/D2Data.lean:87:23: error: Fact762CsigmasqD5/d2wire/b6994.json: d2 coefficient expansion or module reduction failed
Fact762CsigmasqD5/D2Data.lean:88:40: error: Tactic `decide` failed for proposition
  LinProgramCertificates.CertificateVerifier.check () = true
because its `Decidable` instance
  instDecidableEqBool (LinProgramCertificates.CertificateVerifier.check ()) true
did not reduce to `isTrue` or `isFalse`.

After unfolding the instances `instDecidableAnd`, `instDecidableEqBool`, `instDecidableEqNat`, `Bool.decEq`, and `Nat.decEq`, reduction got stuck at the `Decidable` instance
  match LinProgramCertificates.CertificateVerifier.check (), true with
  | false, false => isTrue ⋯
  | false, true => isFalse ⋯
  | true, false => isFalse ⋯
  | true, true => isTrue ⋯
'Fact762CsigmasqD5.D2Data.b6994_valid' depends on axioms: [propext, sorryAx]
'Fact762CsigmasqD5.D2Data.b6995_valid' depends on axioms: [propext]
'Fact762CsigmasqD5.D2Data.b6996_valid' depends on axioms: [propext]
'Fact762CsigmasqD5.D2Data.b6997_valid' depends on axioms: [propext]
'Fact762CsigmasqD5.D2Data.b6998_valid' depends on axioms: [propext]
'Fact762CsigmasqD5.D2Data.b6999_valid' depends on axioms: [propext]
Fact762CsigmasqD5/D2Data.lean:105:23: error: Fact762CsigmasqD5/d2wire/b6980.json: d2 coefficient expansion or module reduction failed
Fact762CsigmasqD5/D2Data.lean:106:40: error: Tactic `decide` failed for proposition
  LinProgramCertificates.CertificateVerifier.check () = true
because its `Decidable` instance
  instDecidableEqBool (LinProgramCertificates.CertificateVerifier.check ()) true
did not reduce to `isTrue` or `isFalse`.

After unfolding the instances `instDecidableAnd`, `instDecidableEqBool`, `instDecidableEqNat`, `Bool.decEq`, and `Nat.decEq`, reduction got stuck at the `Decidable` instance
  match LinProgramCertificates.CertificateVerifier.check (), true with
  | false, false => isTrue ⋯
  | false, true => isFalse ⋯
  | true, false => isFalse ⋯
  | true, true => isTrue ⋯
'Fact762CsigmasqD5.D2Data.b6980_valid' depends on axioms: [propext, sorryAx]
Fact762CsigmasqD5/D2Data.lean:108:23: error: Fact762CsigmasqD5/d2wire/b6981.json: d2 coefficient expansion or module reduction failed
Fact762CsigmasqD5/D2Data.lean:109:40: error: Tactic `decide` failed for proposition
  LinProgramCertificates.CertificateVerifier.check () = true
because its `Decidable` instance
  instDecidableEqBool (LinProgramCertificates.CertificateVerifier.check ()) true
did not reduce to `isTrue` or `isFalse`.

After unfolding the instances `instDecidableAnd`, `instDecidableEqBool`, `instDecidableEqNat`, `Bool.decEq`, and `Nat.decEq`, reduction got stuck at the `Decidable` instance
  match LinProgramCertificates.CertificateVerifier.check (), true with
  | false, false => isTrue ⋯
  | false, true => isFalse ⋯
  | true, false => isFalse ⋯
  | true, true => isTrue ⋯
'Fact762CsigmasqD5.D2Data.b6981_valid' depends on axioms: [propext, sorryAx]
Fact762CsigmasqD5/D2Data.lean:111:23: error: Fact762CsigmasqD5/d2wire/b6982.json: d2 coefficient expansion or module reduction failed
Fact762CsigmasqD5/D2Data.lean:112:40: error: Tactic `decide` failed for proposition
  LinProgramCertificates.CertificateVerifier.check () = true
because its `Decidable` instance
  instDecidableEqBool (LinProgramCertificates.CertificateVerifier.check ()) true
did not reduce to `isTrue` or `isFalse`.

After unfolding the instances `instDecidableAnd`, `instDecidableEqBool`, `instDecidableEqNat`, `Bool.decEq`, and `Nat.decEq`, reduction got stuck at the `Decidable` instance
  match LinProgramCertificates.CertificateVerifier.check (), true with
  | false, false => isTrue ⋯
  | false, true => isFalse ⋯
  | true, false => isFalse ⋯
  | true, true => isTrue ⋯
'Fact762CsigmasqD5.D2Data.b6982_valid' depends on axioms: [propext, sorryAx]
Fact762CsigmasqD5/D2Data.lean:114:23: error: Fact762CsigmasqD5/d2wire/b6983.json: d2 coefficient expansion or module reduction failed
Fact762CsigmasqD5/D2Data.lean:115:40: error: Tactic `decide` failed for proposition
  LinProgramCertificates.CertificateVerifier.check () = true
because its `Decidable` instance
  instDecidableEqBool (LinProgramCertificates.CertificateVerifier.check ()) true
did not reduce to `isTrue` or `isFalse`.

After unfolding the instances `instDecidableAnd`, `instDecidableEqBool`, `instDecidableEqNat`, `Bool.decEq`, and `Nat.decEq`, reduction got stuck at the `Decidable` instance
  match LinProgramCertificates.CertificateVerifier.check (), true with
  | false, false => isTrue ⋯
  | false, true => isFalse ⋯
  | true, false => isFalse ⋯
  | true, true => isTrue ⋯
'Fact762CsigmasqD5.D2Data.b6983_valid' depends on axioms: [propext, sorryAx]
Fact762CsigmasqD5/D2Data.lean:117:23: error: Fact762CsigmasqD5/d2wire/b6984.json: d2 coefficient expansion or module reduction failed
Fact762CsigmasqD5/D2Data.lean:118:40: error: Tactic `decide` failed for proposition
  LinProgramCertificates.CertificateVerifier.check () = true
because its `Decidable` instance
  instDecidableEqBool (LinProgramCertificates.CertificateVerifier.check ()) true
did not reduce to `isTrue` or `isFalse`.

After unfolding the instances `instDecidableAnd`, `instDecidableEqBool`, `instDecidableEqNat`, `Bool.decEq`, and `Nat.decEq`, reduction got stuck at the `Decidable` instance
  match LinProgramCertificates.CertificateVerifier.check (), true with
  | false, false => isTrue ⋯
  | false, true => isFalse ⋯
  | true, false => isFalse ⋯
  | true, true => isTrue ⋯
'Fact762CsigmasqD5.D2Data.b6984_valid' depends on axioms: [propext, sorryAx]
'Fact762CsigmasqD5.D2Data.b6985_valid' depends on axioms: [propext]
'Fact762CsigmasqD5.D2Data.b6986_valid' depends on axioms: [propext]
'Fact762CsigmasqD5.D2Data.b6987_valid' depends on axioms: [propext]
'Fact762CsigmasqD5.D2Data.b6988_valid' depends on axioms: [propext]
'Fact762CsigmasqD5.D2Data.b6989_valid' depends on axioms: [propext]
Fact762CsigmasqD5/D2Data.lean:135:23: error: Fact762CsigmasqD5/d2wire/b7145.json: d2 coefficient expansion or module reduction failed
Fact762CsigmasqD5/D2Data.lean:136:40: error: Tactic `decide` failed for proposition
  LinProgramCertificates.CertificateVerifier.check () = true
because its `Decidable` instance
  instDecidableEqBool (LinProgramCertificates.CertificateVerifier.check ()) true
did not reduce to `isTrue` or `isFalse`.

After unfolding the instances `instDecidableAnd`, `instDecidableEqBool`, `instDecidableEqNat`, `Bool.decEq`, and `Nat.decEq`, reduction got stuck at the `Decidable` instance
  match LinProgramCertificates.CertificateVerifier.check (), true with
  | false, false => isTrue ⋯
  | false, true => isFalse ⋯
  | true, false => isFalse ⋯
  | true, true => isTrue ⋯
'Fact762CsigmasqD5.D2Data.b7145_valid' depends on axioms: [propext, sorryAx]
Fact762CsigmasqD5/D2Data.lean:138:23: error: Fact762CsigmasqD5/d2wire/b7146.json: d2 coefficient expansion or module reduction failed
Fact762CsigmasqD5/D2Data.lean:139:40: error: Tactic `decide` failed for proposition
  LinProgramCertificates.CertificateVerifier.check () = true
because its `Decidable` instance
  instDecidableEqBool (LinProgramCertificates.CertificateVerifier.check ()) true
did not reduce to `isTrue` or `isFalse`.

After unfolding the instances `instDecidableAnd`, `instDecidableEqBool`, `instDecidableEqNat`, `Bool.decEq`, and `Nat.decEq`, reduction got stuck at the `Decidable` instance
  match LinProgramCertificates.CertificateVerifier.check (), true with
  | false, false => isTrue ⋯
  | false, true => isFalse ⋯
  | true, false => isFalse ⋯
  | true, true => isTrue ⋯
'Fact762CsigmasqD5.D2Data.b7146_valid' depends on axioms: [propext, sorryAx]
Fact762CsigmasqD5/D2Data.lean:141:23: error: Fact762CsigmasqD5/d2wire/b7147.json: d2 coefficient expansion or module reduction failed
Fact762CsigmasqD5/D2Data.lean:142:40: error: Tactic `decide` failed for proposition
  LinProgramCertificates.CertificateVerifier.check () = true
because its `Decidable` instance
  instDecidableEqBool (LinProgramCertificates.CertificateVerifier.check ()) true
did not reduce to `isTrue` or `isFalse`.

After unfolding the instances `instDecidableAnd`, `instDecidableEqBool`, `instDecidableEqNat`, `Bool.decEq`, and `Nat.decEq`, reduction got stuck at the `Decidable` instance
  match LinProgramCertificates.CertificateVerifier.check (), true with
  | false, false => isTrue ⋯
  | false, true => isFalse ⋯
  | true, false => isFalse ⋯
  | true, true => isTrue ⋯
'Fact762CsigmasqD5.D2Data.b7147_valid' depends on axioms: [propext, sorryAx]
Fact762CsigmasqD5/D2Data.lean:144:23: error: Fact762CsigmasqD5/d2wire/b7148.json: d2 coefficient expansion or module reduction failed
Fact762CsigmasqD5/D2Data.lean:145:40: error: Tactic `decide` failed for proposition
  LinProgramCertificates.CertificateVerifier.check () = true
because its `Decidable` instance
  instDecidableEqBool (LinProgramCertificates.CertificateVerifier.check ()) true
did not reduce to `isTrue` or `isFalse`.

After unfolding the instances `instDecidableAnd`, `instDecidableEqBool`, `instDecidableEqNat`, `Bool.decEq`, and `Nat.decEq`, reduction got stuck at the `Decidable` instance
  match LinProgramCertificates.CertificateVerifier.check (), true with
  | false, false => isTrue ⋯
  | false, true => isFalse ⋯
  | true, false => isFalse ⋯
  | true, true => isTrue ⋯
'Fact762CsigmasqD5.D2Data.b7148_valid' depends on axioms: [propext, sorryAx]
Fact762CsigmasqD5/D2Data.lean:147:23: error: Fact762CsigmasqD5/d2wire/b7149.json: d2 coefficient expansion or module reduction failed
Fact762CsigmasqD5/D2Data.lean:148:40: error: Tactic `decide` failed for proposition
  LinProgramCertificates.CertificateVerifier.check () = true
because its `Decidable` instance
  instDecidableEqBool (LinProgramCertificates.CertificateVerifier.check ()) true
did not reduce to `isTrue` or `isFalse`.

After unfolding the instances `instDecidableAnd`, `instDecidableEqBool`, `instDecidableEqNat`, `Bool.decEq`, and `Nat.decEq`, reduction got stuck at the `Decidable` instance
  match LinProgramCertificates.CertificateVerifier.check (), true with
  | false, false => isTrue ⋯
  | false, true => isFalse ⋯
  | true, false => isFalse ⋯
  | true, true => isTrue ⋯
'Fact762CsigmasqD5.D2Data.b7149_valid' depends on axioms: [propext, sorryAx]
Fact762CsigmasqD5/D2Data.lean:150:23: error: Fact762CsigmasqD5/d2wire/b7150.json: d2 coefficient expansion or module reduction failed
Fact762CsigmasqD5/D2Data.lean:151:40: error: Tactic `decide` failed for proposition
  LinProgramCertificates.CertificateVerifier.check () = true
because its `Decidable` instance
  instDecidableEqBool (LinProgramCertificates.CertificateVerifier.check ()) true
did not reduce to `isTrue` or `isFalse`.

After unfolding the instances `instDecidableAnd`, `instDecidableEqBool`, `instDecidableEqNat`, `Bool.decEq`, and `Nat.decEq`, reduction got stuck at the `Decidable` instance
  match LinProgramCertificates.CertificateVerifier.check (), true with
  | false, false => isTrue ⋯
  | false, true => isFalse ⋯
  | true, false => isFalse ⋯
  | true, true => isTrue ⋯
'Fact762CsigmasqD5.D2Data.b7150_valid' depends on axioms: [propext, sorryAx]
'Fact762CsigmasqD5.D2Data.b7151_valid' depends on axioms: [propext]
'Fact762CsigmasqD5.D2Data.b7152_valid' depends on axioms: [propext]
'Fact762CsigmasqD5.D2Data.b7153_valid' depends on axioms: [propext]
'Fact762CsigmasqD5.D2Data.b7154_valid' depends on axioms: [propext]
Fact762CsigmasqD5/D2Data.lean:165:23: error: Fact762CsigmasqD5/d2wire/b7134.json: d2 coefficient expansion or module reduction failed
Fact762CsigmasqD5/D2Data.lean:166:40: error: Tactic `decide` failed for proposition
  LinProgramCertificates.CertificateVerifier.check () = true
because its `Decidable` instance
  instDecidableEqBool (LinProgramCertificates.CertificateVerifier.check ()) true
did not reduce to `isTrue` or `isFalse`.

After unfolding the instances `instDecidableAnd`, `instDecidableEqBool`, `instDecidableEqNat`, `Bool.decEq`, and `Nat.decEq`, reduction got stuck at the `Decidable` instance
  match LinProgramCertificates.CertificateVerifier.check (), true with
  | false, false => isTrue ⋯
  | false, true => isFalse ⋯
  | true, false => isFalse ⋯
  | true, true => isTrue ⋯
'Fact762CsigmasqD5.D2Data.b7134_valid' depends on axioms: [propext, sorryAx]
Fact762CsigmasqD5/D2Data.lean:168:23: error: Fact762CsigmasqD5/d2wire/b7135.json: d2 coefficient expansion or module reduction failed
Fact762CsigmasqD5/D2Data.lean:169:40: error: Tactic `decide` failed for proposition
  LinProgramCertificates.CertificateVerifier.check () = true
because its `Decidable` instance
  instDecidableEqBool (LinProgramCertificates.CertificateVerifier.check ()) true
did not reduce to `isTrue` or `isFalse`.

After unfolding the instances `instDecidableAnd`, `instDecidableEqBool`, `instDecidableEqNat`, `Bool.decEq`, and `Nat.decEq`, reduction got stuck at the `Decidable` instance
  match LinProgramCertificates.CertificateVerifier.check (), true with
  | false, false => isTrue ⋯
  | false, true => isFalse ⋯
  | true, false => isFalse ⋯
  | true, true => isTrue ⋯
'Fact762CsigmasqD5.D2Data.b7135_valid' depends on axioms: [propext, sorryAx]
Fact762CsigmasqD5/D2Data.lean:171:23: error: Fact762CsigmasqD5/d2wire/b7136.json: d2 coefficient expansion or module reduction failed
Fact762CsigmasqD5/D2Data.lean:172:40: error: Tactic `decide` failed for proposition
  LinProgramCertificates.CertificateVerifier.check () = true
because its `Decidable` instance
  instDecidableEqBool (LinProgramCertificates.CertificateVerifier.check ()) true
did not reduce to `isTrue` or `isFalse`.

After unfolding the instances `instDecidableAnd`, `instDecidableEqBool`, `instDecidableEqNat`, `Bool.decEq`, and `Nat.decEq`, reduction got stuck at the `Decidable` instance
  match LinProgramCertificates.CertificateVerifier.check (), true with
  | false, false => isTrue ⋯
  | false, true => isFalse ⋯
  | true, false => isFalse ⋯
  | true, true => isTrue ⋯
'Fact762CsigmasqD5.D2Data.b7136_valid' depends on axioms: [propext, sorryAx]
Fact762CsigmasqD5/D2Data.lean:174:23: error: Fact762CsigmasqD5/d2wire/b7137.json: d2 coefficient expansion or module reduction failed
Fact762CsigmasqD5/D2Data.lean:175:40: error: Tactic `decide` failed for proposition
  LinProgramCertificates.CertificateVerifier.check () = true
because its `Decidable` instance
  instDecidableEqBool (LinProgramCertificates.CertificateVerifier.check ()) true
did not reduce to `isTrue` or `isFalse`.

After unfolding the instances `instDecidableAnd`, `instDecidableEqBool`, `instDecidableEqNat`, `Bool.decEq`, and `Nat.decEq`, reduction got stuck at the `Decidable` instance
  match LinProgramCertificates.CertificateVerifier.check (), true with
  | false, false => isTrue ⋯
  | false, true => isFalse ⋯
  | true, false => isFalse ⋯
  | true, true => isTrue ⋯
'Fact762CsigmasqD5.D2Data.b7137_valid' depends on axioms: [propext, sorryAx]
Fact762CsigmasqD5/D2Data.lean:177:23: error: Fact762CsigmasqD5/d2wire/b7138.json: d2 coefficient expansion or module reduction failed
Fact762CsigmasqD5/D2Data.lean:178:40: error: Tactic `decide` failed for proposition
  LinProgramCertificates.CertificateVerifier.check () = true
because its `Decidable` instance
  instDecidableEqBool (LinProgramCertificates.CertificateVerifier.check ()) true
did not reduce to `isTrue` or `isFalse`.

After unfolding the instances `instDecidableAnd`, `instDecidableEqBool`, `instDecidableEqNat`, `Bool.decEq`, and `Nat.decEq`, reduction got stuck at the `Decidable` instance
  match LinProgramCertificates.CertificateVerifier.check (), true with
  | false, false => isTrue ⋯
  | false, true => isFalse ⋯
  | true, false => isFalse ⋯
  | true, true => isTrue ⋯
'Fact762CsigmasqD5.D2Data.b7138_valid' depends on axioms: [propext, sorryAx]
Fact762CsigmasqD5/D2Data.lean:180:23: error: Fact762CsigmasqD5/d2wire/b7139.json: d2 coefficient expansion or module reduction failed
Fact762CsigmasqD5/D2Data.lean:181:40: error: Tactic `decide` failed for proposition
  LinProgramCertificates.CertificateVerifier.check () = true
because its `Decidable` instance
  instDecidableEqBool (LinProgramCertificates.CertificateVerifier.check ()) true
did not reduce to `isTrue` or `isFalse`.

After unfolding the instances `instDecidableAnd`, `instDecidableEqBool`, `instDecidableEqNat`, `Bool.decEq`, and `Nat.decEq`, reduction got stuck at the `Decidable` instance
  match LinProgramCertificates.CertificateVerifier.check (), true with
  | false, false => isTrue ⋯
  | false, true => isFalse ⋯
  | true, false => isFalse ⋯
  | true, true => isTrue ⋯
'Fact762CsigmasqD5.D2Data.b7139_valid' depends on axioms: [propext, sorryAx]
'Fact762CsigmasqD5.D2Data.b7140_valid' depends on axioms: [propext]
'Fact762CsigmasqD5.D2Data.b7141_valid' depends on axioms: [propext]
'Fact762CsigmasqD5.D2Data.b7142_valid' depends on axioms: [propext]
'Fact762CsigmasqD5.D2Data.b7143_valid' depends on axioms: [propext]
'Fact762CsigmasqD5.D2Data.b7144_valid' depends on axioms: [propext]
Fact762CsigmasqD5/D2Data.lean:198:23: error: Fact762CsigmasqD5/d2wire/b7318.json: d2 coefficient expansion or module reduction failed
Fact762CsigmasqD5/D2Data.lean:199:40: error: Tactic `decide` failed for proposition
  LinProgramCertificates.CertificateVerifier.check () = true
because its `Decidable` instance
  instDecidableEqBool (LinProgramCertificates.CertificateVerifier.check ()) true
did not reduce to `isTrue` or `isFalse`.

After unfolding the instances `instDecidableAnd`, `instDecidableEqBool`, `instDecidableEqNat`, `Bool.decEq`, and `Nat.decEq`, reduction got stuck at the `Decidable` instance
  match LinProgramCertificates.CertificateVerifier.check (), true with
  | false, false => isTrue ⋯
  | false, true => isFalse ⋯
  | true, false => isFalse ⋯
  | true, true => isTrue ⋯
'Fact762CsigmasqD5.D2Data.b7318_valid' depends on axioms: [propext, sorryAx]
Fact762CsigmasqD5/D2Data.lean:201:23: error: Fact762CsigmasqD5/d2wire/b7319.json: d2 coefficient expansion or module reduction failed
Fact762CsigmasqD5/D2Data.lean:202:40: error: Tactic `decide` failed for proposition
  LinProgramCertificates.CertificateVerifier.check () = true
because its `Decidable` instance
  instDecidableEqBool (LinProgramCertificates.CertificateVerifier.check ()) true
did not reduce to `isTrue` or `isFalse`.

After unfolding the instances `instDecidableAnd`, `instDecidableEqBool`, `instDecidableEqNat`, `Bool.decEq`, and `Nat.decEq`, reduction got stuck at the `Decidable` instance
  match LinProgramCertificates.CertificateVerifier.check (), true with
  | false, false => isTrue ⋯
  | false, true => isFalse ⋯
  | true, false => isFalse ⋯
  | true, true => isTrue ⋯
'Fact762CsigmasqD5.D2Data.b7319_valid' depends on axioms: [propext, sorryAx]
Fact762CsigmasqD5/D2Data.lean:204:23: error: Fact762CsigmasqD5/d2wire/b7320.json: d2 coefficient expansion or module reduction failed
Fact762CsigmasqD5/D2Data.lean:205:40: error: Tactic `decide` failed for proposition
  LinProgramCertificates.CertificateVerifier.check () = true
because its `Decidable` instance
  instDecidableEqBool (LinProgramCertificates.CertificateVerifier.check ()) true
did not reduce to `isTrue` or `isFalse`.

After unfolding the instances `instDecidableAnd`, `instDecidableEqBool`, `instDecidableEqNat`, `Bool.decEq`, and `Nat.decEq`, reduction got stuck at the `Decidable` instance
  match LinProgramCertificates.CertificateVerifier.check (), true with
  | false, false => isTrue ⋯
  | false, true => isFalse ⋯
  | true, false => isFalse ⋯
  | true, true => isTrue ⋯
'Fact762CsigmasqD5.D2Data.b7320_valid' depends on axioms: [propext, sorryAx]
Fact762CsigmasqD5/D2Data.lean:207:23: error: Fact762CsigmasqD5/d2wire/b7321.json: d2 coefficient expansion or module reduction failed
Fact762CsigmasqD5/D2Data.lean:208:40: error: Tactic `decide` failed for proposition
  LinProgramCertificates.CertificateVerifier.check () = true
because its `Decidable` instance
  instDecidableEqBool (LinProgramCertificates.CertificateVerifier.check ()) true
did not reduce to `isTrue` or `isFalse`.

After unfolding the instances `instDecidableAnd`, `instDecidableEqBool`, `instDecidableEqNat`, `Bool.decEq`, and `Nat.decEq`, reduction got stuck at the `Decidable` instance
  match LinProgramCertificates.CertificateVerifier.check (), true with
  | false, false => isTrue ⋯
  | false, true => isFalse ⋯
  | true, false => isFalse ⋯
  | true, true => isTrue ⋯
'Fact762CsigmasqD5.D2Data.b7321_valid' depends on axioms: [propext, sorryAx]
Fact762CsigmasqD5/D2Data.lean:210:23: error: Fact762CsigmasqD5/d2wire/b7322.json: d2 coefficient expansion or module reduction failed
Fact762CsigmasqD5/D2Data.lean:211:40: error: Tactic `decide` failed for proposition
  LinProgramCertificates.CertificateVerifier.check () = true
because its `Decidable` instance
  instDecidableEqBool (LinProgramCertificates.CertificateVerifier.check ()) true
did not reduce to `isTrue` or `isFalse`.

After unfolding the instances `instDecidableAnd`, `instDecidableEqBool`, `instDecidableEqNat`, `Bool.decEq`, and `Nat.decEq`, reduction got stuck at the `Decidable` instance
  match LinProgramCertificates.CertificateVerifier.check (), true with
  | false, false => isTrue ⋯
  | false, true => isFalse ⋯
  | true, false => isFalse ⋯
  | true, true => isTrue ⋯
'Fact762CsigmasqD5.D2Data.b7322_valid' depends on axioms: [propext, sorryAx]
'Fact762CsigmasqD5.D2Data.b7323_valid' depends on axioms: [propext]
'Fact762CsigmasqD5.D2Data.b7324_valid' depends on axioms: [propext]
'Fact762CsigmasqD5.D2Data.b7325_valid' depends on axioms: [propext]
'Fact762CsigmasqD5.D2Data.b7326_valid' depends on axioms: [propext]
Fact762CsigmasqD5/D2Data.lean:225:23: error: Fact762CsigmasqD5/d2wire/b7309.json: d2 coefficient expansion or module reduction failed
Fact762CsigmasqD5/D2Data.lean:226:40: error: Tactic `decide` failed for proposition
  LinProgramCertificates.CertificateVerifier.check () = true
because its `Decidable` instance
  instDecidableEqBool (LinProgramCertificates.CertificateVerifier.check ()) true
did not reduce to `isTrue` or `isFalse`.

After unfolding the instances `instDecidableAnd`, `instDecidableEqBool`, `instDecidableEqNat`, `Bool.decEq`, and `Nat.decEq`, reduction got stuck at the `Decidable` instance
  match LinProgramCertificates.CertificateVerifier.check (), true with
  | false, false => isTrue ⋯
  | false, true => isFalse ⋯
  | true, false => isFalse ⋯
  | true, true => isTrue ⋯
'Fact762CsigmasqD5.D2Data.b7309_valid' depends on axioms: [propext, sorryAx]
Fact762CsigmasqD5/D2Data.lean:228:23: error: Fact762CsigmasqD5/d2wire/b7310.json: d2 coefficient expansion or module reduction failed
Fact762CsigmasqD5/D2Data.lean:229:40: error: Tactic `decide` failed for proposition
  LinProgramCertificates.CertificateVerifier.check () = true
because its `Decidable` instance
  instDecidableEqBool (LinProgramCertificates.CertificateVerifier.check ()) true
did not reduce to `isTrue` or `isFalse`.

After unfolding the instances `instDecidableAnd`, `instDecidableEqBool`, `instDecidableEqNat`, `Bool.decEq`, and `Nat.decEq`, reduction got stuck at the `Decidable` instance
  match LinProgramCertificates.CertificateVerifier.check (), true with
  | false, false => isTrue ⋯
  | false, true => isFalse ⋯
  | true, false => isFalse ⋯
  | true, true => isTrue ⋯
'Fact762CsigmasqD5.D2Data.b7310_valid' depends on axioms: [propext, sorryAx]
Fact762CsigmasqD5/D2Data.lean:231:23: error: Fact762CsigmasqD5/d2wire/b7311.json: d2 coefficient expansion or module reduction failed
Fact762CsigmasqD5/D2Data.lean:232:40: error: Tactic `decide` failed for proposition
  LinProgramCertificates.CertificateVerifier.check () = true
because its `Decidable` instance
  instDecidableEqBool (LinProgramCertificates.CertificateVerifier.check ()) true
did not reduce to `isTrue` or `isFalse`.

After unfolding the instances `instDecidableAnd`, `instDecidableEqBool`, `instDecidableEqNat`, `Bool.decEq`, and `Nat.decEq`, reduction got stuck at the `Decidable` instance
  match LinProgramCertificates.CertificateVerifier.check (), true with
  | false, false => isTrue ⋯
  | false, true => isFalse ⋯
  | true, false => isFalse ⋯
  | true, true => isTrue ⋯
'Fact762CsigmasqD5.D2Data.b7311_valid' depends on axioms: [propext, sorryAx]
Fact762CsigmasqD5/D2Data.lean:234:23: error: Fact762CsigmasqD5/d2wire/b7312.json: d2 coefficient expansion or module reduction failed
Fact762CsigmasqD5/D2Data.lean:235:40: error: Tactic `decide` failed for proposition
  LinProgramCertificates.CertificateVerifier.check () = true
because its `Decidable` instance
  instDecidableEqBool (LinProgramCertificates.CertificateVerifier.check ()) true
did not reduce to `isTrue` or `isFalse`.

After unfolding the instances `instDecidableAnd`, `instDecidableEqBool`, `instDecidableEqNat`, `Bool.decEq`, and `Nat.decEq`, reduction got stuck at the `Decidable` instance
  match LinProgramCertificates.CertificateVerifier.check (), true with
  | false, false => isTrue ⋯
  | false, true => isFalse ⋯
  | true, false => isFalse ⋯
  | true, true => isTrue ⋯
'Fact762CsigmasqD5.D2Data.b7312_valid' depends on axioms: [propext, sorryAx]
Fact762CsigmasqD5/D2Data.lean:237:23: error: Fact762CsigmasqD5/d2wire/b7313.json: d2 coefficient expansion or module reduction failed
Fact762CsigmasqD5/D2Data.lean:238:40: error: Tactic `decide` failed for proposition
  LinProgramCertificates.CertificateVerifier.check () = true
because its `Decidable` instance
  instDecidableEqBool (LinProgramCertificates.CertificateVerifier.check ()) true
did not reduce to `isTrue` or `isFalse`.

After unfolding the instances `instDecidableAnd`, `instDecidableEqBool`, `instDecidableEqNat`, `Bool.decEq`, and `Nat.decEq`, reduction got stuck at the `Decidable` instance
  match LinProgramCertificates.CertificateVerifier.check (), true with
  | false, false => isTrue ⋯
  | false, true => isFalse ⋯
  | true, false => isFalse ⋯
  | true, true => isTrue ⋯
'Fact762CsigmasqD5.D2Data.b7313_valid' depends on axioms: [propext, sorryAx]
'Fact762CsigmasqD5.D2Data.b7314_valid' depends on axioms: [propext]
'Fact762CsigmasqD5.D2Data.b7315_valid' depends on axioms: [propext]
'Fact762CsigmasqD5.D2Data.b7316_valid' depends on axioms: [propext]
'Fact762CsigmasqD5.D2Data.b7317_valid' depends on axioms: [propext]
Fact762CsigmasqD5/D2Data.lean:252:23: error: Fact762CsigmasqD5/d2wire/b7446.json: d2 coefficient expansion or module reduction failed
Fact762CsigmasqD5/D2Data.lean:253:40: error: Tactic `decide` failed for proposition
  LinProgramCertificates.CertificateVerifier.check () = true
because its `Decidable` instance
  instDecidableEqBool (LinProgramCertificates.CertificateVerifier.check ()) true
did not reduce to `isTrue` or `isFalse`.

After unfolding the instances `instDecidableAnd`, `instDecidableEqBool`, `instDecidableEqNat`, `Bool.decEq`, and `Nat.decEq`, reduction got stuck at the `Decidable` instance
  match LinProgramCertificates.CertificateVerifier.check (), true with
  | false, false => isTrue ⋯
  | false, true => isFalse ⋯
  | true, false => isFalse ⋯
  | true, true => isTrue ⋯
'Fact762CsigmasqD5.D2Data.b7446_valid' depends on axioms: [propext, sorryAx]
Fact762CsigmasqD5/D2Data.lean:255:23: error: Fact762CsigmasqD5/d2wire/b7447.json: d2 coefficient expansion or module reduction failed
Fact762CsigmasqD5/D2Data.lean:256:40: error: Tactic `decide` failed for proposition
  LinProgramCertificates.CertificateVerifier.check () = true
because its `Decidable` instance
  instDecidableEqBool (LinProgramCertificates.CertificateVerifier.check ()) true
did not reduce to `isTrue` or `isFalse`.

After unfolding the instances `instDecidableAnd`, `instDecidableEqBool`, `instDecidableEqNat`, `Bool.decEq`, and `Nat.decEq`, reduction got stuck at the `Decidable` instance
  match LinProgramCertificates.CertificateVerifier.check (), true with
  | false, false => isTrue ⋯
  | false, true => isFalse ⋯
  | true, false => isFalse ⋯
  | true, true => isTrue ⋯
'Fact762CsigmasqD5.D2Data.b7447_valid' depends on axioms: [propext, sorryAx]
Fact762CsigmasqD5/D2Data.lean:258:23: error: Fact762CsigmasqD5/d2wire/b7448.json: d2 coefficient expansion or module reduction failed
Fact762CsigmasqD5/D2Data.lean:259:40: error: Tactic `decide` failed for proposition
  LinProgramCertificates.CertificateVerifier.check () = true
because its `Decidable` instance
  instDecidableEqBool (LinProgramCertificates.CertificateVerifier.check ()) true
did not reduce to `isTrue` or `isFalse`.

After unfolding the instances `instDecidableAnd`, `instDecidableEqBool`, `instDecidableEqNat`, `Bool.decEq`, and `Nat.decEq`, reduction got stuck at the `Decidable` instance
  match LinProgramCertificates.CertificateVerifier.check (), true with
  | false, false => isTrue ⋯
  | false, true => isFalse ⋯
  | true, false => isFalse ⋯
  | true, true => isTrue ⋯
'Fact762CsigmasqD5.D2Data.b7448_valid' depends on axioms: [propext, sorryAx]
'Fact762CsigmasqD5.D2Data.b7449_valid' depends on axioms: [propext]
'Fact762CsigmasqD5.D2Data.b7450_valid' depends on axioms: [propext]
'Fact762CsigmasqD5.D2Data.b7451_valid' depends on axioms: [propext]
'Fact762CsigmasqD5.D2Data.b7452_valid' depends on axioms: [propext]
Fact762CsigmasqD5/D2Data.lean:273:23: error: Fact762CsigmasqD5/d2wire/b7440.json: d2 coefficient expansion or module reduction failed
Fact762CsigmasqD5/D2Data.lean:274:40: error: Tactic `decide` failed for proposition
  LinProgramCertificates.CertificateVerifier.check () = true
because its `Decidable` instance
  instDecidableEqBool (LinProgramCertificates.CertificateVerifier.check ()) true
did not reduce to `isTrue` or `isFalse`.

After unfolding the instances `instDecidableAnd`, `instDecidableEqBool`, `instDecidableEqNat`, `Bool.decEq`, and `Nat.decEq`, reduction got stuck at the `Decidable` instance
  match LinProgramCertificates.CertificateVerifier.check (), true with
  | false, false => isTrue ⋯
  | false, true => isFalse ⋯
  | true, false => isFalse ⋯
  | true, true => isTrue ⋯
'Fact762CsigmasqD5.D2Data.b7440_valid' depends on axioms: [propext, sorryAx]
Fact762CsigmasqD5/D2Data.lean:276:23: error: Fact762CsigmasqD5/d2wire/b7441.json: d2 coefficient expansion or module reduction failed
Fact762CsigmasqD5/D2Data.lean:277:40: error: Tactic `decide` failed for proposition
  LinProgramCertificates.CertificateVerifier.check () = true
because its `Decidable` instance
  instDecidableEqBool (LinProgramCertificates.CertificateVerifier.check ()) true
did not reduce to `isTrue` or `isFalse`.

After unfolding the instances `instDecidableAnd`, `instDecidableEqBool`, `instDecidableEqNat`, `Bool.decEq`, and `Nat.decEq`, reduction got stuck at the `Decidable` instance
  match LinProgramCertificates.CertificateVerifier.check (), true with
  | false, false => isTrue ⋯
  | false, true => isFalse ⋯
  | true, false => isFalse ⋯
  | true, true => isTrue ⋯
'Fact762CsigmasqD5.D2Data.b7441_valid' depends on axioms: [propext, sorryAx]
Fact762CsigmasqD5/D2Data.lean:279:23: error: maximum number of errors (100; from option `maxErrors`) reached, exiting
