Fact762CsigmasqD5/D2Links.lean:9:61: error: Function expected at
  matrixOf
but this term has type
  ?m.1

Note: Expected a function because this term is being applied to the argument
  c10_151_2.k

Hint: The identifier `matrixOf` is unknown, and Lean's `autoImplicit` option causes an unknown identifier to be treated as an implicitly bound variable with an unknown type. However, the unknown type cannot be a function, and a function is what Lean expects here. This is often the result of a typo or a missing `import` or `open` statement.
Fact762CsigmasqD5/D2Links.lean:10:61: error: Function expected at
  matrixOf
but this term has type
  ?m.1

Note: Expected a function because this term is being applied to the argument
  c10_151_2.k

Hint: The identifier `matrixOf` is unknown, and Lean's `autoImplicit` option causes an unknown identifier to be treated as an implicitly bound variable with an unknown type. However, the unknown type cannot be a function, and a function is what Lean expects here. This is often the result of a typo or a missing `import` or `open` statement.
Fact762CsigmasqD5/D2Links.lean:11:61: error: Function expected at
  matrixOf
but this term has type
  ?m.1

Note: Expected a function because this term is being applied to the argument
  c10_151_2.k

Hint: The identifier `matrixOf` is unknown, and Lean's `autoImplicit` option causes an unknown identifier to be treated as an implicitly bound variable with an unknown type. However, the unknown type cannot be a function, and a function is what Lean expects here. This is often the result of a typo or a missing `import` or `open` statement.
Fact762CsigmasqD5/D2Links.lean:12:61: error: Function expected at
  matrixOf
but this term has type
  ?m.1

Note: Expected a function because this term is being applied to the argument
  c10_151_2.k

Hint: The identifier `matrixOf` is unknown, and Lean's `autoImplicit` option causes an unknown identifier to be treated as an implicitly bound variable with an unknown type. However, the unknown type cannot be a function, and a function is what Lean expects here. This is often the result of a typo or a missing `import` or `open` statement.
Fact762CsigmasqD5/D2Links.lean:13:61: error: Function expected at
  matrixOf
but this term has type
  ?m.1

Note: Expected a function because this term is being applied to the argument
  c10_151_2.k

Hint: The identifier `matrixOf` is unknown, and Lean's `autoImplicit` option causes an unknown identifier to be treated as an implicitly bound variable with an unknown type. However, the unknown type cannot be a function, and a function is what Lean expects here. This is often the result of a typo or a missing `import` or `open` statement.
Fact762CsigmasqD5/D2Links.lean:14:61: error: Function expected at
  matrixOf
but this term has type
  ?m.1

Note: Expected a function because this term is being applied to the argument
  c10_151_2.k

Hint: The identifier `matrixOf` is unknown, and Lean's `autoImplicit` option causes an unknown identifier to be treated as an implicitly bound variable with an unknown type. However, the unknown type cannot be a function, and a function is what Lean expects here. This is often the result of a typo or a missing `import` or `open` statement.
Fact762CsigmasqD5/D2Links.lean:15:61: error: Function expected at
  matrixOf
but this term has type
  ?m.1

Note: Expected a function because this term is being applied to the argument
  c10_151_2.k

Hint: The identifier `matrixOf` is unknown, and Lean's `autoImplicit` option causes an unknown identifier to be treated as an implicitly bound variable with an unknown type. However, the unknown type cannot be a function, and a function is what Lean expects here. This is often the result of a typo or a missing `import` or `open` statement.
Fact762CsigmasqD5/D2Links.lean:16:61: error: Function expected at
  matrixOf
but this term has type
  ?m.1

Note: Expected a function because this term is being applied to the argument
  c10_151_2.k

Hint: The identifier `matrixOf` is unknown, and Lean's `autoImplicit` option causes an unknown identifier to be treated as an implicitly bound variable with an unknown type. However, the unknown type cannot be a function, and a function is what Lean expects here. This is often the result of a typo or a missing `import` or `open` statement.
Fact762CsigmasqD5/D2Links.lean:17:61: error: Function expected at
  matrixOf
but this term has type
  ?m.1

Note: Expected a function because this term is being applied to the argument
  c10_151_2.k

Hint: The identifier `matrixOf` is unknown, and Lean's `autoImplicit` option causes an unknown identifier to be treated as an implicitly bound variable with an unknown type. However, the unknown type cannot be a function, and a function is what Lean expects here. This is often the result of a typo or a missing `import` or `open` statement.
Fact762CsigmasqD5/D2Links.lean:18:61: error: Function expected at
  matrixOf
but this term has type
  ?m.1

Note: Expected a function because this term is being applied to the argument
  c10_151_2.k

Hint: The identifier `matrixOf` is unknown, and Lean's `autoImplicit` option causes an unknown identifier to be treated as an implicitly bound variable with an unknown type. However, the unknown type cannot be a function, and a function is what Lean expects here. This is often the result of a typo or a missing `import` or `open` statement.
'Fact762CsigmasqD5.D2Links.c10_151_2_column0' depends on axioms: [propext, sorryAx]
Fact762CsigmasqD5/D2Links.lean:21:61: error: Function expected at
  matrixOf
but this term has type
  ?m.1

Note: Expected a function because this term is being applied to the argument
  c11_152_2.k

Hint: The identifier `matrixOf` is unknown, and Lean's `autoImplicit` option causes an unknown identifier to be treated as an implicitly bound variable with an unknown type. However, the unknown type cannot be a function, and a function is what Lean expects here. This is often the result of a typo or a missing `import` or `open` statement.
Fact762CsigmasqD5/D2Links.lean:22:61: error: Function expected at
  matrixOf
but this term has type
  ?m.1

Note: Expected a function because this term is being applied to the argument
  c11_152_2.k

Hint: The identifier `matrixOf` is unknown, and Lean's `autoImplicit` option causes an unknown identifier to be treated as an implicitly bound variable with an unknown type. However, the unknown type cannot be a function, and a function is what Lean expects here. This is often the result of a typo or a missing `import` or `open` statement.
Fact762CsigmasqD5/D2Links.lean:23:61: error: Function expected at
  matrixOf
but this term has type
  ?m.1

Note: Expected a function because this term is being applied to the argument
  c11_152_2.k

Hint: The identifier `matrixOf` is unknown, and Lean's `autoImplicit` option causes an unknown identifier to be treated as an implicitly bound variable with an unknown type. However, the unknown type cannot be a function, and a function is what Lean expects here. This is often the result of a typo or a missing `import` or `open` statement.
Fact762CsigmasqD5/D2Links.lean:24:61: error: Function expected at
  matrixOf
but this term has type
  ?m.1

Note: Expected a function because this term is being applied to the argument
  c11_152_2.k

Hint: The identifier `matrixOf` is unknown, and Lean's `autoImplicit` option causes an unknown identifier to be treated as an implicitly bound variable with an unknown type. However, the unknown type cannot be a function, and a function is what Lean expects here. This is often the result of a typo or a missing `import` or `open` statement.
Fact762CsigmasqD5/D2Links.lean:25:61: error: Function expected at
  matrixOf
but this term has type
  ?m.1

Note: Expected a function because this term is being applied to the argument
  c11_152_2.k

Hint: The identifier `matrixOf` is unknown, and Lean's `autoImplicit` option causes an unknown identifier to be treated as an implicitly bound variable with an unknown type. However, the unknown type cannot be a function, and a function is what Lean expects here. This is often the result of a typo or a missing `import` or `open` statement.
Fact762CsigmasqD5/D2Links.lean:26:61: error: Function expected at
  matrixOf
but this term has type
  ?m.1

Note: Expected a function because this term is being applied to the argument
  c11_152_2.k

Hint: The identifier `matrixOf` is unknown, and Lean's `autoImplicit` option causes an unknown identifier to be treated as an implicitly bound variable with an unknown type. However, the unknown type cannot be a function, and a function is what Lean expects here. This is often the result of a typo or a missing `import` or `open` statement.
Fact762CsigmasqD5/D2Links.lean:27:61: error: Function expected at
  matrixOf
but this term has type
  ?m.1

Note: Expected a function because this term is being applied to the argument
  c11_152_2.k

Hint: The identifier `matrixOf` is unknown, and Lean's `autoImplicit` option causes an unknown identifier to be treated as an implicitly bound variable with an unknown type. However, the unknown type cannot be a function, and a function is what Lean expects here. This is often the result of a typo or a missing `import` or `open` statement.
Fact762CsigmasqD5/D2Links.lean:28:61: error: Function expected at
  matrixOf
but this term has type
  ?m.1

Note: Expected a function because this term is being applied to the argument
  c11_152_2.k

Hint: The identifier `matrixOf` is unknown, and Lean's `autoImplicit` option causes an unknown identifier to be treated as an implicitly bound variable with an unknown type. However, the unknown type cannot be a function, and a function is what Lean expects here. This is often the result of a typo or a missing `import` or `open` statement.
Fact762CsigmasqD5/D2Links.lean:29:61: error: Function expected at
  matrixOf
but this term has type
  ?m.1

Note: Expected a function because this term is being applied to the argument
  c11_152_2.k

Hint: The identifier `matrixOf` is unknown, and Lean's `autoImplicit` option causes an unknown identifier to be treated as an implicitly bound variable with an unknown type. However, the unknown type cannot be a function, and a function is what Lean expects here. This is often the result of a typo or a missing `import` or `open` statement.
Fact762CsigmasqD5/D2Links.lean:30:61: error: Function expected at
  matrixOf
but this term has type
  ?m.1

Note: Expected a function because this term is being applied to the argument
  c11_152_2.k

Hint: The identifier `matrixOf` is unknown, and Lean's `autoImplicit` option causes an unknown identifier to be treated as an implicitly bound variable with an unknown type. However, the unknown type cannot be a function, and a function is what Lean expects here. This is often the result of a typo or a missing `import` or `open` statement.
Fact762CsigmasqD5/D2Links.lean:31:62: error: Function expected at
  matrixOf
but this term has type
  ?m.1

Note: Expected a function because this term is being applied to the argument
  c11_152_2.k

Hint: The identifier `matrixOf` is unknown, and Lean's `autoImplicit` option causes an unknown identifier to be treated as an implicitly bound variable with an unknown type. However, the unknown type cannot be a function, and a function is what Lean expects here. This is often the result of a typo or a missing `import` or `open` statement.
'Fact762CsigmasqD5.D2Links.c11_152_2_column0' depends on axioms: [propext, sorryAx]
Fact762CsigmasqD5/D2Links.lean:34:61: error: Function expected at
  matrixOf
but this term has type
  ?m.1

Note: Expected a function because this term is being applied to the argument
  c12_153_2.k

Hint: The identifier `matrixOf` is unknown, and Lean's `autoImplicit` option causes an unknown identifier to be treated as an implicitly bound variable with an unknown type. However, the unknown type cannot be a function, and a function is what Lean expects here. This is often the result of a typo or a missing `import` or `open` statement.
Fact762CsigmasqD5/D2Links.lean:35:61: error: Function expected at
  matrixOf
but this term has type
  ?m.1

Note: Expected a function because this term is being applied to the argument
  c12_153_2.k

Hint: The identifier `matrixOf` is unknown, and Lean's `autoImplicit` option causes an unknown identifier to be treated as an implicitly bound variable with an unknown type. However, the unknown type cannot be a function, and a function is what Lean expects here. This is often the result of a typo or a missing `import` or `open` statement.
Fact762CsigmasqD5/D2Links.lean:36:61: error: Function expected at
  matrixOf
but this term has type
  ?m.1

Note: Expected a function because this term is being applied to the argument
  c12_153_2.k

Hint: The identifier `matrixOf` is unknown, and Lean's `autoImplicit` option causes an unknown identifier to be treated as an implicitly bound variable with an unknown type. However, the unknown type cannot be a function, and a function is what Lean expects here. This is often the result of a typo or a missing `import` or `open` statement.
Fact762CsigmasqD5/D2Links.lean:37:61: error: Function expected at
  matrixOf
but this term has type
  ?m.1

Note: Expected a function because this term is being applied to the argument
  c12_153_2.k

Hint: The identifier `matrixOf` is unknown, and Lean's `autoImplicit` option causes an unknown identifier to be treated as an implicitly bound variable with an unknown type. However, the unknown type cannot be a function, and a function is what Lean expects here. This is often the result of a typo or a missing `import` or `open` statement.
Fact762CsigmasqD5/D2Links.lean:38:61: error: Function expected at
  matrixOf
but this term has type
  ?m.1

Note: Expected a function because this term is being applied to the argument
  c12_153_2.k

Hint: The identifier `matrixOf` is unknown, and Lean's `autoImplicit` option causes an unknown identifier to be treated as an implicitly bound variable with an unknown type. However, the unknown type cannot be a function, and a function is what Lean expects here. This is often the result of a typo or a missing `import` or `open` statement.
Fact762CsigmasqD5/D2Links.lean:39:61: error: Function expected at
  matrixOf
but this term has type
  ?m.1

Note: Expected a function because this term is being applied to the argument
  c12_153_2.k

Hint: The identifier `matrixOf` is unknown, and Lean's `autoImplicit` option causes an unknown identifier to be treated as an implicitly bound variable with an unknown type. However, the unknown type cannot be a function, and a function is what Lean expects here. This is often the result of a typo or a missing `import` or `open` statement.
Fact762CsigmasqD5/D2Links.lean:40:61: error: Function expected at
  matrixOf
but this term has type
  ?m.1

Note: Expected a function because this term is being applied to the argument
  c12_153_2.k

Hint: The identifier `matrixOf` is unknown, and Lean's `autoImplicit` option causes an unknown identifier to be treated as an implicitly bound variable with an unknown type. However, the unknown type cannot be a function, and a function is what Lean expects here. This is often the result of a typo or a missing `import` or `open` statement.
Fact762CsigmasqD5/D2Links.lean:41:61: error: Function expected at
  matrixOf
but this term has type
  ?m.1

Note: Expected a function because this term is being applied to the argument
  c12_153_2.k

Hint: The identifier `matrixOf` is unknown, and Lean's `autoImplicit` option causes an unknown identifier to be treated as an implicitly bound variable with an unknown type. However, the unknown type cannot be a function, and a function is what Lean expects here. This is often the result of a typo or a missing `import` or `open` statement.
Fact762CsigmasqD5/D2Links.lean:42:61: error: Function expected at
  matrixOf
but this term has type
  ?m.1

Note: Expected a function because this term is being applied to the argument
  c12_153_2.k

Hint: The identifier `matrixOf` is unknown, and Lean's `autoImplicit` option causes an unknown identifier to be treated as an implicitly bound variable with an unknown type. However, the unknown type cannot be a function, and a function is what Lean expects here. This is often the result of a typo or a missing `import` or `open` statement.
'Fact762CsigmasqD5.D2Links.c12_153_2_column0' depends on axioms: [propext, sorryAx]
Fact762CsigmasqD5/D2Links.lean:45:61: error: Function expected at
  matrixOf
but this term has type
  ?m.1

Note: Expected a function because this term is being applied to the argument
  c13_153_2.k

Hint: The identifier `matrixOf` is unknown, and Lean's `autoImplicit` option causes an unknown identifier to be treated as an implicitly bound variable with an unknown type. However, the unknown type cannot be a function, and a function is what Lean expects here. This is often the result of a typo or a missing `import` or `open` statement.
Fact762CsigmasqD5/D2Links.lean:46:61: error: Function expected at
  matrixOf
but this term has type
  ?m.1

Note: Expected a function because this term is being applied to the argument
  c13_153_2.k

Hint: The identifier `matrixOf` is unknown, and Lean's `autoImplicit` option causes an unknown identifier to be treated as an implicitly bound variable with an unknown type. However, the unknown type cannot be a function, and a function is what Lean expects here. This is often the result of a typo or a missing `import` or `open` statement.
Fact762CsigmasqD5/D2Links.lean:47:61: error: Function expected at
  matrixOf
but this term has type
  ?m.1

Note: Expected a function because this term is being applied to the argument
  c13_153_2.k

Hint: The identifier `matrixOf` is unknown, and Lean's `autoImplicit` option causes an unknown identifier to be treated as an implicitly bound variable with an unknown type. However, the unknown type cannot be a function, and a function is what Lean expects here. This is often the result of a typo or a missing `import` or `open` statement.
Fact762CsigmasqD5/D2Links.lean:48:61: error: Function expected at
  matrixOf
but this term has type
  ?m.1

Note: Expected a function because this term is being applied to the argument
  c13_153_2.k

Hint: The identifier `matrixOf` is unknown, and Lean's `autoImplicit` option causes an unknown identifier to be treated as an implicitly bound variable with an unknown type. However, the unknown type cannot be a function, and a function is what Lean expects here. This is often the result of a typo or a missing `import` or `open` statement.
Fact762CsigmasqD5/D2Links.lean:49:61: error: Function expected at
  matrixOf
but this term has type
  ?m.1

Note: Expected a function because this term is being applied to the argument
  c13_153_2.k

Hint: The identifier `matrixOf` is unknown, and Lean's `autoImplicit` option causes an unknown identifier to be treated as an implicitly bound variable with an unknown type. However, the unknown type cannot be a function, and a function is what Lean expects here. This is often the result of a typo or a missing `import` or `open` statement.
Fact762CsigmasqD5/D2Links.lean:50:61: error: Function expected at
  matrixOf
but this term has type
  ?m.1

Note: Expected a function because this term is being applied to the argument
  c13_153_2.k

Hint: The identifier `matrixOf` is unknown, and Lean's `autoImplicit` option causes an unknown identifier to be treated as an implicitly bound variable with an unknown type. However, the unknown type cannot be a function, and a function is what Lean expects here. This is often the result of a typo or a missing `import` or `open` statement.
Fact762CsigmasqD5/D2Links.lean:51:61: error: Function expected at
  matrixOf
but this term has type
  ?m.1

Note: Expected a function because this term is being applied to the argument
  c13_153_2.k

Hint: The identifier `matrixOf` is unknown, and Lean's `autoImplicit` option causes an unknown identifier to be treated as an implicitly bound variable with an unknown type. However, the unknown type cannot be a function, and a function is what Lean expects here. This is often the result of a typo or a missing `import` or `open` statement.
Fact762CsigmasqD5/D2Links.lean:52:61: error: Function expected at
  matrixOf
but this term has type
  ?m.1

Note: Expected a function because this term is being applied to the argument
  c13_153_2.k

Hint: The identifier `matrixOf` is unknown, and Lean's `autoImplicit` option causes an unknown identifier to be treated as an implicitly bound variable with an unknown type. However, the unknown type cannot be a function, and a function is what Lean expects here. This is often the result of a typo or a missing `import` or `open` statement.
Fact762CsigmasqD5/D2Links.lean:53:61: error: Function expected at
  matrixOf
but this term has type
  ?m.1

Note: Expected a function because this term is being applied to the argument
  c13_153_2.k

Hint: The identifier `matrixOf` is unknown, and Lean's `autoImplicit` option causes an unknown identifier to be treated as an implicitly bound variable with an unknown type. However, the unknown type cannot be a function, and a function is what Lean expects here. This is often the result of a typo or a missing `import` or `open` statement.
'Fact762CsigmasqD5.D2Links.c13_153_2_column0' depends on axioms: [propext, sorryAx]
Fact762CsigmasqD5/D2Links.lean:57:61: error: Function expected at
  matrixOf
but this term has type
  ?m.1

Note: Expected a function because this term is being applied to the argument
  c14_154_2.k

Hint: The identifier `matrixOf` is unknown, and Lean's `autoImplicit` option causes an unknown identifier to be treated as an implicitly bound variable with an unknown type. However, the unknown type cannot be a function, and a function is what Lean expects here. This is often the result of a typo or a missing `import` or `open` statement.
Fact762CsigmasqD5/D2Links.lean:58:61: error: Function expected at
  matrixOf
but this term has type
  ?m.1

Note: Expected a function because this term is being applied to the argument
  c14_154_2.k

Hint: The identifier `matrixOf` is unknown, and Lean's `autoImplicit` option causes an unknown identifier to be treated as an implicitly bound variable with an unknown type. However, the unknown type cannot be a function, and a function is what Lean expects here. This is often the result of a typo or a missing `import` or `open` statement.
Fact762CsigmasqD5/D2Links.lean:59:61: error: Function expected at
  matrixOf
but this term has type
  ?m.1

Note: Expected a function because this term is being applied to the argument
  c14_154_2.k

Hint: The identifier `matrixOf` is unknown, and Lean's `autoImplicit` option causes an unknown identifier to be treated as an implicitly bound variable with an unknown type. However, the unknown type cannot be a function, and a function is what Lean expects here. This is often the result of a typo or a missing `import` or `open` statement.
Fact762CsigmasqD5/D2Links.lean:60:61: error: Function expected at
  matrixOf
but this term has type
  ?m.1

Note: Expected a function because this term is being applied to the argument
  c14_154_2.k

Hint: The identifier `matrixOf` is unknown, and Lean's `autoImplicit` option causes an unknown identifier to be treated as an implicitly bound variable with an unknown type. However, the unknown type cannot be a function, and a function is what Lean expects here. This is often the result of a typo or a missing `import` or `open` statement.
Fact762CsigmasqD5/D2Links.lean:61:61: error: Function expected at
  matrixOf
but this term has type
  ?m.1

Note: Expected a function because this term is being applied to the argument
  c14_154_2.k

Hint: The identifier `matrixOf` is unknown, and Lean's `autoImplicit` option causes an unknown identifier to be treated as an implicitly bound variable with an unknown type. However, the unknown type cannot be a function, and a function is what Lean expects here. This is often the result of a typo or a missing `import` or `open` statement.
Fact762CsigmasqD5/D2Links.lean:62:61: error: Function expected at
  matrixOf
but this term has type
  ?m.1

Note: Expected a function because this term is being applied to the argument
  c14_154_2.k

Hint: The identifier `matrixOf` is unknown, and Lean's `autoImplicit` option causes an unknown identifier to be treated as an implicitly bound variable with an unknown type. However, the unknown type cannot be a function, and a function is what Lean expects here. This is often the result of a typo or a missing `import` or `open` statement.
'Fact762CsigmasqD5.D2Links.c14_154_2_column0' depends on axioms: [propext, sorryAx]
Fact762CsigmasqD5/D2Links.lean:66:61: error: Function expected at
  matrixOf
but this term has type
  ?m.1

Note: Expected a function because this term is being applied to the argument
  c15_155_2.k

Hint: The identifier `matrixOf` is unknown, and Lean's `autoImplicit` option causes an unknown identifier to be treated as an implicitly bound variable with an unknown type. However, the unknown type cannot be a function, and a function is what Lean expects here. This is often the result of a typo or a missing `import` or `open` statement.
Fact762CsigmasqD5/D2Links.lean:67:61: error: Function expected at
  matrixOf
but this term has type
  ?m.1

Note: Expected a function because this term is being applied to the argument
  c15_155_2.k

Hint: The identifier `matrixOf` is unknown, and Lean's `autoImplicit` option causes an unknown identifier to be treated as an implicitly bound variable with an unknown type. However, the unknown type cannot be a function, and a function is what Lean expects here. This is often the result of a typo or a missing `import` or `open` statement.
Fact762CsigmasqD5/D2Links.lean:68:61: error: Function expected at
  matrixOf
but this term has type
  ?m.1

Note: Expected a function because this term is being applied to the argument
  c15_155_2.k

Hint: The identifier `matrixOf` is unknown, and Lean's `autoImplicit` option causes an unknown identifier to be treated as an implicitly bound variable with an unknown type. However, the unknown type cannot be a function, and a function is what Lean expects here. This is often the result of a typo or a missing `import` or `open` statement.
Fact762CsigmasqD5/D2Links.lean:69:61: error: Function expected at
  matrixOf
but this term has type
  ?m.1

Note: Expected a function because this term is being applied to the argument
  c15_155_2.k

Hint: The identifier `matrixOf` is unknown, and Lean's `autoImplicit` option causes an unknown identifier to be treated as an implicitly bound variable with an unknown type. However, the unknown type cannot be a function, and a function is what Lean expects here. This is often the result of a typo or a missing `import` or `open` statement.
Fact762CsigmasqD5/D2Links.lean:70:61: error: Function expected at
  matrixOf
but this term has type
  ?m.1

Note: Expected a function because this term is being applied to the argument
  c15_155_2.k

Hint: The identifier `matrixOf` is unknown, and Lean's `autoImplicit` option causes an unknown identifier to be treated as an implicitly bound variable with an unknown type. However, the unknown type cannot be a function, and a function is what Lean expects here. This is often the result of a typo or a missing `import` or `open` statement.
Fact762CsigmasqD5/D2Links.lean:71:61: error: Function expected at
  matrixOf
but this term has type
  ?m.1

Note: Expected a function because this term is being applied to the argument
  c15_155_2.k

Hint: The identifier `matrixOf` is unknown, and Lean's `autoImplicit` option causes an unknown identifier to be treated as an implicitly bound variable with an unknown type. However, the unknown type cannot be a function, and a function is what Lean expects here. This is often the result of a typo or a missing `import` or `open` statement.
Fact762CsigmasqD5/D2Links.lean:72:61: error: Function expected at
  matrixOf
but this term has type
  ?m.1

Note: Expected a function because this term is being applied to the argument
  c15_155_2.k

Hint: The identifier `matrixOf` is unknown, and Lean's `autoImplicit` option causes an unknown identifier to be treated as an implicitly bound variable with an unknown type. However, the unknown type cannot be a function, and a function is what Lean expects here. This is often the result of a typo or a missing `import` or `open` statement.
Fact762CsigmasqD5/D2Links.lean:73:61: error: Function expected at
  matrixOf
but this term has type
  ?m.1

Note: Expected a function because this term is being applied to the argument
  c15_155_2.k

Hint: The identifier `matrixOf` is unknown, and Lean's `autoImplicit` option causes an unknown identifier to be treated as an implicitly bound variable with an unknown type. However, the unknown type cannot be a function, and a function is what Lean expects here. This is often the result of a typo or a missing `import` or `open` statement.
'Fact762CsigmasqD5.D2Links.c15_155_2_column0' depends on axioms: [propext, sorryAx]
Fact762CsigmasqD5/D2Links.lean:76:61: error: Function expected at
  matrixOf
but this term has type
  ?m.1

Note: Expected a function because this term is being applied to the argument
  c16_156_2.k

Hint: The identifier `matrixOf` is unknown, and Lean's `autoImplicit` option causes an unknown identifier to be treated as an implicitly bound variable with an unknown type. However, the unknown type cannot be a function, and a function is what Lean expects here. This is often the result of a typo or a missing `import` or `open` statement.
Fact762CsigmasqD5/D2Links.lean:77:61: error: Function expected at
  matrixOf
but this term has type
  ?m.1

Note: Expected a function because this term is being applied to the argument
  c16_156_2.k

Hint: The identifier `matrixOf` is unknown, and Lean's `autoImplicit` option causes an unknown identifier to be treated as an implicitly bound variable with an unknown type. However, the unknown type cannot be a function, and a function is what Lean expects here. This is often the result of a typo or a missing `import` or `open` statement.
Fact762CsigmasqD5/D2Links.lean:78:61: error: Function expected at
  matrixOf
but this term has type
  ?m.1

Note: Expected a function because this term is being applied to the argument
  c16_156_2.k

Hint: The identifier `matrixOf` is unknown, and Lean's `autoImplicit` option causes an unknown identifier to be treated as an implicitly bound variable with an unknown type. However, the unknown type cannot be a function, and a function is what Lean expects here. This is often the result of a typo or a missing `import` or `open` statement.
Fact762CsigmasqD5/D2Links.lean:79:61: error: Function expected at
  matrixOf
but this term has type
  ?m.1

Note: Expected a function because this term is being applied to the argument
  c16_156_2.k

Hint: The identifier `matrixOf` is unknown, and Lean's `autoImplicit` option causes an unknown identifier to be treated as an implicitly bound variable with an unknown type. However, the unknown type cannot be a function, and a function is what Lean expects here. This is often the result of a typo or a missing `import` or `open` statement.
Fact762CsigmasqD5/D2Links.lean:80:61: error: Function expected at
  matrixOf
but this term has type
  ?m.1

Note: Expected a function because this term is being applied to the argument
  c16_156_2.k

Hint: The identifier `matrixOf` is unknown, and Lean's `autoImplicit` option causes an unknown identifier to be treated as an implicitly bound variable with an unknown type. However, the unknown type cannot be a function, and a function is what Lean expects here. This is often the result of a typo or a missing `import` or `open` statement.
Fact762CsigmasqD5/D2Links.lean:81:61: error: Function expected at
  matrixOf
but this term has type
  ?m.1

Note: Expected a function because this term is being applied to the argument
  c16_156_2.k

Hint: The identifier `matrixOf` is unknown, and Lean's `autoImplicit` option causes an unknown identifier to be treated as an implicitly bound variable with an unknown type. However, the unknown type cannot be a function, and a function is what Lean expects here. This is often the result of a typo or a missing `import` or `open` statement.
Fact762CsigmasqD5/D2Links.lean:82:61: error: Function expected at
  matrixOf
but this term has type
  ?m.1

Note: Expected a function because this term is being applied to the argument
  c16_156_2.k

Hint: The identifier `matrixOf` is unknown, and Lean's `autoImplicit` option causes an unknown identifier to be treated as an implicitly bound variable with an unknown type. However, the unknown type cannot be a function, and a function is what Lean expects here. This is often the result of a typo or a missing `import` or `open` statement.
'Fact762CsigmasqD5.D2Links.c16_156_2_column0' depends on axioms: [propext, sorryAx]
Fact762CsigmasqD5/D2Links.lean:85:61: error: Function expected at
  matrixOf
but this term has type
  ?m.1

Note: Expected a function because this term is being applied to the argument
  c17_156_2.k

Hint: The identifier `matrixOf` is unknown, and Lean's `autoImplicit` option causes an unknown identifier to be treated as an implicitly bound variable with an unknown type. However, the unknown type cannot be a function, and a function is what Lean expects here. This is often the result of a typo or a missing `import` or `open` statement.
Fact762CsigmasqD5/D2Links.lean:86:61: error: Function expected at
  matrixOf
but this term has type
  ?m.1

Note: Expected a function because this term is being applied to the argument
  c17_156_2.k

Hint: The identifier `matrixOf` is unknown, and Lean's `autoImplicit` option causes an unknown identifier to be treated as an implicitly bound variable with an unknown type. However, the unknown type cannot be a function, and a function is what Lean expects here. This is often the result of a typo or a missing `import` or `open` statement.
Fact762CsigmasqD5/D2Links.lean:87:61: error: Function expected at
  matrixOf
but this term has type
  ?m.1

Note: Expected a function because this term is being applied to the argument
  c17_156_2.k

Hint: The identifier `matrixOf` is unknown, and Lean's `autoImplicit` option causes an unknown identifier to be treated as an implicitly bound variable with an unknown type. However, the unknown type cannot be a function, and a function is what Lean expects here. This is often the result of a typo or a missing `import` or `open` statement.
Fact762CsigmasqD5/D2Links.lean:88:61: error: Function expected at
  matrixOf
but this term has type
  ?m.1

Note: Expected a function because this term is being applied to the argument
  c17_156_2.k

Hint: The identifier `matrixOf` is unknown, and Lean's `autoImplicit` option causes an unknown identifier to be treated as an implicitly bound variable with an unknown type. However, the unknown type cannot be a function, and a function is what Lean expects here. This is often the result of a typo or a missing `import` or `open` statement.
Fact762CsigmasqD5/D2Links.lean:89:61: error: Function expected at
  matrixOf
but this term has type
  ?m.1

Note: Expected a function because this term is being applied to the argument
  c17_156_2.k

Hint: The identifier `matrixOf` is unknown, and Lean's `autoImplicit` option causes an unknown identifier to be treated as an implicitly bound variable with an unknown type. However, the unknown type cannot be a function, and a function is what Lean expects here. This is often the result of a typo or a missing `import` or `open` statement.
Fact762CsigmasqD5/D2Links.lean:90:61: error: Function expected at
  matrixOf
but this term has type
  ?m.1

Note: Expected a function because this term is being applied to the argument
  c17_156_2.k

Hint: The identifier `matrixOf` is unknown, and Lean's `autoImplicit` option causes an unknown identifier to be treated as an implicitly bound variable with an unknown type. However, the unknown type cannot be a function, and a function is what Lean expects here. This is often the result of a typo or a missing `import` or `open` statement.
Fact762CsigmasqD5/D2Links.lean:91:61: error: Function expected at
  matrixOf
but this term has type
  ?m.1

Note: Expected a function because this term is being applied to the argument
  c17_156_2.k

Hint: The identifier `matrixOf` is unknown, and Lean's `autoImplicit` option causes an unknown identifier to be treated as an implicitly bound variable with an unknown type. However, the unknown type cannot be a function, and a function is what Lean expects here. This is often the result of a typo or a missing `import` or `open` statement.
Fact762CsigmasqD5/D2Links.lean:92:61: error: Function expected at
  matrixOf
but this term has type
  ?m.1

Note: Expected a function because this term is being applied to the argument
  c17_156_2.k

Hint: The identifier `matrixOf` is unknown, and Lean's `autoImplicit` option causes an unknown identifier to be treated as an implicitly bound variable with an unknown type. However, the unknown type cannot be a function, and a function is what Lean expects here. This is often the result of a typo or a missing `import` or `open` statement.
'Fact762CsigmasqD5.D2Links.c17_156_2_column0' depends on axioms: [propext, sorryAx]
Fact762CsigmasqD5/D2Links.lean:96:61: error: Function expected at
  matrixOf
but this term has type
  ?m.1

Note: Expected a function because this term is being applied to the argument
  c18_157_2.k

Hint: The identifier `matrixOf` is unknown, and Lean's `autoImplicit` option causes an unknown identifier to be treated as an implicitly bound variable with an unknown type. However, the unknown type cannot be a function, and a function is what Lean expects here. This is often the result of a typo or a missing `import` or `open` statement.
Fact762CsigmasqD5/D2Links.lean:97:61: error: Function expected at
  matrixOf
but this term has type
  ?m.1

Note: Expected a function because this term is being applied to the argument
  c18_157_2.k

Hint: The identifier `matrixOf` is unknown, and Lean's `autoImplicit` option causes an unknown identifier to be treated as an implicitly bound variable with an unknown type. However, the unknown type cannot be a function, and a function is what Lean expects here. This is often the result of a typo or a missing `import` or `open` statement.
Fact762CsigmasqD5/D2Links.lean:98:61: error: Function expected at
  matrixOf
but this term has type
  ?m.1

Note: Expected a function because this term is being applied to the argument
  c18_157_2.k

Hint: The identifier `matrixOf` is unknown, and Lean's `autoImplicit` option causes an unknown identifier to be treated as an implicitly bound variable with an unknown type. However, the unknown type cannot be a function, and a function is what Lean expects here. This is often the result of a typo or a missing `import` or `open` statement.
Fact762CsigmasqD5/D2Links.lean:99:61: error: Function expected at
  matrixOf
but this term has type
  ?m.1

Note: Expected a function because this term is being applied to the argument
  c18_157_2.k

Hint: The identifier `matrixOf` is unknown, and Lean's `autoImplicit` option causes an unknown identifier to be treated as an implicitly bound variable with an unknown type. However, the unknown type cannot be a function, and a function is what Lean expects here. This is often the result of a typo or a missing `import` or `open` statement.
Fact762CsigmasqD5/D2Links.lean:100:61: error: Function expected at
  matrixOf
but this term has type
  ?m.1

Note: Expected a function because this term is being applied to the argument
  c18_157_2.k

Hint: The identifier `matrixOf` is unknown, and Lean's `autoImplicit` option causes an unknown identifier to be treated as an implicitly bound variable with an unknown type. However, the unknown type cannot be a function, and a function is what Lean expects here. This is often the result of a typo or a missing `import` or `open` statement.
'Fact762CsigmasqD5.D2Links.c18_157_2_column0' depends on axioms: [propext, sorryAx]
Fact762CsigmasqD5/D2Links.lean:104:61: error: Function expected at
  matrixOf
but this term has type
  ?m.1

Note: Expected a function because this term is being applied to the argument
  c19_158_2.k

Hint: The identifier `matrixOf` is unknown, and Lean's `autoImplicit` option causes an unknown identifier to be treated as an implicitly bound variable with an unknown type. However, the unknown type cannot be a function, and a function is what Lean expects here. This is often the result of a typo or a missing `import` or `open` statement.
Fact762CsigmasqD5/D2Links.lean:105:61: error: Function expected at
  matrixOf
but this term has type
  ?m.1

Note: Expected a function because this term is being applied to the argument
  c19_158_2.k

Hint: The identifier `matrixOf` is unknown, and Lean's `autoImplicit` option causes an unknown identifier to be treated as an implicitly bound variable with an unknown type. However, the unknown type cannot be a function, and a function is what Lean expects here. This is often the result of a typo or a missing `import` or `open` statement.
Fact762CsigmasqD5/D2Links.lean:106:61: error: Function expected at
  matrixOf
but this term has type
  ?m.1

Note: Expected a function because this term is being applied to the argument
  c19_158_2.k

Hint: The identifier `matrixOf` is unknown, and Lean's `autoImplicit` option causes an unknown identifier to be treated as an implicitly bound variable with an unknown type. However, the unknown type cannot be a function, and a function is what Lean expects here. This is often the result of a typo or a missing `import` or `open` statement.
Fact762CsigmasqD5/D2Links.lean:107:61: error: Function expected at
  matrixOf
but this term has type
  ?m.1

Note: Expected a function because this term is being applied to the argument
  c19_158_2.k

Hint: The identifier `matrixOf` is unknown, and Lean's `autoImplicit` option causes an unknown identifier to be treated as an implicitly bound variable with an unknown type. However, the unknown type cannot be a function, and a function is what Lean expects here. This is often the result of a typo or a missing `import` or `open` statement.
Fact762CsigmasqD5/D2Links.lean:108:61: error: Function expected at
  matrixOf
but this term has type
  ?m.1

Note: Expected a function because this term is being applied to the argument
  c19_158_2.k

Hint: The identifier `matrixOf` is unknown, and Lean's `autoImplicit` option causes an unknown identifier to be treated as an implicitly bound variable with an unknown type. However, the unknown type cannot be a function, and a function is what Lean expects here. This is often the result of a typo or a missing `import` or `open` statement.
Fact762CsigmasqD5/D2Links.lean:109:61: error: Function expected at
  matrixOf
but this term has type
  ?m.1

Note: Expected a function because this term is being applied to the argument
  c19_158_2.k

Hint: The identifier `matrixOf` is unknown, and Lean's `autoImplicit` option causes an unknown identifier to be treated as an implicitly bound variable with an unknown type. However, the unknown type cannot be a function, and a function is what Lean expects here. This is often the result of a typo or a missing `import` or `open` statement.
'Fact762CsigmasqD5.D2Links.c19_158_2_column0' depends on axioms: [propext, sorryAx]
Fact762CsigmasqD5/D2Links.lean:112:61: error: Function expected at
  matrixOf
but this term has type
  ?m.1

Note: Expected a function because this term is being applied to the argument
  c20_159_2.k

Hint: The identifier `matrixOf` is unknown, and Lean's `autoImplicit` option causes an unknown identifier to be treated as an implicitly bound variable with an unknown type. However, the unknown type cannot be a function, and a function is what Lean expects here. This is often the result of a typo or a missing `import` or `open` statement.
Fact762CsigmasqD5/D2Links.lean:113:61: error: Function expected at
  matrixOf
but this term has type
  ?m.1

Note: Expected a function because this term is being applied to the argument
  c20_159_2.k

Hint: The identifier `matrixOf` is unknown, and Lean's `autoImplicit` option causes an unknown identifier to be treated as an implicitly bound variable with an unknown type. However, the unknown type cannot be a function, and a function is what Lean expects here. This is often the result of a typo or a missing `import` or `open` statement.
Fact762CsigmasqD5/D2Links.lean:114:61: error: Function expected at
  matrixOf
but this term has type
  ?m.1

Note: Expected a function because this term is being applied to the argument
  c20_159_2.k

Hint: The identifier `matrixOf` is unknown, and Lean's `autoImplicit` option causes an unknown identifier to be treated as an implicitly bound variable with an unknown type. However, the unknown type cannot be a function, and a function is what Lean expects here. This is often the result of a typo or a missing `import` or `open` statement.
Fact762CsigmasqD5/D2Links.lean:115:61: error: Function expected at
  matrixOf
but this term has type
  ?m.1

Note: Expected a function because this term is being applied to the argument
  c20_159_2.k

Hint: The identifier `matrixOf` is unknown, and Lean's `autoImplicit` option causes an unknown identifier to be treated as an implicitly bound variable with an unknown type. However, the unknown type cannot be a function, and a function is what Lean expects here. This is often the result of a typo or a missing `import` or `open` statement.
'Fact762CsigmasqD5.D2Links.c20_159_2_column0' depends on axioms: [propext, sorryAx]
Fact762CsigmasqD5/D2Links.lean:118:61: error: Function expected at
  matrixOf
but this term has type
  ?m.1

Note: Expected a function because this term is being applied to the argument
  c21_159_2.k

Hint: The identifier `matrixOf` is unknown, and Lean's `autoImplicit` option causes an unknown identifier to be treated as an implicitly bound variable with an unknown type. However, the unknown type cannot be a function, and a function is what Lean expects here. This is often the result of a typo or a missing `import` or `open` statement.
Fact762CsigmasqD5/D2Links.lean:119:61: error: Function expected at
  matrixOf
but this term has type
  ?m.1

Note: Expected a function because this term is being applied to the argument
  c21_159_2.k

Hint: The identifier `matrixOf` is unknown, and Lean's `autoImplicit` option causes an unknown identifier to be treated as an implicitly bound variable with an unknown type. However, the unknown type cannot be a function, and a function is what Lean expects here. This is often the result of a typo or a missing `import` or `open` statement.
'Fact762CsigmasqD5.D2Links.c21_159_2_column0' depends on axioms: [propext, sorryAx]
Fact762CsigmasqD5/D2Links.lean:123:61: error: Function expected at
  matrixOf
but this term has type
  ?m.1

Note: Expected a function because this term is being applied to the argument
  c22_160_2.k

Hint: The identifier `matrixOf` is unknown, and Lean's `autoImplicit` option causes an unknown identifier to be treated as an implicitly bound variable with an unknown type. However, the unknown type cannot be a function, and a function is what Lean expects here. This is often the result of a typo or a missing `import` or `open` statement.
Fact762CsigmasqD5/D2Links.lean:124:61: error: Function expected at
  matrixOf
but this term has type
  ?m.1

Note: Expected a function because this term is being applied to the argument
  c22_160_2.k

Hint: The identifier `matrixOf` is unknown, and Lean's `autoImplicit` option causes an unknown identifier to be treated as an implicitly bound variable with an unknown type. However, the unknown type cannot be a function, and a function is what Lean expects here. This is often the result of a typo or a missing `import` or `open` statement.
Fact762CsigmasqD5/D2Links.lean:125:61: error: Function expected at
  matrixOf
but this term has type
  ?m.1

Note: Expected a function because this term is being applied to the argument
  c22_160_2.k

Hint: The identifier `matrixOf` is unknown, and Lean's `autoImplicit` option causes an unknown identifier to be treated as an implicitly bound variable with an unknown type. However, the unknown type cannot be a function, and a function is what Lean expects here. This is often the result of a typo or a missing `import` or `open` statement.
'Fact762CsigmasqD5.D2Links.c22_160_2_column0' depends on axioms: [propext, sorryAx]
Fact762CsigmasqD5/D2Links.lean:129:61: error: Function expected at
  matrixOf
but this term has type
  ?m.1

Note: Expected a function because this term is being applied to the argument
  c23_161_2.k

Hint: The identifier `matrixOf` is unknown, and Lean's `autoImplicit` option causes an unknown identifier to be treated as an implicitly bound variable with an unknown type. However, the unknown type cannot be a function, and a function is what Lean expects here. This is often the result of a typo or a missing `import` or `open` statement.
Fact762CsigmasqD5/D2Links.lean:130:61: error: Function expected at
  matrixOf
but this term has type
  ?m.1

Note: Expected a function because this term is being applied to the argument
  c23_161_2.k

Hint: The identifier `matrixOf` is unknown, and Lean's `autoImplicit` option causes an unknown identifier to be treated as an implicitly bound variable with an unknown type. However, the unknown type cannot be a function, and a function is what Lean expects here. This is often the result of a typo or a missing `import` or `open` statement.
Fact762CsigmasqD5/D2Links.lean:131:61: error: Function expected at
  matrixOf
but this term has type
  ?m.1

Note: Expected a function because this term is being applied to the argument
  c23_161_2.k

Hint: The identifier `matrixOf` is unknown, and Lean's `autoImplicit` option causes an unknown identifier to be treated as an implicitly bound variable with an unknown type. However, the unknown type cannot be a function, and a function is what Lean expects here. This is often the result of a typo or a missing `import` or `open` statement.
Fact762CsigmasqD5/D2Links.lean:132:61: error: Function expected at
  matrixOf
but this term has type
  ?m.1

Note: Expected a function because this term is being applied to the argument
  c23_161_2.k

Hint: The identifier `matrixOf` is unknown, and Lean's `autoImplicit` option causes an unknown identifier to be treated as an implicitly bound variable with an unknown type. However, the unknown type cannot be a function, and a function is what Lean expects here. This is often the result of a typo or a missing `import` or `open` statement.
Fact762CsigmasqD5/D2Links.lean:133:61: error: Function expected at
  matrixOf
but this term has type
  ?m.1

Note: Expected a function because this term is being applied to the argument
  c23_161_2.k

Hint: The identifier `matrixOf` is unknown, and Lean's `autoImplicit` option causes an unknown identifier to be treated as an implicitly bound variable with an unknown type. However, the unknown type cannot be a function, and a function is what Lean expects here. This is often the result of a typo or a missing `import` or `open` statement.
'Fact762CsigmasqD5.D2Links.c23_161_2_column0' depends on axioms: [propext, sorryAx]
Fact762CsigmasqD5/D2Links.lean:136:61: error: Function expected at
  matrixOf
but this term has type
  ?m.1

Note: Expected a function because this term is being applied to the argument
  c26_163_2.k

Hint: The identifier `matrixOf` is unknown, and Lean's `autoImplicit` option causes an unknown identifier to be treated as an implicitly bound variable with an unknown type. However, the unknown type cannot be a function, and a function is what Lean expects here. This is often the result of a typo or a missing `import` or `open` statement.
'Fact762CsigmasqD5.D2Links.c26_163_2_column0' depends on axioms: [propext, sorryAx]
Fact762CsigmasqD5/D2Links.lean:139:59: error: Function expected at
  matrixOf
but this term has type
  ?m.1

Note: Expected a function because this term is being applied to the argument
  c7_149_2.k

Hint: The identifier `matrixOf` is unknown, and Lean's `autoImplicit` option causes an unknown identifier to be treated as an implicitly bound variable with an unknown type. However, the unknown type cannot be a function, and a function is what Lean expects here. This is often the result of a typo or a missing `import` or `open` statement.
Fact762CsigmasqD5/D2Links.lean:140:59: error: Function expected at
  matrixOf
but this term has type
  ?m.1

Note: Expected a function because this term is being applied to the argument
  c7_149_2.k

Hint: The identifier `matrixOf` is unknown, and Lean's `autoImplicit` option causes an unknown identifier to be treated as an implicitly bound variable with an unknown type. However, the unknown type cannot be a function, and a function is what Lean expects here. This is often the result of a typo or a missing `import` or `open` statement.
Fact762CsigmasqD5/D2Links.lean:141:59: error: Function expected at
  matrixOf
but this term has type
  ?m.1

Note: Expected a function because this term is being applied to the argument
  c7_149_2.k

Hint: The identifier `matrixOf` is unknown, and Lean's `autoImplicit` option causes an unknown identifier to be treated as an implicitly bound variable with an unknown type. However, the unknown type cannot be a function, and a function is what Lean expects here. This is often the result of a typo or a missing `import` or `open` statement.
Fact762CsigmasqD5/D2Links.lean:142:59: error: Function expected at
  matrixOf
but this term has type
  ?m.1

Note: Expected a function because this term is being applied to the argument
  c7_149_2.k

Hint: The identifier `matrixOf` is unknown, and Lean's `autoImplicit` option causes an unknown identifier to be treated as an implicitly bound variable with an unknown type. However, the unknown type cannot be a function, and a function is what Lean expects here. This is often the result of a typo or a missing `import` or `open` statement.
Fact762CsigmasqD5/D2Links.lean:143:59: error: Function expected at
  matrixOf
but this term has type
  ?m.1

Note: Expected a function because this term is being applied to the argument
  c7_149_2.k

Hint: The identifier `matrixOf` is unknown, and Lean's `autoImplicit` option causes an unknown identifier to be treated as an implicitly bound variable with an unknown type. However, the unknown type cannot be a function, and a function is what Lean expects here. This is often the result of a typo or a missing `import` or `open` statement.
Fact762CsigmasqD5/D2Links.lean:144:59: error: Function expected at
  matrixOf
but this term has type
  ?m.1

Note: Expected a function because this term is being applied to the argument
  c7_149_2.k

Hint: The identifier `matrixOf` is unknown, and Lean's `autoImplicit` option causes an unknown identifier to be treated as an implicitly bound variable with an unknown type. However, the unknown type cannot be a function, and a function is what Lean expects here. This is often the result of a typo or a missing `import` or `open` statement.
Fact762CsigmasqD5/D2Links.lean:145:59: error: maximum number of errors (100; from option `maxErrors`) reached, exiting
