'Fact762CsigmasqD5.D2Links.d10_151_column0' depends on axioms: [propext, Classical.choice, Quot.sound]
'Fact762CsigmasqD5.D2Links.d10_152_column0' depends on axioms: [propext, Classical.choice, Quot.sound]
'Fact762CsigmasqD5.D2Links.d11_152_column0' depends on axioms: [propext, Classical.choice, Quot.sound]
'Fact762CsigmasqD5.D2Links.d12_153_column0' depends on axioms: [propext, Classical.choice, Quot.sound]
'Fact762CsigmasqD5.D2Links.d13_153_column0' depends on axioms: [propext, Classical.choice, Quot.sound]
'Fact762CsigmasqD5.D2Links.d13_154_column0' depends on axioms: [propext, Classical.choice, Quot.sound]
'Fact762CsigmasqD5.D2Links.d14_154_column0' depends on axioms: [propext, Classical.choice, Quot.sound]
'Fact762CsigmasqD5.D2Links.d14_155_column0' depends on axioms: [propext, Classical.choice, Quot.sound]
'Fact762CsigmasqD5.D2Links.d15_155_column0' depends on axioms: [propext, Classical.choice, Quot.sound]
Fact762CsigmasqD5/D2Links.lean:113:135: error: Tactic `decide` proved that the proposition
  (decode d16_156_basis fun i => d16_156 i ⟨0, ⋯⟩) = toExpression 2 D2Data.b7807.reduction.output
is false
'Fact762CsigmasqD5.D2Links.d16_156_column0' depends on axioms: [propext, sorryAx]
Fact762CsigmasqD5/D2Links.lean:123:135: error: Tactic `decide` proved that the proposition
  (decode d17_156_basis fun i => d17_156 i ⟨0, ⋯⟩) = toExpression 2 D2Data.b7799.reduction.output
is false
'Fact762CsigmasqD5.D2Links.d17_156_column0' depends on axioms: [propext, sorryAx]
Fact762CsigmasqD5/D2Links.lean:136:135: error: Tactic `decide` proved that the proposition
  (decode d17_157_basis fun i => d17_157 i ⟨2, ⋯⟩) = toExpression 2 D2Data.b7947.reduction.output
is false
'Fact762CsigmasqD5.D2Links.d17_157_column0' depends on axioms: [propext, Classical.choice, Quot.sound]
'Fact762CsigmasqD5.D2Links.d18_157_column0' depends on axioms: [propext, Classical.choice, Quot.sound]
'Fact762CsigmasqD5.D2Links.d18_158_column0' depends on axioms: [propext, Classical.choice, Quot.sound]
'Fact762CsigmasqD5.D2Links.d19_158_column0' depends on axioms: [propext, Classical.choice, Quot.sound]
'Fact762CsigmasqD5.D2Links.d20_159_column0' depends on axioms: [propext, Classical.choice, Quot.sound]
'Fact762CsigmasqD5.D2Links.d21_159_column0' depends on axioms: [propext, Classical.choice, Quot.sound]
'Fact762CsigmasqD5.D2Links.d21_160_column0' depends on axioms: [propext, Classical.choice, Quot.sound]
'Fact762CsigmasqD5.D2Links.d22_160_column0' depends on axioms: [propext, Classical.choice, Quot.sound]
'Fact762CsigmasqD5.D2Links.d23_161_column0' depends on axioms: [propext, Classical.choice, Quot.sound]
'Fact762CsigmasqD5.D2Links.d24_162_column0' depends on axioms: [propext, Classical.choice, Quot.sound]
'Fact762CsigmasqD5.D2Links.d26_163_column0' depends on axioms: [propext, Classical.choice, Quot.sound]
'Fact762CsigmasqD5.D2Links.d5_148_column0' depends on axioms: [propext, Classical.choice, Quot.sound]
'Fact762CsigmasqD5.D2Links.d7_149_column0' depends on axioms: [propext, Classical.choice, Quot.sound]
'Fact762CsigmasqD5.D2Links.d8_150_column0' depends on axioms: [propext, Classical.choice, Quot.sound]
'Fact762CsigmasqD5.D2Links.d9_151_column0' depends on axioms: [propext, Classical.choice, Quot.sound]
