'Fact762CsigmasqD5.D2Links.c10_151_2_column0' depends on axioms: [propext, Classical.choice, Quot.sound]
'Fact762CsigmasqD5.D2Links.c11_152_2_column0' depends on axioms: [propext, Classical.choice, Quot.sound]
'Fact762CsigmasqD5.D2Links.c12_153_2_column0' depends on axioms: [propext, Classical.choice, Quot.sound]
'Fact762CsigmasqD5.D2Links.c13_153_2_column0' depends on axioms: [propext, Classical.choice, Quot.sound]
'Fact762CsigmasqD5.D2Links.c14_154_2_column0' depends on axioms: [propext, Classical.choice, Quot.sound]
'Fact762CsigmasqD5.D2Links.c15_155_2_column0' depends on axioms: [propext, Classical.choice, Quot.sound]
Fact762CsigmasqD5/D2Links.lean:76:183: error: Tactic `decide` proved that the proposition
  (decode c16_156_2_basis fun i => matrixOf c16_156_2.k c16_156_2.m c16_156_2.outgoing i ⟨0, ⋯⟩) =
    toExpression 2 D2Data.b7807.reduction.output
is false
'Fact762CsigmasqD5.D2Links.c16_156_2_column0' depends on axioms: [propext, sorryAx]
Fact762CsigmasqD5/D2Links.lean:85:183: error: Tactic `decide` proved that the proposition
  (decode c17_156_2_basis fun i => matrixOf c17_156_2.k c17_156_2.m c17_156_2.outgoing i ⟨0, ⋯⟩) =
    toExpression 2 D2Data.b7799.reduction.output
is false
'Fact762CsigmasqD5.D2Links.c17_156_2_column0' depends on axioms: [propext, sorryAx]
'Fact762CsigmasqD5.D2Links.c18_157_2_column0' depends on axioms: [propext, Classical.choice, Quot.sound]
'Fact762CsigmasqD5.D2Links.c19_158_2_column0' depends on axioms: [propext, Classical.choice, Quot.sound]
'Fact762CsigmasqD5.D2Links.c20_159_2_column0' depends on axioms: [propext, Classical.choice, Quot.sound]
'Fact762CsigmasqD5.D2Links.c21_159_2_column0' depends on axioms: [propext, Classical.choice, Quot.sound]
'Fact762CsigmasqD5.D2Links.c22_160_2_column0' depends on axioms: [propext, Classical.choice, Quot.sound]
'Fact762CsigmasqD5.D2Links.c23_161_2_column0' depends on axioms: [propext, Classical.choice, Quot.sound]
'Fact762CsigmasqD5.D2Links.c26_163_2_column0' depends on axioms: [propext, Classical.choice, Quot.sound]
'Fact762CsigmasqD5.D2Links.c7_149_2_column0' depends on axioms: [propext, Classical.choice, Quot.sound]
