Fact762CsigmasqD5/Source.lean:114:4: error: Function expected at
  Trace
but this term has type
  ?m.3

Note: Expected a function because this term is being applied to the argument
  C

Hint: The identifier `Trace` is unknown, and Lean's `autoImplicit` option causes an unknown identifier to be treated as an implicitly bound variable with an unknown type. However, the unknown type cannot be a function, and a function is what Lean expects here. This is often the result of a typo or a missing `import` or `open` statement.
Fact762CsigmasqD5/Source.lean:120:4: error: Function expected at
  Trace
but this term has type
  ?m.3

Note: Expected a function because this term is being applied to the argument
  C

Hint: The identifier `Trace` is unknown, and Lean's `autoImplicit` option causes an unknown identifier to be treated as an implicitly bound variable with an unknown type. However, the unknown type cannot be a function, and a function is what Lean expects here. This is often the result of a typo or a missing `import` or `open` statement.
Fact762CsigmasqD5/Source.lean:126:4: error: Function expected at
  Trace
but this term has type
  ?m.3

Note: Expected a function because this term is being applied to the argument
  C

Hint: The identifier `Trace` is unknown, and Lean's `autoImplicit` option causes an unknown identifier to be treated as an implicitly bound variable with an unknown type. However, the unknown type cannot be a function, and a function is what Lean expects here. This is often the result of a typo or a missing `import` or `open` statement.
Fact762CsigmasqD5/Source.lean:136:4: error: Function expected at
  Trace
but this term has type
  ?m.3

Note: Expected a function because this term is being applied to the argument
  S

Hint: The identifier `Trace` is unknown, and Lean's `autoImplicit` option causes an unknown identifier to be treated as an implicitly bound variable with an unknown type. However, the unknown type cannot be a function, and a function is what Lean expects here. This is often the result of a typo or a missing `import` or `open` statement.
Fact762CsigmasqD5/Source.lean:145:4: error: Function expected at
  Trace
but this term has type
  ?m.3

Note: Expected a function because this term is being applied to the argument
  S

Hint: The identifier `Trace` is unknown, and Lean's `autoImplicit` option causes an unknown identifier to be treated as an implicitly bound variable with an unknown type. However, the unknown type cannot be a function, and a function is what Lean expects here. This is often the result of a typo or a missing `import` or `open` statement.
Fact762CsigmasqD5/Source.lean:154:4: error: Function expected at
  Trace
but this term has type
  ?m.3

Note: Expected a function because this term is being applied to the argument
  S

Hint: The identifier `Trace` is unknown, and Lean's `autoImplicit` option causes an unknown identifier to be treated as an implicitly bound variable with an unknown type. However, the unknown type cannot be a function, and a function is what Lean expects here. This is often the result of a typo or a missing `import` or `open` statement.
'Fact762CsigmasqD5.Source.Stage2.input' depends on axioms: [propext, Classical.choice, Quot.sound]
'Fact762CsigmasqD5.Source.Stage3.input' depends on axioms: [propext, Classical.choice, Quot.sound]
'Fact762CsigmasqD5.Source.Stage4.input' depends on axioms: [propext, Classical.choice, Quot.sound]
'Fact762CsigmasqD5.Source.Prefix.map_coordinates' depends on axioms: [propext, Classical.choice, Quot.sound]
'Fact762CsigmasqD5.Source.Prefix.map_surjective' depends on axioms: [propext, Classical.choice, Quot.sound]
'Fact762CsigmasqD5.Source.Prefix.coordinate3' depends on axioms: [propext, Classical.choice, Quot.sound]
'Fact762CsigmasqD5.Source.Prefix.coordinate4' depends on axioms: [propext, Classical.choice, Quot.sound]
'Fact762CsigmasqD5.Source.Prefix.coordinate5' depends on axioms: [propext, Classical.choice, Quot.sound]
'Fact762CsigmasqD5.Source.Prefix.named_image' depends on axioms: [propext, Classical.choice, Quot.sound]
'Fact762CsigmasqD5.Source.Prefix.trace3' depends on axioms: [propext, sorryAx, Classical.choice, Quot.sound]
'Fact762CsigmasqD5.Source.Prefix.trace4' depends on axioms: [propext, sorryAx, Classical.choice, Quot.sound]
'Fact762CsigmasqD5.Source.Prefix.trace5' depends on axioms: [propext, sorryAx, Classical.choice, Quot.sound]
'Fact762CsigmasqD5.Source.Prefix.value5_nonzero' depends on axioms: [propext, Classical.choice, Quot.sound]
'Fact762CsigmasqD5.Source.Prefix.sphereTrace3' depends on axioms: [propext, sorryAx, Classical.choice, Quot.sound]
'Fact762CsigmasqD5.Source.Prefix.sphereTrace4' depends on axioms: [propext, sorryAx, Classical.choice, Quot.sound]
'Fact762CsigmasqD5.Source.Prefix.sphereTrace5' depends on axioms: [propext, sorryAx, Classical.choice, Quot.sound]
'Fact762CsigmasqD5.Source.Prefix.sphere_raw' depends on axioms: [propext, Classical.choice, Quot.sound]
