Row3143D0Leibniz/Descent.lean:55:10: error: unexpected identifier; expected prec
Row3143D0Leibniz/Descent.lean:64:18: error(lean.invalidField): Invalid field `prefix`: The environment does not contain `Row3143D0Leibniz.Descent.KnownDifferential.prefix`, so it is not possible to project the field `prefix` from an expression
  K
of type `KnownDifferential S pages`
Row3143D0Leibniz/Descent.lean:65:12: error(lean.invalidField): Invalid field `prefix`: The environment does not contain `Row3143D0Leibniz.Descent.KnownDifferential.prefix`, so it is not possible to project the field `prefix` from an expression
  K
of type `KnownDifferential S pages`
Row3143D0Leibniz/Descent.lean:67:22: error(lean.invalidField): Invalid field `prefix`: The environment does not contain `Row3143D0Leibniz.Descent.KnownDifferential.prefix`, so it is not possible to project the field `prefix` from an expression
  K
of type `KnownDifferential S pages`
Row3143D0Leibniz/Descent.lean:68:8: error(lean.invalidField): Invalid field `prefix`: The environment does not contain `Row3143D0Leibniz.Descent.KnownDifferential.prefix`, so it is not possible to project the field `prefix` from an expression
  K
of type `KnownDifferential S pages`
Row3143D0Leibniz/Descent.lean:70:23: error(lean.invalidField): Invalid field `recorded`: The environment does not contain `Row3143D0Leibniz.Descent.KnownDifferential.recorded`, so it is not possible to project the field `recorded` from an expression
  K
of type `KnownDifferential S pages`
'Row3143D0Leibniz.Descent.zeroStepInput' depends on axioms: [propext, Classical.choice, Quot.sound]
'Row3143D0Leibniz.Descent.Prefix.page4' depends on axioms: [propext, Classical.choice, Quot.sound]
'Row3143D0Leibniz.Descent.Prefix.targetPage4' depends on axioms: [propext, Classical.choice, Quot.sound]
'Row3143D0Leibniz.Descent.known_reflects_zero' depends on axioms: [propext, sorryAx, Classical.choice, Quot.sound]
'Row3143D0Leibniz.Descent.next_zero' depends on axioms: [propext, Classical.choice, Quot.sound]
