matches 33 context rows 177
{'file': 'proofs-part1.csv', 'line': 645, 'id': '6075', 'depth': '0', 'reason': 'd2', 'name': 'S0', 's': '14', 't': '139', 'r': '2', 'x': '0', 'dx': '2', 'info': '[NULL]'}
{'file': 'proofs-part1.csv', 'line': 944, 'id': '6374', 'depth': '0', 'reason': 'd2', 'name': 'S0', 's': '20', 't': '165', 'r': '2', 'x': '0', 'dx': '', 'info': '[NULL]'}
{'file': 'proofs-part1.csv', 'line': 945, 'id': '6375', 'depth': '0', 'reason': 'd2', 'name': 'S0', 's': '20', 't': '165', 'r': '2', 'x': '1', 'dx': '1', 'info': '[NULL]'}
{'file': 'proofs-part1.csv', 'line': 10397, 'id': '15827', 'depth': '0', 'reason': 'N', 'name': 'S0', 's': '19', 't': '143', 'r': '4', 'x': '0', 'dx': '', 'info': 'CW_eta_nu__Q_CW_2_eta_nu'}
{'file': 'proofs-part1.csv', 'line': 66432, 'id': '71862', 'depth': '0', 'reason': 'G', 'name': 'S0', 's': '14', 't': '139', 'r': '4', 'x': '1', 'dx': '', 'info': '[NULL]'}
{'file': 'proofs-part1.csv', 'line': 75525, 'id': '80955', 'depth': '0', 'reason': 'N', 'name': 'S0', 's': '23', 't': '167', 'r': '3', 'x': '2', 'dx': '', 'info': 'CW_eta_nu__Q_CW_2_eta_nu'}
{'file': 'proofs-part1.csv', 'line': 75650, 'id': '81080', 'depth': '0', 'reason': 'N', 'name': 'S0', 's': '23', 't': '167', 'r': '5', 'x': '2', 'dx': '', 'info': 'Ceta__S0'}
{'file': 'proofs-part1.csv', 'line': 87872, 'id': '93302', 'depth': '0', 'reason': 'N', 'name': 'S0', 's': '20', 't': '165', 'r': '5', 'x': '2', 'dx': '', 'info': 'CW_nu_eta_2__S0_by_sigma'}
{'file': 'proofs-part1.csv', 'line': 150455, 'id': '154201', 'depth': '0', 'reason': 'D', 'name': 'S0', 's': '19', 't': '143', 'r': '5', 'x': '0', 'dx': '', 'info': '[NULL]'}
{'file': 'proofs-part1.csv', 'line': 154078, 'id': '156112', 'depth': '1', 'reason': 'T', 'name': 'S0', 's': '20', 't': '165', 'r': '3', 'x': '0', 'dx': '', 'info': 'Get `S0 (145,20) d_3[0]=[]`. Apply the Leibniz rule with `S0 (39,9) d_3[0]=[]` and get `S0 (184,29) d_3[1]=[]`.\nGet `S0 (184,29) d_3[1]=[]` where the element on the left-hand side already supports d_3.\nHowever, `S0 (183,32) [4]` is not in B_2.'}
{'file': 'proofs-part1.csv', 'line': 154080, 'id': '156113', 'depth': '1', 'reason': 'T', 'name': 'S0', 's': '20', 't': '165', 'r': '3', 'x': '0', 'dx': '0', 'info': 'Get `S0 (145,20) d_3[0]=[0]`. Apply the Leibniz rule with `S0 (30,6) d_3[0]=[0]` and get `S0 (175,26) d_3[1]=[1]`.\nHowever, `S0 (174,29) [1]` is not in B_2.'}
{'file': 'proofs-part1.csv', 'line': 154082, 'id': '156114', 'depth': '1', 'reason': 'T', 'name': 'S0', 's': '20', 't': '165', 'r': '3', 'x': '0', 'dx': '0,1', 'info': 'Get `S0 (145,20) d_3[0]=[0,1]`. Apply the Leibniz rule with `S0 (30,6) d_3[0]=[0]` and get `S0 (175,26) d_3[1]=[1]`.\nHowever, `S0 (174,29) [1]` is not in B_2.'}
{'file': 'proofs-part1.csv', 'line': 154084, 'id': '156115', 'depth': '1', 'reason': 'T', 'name': 'S0', 's': '20', 't': '165', 'r': '3', 'x': '0', 'dx': '2', 'info': 'Get `S0 (145,20) d_3[0]=[2]`. Apply the Leibniz rule with `S0 (3,1) d_3[0]=[]` and get `S0 (148,21) d_3[]=[1]`.\nHowever, `S0 (147,24) [1]` is not in B_2.'}
{'file': 'proofs-part1.csv', 'line': 154086, 'id': '156116', 'depth': '1', 'reason': 'T', 'name': 'S0', 's': '20', 't': '165', 'r': '3', 'x': '0', 'dx': '1,2', 'info': 'Get `S0 (145,20) d_3[0]=[1,2]`. Apply the Leibniz rule with `S0 (3,1) d_3[0]=[]` and get `S0 (148,21) d_3[]=[1]`.\nHowever, `S0 (147,24) [1]` is not in B_2.'}
{'file': 'proofs-part1.csv', 'line': 154088, 'id': '156117', 'depth': '1', 'reason': 'T', 'name': 'S0', 's': '20', 't': '165', 'r': '3', 'x': '0', 'dx': '0,2', 'info': 'Get `S0 (145,20) d_3[0]=[0,2]`. Apply the Leibniz rule with `S0 (3,1) d_3[0]=[]` and get `S0 (148,21) d_3[]=[1]`.\nHowever, `S0 (147,24) [1]` is not in B_2.'}
{'file': 'proofs-part1.csv', 'line': 154090, 'id': '156118', 'depth': '1', 'reason': 'T', 'name': 'S0', 's': '20', 't': '165', 'r': '3', 'x': '0', 'dx': '0,1,2', 'info': 'Get `S0 (145,20) d_3[0]=[0,1,2]`. Apply the Leibniz rule with `S0 (3,1) d_3[0]=[]` and get `S0 (148,21) d_3[]=[1]`.\nHowever, `S0 (147,24) [1]` is not in B_2.'}
{'file': 'proofs-part1.csv', 'line': 154091, 'id': '156119', 'depth': '0', 'reason': 'D', 'name': 'S0', 's': '20', 't': '165', 'r': '3', 'x': '0', 'dx': '1', 'info': '[NULL]'}
{'file': 'proofs-part1.csv', 'line': 154563, 'id': '156361', 'depth': '0', 'reason': 'G', 'name': 'S0', 's': '23', 't': '167', 'r': '7', 'x': '2', 'dx': '', 'info': '[NULL]'}
{'file': 'proofs-part1.csv', 'line': 154573, 'id': '156365', 'depth': '0', 'reason': 'D', 'name': 'S0', 's': '23', 't': '167', 'r': '8', 'x': '2', 'dx': '', 'info': '[NULL]'}
{'file': 'proofs-part1.csv', 'line': 234931, 'id': '190754', 'depth': '0', 'reason': 'G', 'name': 'S0', 's': '23', 't': '167', 'r': '44', 'x': '2', 'dx': '', 'info': '[NULL]'}
{'file': 'proofs-part1.csv', 'line': 319413, 'id': '257132', 'depth': '0', 'reason': 'N', 'name': 'S0', 's': '20', 't': '165', 'r': '12', 'x': '2', 'dx': '', 'info': 'CW_eta_2__Q_CW_nu_eta_2'}
{'file': 'proofs-part1.csv', 'line': 1425549, 'id': '721503', 'depth': '0', 'reason': 'N', 'name': 'S0', 's': '14', 't': '139', 'r': '5', 'x': '1', 'dx': '', 'info': 'Csigmasq__S0'}
{'file': 'proofs-part3.csv', 'line': 82659, 'id': '2047912', 'depth': '0', 'reason': 'D', 'name': 'S0', 's': '23', 't': '167', 'r': '45', 'x': '2', 'dx': '', 'info': '[NULL]'}
{'file': 'proofs-part3.csv', 'line': 82662, 'id': '2047914', 'depth': '0', 'reason': 'D', 'name': 'S0', 's': '23', 't': '167', 'r': '46', 'x': '2', 'dx': '', 'info': '[NULL]'}
{'file': 'proofs-part3.csv', 'line': 812236, 'id': '2364441', 'depth': '0', 'reason': 'G', 'name': 'S0', 's': '14', 't': '139', 'r': '8', 'x': '1', 'dx': '', 'info': '[NULL]'}
{'file': 'proofs-part3.csv', 'line': 890572, 'id': '2397126', 'depth': '0', 'reason': 'D', 'name': 'S0', 's': '14', 't': '139', 'r': '9', 'x': '1', 'dx': '', 'info': '[NULL]'}
