{
  "status": "full_raw_quotient_and_named_d3_audit_passed",
  "counts": {
    "quotient_pairs": 640,
    "cycle_vectors": 48,
    "complete_quotients": 4,
    "adjacent_square_vectors": 88,
    "all_cycle_map_coordinates": 24,
    "named_source_relabelings": 40320,
    "natural_zero_values": 80640,
    "rejected_nonzero_values": 80640,
    "actual_target_relabelings": 80640
  },
  "source_matrix": [
    0,
    0,
    0,
    0,
    0,
    0,
    1,
    0,
    0,
    0,
    0,
    1
  ],
  "target_matrix": [
    0,
    0,
    1
  ],
  "source_E3_dimensions": [
    3,
    4
  ],
  "target_E3_dimensions": [
    1,
    3
  ],
  "source_named": [
    0,
    1,
    0
  ],
  "target_detected": [
    0,
    0,
    1
  ],
  "source_coordinate_bridge": [
    1,
    0,
    0,
    0,
    1,
    0,
    0,
    0,
    1
  ],
  "target_coordinate_bridge": [
    1
  ],
  "raw_ss_row": 2916,
  "named_basis_row": 2915,
  "raw_unknown_preserved": true,
  "status_scope": "Finite validation; actual source complexes, quotient laws, map meanings and naturality remain explicit",
  "sha256": {
    "Fact713Row2916Search/audit.py": "80ad5a949c46b2fe7fe2483cb4ab86ca6337365ca10ccb3efb727e8d3eb1b2a9",
    "Fact713Row2916Search/source.json": "79c8bdd2c5e5ffcea4d99deb662c26e5fd210f564ae72c85cb6539605a884493",
    "Fact713Row2916Search/comparison-source.json": "31d41dec5298e30643a5a4e8a225fcc1480383f11158bbf0f46103a6f6c37e2a"
  }
}
