{
  "status": "passed",
  "matrices": 6,
  "columns": 23,
  "reductions": 8,
  "quotient_pairs": 640,
  "square_vectors": 88,
  "full_induced_columns": [
    [
      4,
      0,
      8
    ],
    [
      4
    ]
  ],
  "actual_source_review": "Complete d2 meanings and quotient transitions construct both E3 maps; exact named binding retained",
  "inputs": {
    "Fact713Row2916Search/independent_review.py": "84ec24fdc1f2f3c904dfc2fb5bfe2c63f5961bc6d0b3499c73623700816790a6",
    "Fact713Row2916Search/frozen-source.json": "e8d0fb9c46bc22262c99799b7fdeda2aaefca7fb30b2fc1a4a481ba526a75fd4",
    "Fact713Row2916Search/source.json": "79c8bdd2c5e5ffcea4d99deb662c26e5fd210f564ae72c85cb6539605a884493",
    "Fact713Row2916Search/comparison-source.json": "31d41dec5298e30643a5a4e8a225fcc1480383f11158bbf0f46103a6f6c37e2a"
  }
}
