NamedPageComparison/Row2858/Refutation.lean:27:62: error: unsolved goals
v✝ : Vec 5
a : Vec 0
ha : eval boundariesG a = eval g.matrix13_138 v✝
b : Vec 1
hb : eval boundariesH1 b = eval Row2858.h1.matrix13_138 v✝
c : Vec 1
hc : eval boundariesH3 c = eval h3.matrix13_138 v✝
h0 : eval boundariesG a 0 = eval g.matrix13_138 v✝ 0
h1 : eval boundariesH1 b 2 = eval Row2858.h1.matrix13_138 v✝ 2
h2 : eval boundariesH3 c 3 = eval h3.matrix13_138 v✝ 3
v : Vec 5
⊢ (v 0 ^^
      ([true, false, false, false, false, false, false, false, false, false, false, false, false, false,
                  false][↑3]?.getD
            false &&
          v 3 ^^
        [true, false, false, false, false, false, false, false, false, false, false, false, false, false,
                  false][↑4]?.getD
            false &&
          v 4)) =
    v 0
NamedPageComparison/Row2858/Refutation.lean:30:92: error: unsolved goals
v✝ : Vec 5
a : Vec 0
ha : eval boundariesG a = eval g.matrix13_138 v✝
b : Vec 1
hb : eval boundariesH1 b = eval Row2858.h1.matrix13_138 v✝
c : Vec 1
hc : eval boundariesH3 c = eval h3.matrix13_138 v✝
h0 : eval boundariesG a 0 = eval g.matrix13_138 v✝ 0
h1 : eval boundariesH1 b 2 = eval Row2858.h1.matrix13_138 v✝ 2
h2 : eval boundariesH3 c 3 = eval h3.matrix13_138 v✝ 3
coordG : ∀ (v : Vec 5), eval g.matrix13_138 v 0 = v 0
v : Vec 5
⊢ (v 1 ^^
      ([false, false, false, false, false, false, false, false, false, false, false, true, false, false, false, false,
                  false, false, false, false][10 + ↑3]?.getD
            false &&
          v 3 ^^
        [false, false, false, false, false, false, false, false, false, false, false, true, false, false, false, false,
                  false, false, false, false][10 + ↑4]?.getD
            false &&
          v 4)) =
    v 1
NamedPageComparison/Row2858/Refutation.lean:33:64: error: unsolved goals
v✝ : Vec 5
a : Vec 0
ha : eval boundariesG a = eval g.matrix13_138 v✝
b : Vec 1
hb : eval boundariesH1 b = eval Row2858.h1.matrix13_138 v✝
c : Vec 1
hc : eval boundariesH3 c = eval h3.matrix13_138 v✝
h0 : eval boundariesG a 0 = eval g.matrix13_138 v✝ 0
h1 : eval boundariesH1 b 2 = eval Row2858.h1.matrix13_138 v✝ 2
h2 : eval boundariesH3 c 3 = eval h3.matrix13_138 v✝ 3
coordG : ∀ (v : Vec 5), eval g.matrix13_138 v 0 = v 0
coordH1 : ∀ (v : Vec 5), eval Row2858.h1.matrix13_138 v 2 = v 1
v : Vec 5
⊢ ([false, false, false, false, false, false, true, false, false, false, false, false, false, false, false, false,
                false, true, false, false, false, false, false, false, false][↑3 * 5]?.getD
          false &&
        v 0 ^^
      ([false, false, false, false, false, true, false, false, false, false, false, false, false, false, false, false,
                  true, false, false, false, false, false, false, false][↑3 * 5]?.getD
            false &&
          v 1 ^^
        ([false, false, false, false, true, false, false, false, false, false, false, false, false, false, false, true,
                    false, false, false, false, false, false, false][↑3 * 5]?.getD
              false &&
            v 2 ^^
          ([false, false, false, false, false, false, true, false, false, false, false, false, false, false, false,
                      false, false, true, false, false, false, false, false, false, false][↑3 * 5 + ↑3]?.getD
                false &&
              v 3 ^^
            [false, false, false, false, false, false, true, false, false, false, false, false, false, false, false,
                      false, false, true, false, false, false, false, false, false, false][↑3 * 5 + ↑4]?.getD
                false &&
              v 4)))) =
    v 2
NamedPageComparison/Row2858/Refutation.lean:42:54: error: unsolved goals
v✝ : Vec 5
a : Vec 0
ha : eval boundariesG a = eval g.matrix13_138 v✝
b : Vec 1
hb : eval boundariesH1 b = eval Row2858.h1.matrix13_138 v✝
c : Vec 1
hc : eval boundariesH3 c = eval h3.matrix13_138 v✝
h0 : eval boundariesG a 0 = eval g.matrix13_138 v✝ 0
h1 : eval boundariesH1 b 2 = eval Row2858.h1.matrix13_138 v✝ 2
h2 : eval boundariesH3 c 3 = eval h3.matrix13_138 v✝ 3
coordG : ∀ (v : Vec 5), eval g.matrix13_138 v 0 = v 0
coordH1 : ∀ (v : Vec 5), eval Row2858.h1.matrix13_138 v 2 = v 1
coordH3 : ∀ (v : Vec 5), eval h3.matrix13_138 v 3 = v 2
zeroG : ∀ (a : Vec 0), eval boundariesG a 0 = false
zeroH1 : ∀ (a : Vec 1), eval boundariesH1 a 2 = false
v : Vec 1
⊢ ↑3 = 4 → v 0 = false
NamedPageComparison/Row2858/Refutation.lean:29:10: warning: This simp argument is unused:
  Fin.val_ofNat

Hint: Omit it from the simp argument list.
  simp [F̵i̵n̵.̵v̵a̵l̵_̵o̵f̵N̵a̵t̵,̵ ̵eval, dot, g.matrix13_138, NamedPageComparison.Row2858.h1.matrix13_138, h3.matrix13_138,
  ̲  ̲ ̲ ̲ ̲ ̲boundariesG, boundariesH1, boundariesH3]

Note: This linter can be disabled with `set_option linter.unusedSimpArgs false`
NamedPageComparison/Row2858/Refutation.lean:29:52: warning: This simp argument is unused:
  NamedPageComparison.Row2858.h1.matrix13_138

Hint: Omit it from the simp argument list.
  simp [Fin.val_ofNat, eval, dot, g.matrix13_138, N̵a̵m̵e̵d̵P̵a̵g̵e̵C̵o̵m̵p̵a̵r̵i̵s̵o̵n̵.̵R̵o̵w̵2̵8̵5̵8̵.̵h̵1̵.̵m̵a̵t̵r̵i̵x̵1̵3̵_̵1̵3̵8̵,̵ ̵h3.matrix13_138, boundariesG, boundariesH1,
  ̲  ̲ ̲ ̲ ̲ ̲boundariesH3]

Note: This linter can be disabled with `set_option linter.unusedSimpArgs false`
NamedPageComparison/Row2858/Refutation.lean:29:97: warning: This simp argument is unused:
  h3.matrix13_138

Hint: Omit it from the simp argument list.
  simp [Fin.val_ofNat, eval, dot, g.matrix13_138, NamedPageComparison.Row2858.h1.matrix13_138,
  ̲ h̵3̵.̵m̵a̵t̵r̵i̵x̵1̵3̵_̵1̵3̵8̵,̵  ̲ ̲ ̲ ̲boundariesG, boundariesH1, boundariesH3]

Note: This linter can be disabled with `set_option linter.unusedSimpArgs false`
NamedPageComparison/Row2858/Refutation.lean:29:114: warning: This simp argument is unused:
  boundariesG

Hint: Omit it from the simp argument list.
  simp [Fin.val_ofNat, eval, dot, g.matrix13_138, NamedPageComparison.Row2858.h1.matrix13_138,
  ̲  ̲ ̲ ̲ ̲ ̲h3.matrix13_138, boundariesG̵,̵ ̵b̵o̵u̵n̵d̵a̵r̵i̵e̵s̵H1, boundariesH3]

Note: This linter can be disabled with `set_option linter.unusedSimpArgs false`
NamedPageComparison/Row2858/Refutation.lean:29:127: warning: This simp argument is unused:
  boundariesH1

Hint: Omit it from the simp argument list.
  simp [Fin.val_ofNat, eval, dot, g.matrix13_138, NamedPageComparison.Row2858.h1.matrix13_138,
  ̲  ̲ ̲ ̲ ̲ ̲h3.matrix13_138, boundariesG, boundariesH1̵,̵ ̵b̵o̵u̵n̵d̵a̵r̵i̵e̵s̵H̵3]

Note: This linter can be disabled with `set_option linter.unusedSimpArgs false`
NamedPageComparison/Row2858/Refutation.lean:29:141: warning: This simp argument is unused:
  boundariesH3

Hint: Omit it from the simp argument list.
  simp [Fin.val_ofNat, eval, dot, g.matrix13_138, NamedPageComparison.Row2858.h1.matrix13_138,
  ̲  ̲ ̲ ̲ ̲ ̲h3.matrix13_138, boundariesG, boundariesH1,̵ ̵b̵o̵u̵n̵d̵a̵r̵i̵e̵s̵H̵3̵]

Note: This linter can be disabled with `set_option linter.unusedSimpArgs false`
NamedPageComparison/Row2858/Refutation.lean:32:10: warning: This simp argument is unused:
  Fin.val_ofNat

Hint: Omit it from the simp argument list.
  simp [F̵i̵n̵.̵v̵a̵l̵_̵o̵f̵N̵a̵t̵,̵ ̵eval, dot, g.matrix13_138, NamedPageComparison.Row2858.h1.matrix13_138, h3.matrix13_138,
  ̲  ̲ ̲ ̲ ̲ ̲boundariesG, boundariesH1, boundariesH3]

Note: This linter can be disabled with `set_option linter.unusedSimpArgs false`
NamedPageComparison/Row2858/Refutation.lean:32:36: warning: This simp argument is unused:
  g.matrix13_138

Hint: Omit it from the simp argument list.
  simp [Fin.val_ofNat, eval, dot, g̵.̵m̵a̵t̵r̵i̵x̵1̵3̵_̵1̵3̵8̵,̵ ̵NamedPageComparison.Row2858.h1.matrix13_138, h3.matrix13_138,
  ̲  ̲ ̲ ̲ ̲ ̲boundariesG, boundariesH1, boundariesH3]

Note: This linter can be disabled with `set_option linter.unusedSimpArgs false`
NamedPageComparison/Row2858/Refutation.lean:32:97: warning: This simp argument is unused:
  h3.matrix13_138

Hint: Omit it from the simp argument list.
  simp [Fin.val_ofNat, eval, dot, g.matrix13_138, NamedPageComparison.Row2858.h1.matrix13_138,
  ̲ h̵3̵.̵m̵a̵t̵r̵i̵x̵1̵3̵_̵1̵3̵8̵,̵  ̲ ̲ ̲ ̲boundariesG, boundariesH1, boundariesH3]

Note: This linter can be disabled with `set_option linter.unusedSimpArgs false`
NamedPageComparison/Row2858/Refutation.lean:32:114: warning: This simp argument is unused:
  boundariesG

Hint: Omit it from the simp argument list.
  simp [Fin.val_ofNat, eval, dot, g.matrix13_138, NamedPageComparison.Row2858.h1.matrix13_138,
  ̲  ̲ ̲ ̲ ̲ ̲h3.matrix13_138, boundariesG̵,̵ ̵b̵o̵u̵n̵d̵a̵r̵i̵e̵s̵H1, boundariesH3]

Note: This linter can be disabled with `set_option linter.unusedSimpArgs false`
NamedPageComparison/Row2858/Refutation.lean:32:127: warning: This simp argument is unused:
  boundariesH1

Hint: Omit it from the simp argument list.
  simp [Fin.val_ofNat, eval, dot, g.matrix13_138, NamedPageComparison.Row2858.h1.matrix13_138,
  ̲  ̲ ̲ ̲ ̲ ̲h3.matrix13_138, boundariesG, boundariesH1̵,̵ ̵b̵o̵u̵n̵d̵a̵r̵i̵e̵s̵H̵3]

Note: This linter can be disabled with `set_option linter.unusedSimpArgs false`
NamedPageComparison/Row2858/Refutation.lean:32:141: warning: This simp argument is unused:
  boundariesH3

Hint: Omit it from the simp argument list.
  simp [Fin.val_ofNat, eval, dot, g.matrix13_138, NamedPageComparison.Row2858.h1.matrix13_138,
  ̲  ̲ ̲ ̲ ̲ ̲h3.matrix13_138, boundariesG, boundariesH1,̵ ̵b̵o̵u̵n̵d̵a̵r̵i̵e̵s̵H̵3̵]

Note: This linter can be disabled with `set_option linter.unusedSimpArgs false`
NamedPageComparison/Row2858/Refutation.lean:35:10: warning: This simp argument is unused:
  Fin.val_ofNat

Hint: Omit it from the simp argument list.
  simp [F̵i̵n̵.̵v̵a̵l̵_̵o̵f̵N̵a̵t̵,̵ ̵eval, dot, g.matrix13_138, NamedPageComparison.Row2858.h1.matrix13_138, h3.matrix13_138,
  ̲  ̲ ̲ ̲ ̲ ̲boundariesG, boundariesH1, boundariesH3]

Note: This linter can be disabled with `set_option linter.unusedSimpArgs false`
NamedPageComparison/Row2858/Refutation.lean:35:36: warning: This simp argument is unused:
  g.matrix13_138

Hint: Omit it from the simp argument list.
  simp [Fin.val_ofNat, eval, dot, g̵.̵m̵a̵t̵r̵i̵x̵1̵3̵_̵1̵3̵8̵,̵ ̵NamedPageComparison.Row2858.h1.matrix13_138, h3.matrix13_138,
  ̲  ̲ ̲ ̲ ̲ ̲boundariesG, boundariesH1, boundariesH3]

Note: This linter can be disabled with `set_option linter.unusedSimpArgs false`
NamedPageComparison/Row2858/Refutation.lean:35:52: warning: This simp argument is unused:
  NamedPageComparison.Row2858.h1.matrix13_138

Hint: Omit it from the simp argument list.
  simp [Fin.val_ofNat, eval, dot, g.matrix13_138, N̵a̵m̵e̵d̵P̵a̵g̵e̵C̵o̵m̵p̵a̵r̵i̵s̵o̵n̵.̵R̵o̵w̵2̵8̵5̵8̵.̵h̵1̵.̵m̵a̵t̵r̵i̵x̵1̵3̵_̵1̵3̵8̵,̵ ̵h3.matrix13_138, boundariesG, boundariesH1,
  ̲  ̲ ̲ ̲ ̲ ̲boundariesH3]

Note: This linter can be disabled with `set_option linter.unusedSimpArgs false`
NamedPageComparison/Row2858/Refutation.lean:35:114: warning: This simp argument is unused:
  boundariesG

Hint: Omit it from the simp argument list.
  simp [Fin.val_ofNat, eval, dot, g.matrix13_138, NamedPageComparison.Row2858.h1.matrix13_138,
  ̲  ̲ ̲ ̲ ̲ ̲h3.matrix13_138, boundariesG̵,̵ ̵b̵o̵u̵n̵d̵a̵r̵i̵e̵s̵H1, boundariesH3]

Note: This linter can be disabled with `set_option linter.unusedSimpArgs false`
NamedPageComparison/Row2858/Refutation.lean:35:127: warning: This simp argument is unused:
  boundariesH1

Hint: Omit it from the simp argument list.
  simp [Fin.val_ofNat, eval, dot, g.matrix13_138, NamedPageComparison.Row2858.h1.matrix13_138,
  ̲  ̲ ̲ ̲ ̲ ̲h3.matrix13_138, boundariesG, boundariesH1̵,̵ ̵b̵o̵u̵n̵d̵a̵r̵i̵e̵s̵H̵3]

Note: This linter can be disabled with `set_option linter.unusedSimpArgs false`
NamedPageComparison/Row2858/Refutation.lean:35:141: warning: This simp argument is unused:
  boundariesH3

Hint: Omit it from the simp argument list.
  simp [Fin.val_ofNat, eval, dot, g.matrix13_138, NamedPageComparison.Row2858.h1.matrix13_138,
  ̲  ̲ ̲ ̲ ̲ ̲h3.matrix13_138, boundariesG, boundariesH1,̵ ̵b̵o̵u̵n̵d̵a̵r̵i̵e̵s̵H̵3̵]

Note: This linter can be disabled with `set_option linter.unusedSimpArgs false`
NamedPageComparison/Row2858/Refutation.lean:38:10: warning: This simp argument is unused:
  Fin.val_ofNat

Hint: Omit it from the simp argument list.
  simp [F̵i̵n̵.̵v̵a̵l̵_̵o̵f̵N̵a̵t̵,̵ ̵eval, dot, g.matrix13_138, NamedPageComparison.Row2858.h1.matrix13_138, h3.matrix13_138,
  ̲  ̲ ̲ ̲ ̲ ̲boundariesG, boundariesH1, boundariesH3]

Note: This linter can be disabled with `set_option linter.unusedSimpArgs false`
NamedPageComparison/Row2858/Refutation.lean:38:36: warning: This simp argument is unused:
  g.matrix13_138

Hint: Omit it from the simp argument list.
  simp [Fin.val_ofNat, eval, dot, g̵.̵m̵a̵t̵r̵i̵x̵1̵3̵_̵1̵3̵8̵,̵ ̵NamedPageComparison.Row2858.h1.matrix13_138, h3.matrix13_138,
  ̲  ̲ ̲ ̲ ̲ ̲boundariesG, boundariesH1, boundariesH3]

Note: This linter can be disabled with `set_option linter.unusedSimpArgs false`
NamedPageComparison/Row2858/Refutation.lean:38:52: warning: This simp argument is unused:
  NamedPageComparison.Row2858.h1.matrix13_138

Hint: Omit it from the simp argument list.
  simp [Fin.val_ofNat, eval, dot, g.matrix13_138, N̵a̵m̵e̵d̵P̵a̵g̵e̵C̵o̵m̵p̵a̵r̵i̵s̵o̵n̵.̵R̵o̵w̵2̵8̵5̵8̵.̵h̵1̵.̵m̵a̵t̵r̵i̵x̵1̵3̵_̵1̵3̵8̵,̵ ̵h3.matrix13_138, boundariesG, boundariesH1,
  ̲  ̲ ̲ ̲ ̲ ̲boundariesH3]

Note: This linter can be disabled with `set_option linter.unusedSimpArgs false`
NamedPageComparison/Row2858/Refutation.lean:38:97: warning: This simp argument is unused:
  h3.matrix13_138

Hint: Omit it from the simp argument list.
  simp [Fin.val_ofNat, eval, dot, g.matrix13_138, NamedPageComparison.Row2858.h1.matrix13_138,
  ̲ h̵3̵.̵m̵a̵t̵r̵i̵x̵1̵3̵_̵1̵3̵8̵,̵  ̲ ̲ ̲ ̲boundariesG, boundariesH1, boundariesH3]

Note: This linter can be disabled with `set_option linter.unusedSimpArgs false`
NamedPageComparison/Row2858/Refutation.lean:38:114: warning: This simp argument is unused:
  boundariesG

Hint: Omit it from the simp argument list.
  simp [Fin.val_ofNat, eval, dot, g.matrix13_138, NamedPageComparison.Row2858.h1.matrix13_138,
  ̲  ̲ ̲ ̲ ̲ ̲h3.matrix13_138, boundariesG̵,̵ ̵b̵o̵u̵n̵d̵a̵r̵i̵e̵s̵H1, boundariesH3]

Note: This linter can be disabled with `set_option linter.unusedSimpArgs false`
NamedPageComparison/Row2858/Refutation.lean:38:127: warning: This simp argument is unused:
  boundariesH1

Hint: Omit it from the simp argument list.
  simp [Fin.val_ofNat, eval, dot, g.matrix13_138, NamedPageComparison.Row2858.h1.matrix13_138,
  ̲  ̲ ̲ ̲ ̲ ̲h3.matrix13_138, boundariesG, boundariesH1̵,̵ ̵b̵o̵u̵n̵d̵a̵r̵i̵e̵s̵H̵3]

Note: This linter can be disabled with `set_option linter.unusedSimpArgs false`
NamedPageComparison/Row2858/Refutation.lean:38:141: warning: This simp argument is unused:
  boundariesH3

Hint: Omit it from the simp argument list.
  simp [Fin.val_ofNat, eval, dot, g.matrix13_138, NamedPageComparison.Row2858.h1.matrix13_138,
  ̲  ̲ ̲ ̲ ̲ ̲h3.matrix13_138, boundariesG, boundariesH1,̵ ̵b̵o̵u̵n̵d̵a̵r̵i̵e̵s̵H̵3̵]

Note: This linter can be disabled with `set_option linter.unusedSimpArgs false`
NamedPageComparison/Row2858/Refutation.lean:41:10: warning: This simp argument is unused:
  Fin.val_ofNat

Hint: Omit it from the simp argument list.
  simp [F̵i̵n̵.̵v̵a̵l̵_̵o̵f̵N̵a̵t̵,̵ ̵eval, dot, g.matrix13_138, NamedPageComparison.Row2858.h1.matrix13_138, h3.matrix13_138,
  ̲  ̲ ̲ ̲ ̲ ̲boundariesG, boundariesH1, boundariesH3]

Note: This linter can be disabled with `set_option linter.unusedSimpArgs false`
NamedPageComparison/Row2858/Refutation.lean:41:36: warning: This simp argument is unused:
  g.matrix13_138

Hint: Omit it from the simp argument list.
  simp [Fin.val_ofNat, eval, dot, g̵.̵m̵a̵t̵r̵i̵x̵1̵3̵_̵1̵3̵8̵,̵ ̵NamedPageComparison.Row2858.h1.matrix13_138, h3.matrix13_138,
  ̲  ̲ ̲ ̲ ̲ ̲boundariesG, boundariesH1, boundariesH3]

Note: This linter can be disabled with `set_option linter.unusedSimpArgs false`
NamedPageComparison/Row2858/Refutation.lean:41:52: warning: This simp argument is unused:
  NamedPageComparison.Row2858.h1.matrix13_138

Hint: Omit it from the simp argument list.
  simp [Fin.val_ofNat, eval, dot, g.matrix13_138, N̵a̵m̵e̵d̵P̵a̵g̵e̵C̵o̵m̵p̵a̵r̵i̵s̵o̵n̵.̵R̵o̵w̵2̵8̵5̵8̵.̵h̵1̵.̵m̵a̵t̵r̵i̵x̵1̵3̵_̵1̵3̵8̵,̵ ̵h3.matrix13_138, boundariesG, boundariesH1,
  ̲  ̲ ̲ ̲ ̲ ̲boundariesH3]

Note: This linter can be disabled with `set_option linter.unusedSimpArgs false`
NamedPageComparison/Row2858/Refutation.lean:41:97: warning: This simp argument is unused:
  h3.matrix13_138

Hint: Omit it from the simp argument list.
  simp [Fin.val_ofNat, eval, dot, g.matrix13_138, NamedPageComparison.Row2858.h1.matrix13_138,
  ̲ h̵3̵.̵m̵a̵t̵r̵i̵x̵1̵3̵_̵1̵3̵8̵,̵  ̲ ̲ ̲ ̲boundariesG, boundariesH1, boundariesH3]

Note: This linter can be disabled with `set_option linter.unusedSimpArgs false`
NamedPageComparison/Row2858/Refutation.lean:41:114: warning: This simp argument is unused:
  boundariesG

Hint: Omit it from the simp argument list.
  simp [Fin.val_ofNat, eval, dot, g.matrix13_138, NamedPageComparison.Row2858.h1.matrix13_138,
  ̲  ̲ ̲ ̲ ̲ ̲h3.matrix13_138, boundariesG̵,̵ ̵b̵o̵u̵n̵d̵a̵r̵i̵e̵s̵H1, boundariesH3]

Note: This linter can be disabled with `set_option linter.unusedSimpArgs false`
NamedPageComparison/Row2858/Refutation.lean:41:141: warning: This simp argument is unused:
  boundariesH3

Hint: Omit it from the simp argument list.
  simp [Fin.val_ofNat, eval, dot, g.matrix13_138, NamedPageComparison.Row2858.h1.matrix13_138,
  ̲  ̲ ̲ ̲ ̲ ̲h3.matrix13_138, boundariesG, boundariesH1,̵ ̵b̵o̵u̵n̵d̵a̵r̵i̵e̵s̵H̵3̵]

Note: This linter can be disabled with `set_option linter.unusedSimpArgs false`
NamedPageComparison/Row2858/Refutation.lean:44:10: warning: This simp argument is unused:
  Fin.val_ofNat

Hint: Omit it from the simp argument list.
  simp [F̵i̵n̵.̵v̵a̵l̵_̵o̵f̵N̵a̵t̵,̵ ̵eval, dot, g.matrix13_138, NamedPageComparison.Row2858.h1.matrix13_138, h3.matrix13_138,
  ̲  ̲ ̲ ̲ ̲ ̲boundariesG, boundariesH1, boundariesH3]

Note: This linter can be disabled with `set_option linter.unusedSimpArgs false`
NamedPageComparison/Row2858/Refutation.lean:44:36: warning: This simp argument is unused:
  g.matrix13_138

Hint: Omit it from the simp argument list.
  simp [Fin.val_ofNat, eval, dot, g̵.̵m̵a̵t̵r̵i̵x̵1̵3̵_̵1̵3̵8̵,̵ ̵NamedPageComparison.Row2858.h1.matrix13_138, h3.matrix13_138,
  ̲  ̲ ̲ ̲ ̲ ̲boundariesG, boundariesH1, boundariesH3]

Note: This linter can be disabled with `set_option linter.unusedSimpArgs false`
NamedPageComparison/Row2858/Refutation.lean:44:52: warning: This simp argument is unused:
  NamedPageComparison.Row2858.h1.matrix13_138

Hint: Omit it from the simp argument list.
  simp [Fin.val_ofNat, eval, dot, g.matrix13_138, N̵a̵m̵e̵d̵P̵a̵g̵e̵C̵o̵m̵p̵a̵r̵i̵s̵o̵n̵.̵R̵o̵w̵2̵8̵5̵8̵.̵h̵1̵.̵m̵a̵t̵r̵i̵x̵1̵3̵_̵1̵3̵8̵,̵ ̵h3.matrix13_138, boundariesG, boundariesH1,
  ̲  ̲ ̲ ̲ ̲ ̲boundariesH3]

Note: This linter can be disabled with `set_option linter.unusedSimpArgs false`
NamedPageComparison/Row2858/Refutation.lean:44:97: warning: This simp argument is unused:
  h3.matrix13_138

Hint: Omit it from the simp argument list.
  simp [Fin.val_ofNat, eval, dot, g.matrix13_138, NamedPageComparison.Row2858.h1.matrix13_138,
  ̲ h̵3̵.̵m̵a̵t̵r̵i̵x̵1̵3̵_̵1̵3̵8̵,̵  ̲ ̲ ̲ ̲boundariesG, boundariesH1, boundariesH3]

Note: This linter can be disabled with `set_option linter.unusedSimpArgs false`
NamedPageComparison/Row2858/Refutation.lean:44:114: warning: This simp argument is unused:
  boundariesG

Hint: Omit it from the simp argument list.
  simp [Fin.val_ofNat, eval, dot, g.matrix13_138, NamedPageComparison.Row2858.h1.matrix13_138,
  ̲  ̲ ̲ ̲ ̲ ̲h3.matrix13_138, boundariesG̵,̵ ̵b̵o̵u̵n̵d̵a̵r̵i̵e̵s̵H1, boundariesH3]

Note: This linter can be disabled with `set_option linter.unusedSimpArgs false`
NamedPageComparison/Row2858/Refutation.lean:44:127: warning: This simp argument is unused:
  boundariesH1

Hint: Omit it from the simp argument list.
  simp [Fin.val_ofNat, eval, dot, g.matrix13_138, NamedPageComparison.Row2858.h1.matrix13_138,
  ̲  ̲ ̲ ̲ ̲ ̲h3.matrix13_138, boundariesG, boundariesH1̵,̵ ̵b̵o̵u̵n̵d̵a̵r̵i̵e̵s̵H̵3]

Note: This linter can be disabled with `set_option linter.unusedSimpArgs false`
NamedPageComparison/Row2858/Refutation.lean:51:31: error: unsolved goals
case inr.inr.inr.inl
v : Vec 5
hc : Compatible v
h0 : v 0 = false
h1 : v 1 = false
h2 : v 2 = false
⊢ (↑3 == 3 && v 3 ^^ ↑3 == 4 && v 4) = v 3

case inr.inr.inr.inr
v : Vec 5
hc : Compatible v
h0 : v 0 = false
h1 : v 1 = false
h2 : v 2 = false
⊢ (↑4 == 3 && v 3 ^^ ↑4 == 4 && v 4) = v 4
NamedPageComparison/Row2858/Refutation.lean:58:18: warning: This simp argument is unused:
  Fin.val_ofNat

Hint: Omit it from the simp argument list.
  simp [F̵i̵n̵.̵v̵a̵l̵_̵o̵f̵N̵a̵t̵,̵ ̵eval, dot, earlierTarget, h0, h1, h2]

Note: This linter can be disabled with `set_option linter.unusedSimpArgs false`
