[
  {
    "source_id": 3,
    "source_local": 0,
    "source_degree": [
      1,
      2
    ],
    "factor_id": 1,
    "target_degree": [
      2,
      3
    ],
    "target_basis_ids": [],
    "target_coordinates": [],
    "relation_rowids": [
      1
    ]
  },
  {
    "source_id": 5,
    "source_local": 0,
    "source_degree": [
      4,
      4
    ],
    "factor_id": 1,
    "target_degree": [
      5,
      5
    ],
    "target_basis_ids": [
      8
    ],
    "target_coordinates": [
      0
    ],
    "relation_rowids": []
  }
]
