[
  {
    "source_id": 2855,
    "source_local": 0,
    "source_degree": [
      10,
      136
    ],
    "factor_id": 15,
    "target_degree": [
      11,
      144
    ],
    "target_basis_ids": [
      3518,
      3519,
      3520
    ],
    "target_coordinates": [],
    "relation_rowids": [
      12306
    ]
  },
  {
    "source_id": 2856,
    "source_local": 1,
    "source_degree": [
      10,
      136
    ],
    "factor_id": 15,
    "target_degree": [
      11,
      144
    ],
    "target_basis_ids": [
      3518,
      3519,
      3520
    ],
    "target_coordinates": [],
    "relation_rowids": [
      11946,
      1
    ]
  },
  {
    "source_id": 2857,
    "source_local": 2,
    "source_degree": [
      10,
      136
    ],
    "factor_id": 15,
    "target_degree": [
      11,
      144
    ],
    "target_basis_ids": [
      3518,
      3519,
      3520
    ],
    "target_coordinates": [],
    "relation_rowids": [
      11949,
      12310
    ]
  },
  {
    "source_id": 2858,
    "source_local": 3,
    "source_degree": [
      10,
      136
    ],
    "factor_id": 15,
    "target_degree": [
      11,
      144
    ],
    "target_basis_ids": [
      3518,
      3519,
      3520
    ],
    "target_coordinates": [],
    "relation_rowids": [
      12308
    ]
  },
  {
    "source_id": 2859,
    "source_local": 4,
    "source_degree": [
      10,
      136
    ],
    "factor_id": 15,
    "target_degree": [
      11,
      144
    ],
    "target_basis_ids": [
      3518,
      3519,
      3520
    ],
    "target_coordinates": [],
    "relation_rowids": [
      9
    ]
  },
  {
    "source_id": 3008,
    "source_local": 0,
    "source_degree": [
      13,
      138
    ],
    "factor_id": 15,
    "target_degree": [
      14,
      146
    ],
    "target_basis_ids": [
      3653,
      3654,
      3655,
      3656,
      3657
    ],
    "target_coordinates": [],
    "relation_rowids": [
      155,
      156,
      12356,
      12359,
      1
    ]
  },
  {
    "source_id": 3009,
    "source_local": 1,
    "source_degree": [
      13,
      138
    ],
    "factor_id": 15,
    "target_degree": [
      14,
      146
    ],
    "target_basis_ids": [
      3653,
      3654,
      3655,
      3656,
      3657
    ],
    "target_coordinates": [
      1
    ],
    "relation_rowids": []
  },
  {
    "source_id": 3010,
    "source_local": 2,
    "source_degree": [
      13,
      138
    ],
    "factor_id": 15,
    "target_degree": [
      14,
      146
    ],
    "target_basis_ids": [
      3653,
      3654,
      3655,
      3656,
      3657
    ],
    "target_coordinates": [
      3
    ],
    "relation_rowids": []
  },
  {
    "source_id": 3011,
    "source_local": 3,
    "source_degree": [
      13,
      138
    ],
    "factor_id": 15,
    "target_degree": [
      14,
      146
    ],
    "target_basis_ids": [
      3653,
      3654,
      3655,
      3656,
      3657
    ],
    "target_coordinates": [],
    "relation_rowids": [
      9
    ]
  },
  {
    "source_id": 3012,
    "source_local": 4,
    "source_degree": [
      13,
      138
    ],
    "factor_id": 15,
    "target_degree": [
      14,
      146
    ],
    "target_basis_ids": [
      3653,
      3654,
      3655,
      3656,
      3657
    ],
    "target_coordinates": [],
    "relation_rowids": [
      9
    ]
  }
]
