3 6,132:d3:row2574 [('2047477', 'T', ''), ('2047478', 'T', '2'), ('2421936', '[NULL]', '[NULL]'), ('2603892', '[NULL]', '[NULL]')]
2 54,180:d2:row7008 []
2 4,132:d3:row2576 []
2 7,134:d3:row2708 [('2422713', '[NULL]', '[NULL]'), ('2603924', '[NULL]', '[NULL]')]
2 9,134:d3:row2695 []
2 11,137:d3:row2925 []
2 14,139:d3:row3080 []
2 16,140:d3:row3147 []
2 19,143:d3:row3390 []
2 11,137:d4:row2925 [('295724', 'N', '')]
2 16,140:d4:row3147 []
2 11,136:d5:row2852 [('2423248', '[NULL]', '[NULL]')]
1 49,177:d2:row6656 []
1 49,177:d2:row6657 []
1 51,177:d2:row6652 []
1 51,177:d2:row6653 []
1 51,178:d2:row6788 []
1 52,177:d2:row6651 []
1 52,179:d2:row6894 []
1 53,179:d2:row6893 []
