{
  "2696": {
    "raw": [
      2696,
      9,
      134,
      "3",
      null,
      9993
    ],
    "exact_source_rows": 3,
    "all_degree_rows": 14,
    "requested_page_rows": [
      {
        "active_trial": null,
        "degree_role": "source2696",
        "end_line": 935536,
        "fields": {
          "depth": "0",
          "dx": "[NULL]",
          "id": "2422885",
          "info": "[NULL]",
          "name": "S0",
          "r": "7",
          "reason": "[NULL]",
          "s": "9",
          "stem": "125",
          "t": "134",
          "x": "3"
        },
        "file": "proofs-part3.csv",
        "match": "degree",
        "previous_ids": [
          "2422880",
          "2422881",
          "2422882",
          "2422883",
          "2422884"
        ],
        "start_line": 935536,
        "classification": "grey_hint_not_deduction"
      }
    ],
    "requested_page_info_count": 0,
    "current_target_window": {
      "first": 2,
      "last": 3,
      "basis_rows": [
        [
          3147,
          16,
          140,
          "4",
          null,
          9000
        ]
      ],
      "candidates": [
        [],
        [
          4
        ]
      ],
      "includes_zero": true,
      "scope": "Current pinned staircase search window only; not a historical candidate list or Adams page computation."
    },
    "conclusion": "next_unresolved_page; no_nonzero_value_or_eventual_death_inferred"
  },
  "2852": {
    "raw": [
      2852,
      11,
      136,
      "3",
      null,
      9995
    ],
    "exact_source_rows": 5,
    "all_degree_rows": 13,
    "requested_page_rows": [
      {
        "active_trial": null,
        "degree_role": "source2852",
        "end_line": 935913,
        "fields": {
          "depth": "0",
          "dx": "[NULL]",
          "id": "2423248",
          "info": "[NULL]",
          "name": "S0",
          "r": "5",
          "reason": "[NULL]",
          "s": "11",
          "stem": "125",
          "t": "136",
          "x": "3"
        },
        "file": "proofs-part3.csv",
        "match": "degree",
        "previous_ids": [
          "2423243",
          "2423244",
          "2423245",
          "2423246",
          "2423247"
        ],
        "start_line": 935913,
        "classification": "grey_hint_not_deduction"
      }
    ],
    "requested_page_info_count": 0,
    "current_target_window": {
      "first": 2,
      "last": 3,
      "basis_rows": [
        [
          3147,
          16,
          140,
          "4",
          null,
          9000
        ]
      ],
      "candidates": [
        [],
        [
          4
        ]
      ],
      "includes_zero": true,
      "scope": "Current pinned staircase search window only; not a historical candidate list or Adams page computation."
    },
    "conclusion": "next_unresolved_page; no_nonzero_value_or_eventual_death_inferred"
  }
}
