Family 0
GeneratedBatch0 0
GeneratedBatch1 0
GeneratedBatch2 0
GeneratedBatch3 0
GeneratedBatch4 0
GeneratedBatch5 0
GeneratedBatch6 0
GeneratedBatch7 0
GeneratedBatch8 0
GeneratedBatch9 0
GeneratedAll 0
GeneratedEntries 0
GeneratedPairs00 0
GeneratedPairs01 0
GeneratedPairs02 0
GeneratedPairs03 0
GeneratedPairs04 0
GeneratedPairs05 0
GeneratedPairs06 0
GeneratedPairs07 0
GeneratedPairs08 0
GeneratedPairs09 0
GeneratedPairs10 0
GeneratedPairs11 0
GeneratedPairs12 0
GeneratedPairs13 0
GeneratedPairs14 0
GeneratedCoherence 0
29 modules compiled with exact inputs and actual successful exits
