'FilteredExtensionCertificateCompleteness.Examples.empty_valid' depends on axioms: [propext,
 Classical.choice,
 Quot.sound]
'FilteredExtensionCertificateCompleteness.Examples.identity_valid' depends on axioms: [propext,
 Classical.choice,
 Quot.sound]
'FilteredExtensionCertificateCompleteness.Examples.wrong_output_invalid' depends on axioms: [propext,
 Classical.choice,
 Quot.sound]
'FilteredExtensionCertificateCompleteness.Examples.beyond_depth_invalid' depends on axioms: [propext,
 Classical.choice,
 Quot.sound]
'FilteredExtensionCertificateCompleteness.Examples.not_decreasing_invalid' depends on axioms: [propext,
 Classical.choice,
 Quot.sound]
'FilteredExtensionCertificateCompleteness.Examples.not_preserving_invalid' depends on axioms: [propext,
 Classical.choice,
 Quot.sound]
'FilteredExtensionCertificateCompleteness.Examples.corrected_valid' depends on axioms: [propext,
 Classical.choice,
 Quot.sound]
'FilteredExtensionCertificateCompleteness.Examples.semantic_witness_is_enough' depends on axioms: [propext,
 Classical.choice,
 Quot.sound]
