'FilteredExtensionCertificateCompleteness.dot_basis' depends on axioms: [propext, Quot.sound]
'FilteredExtensionCertificateCompleteness.checkImage_complete' depends on axioms: [propext,
 Classical.choice,
 Quot.sound]
'FilteredExtensionCertificateCompleteness.checkFactor_complete' depends on axioms: [propext,
 Classical.choice,
 Quot.sound]
'FilteredExtensionCertificateCompleteness.checkFactor_exists_iff' depends on axioms: [propext,
 Classical.choice,
 Quot.sound]
'FilteredExtensionCertificateCompleteness.checkPreserves_complete' depends on axioms: [propext,
 Classical.choice,
 Quot.sound]
'FilteredExtensionCertificateCompleteness.checkPreserves_exists_iff' depends on axioms: [propext,
 Classical.choice,
 Quot.sound]
'FilteredExtensionCertificateCompleteness.checkExtension_complete' depends on axioms: [propext,
 Classical.choice,
 Quot.sound]
'FilteredExtensionCertificateCompleteness.checkExtension_exists_iff' depends on axioms: [propext,
 Classical.choice,
 Quot.sound]
