{
  "status": "passed",
  "branches": [
    {
      "case": "zero_a0",
      "entries": 1355,
      "quotient_pairs": 9689,
      "adjacent": 1035,
      "consecutive": 853
    },
    {
      "case": "zero_a1",
      "entries": 1355,
      "quotient_pairs": 9677,
      "adjacent": 1035,
      "consecutive": 853
    },
    {
      "case": "residual_a0",
      "entries": 1364,
      "quotient_pairs": 9701,
      "adjacent": 1042,
      "consecutive": 862
    },
    {
      "case": "residual_a1",
      "entries": 1367,
      "quotient_pairs": 9698,
      "adjacent": 1045,
      "consecutive": 864
    }
  ],
  "frozen_files": 60,
  "modules": 7,
  "standard_axiom_reports": 37,
  "review_source_sha256": "e9dd4e9210d362d09fb163755088e8c5e842450e6d1a63ec28e66accd6b5f1d6",
  "scope": "Exact union and finite trajectory binding; actual complete local maps remain premises. Prefix10 is independently supplied; coherence alone does not realize actual neighboring pages."
}
