C2__S0 [14, 140] exact_E3_lift [(3182, 14, 140, '3', '1,2', 3), (3183, 14, 140, '2', '1', 3), (3184, 14, 140, '1', '0', 3), (3185, 14, 140, '0', None, 9989)]
Ceta__S0 [14, 141] exact_E3_lift [(5164, 14, 141, '2,3', '0', 2), (5165, 14, 141, '3', '7', 2), (5166, 14, 141, '1', '4', 9997), (5167, 14, 141, '0', '1', 9998), (5168, 14, 141, '4', '4', 9998)]
Cnu__S0 [14, 143] exact_E3_lift [(4910, 14, 143, '2', '5', 2), (4911, 14, 143, '0', '1', 2), (4912, 14, 143, '4', '4', 3), (4913, 14, 143, '3', None, 9000), (4914, 14, 143, '1,5', None, 9995), (4915, 14, 143, '5', '1', 9997)]
Csigma__S0 [14, 147] exact_E3_lift [(5620, 14, 147, '3', None, 9000), (5621, 14, 147, '1', None, 9994), (5622, 14, 147, '2', None, 9994), (5623, 14, 147, '4', None, 9994), (5624, 14, 147, '0', '1', 9998)]
CW_eta_2__Q_CW_nu_eta_2 [13, 135] exact_E3_lift [(3162, 13, 135, '2,3', None, 9995), (3163, 13, 135, '0', '3,4', 9996), (3164, 13, 135, '3', '2', 9997), (3165, 13, 135, '1', None, 9997)]
CW_eta_nu__Q_CW_2_eta_nu [13, 138] exact_E3_lift [(4731, 13, 138, '4,5', '1', 2), (4732, 13, 138, '5', '0', 2), (4733, 13, 138, '3', '5', 9997), (4734, 13, 138, '2', None, 9997), (4735, 13, 138, '1', '3,4', 9998), (4736, 13, 138, '0', '3', 9998)]
CW_eta_nu_sigma__S0_by_2 [13, 138] exact_E3_lift [(5426, 13, 138, '6', '2', 2), (5427, 13, 138, '2', '3', 2), (5428, 13, 138, '5', '0,2', 2), (5429, 13, 138, '4', '4', 9997), (5430, 13, 138, '3', None, 9997), (5431, 13, 138, '1', '3', 9998), (5432, 13, 138, '0', '2', 9998)]
CW_nu_eta_2__S0_by_sigma [13, 131] no_E3_lift [(2424, 13, 131, '1', '3', 2), (2425, 13, 131, '0', None, 9000), (2426, 13, 131, '2', '2', 9997)]
CW_nu_eta__S0_by_sigma [13, 131] no_E3_lift [(3938, 13, 131, '2', '3', 2), (3939, 13, 131, '1', '4', 2), (3940, 13, 131, '0,3', None, 9996), (3941, 13, 131, '3', '1,3', 9997)]
CW_nu_sigma__S0_by_eta [13, 137] exact_E3_lift [(5136, 13, 137, '3', '6', 2), (5137, 13, 137, '1', '1', 3), (5138, 13, 137, '2', None, 9995), (5139, 13, 137, '0', '5', 9998)]
Ceta__Q_CW_2_eta [13, 138] no_E3_lift [(4776, 13, 138, '0', '2', 2), (4777, 13, 138, '2,4', '1,2', 2), (4778, 13, 138, '3', '0,1', 2), (4779, 13, 138, '4', '6', 2), (4780, 13, 138, '1', '1,2', 3)]
Ceta__Q_CW_nu_eta [13, 135] no_E3_lift [(4398, 13, 135, '0,2', '0', 2), (4399, 13, 135, '2', '4', 2), (4400, 13, 135, '1', '2', 9997)]
Cnu__Q_CW_eta_nu [13, 137] exact_E3_lift [(4169, 13, 137, '3', '4', 2), (4170, 13, 137, '0', '1', 3), (4171, 13, 137, '1', None, 9000), (4172, 13, 137, '2', None, 9995)]
Cnu__Q_CW_sigma_nu [13, 131] no_E3_lift [(3559, 13, 131, '2', '1', 2), (3560, 13, 131, '1', '2', 2), (3561, 13, 131, '0', '2', 9997), (3562, 13, 131, '3', '4', 9998)]
Csigma__Q_CW_nu_sigma [13, 135] no_E3_lift [(4236, 13, 135, '2', '0', 2), (4237, 13, 135, '0', None, 9000), (4238, 13, 135, '1', None, 9000)]
Csigmasq__S0 [14, 154] unknown no such column: d2
Csigmasq__Q_C2h4 [13, 138] unknown no such column: d2
Csigmasq__S0_by_sigmasq [12, 123] unknown no such column: d2
C2h4__S0 [14, 155] no_E3_lift [(7391, 14, 155, '2', '1', 2), (7392, 14, 155, '1', None, 9956), (7393, 14, 155, '0', '3', 9998)]
C2__Q_DC2h4 [13, 124] exact_E3_lift [(2085, 13, 124, '1', '0', 9997), (2086, 13, 124, '0', '0,1', 9998)]
C2h4__S0_by_sigmasq [13, 124] exact_E3_lift [(3440, 13, 124, '1', None, 9000), (3441, 13, 124, '2', '1', 9997), (3442, 13, 124, '0', '1', 9998)]
C2h5__S0 [14, 171] unknown unknown d2 in complete quotient at basis id 9302
C2__Q_DC2h5 [13, 108] no_E3_lift [(1404, 13, 108, '1', '1', 4), (1405, 13, 108, '0', '1', 9998)]
C2h5__S0_by_theta4 [13, 108] no_E3_lift [(1941, 13, 108, '2', '2', 4), (1942, 13, 108, '0', '1', 9997), (1943, 13, 108, '1', '3', 9998)]
Ctheta4__Q_C2h5 [13, 138] unknown no such column: d2
Ctheta4__S0 [14, 170] unknown no such column: d2
Ctheta4__S0_by_theta4 [12, 107] unknown no such column: d2
C2h6__S0 [14, 203] unknown E2 degree t=204 exceeds t_max=200
C2__Q_DC2h6 [13, 76] no_E3_lift [(536, 13, 76, '0', '0', 9996)]
C2h6__S0_by_theta5 [13, 76] no_E3_lift [(544, 13, 76, '0', '0', 9996)]
Ctheta5__Q_C2h6 [13, 138] unknown no such column: d2
Ctheta5__S0 [14, 202] unknown E2 degree t=203 exceeds t_max=200
C2sigma__S0 [14, 147] unknown no such column: d2
C2__Q_CW_2_A_eta [13, 138] exact_E3_lift [(3032, 13, 138, '4', '1', 3), (3033, 13, 138, '0', '2', 4), (3034, 13, 138, '3', None, 9000), (3035, 13, 138, '2,5', None, 9994), (3036, 13, 138, '5', '2', 9997), (3037, 13, 138, '1', '0', 9997)]
Ceta__Q_CW_2_A_eta [13, 140] no_E3_lift [(5020, 13, 140, '3,4', '0', 2), (5021, 13, 140, '4', '0,2', 2), (5022, 13, 140, '6', '1', 2), (5023, 13, 140, '2', '1', 3), (5024, 13, 140, '5', '4', 3), (5025, 13, 140, '1', None, 9000), (5026, 13, 140, '0', None, 9000), (5027, 13, 140, '7', '4', 9998)]
Ceta__Q_CW_eta_A_nu [13, 137] no_E3_lift [(4633, 13, 137, '1', '1', 2), (4634, 13, 137, '5', '5', 2), (4635, 13, 137, '2,4', '3,5', 3), (4636, 13, 137, '4', '5', 3), (4637, 13, 137, '3', None, 9000), (4638, 13, 137, '0', '2', 9998)]
Cnu__Q_CW_eta_A_nu [13, 141] exact_E3_lift [(4673, 13, 141, '5', '0,1', 2), (4674, 13, 141, '2', '1', 2), (4675, 13, 141, '4', '4', 3), (4676, 13, 141, '0,1', None, 9994), (4677, 13, 141, '1', '2', 9997), (4678, 13, 141, '3', '5', 9998)]
Cnu__Q_CW_nu_A_sigma [13, 135] no_E3_lift [(3969, 13, 135, '5', '1', 3), (3970, 13, 135, '3', None, 9000), (3971, 13, 135, '0,2,4', None, 9000), (3972, 13, 135, '4', None, 9995), (3973, 13, 135, '1', '1', 9997), (3974, 13, 135, '2', '2,3', 9998)]
Csigma__Q_CW_nu_A_sigma [13, 143] no_E3_lift [(5107, 13, 143, '1', '1', 2), (5108, 13, 143, '3,4', '1', 3), (5109, 13, 143, '0', None, 9000), (5110, 13, 143, '2', '2', 9992), (5111, 13, 143, '4', '2', 9998)]
CW_2_V_eta__S1 [14, 140] unknown no such column: d2
CW_2_V_eta__S2 [14, 141] unknown no such column: d2
CW_2_A_eta__Q_C2_Ceta [13, 138] unknown no such column: d2
RP1_256__S0 [13, 138] unknown no such column: d2
