{
  "status": "passed",
  "counts": {
    "models_with_nonzero_zero_label": 384,
    "whole_cycle_transitions": 1024,
    "representative_independence_pairs": 512,
    "whole_next_coordinate_equations": 512,
    "whole_source_zero_checks": 256,
    "whole_descent_models": 256,
    "whole_target_zero_reflection_checks": 256,
    "missing_transition_countermodels": 128
  },
  "meaning": "All actual current operations and page identifications are explicit transported structures; no topological realization is asserted.",
  "sha256": {
    "actual_descent_model_check.py": "f2334ad9795ebaf123a028235a6efb75bb8ee6aa8532baeff1b59238c40664d8",
    "parameters.json": "c8b0673cc861bb967fb25d8a6dbad1b82c4bbf20b718731acbee29660bd14c9b",
    "c2h5-e4-candidates.json": "832d5af3ae1ad3483d9cf5f11a8d7a757c26cbabdc028caddf4b06f30f21325d",
    "ActualDescent.lean": "6d39e97a5677237ab1ad2c4d3293144046d22152c7f5062f90c0abe1098f508a"
  }
}
