{
  "status": "independently_replayed_bounded_search_not_a_Lean_theorem",
  "deterministic_rerun": false,
  "map_records": 70,
  "counts": {
    "candidate_needs_full_map_compatibility": 3,
    "source_nonzero_quotient": 23,
    "target_zero_quotient": 23,
    "unknown": 21
  },
  "complete_cycle_quotients": 102,
  "noncycle_images": 0,
  "reduction_steps": 164,
  "explicit_ring_relation_lifts": 78,
  "requested_max_s": 20,
  "requested_max_t": 265,
  "viable_candidates": [
    "S0__C2h5",
    "S0__S0_by_kappa",
    "S0__C2_by_h5"
  ],
  "report_sha256": "9f7a55d80bf5e45f8fb7c99d4a40e965cc14f778037fcc92280020ca46fa6f35",
  "review_script_sha256": "557efe11ed1b33c89b3d02c88de0eaab66f5c627b6e77736e0f8b83eaf76fcc2"
}
