Row3136FamilyBranches/Actual.lean:86:6: error: Tactic `rewrite` failed: motive is not type correct:
  fun _a => eval (Row3136SquareCandidates.targetDifferential _a) (eval M.matrix v) = zero
Error: Application type mismatch: The argument
  T
has type
  Row3136SquareCandidates.Actual.TargetMeaning S u
but is expected to have type
  Row3136SquareCandidates.Actual.TargetMeaning S _a
in the application
  @SourceMeaning.matrix S P _a T

Explanation: The rewrite tactic rewrites an expression 'e' using an equality 'a = b' by the following process. First, it looks for all 'a' in 'e'. Second, it tries to abstract these occurrences of 'a' to create a function 'm := fun _a => ...', called the *motive*, with the property that 'm a' is definitionally equal to 'e'. Third, we observe that 'congrArg' implies that 'm a = m b', which can be used with lemmas such as 'Eq.mpr' to change the goal. However, if 'e' depends on specific properties of 'a', then the motive 'm' might not typecheck.

Possible solutions: use rewrite's 'occs' configuration option to limit which occurrences are rewritten, or use 'simp' or 'conv' mode, which have strategies for certain kinds of dependencies (these tactics can handle proofs and 'Decidable' instances whose types depend on the rewritten term, and 'simp' can apply user-defined '@[congr]' theorems as well).

S : AdamsSpectralSequence
P : CertifiedAdamsProduct S
u : Bool
T : Row3136SquareCandidates.Actual.TargetMeaning S u
W : ParameterWitness S P u T
M : SourceMeaning S P u T
v : Vec 2
x : (S.element 3 sourceDegree).carrier := M.source.equivalence.symm v
hx : M.source.equivalence x = v
h :
  T.next.equivalence
      ((S.differential 3 Row3136SquareCandidates.Actual.targetDegree).toFun ((S.differential 3 sourceDegree).toFun x)) =
    eval (Row3136SquareCandidates.targetDifferential u) (eval M.matrix v)
finite : eval (Row3136SquareCandidates.targetDifferential u) (eval M.matrix v) = zero
⊢ eval (Row3136SquareCandidates.targetDifferential false) (eval M.matrix v) = zero
'Row3136FamilyBranches.Actual.parameter_zero' depends on axioms: [propext, Classical.choice, Quot.sound]
'Row3136FamilyBranches.Actual.second_column_zero' depends on axioms: [propext, Classical.choice, Quot.sound]
'Row3136FamilyBranches.Actual.complete_matrix_candidates' depends on axioms: [propext, Classical.choice, Quot.sound]
'Row3136FamilyBranches.Actual.actual_complete_matrix' depends on axioms: [propext,
 sorryAx,
 Classical.choice,
 Quot.sound]
'Row3136FamilyBranches.Actual.outgoing_swap' depends on axioms: [propext, Classical.choice, Quot.sound]
'Row3136FamilyBranches.Actual.incoming_swap' depends on axioms: [propext, Classical.choice, Quot.sound]
'Row3136FamilyBranches.Actual.target_binding' depends on axioms: [propext, Classical.choice, Quot.sound]
'Row3136FamilyBranches.Actual.actual_selected_family' depends on axioms: [propext,
 sorryAx,
 Classical.choice,
 Quot.sound]
'Row3136FamilyBranches.Actual.actual_rebased_d4_zero' depends on axioms: [propext, Quot.sound]
