'Row3136FamilyBranches.CoordinateBridge.source_compatible' depends on axioms: [propext, Quot.sound]
'Row3136FamilyBranches.CoordinateBridge.source_reverse_compatible' depends on axioms: [propext, Quot.sound]
'Row3136FamilyBranches.CoordinateBridge.target_compatible' depends on axioms: [propext, Quot.sound]
'Row3136FamilyBranches.CoordinateBridge.target_reverse_compatible' depends on axioms: [propext, Quot.sound]
'Row3136FamilyBranches.CoordinateBridge.source_coordinate_inverses' depends on axioms: [propext,
 Classical.choice,
 Quot.sound]
'Row3136FamilyBranches.CoordinateBridge.target_coordinate_inverses' depends on axioms: [propext,
 Classical.choice,
 Quot.sound]
'Row3136FamilyBranches.CoordinateBridge.source_coordinates_all' depends on axioms: [propext,
 Classical.choice,
 Quot.sound]
'Row3136FamilyBranches.CoordinateBridge.target_coordinates_all' depends on axioms: [propext,
 Classical.choice,
 Quot.sound]
'Row3136FamilyBranches.CoordinateBridge.canonical_named_to_staircase' depends on axioms: [propext,
 Classical.choice,
 Quot.sound]
'Row3136FamilyBranches.CoordinateBridge.canonical_second_to_staircase' depends on axioms: [propext,
 Classical.choice,
 Quot.sound]
