[
  {
    "source_id": 3145,
    "source_local": 0,
    "source_degree": [
      16,
      140
    ],
    "factor_id": 72,
    "target_degree": [
      20,
      164
    ],
    "target_basis_ids": [
      5259,
      5260,
      5261
    ],
    "target_coordinates": [
      1
    ],
    "relation_rowids": []
  },
  {
    "source_id": 3146,
    "source_local": 1,
    "source_degree": [
      16,
      140
    ],
    "factor_id": 72,
    "target_degree": [
      20,
      164
    ],
    "target_basis_ids": [
      5259,
      5260,
      5261
    ],
    "target_coordinates": [],
    "relation_rowids": [
      21338
    ]
  },
  {
    "source_id": 3147,
    "source_local": 2,
    "source_degree": [
      16,
      140
    ],
    "factor_id": 72,
    "target_degree": [
      20,
      164
    ],
    "target_basis_ids": [
      5259,
      5260,
      5261
    ],
    "target_coordinates": [],
    "relation_rowids": [
      21989
    ]
  },
  {
    "source_id": 3148,
    "source_local": 3,
    "source_degree": [
      16,
      140
    ],
    "factor_id": 72,
    "target_degree": [
      20,
      164
    ],
    "target_basis_ids": [
      5259,
      5260,
      5261
    ],
    "target_coordinates": [],
    "relation_rowids": [
      21301
    ]
  },
  {
    "source_id": 3149,
    "source_local": 4,
    "source_degree": [
      16,
      140
    ],
    "factor_id": 72,
    "target_degree": [
      20,
      164
    ],
    "target_basis_ids": [
      5259,
      5260,
      5261
    ],
    "target_coordinates": [],
    "relation_rowids": [
      21302
    ]
  },
  {
    "source_id": 3313,
    "source_local": 0,
    "source_degree": [
      19,
      142
    ],
    "factor_id": 72,
    "target_degree": [
      23,
      166
    ],
    "target_basis_ids": [
      5462,
      5463,
      5464,
      5465
    ],
    "target_coordinates": [
      1
    ],
    "relation_rowids": []
  },
  {
    "source_id": 3314,
    "source_local": 1,
    "source_degree": [
      19,
      142
    ],
    "factor_id": 72,
    "target_degree": [
      23,
      166
    ],
    "target_basis_ids": [
      5462,
      5463,
      5464,
      5465
    ],
    "target_coordinates": [],
    "relation_rowids": [
      192,
      6341
    ]
  },
  {
    "source_id": 3315,
    "source_local": 2,
    "source_degree": [
      19,
      142
    ],
    "factor_id": 72,
    "target_degree": [
      23,
      166
    ],
    "target_basis_ids": [
      5462,
      5463,
      5464,
      5465
    ],
    "target_coordinates": [],
    "relation_rowids": [
      60
    ]
  },
  {
    "source_id": 3316,
    "source_local": 3,
    "source_degree": [
      19,
      142
    ],
    "factor_id": 72,
    "target_degree": [
      23,
      166
    ],
    "target_basis_ids": [
      5462,
      5463,
      5464,
      5465
    ],
    "target_coordinates": [],
    "relation_rowids": [
      40
    ]
  }
]
