[
  {
    "source_id": 3145,
    "source_local": 0,
    "source_degree": [
      16,
      140
    ],
    "factor_id": 1,
    "target_degree": [
      17,
      141
    ],
    "target_basis_ids": [
      3249,
      3250,
      3251,
      3252
    ],
    "target_coordinates": [],
    "relation_rowids": [
      5730
    ]
  },
  {
    "source_id": 3146,
    "source_local": 1,
    "source_degree": [
      16,
      140
    ],
    "factor_id": 1,
    "target_degree": [
      17,
      141
    ],
    "target_basis_ids": [
      3249,
      3250,
      3251,
      3252
    ],
    "target_coordinates": [],
    "relation_rowids": [
      1
    ]
  },
  {
    "source_id": 3147,
    "source_local": 2,
    "source_degree": [
      16,
      140
    ],
    "factor_id": 1,
    "target_degree": [
      17,
      141
    ],
    "target_basis_ids": [
      3249,
      3250,
      3251,
      3252
    ],
    "target_coordinates": [
      1
    ],
    "relation_rowids": []
  },
  {
    "source_id": 3148,
    "source_local": 3,
    "source_degree": [
      16,
      140
    ],
    "factor_id": 1,
    "target_degree": [
      17,
      141
    ],
    "target_basis_ids": [
      3249,
      3250,
      3251,
      3252
    ],
    "target_coordinates": [
      2
    ],
    "relation_rowids": []
  },
  {
    "source_id": 3149,
    "source_local": 4,
    "source_degree": [
      16,
      140
    ],
    "factor_id": 1,
    "target_degree": [
      17,
      141
    ],
    "target_basis_ids": [
      3249,
      3250,
      3251,
      3252
    ],
    "target_coordinates": [
      3
    ],
    "relation_rowids": []
  },
  {
    "source_id": 3313,
    "source_local": 0,
    "source_degree": [
      19,
      142
    ],
    "factor_id": 1,
    "target_degree": [
      20,
      143
    ],
    "target_basis_ids": [
      3388
    ],
    "target_coordinates": [],
    "relation_rowids": [
      192,
      40
    ]
  },
  {
    "source_id": 3314,
    "source_local": 1,
    "source_degree": [
      19,
      142
    ],
    "factor_id": 1,
    "target_degree": [
      20,
      143
    ],
    "target_basis_ids": [
      3388
    ],
    "target_coordinates": [],
    "relation_rowids": [
      12087
    ]
  },
  {
    "source_id": 3315,
    "source_local": 2,
    "source_degree": [
      19,
      142
    ],
    "factor_id": 1,
    "target_degree": [
      20,
      143
    ],
    "target_basis_ids": [
      3388
    ],
    "target_coordinates": [],
    "relation_rowids": [
      12088
    ]
  },
  {
    "source_id": 3316,
    "source_local": 3,
    "source_degree": [
      19,
      142
    ],
    "factor_id": 1,
    "target_degree": [
      20,
      143
    ],
    "target_basis_ids": [
      3388
    ],
    "target_coordinates": [],
    "relation_rowids": [
      12089
    ]
  }
]
