[
  {
    "source_id": 3145,
    "source_local": 0,
    "source_degree": [
      16,
      140
    ],
    "factor_id": 3,
    "target_degree": [
      17,
      142
    ],
    "target_basis_ids": [
      3319,
      3320
    ],
    "target_coordinates": [],
    "relation_rowids": [
      26,
      5730
    ]
  },
  {
    "source_id": 3146,
    "source_local": 1,
    "source_degree": [
      16,
      140
    ],
    "factor_id": 3,
    "target_degree": [
      17,
      142
    ],
    "target_basis_ids": [
      3319,
      3320
    ],
    "target_coordinates": [
      0
    ],
    "relation_rowids": [
      11680
    ]
  },
  {
    "source_id": 3147,
    "source_local": 2,
    "source_degree": [
      16,
      140
    ],
    "factor_id": 3,
    "target_degree": [
      17,
      142
    ],
    "target_basis_ids": [
      3319,
      3320
    ],
    "target_coordinates": [],
    "relation_rowids": [
      1
    ]
  },
  {
    "source_id": 3148,
    "source_local": 3,
    "source_degree": [
      16,
      140
    ],
    "factor_id": 3,
    "target_degree": [
      17,
      142
    ],
    "target_basis_ids": [
      3319,
      3320
    ],
    "target_coordinates": [],
    "relation_rowids": [
      1
    ]
  },
  {
    "source_id": 3149,
    "source_local": 4,
    "source_degree": [
      16,
      140
    ],
    "factor_id": 3,
    "target_degree": [
      17,
      142
    ],
    "target_basis_ids": [
      3319,
      3320
    ],
    "target_coordinates": [],
    "relation_rowids": [
      1
    ]
  },
  {
    "source_id": 3313,
    "source_local": 0,
    "source_degree": [
      19,
      142
    ],
    "factor_id": 3,
    "target_degree": [
      20,
      144
    ],
    "target_basis_ids": [
      3484,
      3485
    ],
    "target_coordinates": [],
    "relation_rowids": [
      26,
      188,
      190,
      40
    ]
  },
  {
    "source_id": 3314,
    "source_local": 1,
    "source_degree": [
      19,
      142
    ],
    "factor_id": 3,
    "target_degree": [
      20,
      144
    ],
    "target_basis_ids": [
      3484,
      3485
    ],
    "target_coordinates": [],
    "relation_rowids": [
      1
    ]
  },
  {
    "source_id": 3315,
    "source_local": 2,
    "source_degree": [
      19,
      142
    ],
    "factor_id": 3,
    "target_degree": [
      20,
      144
    ],
    "target_basis_ids": [
      3484,
      3485
    ],
    "target_coordinates": [],
    "relation_rowids": [
      1
    ]
  },
  {
    "source_id": 3316,
    "source_local": 3,
    "source_degree": [
      19,
      142
    ],
    "factor_id": 3,
    "target_degree": [
      20,
      144
    ],
    "target_basis_ids": [
      3484,
      3485
    ],
    "target_coordinates": [],
    "relation_rowids": [
      1
    ]
  }
]
