[
  {
    "source_id": 3145,
    "source_local": 0,
    "source_degree": [
      16,
      140
    ],
    "factor_id": 15,
    "target_degree": [
      17,
      148
    ],
    "target_basis_ids": [],
    "target_coordinates": [],
    "relation_rowids": [
      47,
      7933,
      27
    ]
  },
  {
    "source_id": 3146,
    "source_local": 1,
    "source_degree": [
      16,
      140
    ],
    "factor_id": 15,
    "target_degree": [
      17,
      148
    ],
    "target_basis_ids": [],
    "target_coordinates": [],
    "relation_rowids": [
      14087
    ]
  },
  {
    "source_id": 3147,
    "source_local": 2,
    "source_degree": [
      16,
      140
    ],
    "factor_id": 15,
    "target_degree": [
      17,
      148
    ],
    "target_basis_ids": [],
    "target_coordinates": [],
    "relation_rowids": [
      13581
    ]
  },
  {
    "source_id": 3148,
    "source_local": 3,
    "source_degree": [
      16,
      140
    ],
    "factor_id": 15,
    "target_degree": [
      17,
      148
    ],
    "target_basis_ids": [],
    "target_coordinates": [],
    "relation_rowids": [
      13179,
      13586,
      13584
    ]
  },
  {
    "source_id": 3149,
    "source_local": 4,
    "source_degree": [
      16,
      140
    ],
    "factor_id": 15,
    "target_degree": [
      17,
      148
    ],
    "target_basis_ids": [],
    "target_coordinates": [],
    "relation_rowids": [
      13176,
      1
    ]
  },
  {
    "source_id": 3313,
    "source_local": 0,
    "source_degree": [
      19,
      142
    ],
    "factor_id": 15,
    "target_degree": [
      20,
      150
    ],
    "target_basis_ids": [
      4009,
      4010,
      4011
    ],
    "target_coordinates": [],
    "relation_rowids": [
      47,
      76
    ]
  },
  {
    "source_id": 3314,
    "source_local": 1,
    "source_degree": [
      19,
      142
    ],
    "factor_id": 15,
    "target_degree": [
      20,
      150
    ],
    "target_basis_ids": [
      4009,
      4010,
      4011
    ],
    "target_coordinates": [],
    "relation_rowids": [
      47,
      1
    ]
  },
  {
    "source_id": 3315,
    "source_local": 2,
    "source_degree": [
      19,
      142
    ],
    "factor_id": 15,
    "target_degree": [
      20,
      150
    ],
    "target_basis_ids": [
      4009,
      4010,
      4011
    ],
    "target_coordinates": [],
    "relation_rowids": [
      14
    ]
  },
  {
    "source_id": 3316,
    "source_local": 3,
    "source_degree": [
      19,
      142
    ],
    "factor_id": 15,
    "target_degree": [
      20,
      150
    ],
    "target_basis_ids": [
      4009,
      4010,
      4011
    ],
    "target_coordinates": [],
    "relation_rowids": [
      9
    ]
  }
]
