make: Entering directory '/inspire/hdd/global_user/baokangjie-CZXS25250151/Lin-program/program/upstream/unrar'
c++  -O2 -std=c++11 -Wno-logical-op-parentheses -Wno-switch -Wno-dangling-else -D_FILE_OFFSET_BITS=64 -D_LARGEFILE_SOURCE -DRAR_SMP -DUNRAR -c rar.cpp
c++  -O2 -std=c++11 -Wno-logical-op-parentheses -Wno-switch -Wno-dangling-else -D_FILE_OFFSET_BITS=64 -D_LARGEFILE_SOURCE -DRAR_SMP -DUNRAR -c strlist.cpp
c++  -O2 -std=c++11 -Wno-logical-op-parentheses -Wno-switch -Wno-dangling-else -D_FILE_OFFSET_BITS=64 -D_LARGEFILE_SOURCE -DRAR_SMP -DUNRAR -c strfn.cpp
c++  -O2 -std=c++11 -Wno-logical-op-parentheses -Wno-switch -Wno-dangling-else -D_FILE_OFFSET_BITS=64 -D_LARGEFILE_SOURCE -DRAR_SMP -DUNRAR -c pathfn.cpp
c++  -O2 -std=c++11 -Wno-logical-op-parentheses -Wno-switch -Wno-dangling-else -D_FILE_OFFSET_BITS=64 -D_LARGEFILE_SOURCE -DRAR_SMP -DUNRAR -c smallfn.cpp
c++  -O2 -std=c++11 -Wno-logical-op-parentheses -Wno-switch -Wno-dangling-else -D_FILE_OFFSET_BITS=64 -D_LARGEFILE_SOURCE -DRAR_SMP -DUNRAR -c global.cpp
c++  -O2 -std=c++11 -Wno-logical-op-parentheses -Wno-switch -Wno-dangling-else -D_FILE_OFFSET_BITS=64 -D_LARGEFILE_SOURCE -DRAR_SMP -DUNRAR -c file.cpp
c++  -O2 -std=c++11 -Wno-logical-op-parentheses -Wno-switch -Wno-dangling-else -D_FILE_OFFSET_BITS=64 -D_LARGEFILE_SOURCE -DRAR_SMP -DUNRAR -c filefn.cpp
c++  -O2 -std=c++11 -Wno-logical-op-parentheses -Wno-switch -Wno-dangling-else -D_FILE_OFFSET_BITS=64 -D_LARGEFILE_SOURCE -DRAR_SMP -DUNRAR -c filcreat.cpp
c++  -O2 -std=c++11 -Wno-logical-op-parentheses -Wno-switch -Wno-dangling-else -D_FILE_OFFSET_BITS=64 -D_LARGEFILE_SOURCE -DRAR_SMP -DUNRAR -c archive.cpp
c++  -O2 -std=c++11 -Wno-logical-op-parentheses -Wno-switch -Wno-dangling-else -D_FILE_OFFSET_BITS=64 -D_LARGEFILE_SOURCE -DRAR_SMP -DUNRAR -c arcread.cpp
c++  -O2 -std=c++11 -Wno-logical-op-parentheses -Wno-switch -Wno-dangling-else -D_FILE_OFFSET_BITS=64 -D_LARGEFILE_SOURCE -DRAR_SMP -DUNRAR -c unicode.cpp
c++  -O2 -std=c++11 -Wno-logical-op-parentheses -Wno-switch -Wno-dangling-else -D_FILE_OFFSET_BITS=64 -D_LARGEFILE_SOURCE -DRAR_SMP -DUNRAR -c system.cpp
c++  -O2 -std=c++11 -Wno-logical-op-parentheses -Wno-switch -Wno-dangling-else -D_FILE_OFFSET_BITS=64 -D_LARGEFILE_SOURCE -DRAR_SMP -DUNRAR -c crypt.cpp
c++  -O2 -std=c++11 -Wno-logical-op-parentheses -Wno-switch -Wno-dangling-else -D_FILE_OFFSET_BITS=64 -D_LARGEFILE_SOURCE -DRAR_SMP -DUNRAR -c crc.cpp
c++  -O2 -std=c++11 -Wno-logical-op-parentheses -Wno-switch -Wno-dangling-else -D_FILE_OFFSET_BITS=64 -D_LARGEFILE_SOURCE -DRAR_SMP -DUNRAR -c rawread.cpp
c++  -O2 -std=c++11 -Wno-logical-op-parentheses -Wno-switch -Wno-dangling-else -D_FILE_OFFSET_BITS=64 -D_LARGEFILE_SOURCE -DRAR_SMP -DUNRAR -c encname.cpp
c++  -O2 -std=c++11 -Wno-logical-op-parentheses -Wno-switch -Wno-dangling-else -D_FILE_OFFSET_BITS=64 -D_LARGEFILE_SOURCE -DRAR_SMP -DUNRAR -c resource.cpp
c++  -O2 -std=c++11 -Wno-logical-op-parentheses -Wno-switch -Wno-dangling-else -D_FILE_OFFSET_BITS=64 -D_LARGEFILE_SOURCE -DRAR_SMP -DUNRAR -c match.cpp
c++  -O2 -std=c++11 -Wno-logical-op-parentheses -Wno-switch -Wno-dangling-else -D_FILE_OFFSET_BITS=64 -D_LARGEFILE_SOURCE -DRAR_SMP -DUNRAR -c timefn.cpp
c++  -O2 -std=c++11 -Wno-logical-op-parentheses -Wno-switch -Wno-dangling-else -D_FILE_OFFSET_BITS=64 -D_LARGEFILE_SOURCE -DRAR_SMP -DUNRAR -c rdwrfn.cpp
c++  -O2 -std=c++11 -Wno-logical-op-parentheses -Wno-switch -Wno-dangling-else -D_FILE_OFFSET_BITS=64 -D_LARGEFILE_SOURCE -DRAR_SMP -DUNRAR -c consio.cpp
c++  -O2 -std=c++11 -Wno-logical-op-parentheses -Wno-switch -Wno-dangling-else -D_FILE_OFFSET_BITS=64 -D_LARGEFILE_SOURCE -DRAR_SMP -DUNRAR -c options.cpp
c++  -O2 -std=c++11 -Wno-logical-op-parentheses -Wno-switch -Wno-dangling-else -D_FILE_OFFSET_BITS=64 -D_LARGEFILE_SOURCE -DRAR_SMP -DUNRAR -c errhnd.cpp
c++  -O2 -std=c++11 -Wno-logical-op-parentheses -Wno-switch -Wno-dangling-else -D_FILE_OFFSET_BITS=64 -D_LARGEFILE_SOURCE -DRAR_SMP -DUNRAR -c rarvm.cpp
c++  -O2 -std=c++11 -Wno-logical-op-parentheses -Wno-switch -Wno-dangling-else -D_FILE_OFFSET_BITS=64 -D_LARGEFILE_SOURCE -DRAR_SMP -DUNRAR -c secpassword.cpp
c++  -O2 -std=c++11 -Wno-logical-op-parentheses -Wno-switch -Wno-dangling-else -D_FILE_OFFSET_BITS=64 -D_LARGEFILE_SOURCE -DRAR_SMP -DUNRAR -c rijndael.cpp
c++  -O2 -std=c++11 -Wno-logical-op-parentheses -Wno-switch -Wno-dangling-else -D_FILE_OFFSET_BITS=64 -D_LARGEFILE_SOURCE -DRAR_SMP -DUNRAR -c getbits.cpp
c++  -O2 -std=c++11 -Wno-logical-op-parentheses -Wno-switch -Wno-dangling-else -D_FILE_OFFSET_BITS=64 -D_LARGEFILE_SOURCE -DRAR_SMP -DUNRAR -c sha1.cpp
c++  -O2 -std=c++11 -Wno-logical-op-parentheses -Wno-switch -Wno-dangling-else -D_FILE_OFFSET_BITS=64 -D_LARGEFILE_SOURCE -DRAR_SMP -DUNRAR -c sha256.cpp
c++  -O2 -std=c++11 -Wno-logical-op-parentheses -Wno-switch -Wno-dangling-else -D_FILE_OFFSET_BITS=64 -D_LARGEFILE_SOURCE -DRAR_SMP -DUNRAR -c blake2s.cpp
c++  -O2 -std=c++11 -Wno-logical-op-parentheses -Wno-switch -Wno-dangling-else -D_FILE_OFFSET_BITS=64 -D_LARGEFILE_SOURCE -DRAR_SMP -DUNRAR -c hash.cpp
c++  -O2 -std=c++11 -Wno-logical-op-parentheses -Wno-switch -Wno-dangling-else -D_FILE_OFFSET_BITS=64 -D_LARGEFILE_SOURCE -DRAR_SMP -DUNRAR -c extinfo.cpp
c++  -O2 -std=c++11 -Wno-logical-op-parentheses -Wno-switch -Wno-dangling-else -D_FILE_OFFSET_BITS=64 -D_LARGEFILE_SOURCE -DRAR_SMP -DUNRAR -c extract.cpp
c++  -O2 -std=c++11 -Wno-logical-op-parentheses -Wno-switch -Wno-dangling-else -D_FILE_OFFSET_BITS=64 -D_LARGEFILE_SOURCE -DRAR_SMP -DUNRAR -c volume.cpp
c++  -O2 -std=c++11 -Wno-logical-op-parentheses -Wno-switch -Wno-dangling-else -D_FILE_OFFSET_BITS=64 -D_LARGEFILE_SOURCE -DRAR_SMP -DUNRAR -c list.cpp
c++  -O2 -std=c++11 -Wno-logical-op-parentheses -Wno-switch -Wno-dangling-else -D_FILE_OFFSET_BITS=64 -D_LARGEFILE_SOURCE -DRAR_SMP -DUNRAR -c find.cpp
c++  -O2 -std=c++11 -Wno-logical-op-parentheses -Wno-switch -Wno-dangling-else -D_FILE_OFFSET_BITS=64 -D_LARGEFILE_SOURCE -DRAR_SMP -DUNRAR -c unpack.cpp
c++  -O2 -std=c++11 -Wno-logical-op-parentheses -Wno-switch -Wno-dangling-else -D_FILE_OFFSET_BITS=64 -D_LARGEFILE_SOURCE -DRAR_SMP -DUNRAR -c headers.cpp
c++  -O2 -std=c++11 -Wno-logical-op-parentheses -Wno-switch -Wno-dangling-else -D_FILE_OFFSET_BITS=64 -D_LARGEFILE_SOURCE -DRAR_SMP -DUNRAR -c threadpool.cpp
c++  -O2 -std=c++11 -Wno-logical-op-parentheses -Wno-switch -Wno-dangling-else -D_FILE_OFFSET_BITS=64 -D_LARGEFILE_SOURCE -DRAR_SMP -DUNRAR -c rs16.cpp
c++  -O2 -std=c++11 -Wno-logical-op-parentheses -Wno-switch -Wno-dangling-else -D_FILE_OFFSET_BITS=64 -D_LARGEFILE_SOURCE -DRAR_SMP -DUNRAR -c cmddata.cpp
c++  -O2 -std=c++11 -Wno-logical-op-parentheses -Wno-switch -Wno-dangling-else -D_FILE_OFFSET_BITS=64 -D_LARGEFILE_SOURCE -DRAR_SMP -DUNRAR -c ui.cpp
c++  -O2 -std=c++11 -Wno-logical-op-parentheses -Wno-switch -Wno-dangling-else -D_FILE_OFFSET_BITS=64 -D_LARGEFILE_SOURCE -DRAR_SMP -DUNRAR -c largepage.cpp
c++  -O2 -std=c++11 -Wno-logical-op-parentheses -Wno-switch -Wno-dangling-else -D_FILE_OFFSET_BITS=64 -D_LARGEFILE_SOURCE -DRAR_SMP -DUNRAR -c filestr.cpp
c++  -O2 -std=c++11 -Wno-logical-op-parentheses -Wno-switch -Wno-dangling-else -D_FILE_OFFSET_BITS=64 -D_LARGEFILE_SOURCE -DRAR_SMP -DUNRAR -c recvol.cpp
c++  -O2 -std=c++11 -Wno-logical-op-parentheses -Wno-switch -Wno-dangling-else -D_FILE_OFFSET_BITS=64 -D_LARGEFILE_SOURCE -DRAR_SMP -DUNRAR -c rs.cpp
c++  -O2 -std=c++11 -Wno-logical-op-parentheses -Wno-switch -Wno-dangling-else -D_FILE_OFFSET_BITS=64 -D_LARGEFILE_SOURCE -DRAR_SMP -DUNRAR -c scantree.cpp
c++  -O2 -std=c++11 -Wno-logical-op-parentheses -Wno-switch -Wno-dangling-else -D_FILE_OFFSET_BITS=64 -D_LARGEFILE_SOURCE -DRAR_SMP -DUNRAR -c qopen.cpp
c++ -o unrar -pthread rar.o strlist.o strfn.o pathfn.o smallfn.o global.o file.o filefn.o filcreat.o archive.o arcread.o unicode.o system.o crypt.o crc.o rawread.o encname.o resource.o match.o timefn.o rdwrfn.o consio.o options.o errhnd.o rarvm.o secpassword.o rijndael.o getbits.o sha1.o sha256.o blake2s.o hash.o extinfo.o extract.o volume.o list.o find.o unpack.o headers.o threadpool.o rs16.o cmddata.o ui.o largepage.o filestr.o recvol.o rs.o scantree.o qopen.o 	
strip unrar
make: Leaving directory '/inspire/hdd/global_user/baokangjie-CZXS25250151/Lin-program/program/upstream/unrar'
