[
  {
    "branch": "zero",
    "comparisons": 1314,
    "ordered_pairs": 1726596,
    "adjacent": 1002,
    "consecutive": 814,
    "graph_available": 1311,
    "graph_missing": 109,
    "baseline_preserved": 1272,
    "finite_named_page": 9
  },
  {
    "branch": "residual_rebased",
    "comparisons": 1322,
    "ordered_pairs": 1747684,
    "adjacent": 1009,
    "consecutive": 822,
    "graph_available": 1319,
    "graph_missing": 101,
    "baseline_preserved": 1272,
    "finite_named_page": 9
  }
]
