[
  {
    "source_id": 2794,
    "source_local": 0,
    "source_degree": [
      8,
      135
    ],
    "factor_id": 3,
    "target_degree": [
      9,
      137
    ],
    "target_basis_ids": [
      2935,
      2936,
      2937
    ],
    "target_coordinates": [
      1
    ],
    "relation_rowids": []
  },
  {
    "source_id": 2795,
    "source_local": 1,
    "source_degree": [
      8,
      135
    ],
    "factor_id": 3,
    "target_degree": [
      9,
      137
    ],
    "target_basis_ids": [
      2935,
      2936,
      2937
    ],
    "target_coordinates": [],
    "relation_rowids": [
      2
    ]
  },
  {
    "source_id": 2796,
    "source_local": 2,
    "source_degree": [
      8,
      135
    ],
    "factor_id": 3,
    "target_degree": [
      9,
      137
    ],
    "target_basis_ids": [
      2935,
      2936,
      2937
    ],
    "target_coordinates": [],
    "relation_rowids": [
      2
    ]
  },
  {
    "source_id": 2797,
    "source_local": 3,
    "source_degree": [
      8,
      135
    ],
    "factor_id": 3,
    "target_degree": [
      9,
      137
    ],
    "target_basis_ids": [
      2935,
      2936,
      2937
    ],
    "target_coordinates": [],
    "relation_rowids": [
      1
    ]
  },
  {
    "source_id": 2798,
    "source_local": 4,
    "source_degree": [
      8,
      135
    ],
    "factor_id": 3,
    "target_degree": [
      9,
      137
    ],
    "target_basis_ids": [
      2935,
      2936,
      2937
    ],
    "target_coordinates": [],
    "relation_rowids": [
      1
    ]
  },
  {
    "source_id": 2799,
    "source_local": 5,
    "source_degree": [
      8,
      135
    ],
    "factor_id": 3,
    "target_degree": [
      9,
      137
    ],
    "target_basis_ids": [
      2935,
      2936,
      2937
    ],
    "target_coordinates": [],
    "relation_rowids": [
      1
    ]
  },
  {
    "source_id": 2800,
    "source_local": 6,
    "source_degree": [
      8,
      135
    ],
    "factor_id": 3,
    "target_degree": [
      9,
      137
    ],
    "target_basis_ids": [
      2935,
      2936,
      2937
    ],
    "target_coordinates": [],
    "relation_rowids": [
      1
    ]
  },
  {
    "source_id": 2923,
    "source_local": 0,
    "source_degree": [
      11,
      137
    ],
    "factor_id": 3,
    "target_degree": [
      12,
      139
    ],
    "target_basis_ids": [
      3085,
      3086,
      3087
    ],
    "target_coordinates": [
      0
    ],
    "relation_rowids": []
  },
  {
    "source_id": 2924,
    "source_local": 1,
    "source_degree": [
      11,
      137
    ],
    "factor_id": 3,
    "target_degree": [
      12,
      139
    ],
    "target_basis_ids": [
      3085,
      3086,
      3087
    ],
    "target_coordinates": [],
    "relation_rowids": [
      10526
    ]
  },
  {
    "source_id": 2925,
    "source_local": 2,
    "source_degree": [
      11,
      137
    ],
    "factor_id": 3,
    "target_degree": [
      12,
      139
    ],
    "target_basis_ids": [
      3085,
      3086,
      3087
    ],
    "target_coordinates": [],
    "relation_rowids": [
      10527
    ]
  },
  {
    "source_id": 2926,
    "source_local": 3,
    "source_degree": [
      11,
      137
    ],
    "factor_id": 3,
    "target_degree": [
      12,
      139
    ],
    "target_basis_ids": [
      3085,
      3086,
      3087
    ],
    "target_coordinates": [],
    "relation_rowids": [
      1
    ]
  },
  {
    "source_id": 2927,
    "source_local": 4,
    "source_degree": [
      11,
      137
    ],
    "factor_id": 3,
    "target_degree": [
      12,
      139
    ],
    "target_basis_ids": [
      3085,
      3086,
      3087
    ],
    "target_coordinates": [],
    "relation_rowids": [
      1
    ]
  },
  {
    "source_id": 2928,
    "source_local": 5,
    "source_degree": [
      11,
      137
    ],
    "factor_id": 3,
    "target_degree": [
      12,
      139
    ],
    "target_basis_ids": [
      3085,
      3086,
      3087
    ],
    "target_coordinates": [],
    "relation_rowids": [
      1
    ]
  }
]
