[
  {
    "source_id": 2794,
    "source_local": 0,
    "source_degree": [
      8,
      135
    ],
    "factor_id": 7,
    "target_degree": [
      9,
      139
    ],
    "target_basis_ids": [
      3094,
      3095,
      3096
    ],
    "target_coordinates": [
      2
    ],
    "relation_rowids": [
      10487
    ]
  },
  {
    "source_id": 2795,
    "source_local": 1,
    "source_degree": [
      8,
      135
    ],
    "factor_id": 7,
    "target_degree": [
      9,
      139
    ],
    "target_basis_ids": [
      3094,
      3095,
      3096
    ],
    "target_coordinates": [
      1
    ],
    "relation_rowids": [
      10486
    ]
  },
  {
    "source_id": 2796,
    "source_local": 2,
    "source_degree": [
      8,
      135
    ],
    "factor_id": 7,
    "target_degree": [
      9,
      139
    ],
    "target_basis_ids": [
      3094,
      3095,
      3096
    ],
    "target_coordinates": [
      1
    ],
    "relation_rowids": [
      941
    ]
  },
  {
    "source_id": 2797,
    "source_local": 3,
    "source_degree": [
      8,
      135
    ],
    "factor_id": 7,
    "target_degree": [
      9,
      139
    ],
    "target_basis_ids": [
      3094,
      3095,
      3096
    ],
    "target_coordinates": [],
    "relation_rowids": [
      10122
    ]
  },
  {
    "source_id": 2798,
    "source_local": 4,
    "source_degree": [
      8,
      135
    ],
    "factor_id": 7,
    "target_degree": [
      9,
      139
    ],
    "target_basis_ids": [
      3094,
      3095,
      3096
    ],
    "target_coordinates": [],
    "relation_rowids": [
      10488
    ]
  },
  {
    "source_id": 2799,
    "source_local": 5,
    "source_degree": [
      8,
      135
    ],
    "factor_id": 7,
    "target_degree": [
      9,
      139
    ],
    "target_basis_ids": [
      3094,
      3095,
      3096
    ],
    "target_coordinates": [],
    "relation_rowids": [
      9828
    ]
  },
  {
    "source_id": 2800,
    "source_local": 6,
    "source_degree": [
      8,
      135
    ],
    "factor_id": 7,
    "target_degree": [
      9,
      139
    ],
    "target_basis_ids": [
      3094,
      3095,
      3096
    ],
    "target_coordinates": [],
    "relation_rowids": [
      4
    ]
  },
  {
    "source_id": 2923,
    "source_local": 0,
    "source_degree": [
      11,
      137
    ],
    "factor_id": 7,
    "target_degree": [
      12,
      141
    ],
    "target_basis_ids": [
      3266,
      3267,
      3268
    ],
    "target_coordinates": [],
    "relation_rowids": [
      11189
    ]
  },
  {
    "source_id": 2924,
    "source_local": 1,
    "source_degree": [
      11,
      137
    ],
    "factor_id": 7,
    "target_degree": [
      12,
      141
    ],
    "target_basis_ids": [
      3266,
      3267,
      3268
    ],
    "target_coordinates": [],
    "relation_rowids": [
      2
    ]
  },
  {
    "source_id": 2925,
    "source_local": 2,
    "source_degree": [
      11,
      137
    ],
    "factor_id": 7,
    "target_degree": [
      12,
      141
    ],
    "target_basis_ids": [
      3266,
      3267,
      3268
    ],
    "target_coordinates": [],
    "relation_rowids": [
      2
    ]
  },
  {
    "source_id": 2926,
    "source_local": 3,
    "source_degree": [
      11,
      137
    ],
    "factor_id": 7,
    "target_degree": [
      12,
      141
    ],
    "target_basis_ids": [
      3266,
      3267,
      3268
    ],
    "target_coordinates": [
      2
    ],
    "relation_rowids": [
      10816
    ]
  },
  {
    "source_id": 2927,
    "source_local": 4,
    "source_degree": [
      11,
      137
    ],
    "factor_id": 7,
    "target_degree": [
      12,
      141
    ],
    "target_basis_ids": [
      3266,
      3267,
      3268
    ],
    "target_coordinates": [],
    "relation_rowids": [
      10497,
      11195
    ]
  },
  {
    "source_id": 2928,
    "source_local": 5,
    "source_degree": [
      11,
      137
    ],
    "factor_id": 7,
    "target_degree": [
      12,
      141
    ],
    "target_basis_ids": [
      3266,
      3267,
      3268
    ],
    "target_coordinates": [],
    "relation_rowids": [
      4
    ]
  }
]
