{
  "status": "independently_replayed_bounded_search_not_a_Lean_theorem",
  "deterministic_rerun": false,
  "map_records": 70,
  "counts": {
    "candidate_needs_full_map_compatibility": 12,
    "source_nonzero_quotient": 15,
    "target_zero_quotient": 21,
    "unknown": 22
  },
  "complete_cycle_quotients": 97,
  "noncycle_images": 0,
  "reduction_steps": 171,
  "explicit_ring_relation_lifts": 45,
  "requested_max_s": 18,
  "requested_max_t": 268,
  "viable_candidates": [
    "S0__C2",
    "S0__CW_2_eta",
    "S0__Cnu_by_eta",
    "S0__CW_2_eta_by_nu",
    "S0__CW_nu_eta_by_2",
    "S0__C2_by_eta",
    "S0__C2h4",
    "S0__C2h5",
    "S0__C2h6",
    "S0__S0_by_kappa",
    "S0__S0_by_g",
    "S0__C2_by_h5"
  ],
  "report_sha256": "0bc10938d42a8fdab80ac17024e5ce6ff131ddb6c7f61675fe1ab02b2797815d",
  "review_script_sha256": "557efe11ed1b33c89b3d02c88de0eaab66f5c627b6e77736e0f8b83eaf76fcc2"
}
