{
  "status": "independently_replayed_bounded_search_not_a_Lean_theorem",
  "deterministic_rerun": false,
  "map_records": 70,
  "counts": {
    "candidate_needs_full_map_compatibility": 9,
    "source_nonzero_quotient": 23,
    "target_zero_quotient": 17,
    "unknown": 21
  },
  "complete_cycle_quotients": 102,
  "noncycle_images": 0,
  "reduction_steps": 141,
  "explicit_ring_relation_lifts": 51,
  "requested_max_s": 19,
  "requested_max_t": 264,
  "viable_candidates": [
    "S0__S0_by_2",
    "S0__S0_by_nu",
    "S0__CW_eta_nu_sigma",
    "S0__C2h5",
    "S0__C2_by_h4",
    "S0__Csigma_by_2sigma",
    "S1__Q_CW_2_V_eta",
    "S4__Q_CW_eta_V_nu",
    "S4__Q_CW_nu_V_sigma"
  ],
  "report_sha256": "0a497967c5b1d98c38853a1967d8108f36c81e0295d9dfb51e3166bdb8da4985",
  "review_script_sha256": "557efe11ed1b33c89b3d02c88de0eaab66f5c627b6e77736e0f8b83eaf76fcc2"
}
