[
  {
    "branch": "zero",
    "comparisons": 1350,
    "ordered_pairs": 1822500,
    "adjacent": 1031,
    "consecutive": 850,
    "graph_available": 1347,
    "graph_missing": 73,
    "baseline_preserved": 1272,
    "finite_named_page": 10
  },
  {
    "branch": "residual_rebased",
    "comparisons": 1359,
    "ordered_pairs": 1846881,
    "adjacent": 1038,
    "consecutive": 859,
    "graph_available": 1356,
    "graph_missing": 64,
    "baseline_preserved": 1272,
    "finite_named_page": 10
  }
]
