{
  "status": "no_findings",
  "findings": [],
  "frozen_files": 112,
  "lean_modules": 11,
  "standard_axiom_reports": 58,
  "counts": {
    "cycle_pairs": 19302,
    "consecutive": 1709,
    "adjacent": 2069,
    "predecessor_dimensions": 5127,
    "same_input_steps": 589824,
    "carrier_models": 73728,
    "whole_column_candidates": 192,
    "rejected_requests": 464,
    "accepted_requests": 1,
    "batch_pairs": 216225
  },
  "reviewed": [
    "full source naming and quotient bridge",
    "whole d4 from dimension one",
    "complete old/new family comparisons",
    "same S/pages/raw E10 trace",
    "explicit complete incoming and outgoing meanings",
    "request length and vector binding"
  ],
  "limitations": [
    "No proof of actual sphere meanings; the complete neighboring actual E9 spaces remain explicit",
    "The source d4 full comparison is correctly absent because its incoming d4 is unknown",
    "Python checks supplement the accepted Lean proof; no registered module was recompiled"
  ]
}
