{
  "status": "independently_replayed_bounded_search_not_a_Lean_theorem",
  "deterministic_rerun": false,
  "map_records": 70,
  "counts": {
    "candidate_needs_full_map_compatibility": 4,
    "source_nonzero_quotient": 28,
    "target_zero_quotient": 16,
    "unknown": 22
  },
  "complete_cycle_quotients": 97,
  "noncycle_images": 0,
  "reduction_steps": 303,
  "explicit_ring_relation_lifts": 83,
  "requested_max_s": 24,
  "requested_max_t": 268,
  "viable_candidates": [
    "S0__S0_by_2",
    "S0__CW_eta_nu",
    "S0__CW_nu_eta_2",
    "S0__CW_eta_nu_sigma"
  ],
  "report_sha256": "e1f9734db57d2d4086520b06d8b39094ec525db8cb4e9406928d1004a838909c",
  "review_script_sha256": "557efe11ed1b33c89b3d02c88de0eaab66f5c627b6e77736e0f8b83eaf76fcc2"
}
