Fact761ConstructedActual/Row2858.lean:28:59: error(lean.invalidField): Invalid field `source3`: The environment does not contain `Fact761ConstructedActual.Row2858.D2Input.source3`, so it is not possible to project the field `source3` from an expression
  I
of type `D2Input S pages`
Fact761ConstructedActual/Row2858.lean:31:59: error(lean.invalidField): Invalid field `target3`: The environment does not contain `Fact761ConstructedActual.Row2858.D2Input.target3`, so it is not possible to project the field `target3` from an expression
  I
of type `D2Input S pages`
Fact761ConstructedActual/Row2858.lean:34:4: error(lean.invalidField): Invalid field `targetEquiv`: The environment does not contain `Fact761ConstructedActual.Row2858.D2Input.targetEquiv`, so it is not possible to project the field `targetEquiv` from an expression
  I
of type `D2Input S pages`
Fact761ConstructedActual/Row2858.lean:36:24: error(lean.invalidField): Invalid field `sourceEquiv`: The environment does not contain `Fact761ConstructedActual.Row2858.D2Input.sourceEquiv`, so it is not possible to project the field `sourceEquiv` from an expression
  I
of type `D2Input S pages`
Fact761ConstructedActual/Row2858.lean:40:7: error(lean.unknownIdentifier): Unknown identifier `I.source3.coordinates.equivalence`
Fact761ConstructedActual/Row2858.lean:46:24: error(lean.invalidField): Invalid field `targetEquiv`: The environment does not contain `Fact761ConstructedActual.Row2858.D2Input.targetEquiv`, so it is not possible to project the field `targetEquiv` from an expression
  I
of type `D2Input S pages`
Fact761ConstructedActual/Row2858.lean:47:62: error(lean.unknownIdentifier): Unknown identifier `I.target3.coordinates`
Fact761ConstructedActual/Row2858.lean:58:37: error(lean.invalidField): Invalid field `differential`: The environment does not contain `Fact761ConstructedActual.Row2858.D2Input.differential`, so it is not possible to project the field `differential` from an expression
  I
of type `D2Input S pages`
Fact761ConstructedActual/Row2858.lean:59:39: error(lean.invalidField): Invalid field `differential`: The environment does not contain `Fact761ConstructedActual.Row2858.D2Input.differential`, so it is not possible to project the field `differential` from an expression
  I
of type `D2Input S pages`
Fact761ConstructedActual/Row2858.lean:60:39: error(lean.invalidField): Invalid field `differential`: The environment does not contain `Fact761ConstructedActual.Row2858.D2Input.differential`, so it is not possible to project the field `differential` from an expression
  I
of type `D2Input S pages`
Fact761ConstructedActual/Row2858.lean:62:24: error: Function expected at
  Leibniz
but this term has type
  Type

Note: Expected a function because this term is being applied to the argument
  I
Fact761ConstructedActual/Row2858.lean:63:37: error(lean.invalidField): Invalid field `source3`: The environment does not contain `Fact761ConstructedActual.Row2858.D2Input.source3`, so it is not possible to project the field `source3` from an expression
  I
of type `D2Input S pages`
Fact761ConstructedActual/Row2858.lean:64:41: error(lean.unknownIdentifier): Unknown identifier `I.differential`
Fact761ConstructedActual/Row2858.lean:65:8: error(lean.unknownIdentifier): Unknown identifier `I.targetEquiv.injective`
Fact761ConstructedActual/Row2858.lean:66:6: error: No goals to be solved
Fact761ConstructedActual/Row2858.lean:73:24: error: Function expected at
  Leibniz
but this term has type
  Type

Note: Expected a function because this term is being applied to the argument
  I
Fact761ConstructedActual/Row2858.lean:75:23: error(lean.unknownIdentifier): Unknown identifier `I.source3.coordinates`
Fact761ConstructedActual/Row2858.lean:75:46: error(lean.unknownIdentifier): Unknown identifier `I.named_zero`
Fact761ConstructedActual/Row2858.lean:77:27: error: Function expected at
  Leibniz
but this term has type
  Type

Note: Expected a function because this term is being applied to the argument
  I
Fact761ConstructedActual/Row2858.lean:82:9: error(lean.unknownIdentifier): Unknown identifier `Fact762IncomingCertificates.pageCast`
'Fact761ConstructedActual.Row2858.source_name' depends on axioms: [propext, sorryAx, Quot.sound]
'Fact761ConstructedActual.Row2858.target_zero' depends on axioms: [propext, sorryAx, Quot.sound]
'Fact761ConstructedActual.Row2858.named_zero' depends on axioms: [propext, sorryAx, Quot.sound]
'Fact761ConstructedActual.Row2858.whole_zero' depends on axioms: [propext, sorryAx, Classical.choice, Quot.sound]
'Fact761ConstructedActual.Row2858.incoming_zero' depends on axioms: [propext, sorryAx, Quot.sound]
